<html>
<body>
<pre>
<h1>µVision Build Log</h1>
<h2>Tool Versions:</h2>
IDE-Version: ¦ÌVision V5.35.0.0
Copyright (C) 2021 ARM Ltd and ARM Germany GmbH. All rights reserved.
License Information: wang20011029@outlook.com,  , LIC=585FJ-UQ0GR-WFQI7-ENBYR-RZ7PD-1MWK8
 
Tool Versions:
Toolchain:       MDK-ARM Plus  Version: 5.35.0.2
Toolchain Path:  C:\Keil_v5\ARM\ARMCLANG\Bin
C Compiler:      ArmClang.exe V6.16
Assembler:       Armasm.exe V6.16
Linker/Locator:  ArmLink.exe V6.16
Library Manager: ArmAr.exe V6.16
Hex Converter:   FromElf.exe V6.16
CPU DLL:         SARMCM3.DLL V5.35.0.2
Dialog DLL:      DCM.DLL V1.17.3.0
Target DLL:      STLink\ST-LINKIII-KEIL_SWO.dll V3.0.9.0
Dialog DLL:      TCM.DLL V1.53.0.0
 
<h2>Project:</h2>
D:\workspace\WHZ_FLIGHT\KEIL\FLIGHT.uvprojx
Project File Date:  11/28/2021

<h2>Output:</h2>
*** Using Compiler 'V6.16', folder: 'C:\Keil_v5\ARM\ARMCLANG\Bin'
Rebuild target 'Target 1'
compiling dma.c...
compiling motor.c...
compiling sys.c...
compiling stm32f4xx_hal_msp.c...
compiling remote.c...
compiling pid.c...
compiling adc.c...
compiling ano.c...
compiling main.c...
compiling ahrs.c...
compiling sensor.c...
compiling gpio.c...
compiling i2c.c...
compiling system_stm32f4xx.c...
assembling startup_stm32f401xe.s...
compiling stm32f4xx_hal.c...
compiling usart.c...
compiling tim.c...
compiling stm32f4xx_it.c...
compiling stm32f4xx_hal_adc_ex.c...
compiling stm32f4xx_hal_dma.c...
compiling stm32f4xx_hal_adc.c...
compiling stm32f4xx_hal_i2c_ex.c...
compiling stm32f4xx_hal_gpio.c...
compiling stm32f4xx_hal_dma_ex.c...
compiling stm32f4xx_hal_usart.c...
compiling stm32f4xx_hal_rcc_ex.c...
compiling stm32f4xx_hal_rcc.c...
compiling stm32f4xx_hal_cortex.c...
ArmClang: warning: argument unused during compilation: '-D __UVISION_VERSION=535' [-Wunused-command-line-argument]
assembling os_cpu_a.asm...
compiling os_cpu_c.c...
compiling os_dbg.c...
compiling stm32f4xx_hal_tim_ex.c...
../uCOS/app_hooks.c(205): warning: format specifies type 'int' but the argument has type 'OS_TCB *' (aka 'struct os_tcb *') [-Wformat]
        printf("%d\t%d\n", OSPrioHighRdy, OSTCBHighRdy);
                    ~~                    ^~~~~~~~~~~~
1 warning generated.
compiling app_hooks.c...
compiling stm32f4xx_hal_uart.c...
compiling stm32f4xx_hal_i2c.c...
compiling ucos_ii.c...
compiling stm32f4xx_hal_tim.c...
linking...
Program Size: Code=45000 RO-data=3504 RW-data=48 ZI-data=11208  
".\Objects\FLIGHT.axf" - 0 Error(s), 2 Warning(s).

<h2>Software Packages used:</h2>

Package Vendor: Keil
                http://www.keil.com/pack/Keil.STM32F4xx_DFP.2.15.0.pack
                Keil.STM32F4xx_DFP.2.15.0
                STMicroelectronics STM32F4 Series Device Support, Drivers and Examples

<h2>Collection of Component include folders:</h2>
  C:\Users\wang2\AppData\Local\Arm\Packs\Keil\STM32F4xx_DFP\2.15.0\Drivers\CMSIS\Device\ST\STM32F4xx\Include

<h2>Collection of Component Files used:</h2>
Build Time Elapsed:  00:00:05
</pre>
</body>
</html>
