Component: ARM Compiler 6.16 Tool: armlink [5dfeaa00]

==============================================================================

Section Cross References

    startup_stm32f401xe.o(RESET) refers to startup_stm32f401xe.o(STACK) for __initial_sp
    startup_stm32f401xe.o(RESET) refers to startup_stm32f401xe.o(.text) for Reset_Handler
    startup_stm32f401xe.o(RESET) refers to lto-llvm-2bea72.o(.text.NMI_Handler) for NMI_Handler
    startup_stm32f401xe.o(RESET) refers to lto-llvm-2bea72.o(.text.HardFault_Handler) for HardFault_Handler
    startup_stm32f401xe.o(RESET) refers to lto-llvm-2bea72.o(.text.MemManage_Handler) for MemManage_Handler
    startup_stm32f401xe.o(RESET) refers to lto-llvm-2bea72.o(.text.BusFault_Handler) for BusFault_Handler
    startup_stm32f401xe.o(RESET) refers to lto-llvm-2bea72.o(.text.UsageFault_Handler) for UsageFault_Handler
    startup_stm32f401xe.o(RESET) refers to lto-llvm-2bea72.o(.text.SVC_Handler) for SVC_Handler
    startup_stm32f401xe.o(RESET) refers to lto-llvm-2bea72.o(.text.DebugMon_Handler) for DebugMon_Handler
    startup_stm32f401xe.o(RESET) refers to os_cpu_a.o(.text) for PendSV_Handler
    startup_stm32f401xe.o(RESET) refers to lto-llvm-2bea72.o(.text.SysTick_Handler) for SysTick_Handler
    startup_stm32f401xe.o(RESET) refers to lto-llvm-2bea72.o(.text.DMA1_Stream6_IRQHandler) for DMA1_Stream6_IRQHandler
    startup_stm32f401xe.o(RESET) refers to lto-llvm-2bea72.o(.text.TIM1_UP_TIM10_IRQHandler) for TIM1_UP_TIM10_IRQHandler
    startup_stm32f401xe.o(RESET) refers to lto-llvm-2bea72.o(.text.TIM1_CC_IRQHandler) for TIM1_CC_IRQHandler
    startup_stm32f401xe.o(RESET) refers to lto-llvm-2bea72.o(.text.TIM2_IRQHandler) for TIM2_IRQHandler
    startup_stm32f401xe.o(RESET) refers to lto-llvm-2bea72.o(.text.USART2_IRQHandler) for USART2_IRQHandler
    startup_stm32f401xe.o(.text) refers to lto-llvm-2bea72.o(.text.SystemInit) for SystemInit
    startup_stm32f401xe.o(.text) refers to entry.o(.ARM.Collect$$$$00000000) for __main
    os_cpu_a.o(.text) refers to lto-llvm-2bea72.o(.bss) for OS_KA_BASEPRI_Boundary
    os_cpu_a.o(.text) refers to lto-llvm-2bea72.o(.text.OSTaskSwHook) for OSTaskSwHook
    arm_cos_f32.o(.text) refers to arm_common_tables.o(.constdata) for sinTable_f32
    arm_sin_f32.o(.text) refers to arm_common_tables.o(.constdata) for sinTable_f32
    atan2f.o(i.__hardfp_atan2f) refers (Special) to iusefp.o(.text) for __I$use$fp
    atan2f.o(i.__hardfp_atan2f) refers to fpclassifyf.o(i.__ARM_fpclassifyf) for __ARM_fpclassifyf
    atan2f.o(i.__hardfp_atan2f) refers to funder.o(i.__mathlib_flt_underflow) for __mathlib_flt_underflow
    atan2f.o(i.__hardfp_atan2f) refers to errno.o(i.__set_errno) for __set_errno
    atan2f.o(i.__hardfp_atan2f) refers to funder.o(i.__mathlib_flt_infnan2) for __mathlib_flt_infnan2
    atan2f.o(i.__softfp_atan2f) refers (Special) to iusefp.o(.text) for __I$use$fp
    atan2f.o(i.__softfp_atan2f) refers to atan2f.o(i.__hardfp_atan2f) for __hardfp_atan2f
    atan2f.o(i.atan2f) refers (Special) to iusefp.o(.text) for __I$use$fp
    atan2f.o(i.atan2f) refers to atan2f.o(i.__hardfp_atan2f) for __hardfp_atan2f
    powf.o(i.__hardfp_powf) refers (Special) to iusefp.o(.text) for __I$use$fp
    powf.o(i.__hardfp_powf) refers to fpstat.o(.text) for __ieee_status
    powf.o(i.__hardfp_powf) refers to errno.o(i.__set_errno) for __set_errno
    powf.o(i.__hardfp_powf) refers to funder.o(i.__mathlib_flt_overflow) for __mathlib_flt_overflow
    powf.o(i.__hardfp_powf) refers to fpclassifyf.o(i.__ARM_fpclassifyf) for __ARM_fpclassifyf
    powf.o(i.__hardfp_powf) refers to funder.o(i.__mathlib_flt_underflow) for __mathlib_flt_underflow
    powf.o(i.__hardfp_powf) refers to funder.o(i.__mathlib_flt_invalid) for __mathlib_flt_invalid
    powf.o(i.__hardfp_powf) refers to powf.o(.constdata) for .constdata
    powf.o(i.__hardfp_powf) refers to funder.o(i.__mathlib_flt_infnan2) for __mathlib_flt_infnan2
    powf.o(i.__hardfp_powf) refers to funder.o(i.__mathlib_flt_divzero) for __mathlib_flt_divzero
    powf.o(i.__softfp_powf) refers (Special) to iusefp.o(.text) for __I$use$fp
    powf.o(i.__softfp_powf) refers to powf.o(i.__hardfp_powf) for __hardfp_powf
    powf.o(i.powf) refers (Special) to iusefp.o(.text) for __I$use$fp
    powf.o(i.powf) refers to powf.o(i.__hardfp_powf) for __hardfp_powf
    powf.o(.constdata) refers (Special) to iusefp.o(.text) for __I$use$fp
    sqrtf.o(i.__hardfp_sqrtf) refers (Special) to iusefp.o(.text) for __I$use$fp
    sqrtf.o(i.__hardfp_sqrtf) refers to errno.o(i.__set_errno) for __set_errno
    sqrtf.o(i.__softfp_sqrtf) refers (Special) to iusefp.o(.text) for __I$use$fp
    sqrtf.o(i.__softfp_sqrtf) refers to errno.o(i.__set_errno) for __set_errno
    sqrtf.o(i.sqrtf) refers (Special) to iusefp.o(.text) for __I$use$fp
    sqrtf.o(i.sqrtf) refers to errno.o(i.__set_errno) for __set_errno
    entry.o(.ARM.Collect$$$$00000000) refers (Special) to entry10a.o(.ARM.Collect$$$$0000000D) for __rt_final_cpp
[...]
    TIM_TI2_ConfigInputStage                 0x08010151   Thumb Code    82  lto-llvm-2bea72.o(.text.TIM_TI2_ConfigInputStage)
    [Anonymous Symbol]                       0x08010150   Section        0  lto-llvm-2bea72.o(.text.TIM_TI2_ConfigInputStage)
    TIM_TI2_SetConfig                        0x080101a5   Thumb Code   108  lto-llvm-2bea72.o(.text.TIM_TI2_SetConfig)
    [Anonymous Symbol]                       0x080101a4   Section        0  lto-llvm-2bea72.o(.text.TIM_TI2_SetConfig)
    TIM_TI3_SetConfig                        0x08010211   Thumb Code   106  lto-llvm-2bea72.o(.text.TIM_TI3_SetConfig)
    [Anonymous Symbol]                       0x08010210   Section        0  lto-llvm-2bea72.o(.text.TIM_TI3_SetConfig)
    TIM_TI4_SetConfig                        0x0801027d   Thumb Code   108  lto-llvm-2bea72.o(.text.TIM_TI4_SetConfig)
    [Anonymous Symbol]                       0x0801027c   Section        0  lto-llvm-2bea72.o(.text.TIM_TI4_SetConfig)
    UART_DMAAbortOnError                     0x080102e9   Thumb Code    32  lto-llvm-2bea72.o(.text.UART_DMAAbortOnError)
    [Anonymous Symbol]                       0x080102e8   Section        0  lto-llvm-2bea72.o(.text.UART_DMAAbortOnError)
    UART_DMAError                            0x08010309   Thumb Code   124  lto-llvm-2bea72.o(.text.UART_DMAError)
    [Anonymous Symbol]                       0x08010308   Section        0  lto-llvm-2bea72.o(.text.UART_DMAError)
    UART_DMATransmitCplt                     0x08010385   Thumb Code   122  lto-llvm-2bea72.o(.text.UART_DMATransmitCplt)
    [Anonymous Symbol]                       0x08010384   Section        0  lto-llvm-2bea72.o(.text.UART_DMATransmitCplt)
    UART_DMATxHalfCplt                       0x08010401   Thumb Code    22  lto-llvm-2bea72.o(.text.UART_DMATxHalfCplt)
    [Anonymous Symbol]                       0x08010400   Section        0  lto-llvm-2bea72.o(.text.UART_DMATxHalfCplt)
    UART_EndRxTransfer                       0x08010419   Thumb Code   148  lto-llvm-2bea72.o(.text.UART_EndRxTransfer)
    [Anonymous Symbol]                       0x08010418   Section        0  lto-llvm-2bea72.o(.text.UART_EndRxTransfer)
    UART_EndTransmit_IT                      0x080104ad   Thumb Code    36  lto-llvm-2bea72.o(.text.UART_EndTransmit_IT)
    [Anonymous Symbol]                       0x080104ac   Section        0  lto-llvm-2bea72.o(.text.UART_EndTransmit_IT)
    UART_EndTxTransfer                       0x080104d1   Thumb Code    54  lto-llvm-2bea72.o(.text.UART_EndTxTransfer)
    [Anonymous Symbol]                       0x080104d0   Section        0  lto-llvm-2bea72.o(.text.UART_EndTxTransfer)
    UART_Receive_IT                          0x08010509   Thumb Code   352  lto-llvm-2bea72.o(.text.UART_Receive_IT)
    [Anonymous Symbol]                       0x08010508   Section        0  lto-llvm-2bea72.o(.text.UART_Receive_IT)
    UART_SetConfig                           0x08010669   Thumb Code   472  lto-llvm-2bea72.o(.text.UART_SetConfig)
    [Anonymous Symbol]                       0x08010668   Section        0  lto-llvm-2bea72.o(.text.UART_SetConfig)
    UART_Transmit_IT                         0x08010841   Thumb Code   144  lto-llvm-2bea72.o(.text.UART_Transmit_IT)
    [Anonymous Symbol]                       0x08010840   Section        0  lto-llvm-2bea72.o(.text.UART_Transmit_IT)
    UART_WaitOnFlagUntilTimeout              0x080108d1   Thumb Code   210  lto-llvm-2bea72.o(.text.UART_WaitOnFlagUntilTimeout)
    [Anonymous Symbol]                       0x080108d0   Section        0  lto-llvm-2bea72.o(.text.UART_WaitOnFlagUntilTimeout)
    [Anonymous Symbol]                       0x080109a4   Section        0  lto-llvm-2bea72.o(.text.USART2_IRQHandler)
    [Anonymous Symbol]                       0x08010a3c   Section        0  lto-llvm-2bea72.o(.text.UsageFault_Handler)
    __NVIC_EnableIRQ                         0x08010a41   Thumb Code    50  lto-llvm-2bea72.o(.text.__NVIC_EnableIRQ)
    [Anonymous Symbol]                       0x08010a40   Section        0  lto-llvm-2bea72.o(.text.__NVIC_EnableIRQ)
    __NVIC_GetPriorityGrouping               0x08010a75   Thumb Code    16  lto-llvm-2bea72.o(.text.__NVIC_GetPriorityGrouping)
    [Anonymous Symbol]                       0x08010a74   Section        0  lto-llvm-2bea72.o(.text.__NVIC_GetPriorityGrouping)
    __NVIC_SetPriority                       0x08010a85   Thumb Code    66  lto-llvm-2bea72.o(.text.__NVIC_SetPriority)
    [Anonymous Symbol]                       0x08010a84   Section        0  lto-llvm-2bea72.o(.text.__NVIC_SetPriority)
    __NVIC_SetPriorityGrouping               0x08010ac9   Thumb Code    60  lto-llvm-2bea72.o(.text.__NVIC_SetPriorityGrouping)
    [Anonymous Symbol]                       0x08010ac8   Section        0  lto-llvm-2bea72.o(.text.__NVIC_SetPriorityGrouping)
    ano_addcheck                             0x08010b05   Thumb Code   120  lto-llvm-2bea72.o(.text.ano_addcheck)
    [Anonymous Symbol]                       0x08010b04   Section        0  lto-llvm-2bea72.o(.text.ano_addcheck)
    ano_check                                0x08010b7d   Thumb Code   142  lto-llvm-2bea72.o(.text.ano_check)
    [Anonymous Symbol]                       0x08010b7c   Section        0  lto-llvm-2bea72.o(.text.ano_check)
    assert_failed                            0x08010c0d   Thumb Code    28  lto-llvm-2bea72.o(.text.assert_failed)
    [Anonymous Symbol]                       0x08010c0c   Section        0  lto-llvm-2bea72.o(.text.assert_failed)
    biquadFilterInit                         0x08010c29   Thumb Code   416  lto-llvm-2bea72.o(.text.biquadFilterInit)
    [Anonymous Symbol]                       0x08010c28   Section        0  lto-llvm-2bea72.o(.text.biquadFilterInit)
    biquadFilterInitLPF                      0x08010dc9   Thumb Code    50  lto-llvm-2bea72.o(.text.biquadFilterInitLPF)
    [Anonymous Symbol]                       0x08010dc8   Section        0  lto-llvm-2bea72.o(.text.biquadFilterInitLPF)
    [Anonymous Symbol]                       0x08010dfc   Section        0  lto-llvm-2bea72.o(.text.fputc)
    [Anonymous Symbol]                       0x08010e18   Section        0  lto-llvm-2bea72.o(.text.main)
    i.__0printf                              0x08010e30   Section        0  printfa.o(i.__0printf)
    i.__ARM_fpclassifyf                      0x08010e50   Section        0  fpclassifyf.o(i.__ARM_fpclassifyf)
    i.__hardfp_atan2f                        0x08010e78   Section        0  atan2f.o(i.__hardfp_atan2f)
    i.__hardfp_powf                          0x08011124   Section        0  powf.o(i.__hardfp_powf)
    i.__hardfp_sqrtf                         0x08011788   Section        0  sqrtf.o(i.__hardfp_sqrtf)
    i.__mathlib_flt_divzero                  0x080117c4   Section        0  funder.o(i.__mathlib_flt_divzero)
    i.__mathlib_flt_infnan2                  0x080117d8   Section        0  funder.o(i.__mathlib_flt_infnan2)
    i.__mathlib_flt_invalid                  0x080117e0   Section        0  funder.o(i.__mathlib_flt_invalid)
    i.__mathlib_flt_overflow                 0x080117f0   Section        0  funder.o(i.__mathlib_flt_overflow)
    i.__mathlib_flt_underflow                0x08011800   Section        0  funder.o(i.__mathlib_flt_underflow)
    i.__scatterload_copy                     0x08011810   Section       14  handlers.o(i.__scatterload_copy)
    i.__scatterload_null                     0x0801181e   Section        2  handlers.o(i.__scatterload_null)
    i.__scatterload_zeroinit                 0x08011820   Section       14  handlers.o(i.__scatterload_zeroinit)
    i.__set_errno                            0x08011830   Section        0  errno.o(i.__set_errno)
    _fp_digits                               0x0801183d   Thumb Code   366  printfa.o(i._fp_digits)
    i._fp_digits                             0x0801183c   Section        0  printfa.o(i._fp_digits)
    _printf_core                             0x080119c1   Thumb Code  1744  printfa.o(i._printf_core)
    i._printf_core                           0x080119c0   Section        0  printfa.o(i._printf_core)
    _printf_post_padding                     0x0801209d   Thumb Code    36  printfa.o(i._printf_post_padding)
    i._printf_post_padding                   0x0801209c   Section        0  printfa.o(i._printf_post_padding)
    _printf_pre_padding                      0x080120c1   Thumb Code    46  printfa.o(i._printf_pre_padding)
    i._printf_pre_padding                    0x080120c0   Section        0  printfa.o(i._printf_pre_padding)
    .constdata                               0x080120f0   Section     2052  arm_common_tables.o(.constdata)
    table                                    0x080128f4   Data         128  powf.o(.constdata)
    .constdata                               0x080128f4   Section      320  powf.o(.constdata)
    powersof2to1over16top                    0x08012974   Data          64  powf.o(.constdata)
    powersof2to1over16bot                    0x080129b4   Data          64  powf.o(.constdata)
    powersof2to1over16all                    0x080129f4   Data          64  powf.o(.constdata)
    TIM_CHANNEL                              0x08012a34   Data          28  lto-llvm-2bea72.o(.rodata)
    [Anonymous Symbol]                       0x08012a34   Section        0  lto-llvm-2bea72.o(.rodata)
    TIM_FLAG                                 0x08012a50   Data          28  lto-llvm-2bea72.o(.rodata)
    .L__const.HMC_Calibration.mag_max        0x08012a6c   Data           6  lto-llvm-2bea72.o(.rodata)
    .L__const.HMC_Calibration.mag_min        0x08012a72   Data           6  lto-llvm-2bea72.o(.rodata)
    OSDebugEn                                0x08012a78   Data           2  lto-llvm-2bea72.o(.rodata)
    OSEndiannessTest                         0x08012a7c   Data           4  lto-llvm-2bea72.o(.rodata)
    OSEventEn                                0x08012a80   Data           2  lto-llvm-2bea72.o(.rodata)
    OSEventMax                               0x08012a82   Data           2  lto-llvm-2bea72.o(.rodata)
    OSEventNameEn                            0x08012a84   Data           2  lto-llvm-2bea72.o(.rodata)
    OSEventSize                              0x08012a86   Data           2  lto-llvm-2bea72.o(.rodata)
    OSEventTblSize                           0x08012a88   Data           2  lto-llvm-2bea72.o(.rodata)
    OSEventMultiEn                           0x08012a8a   Data           2  lto-llvm-2bea72.o(.rodata)
    OSFlagEn                                 0x08012a8c   Data           2  lto-llvm-2bea72.o(.rodata)
    OSFlagGrpSize                            0x08012a8e   Data           2  lto-llvm-2bea72.o(.rodata)
    OSFlagNodeSize                           0x08012a90   Data           2  lto-llvm-2bea72.o(.rodata)
    OSFlagWidth                              0x08012a92   Data           2  lto-llvm-2bea72.o(.rodata)
    OSFlagMax                                0x08012a94   Data           2  lto-llvm-2bea72.o(.rodata)
    OSFlagNameEn                             0x08012a96   Data           2  lto-llvm-2bea72.o(.rodata)
    OSLowestPrio                             0x08012a98   Data           2  lto-llvm-2bea72.o(.rodata)
    OSMboxEn                                 0x08012a9a   Data           2  lto-llvm-2bea72.o(.rodata)
    OSMemEn                                  0x08012a9c   Data           2  lto-llvm-2bea72.o(.rodata)
    OSMemMax                                 0x08012a9e   Data           2  lto-llvm-2bea72.o(.rodata)
    OSMemNameEn                              0x08012aa0   Data           2  lto-llvm-2bea72.o(.rodata)
    OSMemSize                                0x08012aa2   Data           2  lto-llvm-2bea72.o(.rodata)
    OSMemTblSize                             0x08012aa4   Data           2  lto-llvm-2bea72.o(.rodata)
    OSMutexEn                                0x08012aa6   Data           2  lto-llvm-2bea72.o(.rodata)
    OSPtrSize                                0x08012aa8   Data           2  lto-llvm-2bea72.o(.rodata)
    OSQEn                                    0x08012aaa   Data           2  lto-llvm-2bea72.o(.rodata)
    OSQMax                                   0x08012aac   Data           2  lto-llvm-2bea72.o(.rodata)
    OSQSize                                  0x08012aae   Data           2  lto-llvm-2bea72.o(.rodata)
    OSRdyTblSize                             0x08012ab0   Data           2  lto-llvm-2bea72.o(.rodata)
    OSSemEn                                  0x08012ab2   Data           2  lto-llvm-2bea72.o(.rodata)
    OSStkWidth                               0x08012ab4   Data           2  lto-llvm-2bea72.o(.rodata)
    OSTaskCreateEn                           0x08012ab6   Data           2  lto-llvm-2bea72.o(.rodata)
    OSTaskCreateExtEn                        0x08012ab8   Data           2  lto-llvm-2bea72.o(.rodata)
    OSTaskDelEn                              0x08012aba   Data           2  lto-llvm-2bea72.o(.rodata)
    OSTaskIdleStkSize                        0x08012abc   Data           2  lto-llvm-2bea72.o(.rodata)
    OSTaskProfileEn                          0x08012abe   Data           2  lto-llvm-2bea72.o(.rodata)
    OSTaskMax                                0x08012ac0   Data           2  lto-llvm-2bea72.o(.rodata)
    OSTaskNameEn                             0x08012ac2   Data           2  lto-llvm-2bea72.o(.rodata)
    OSTaskStatEn                             0x08012ac4   Data           2  lto-llvm-2bea72.o(.rodata)
    OSTaskStatStkSize                        0x08012ac6   Data           2  lto-llvm-2bea72.o(.rodata)
    OSTaskStatStkChkEn                       0x08012ac8   Data           2  lto-llvm-2bea72.o(.rodata)
    OSTaskSwHookEn                           0x08012aca   Data           2  lto-llvm-2bea72.o(.rodata)
    OSTCBPrioTblMax                          0x08012acc   Data           2  lto-llvm-2bea72.o(.rodata)
    OSTCBSize                                0x08012ace   Data           2  lto-llvm-2bea72.o(.rodata)
    OSTicksPerSec                            0x08012ad0   Data           2  lto-llvm-2bea72.o(.rodata)
    OSTimeTickHookEn                         0x08012ad2   Data           2  lto-llvm-2bea72.o(.rodata)
    OSVersionNbr                             0x08012ad4   Data           2  lto-llvm-2bea72.o(.rodata)
    OSTmrEn                                  0x08012ad6   Data           2  lto-llvm-2bea72.o(.rodata)
    OSTmrCfgMax                              0x08012ad8   Data           2  lto-llvm-2bea72.o(.rodata)
    OSTmrCfgNameEn                           0x08012ada   Data           2  lto-llvm-2bea72.o(.rodata)
    OSTmrCfgWheelSize                        0x08012adc   Data           2  lto-llvm-2bea72.o(.rodata)
    OSTmrCfgTicksPerSec                      0x08012ade   Data           2  lto-llvm-2bea72.o(.rodata)
    OSTmrSize                                0x08012ae0   Data           2  lto-llvm-2bea72.o(.rodata)
    OSTmrTblSize                             0x08012ae2   Data           2  lto-llvm-2bea72.o(.rodata)
    OSTmrWheelSize                           0x08012ae4   Data           2  lto-llvm-2bea72.o(.rodata)
    OSTmrWheelTblSize                        0x08012ae6   Data           2  lto-llvm-2bea72.o(.rodata)
    OSDataSize                               0x08012ae8   Data           2  lto-llvm-2bea72.o(.rodata)
    OSUnMapTbl                               0x08012aea   Data         256  lto-llvm-2bea72.o(.rodata)
    AHBPrescTable                            0x08012bea   Data          16  lto-llvm-2bea72.o(.rodata.cst16)
    [Anonymous Symbol]                       0x08012bea   Section        0  lto-llvm-2bea72.o(.rodata.cst16)
    APBPrescTable                            0x08012bfa   Data           8  lto-llvm-2bea72.o(.rodata.cst8)
    [Anonymous Symbol]                       0x08012bfa   Section        0  lto-llvm-2bea72.o(.rodata.cst8)
    DMA_CalcBaseAndBitshift.flagBitshiftOffset 0x08012c02   Data           8  lto-llvm-2bea72.o(.rodata.cst8)
    .L.str.1.42                              0x08012c0a   Data          45  lto-llvm-2bea72.o(.rodata.str1.1)
    [Anonymous Symbol]                       0x08012c0a   Section        0  lto-llvm-2bea72.o(.rodata.str1.1)
    .L.str.14                                0x08012c37   Data          14  lto-llvm-2bea72.o(.rodata.str1.1)
    .L.str.17                                0x08012c45   Data          60  lto-llvm-2bea72.o(.rodata.str1.1)
    .L.str.6                                 0x08012c81   Data          44  lto-llvm-2bea72.o(.rodata.str1.1)
    .L.str.11                                0x08012cad   Data          20  lto-llvm-2bea72.o(.rodata.str1.1)
    .L.str.12                                0x08012cc1   Data          20  lto-llvm-2bea72.o(.rodata.str1.1)
    .L.str.7                                 0x08012cd5   Data          20  lto-llvm-2bea72.o(.rodata.str1.1)
    .L.str.1                                 0x08012ce9   Data          18  lto-llvm-2bea72.o(.rodata.str1.1)
    .L.str.2                                 0x08012cfb   Data          40  lto-llvm-2bea72.o(.rodata.str1.1)
    .L.str.10                                0x08012d23   Data          29  lto-llvm-2bea72.o(.rodata.str1.1)
    .L.str.18                                0x08012d40   Data          24  lto-llvm-2bea72.o(.rodata.str1.1)
    .L.str.19                                0x08012d58   Data          24  lto-llvm-2bea72.o(.rodata.str1.1)
    .L.str.20                                0x08012d70   Data          24  lto-llvm-2bea72.o(.rodata.str1.1)
    .L.str.23                                0x08012d88   Data          23  lto-llvm-2bea72.o(.rodata.str1.1)
    .L.str.21                                0x08012d9f   Data          25  lto-llvm-2bea72.o(.rodata.str1.1)
    .L.str.41                                0x08012db8   Data          19  lto-llvm-2bea72.o(.rodata.str1.1)
    .L.str.15                                0x08012dcb   Data          14  lto-llvm-2bea72.o(.rodata.str1.1)
    .L.str.16                                0x08012dd9   Data          16  lto-llvm-2bea72.o(.rodata.str1.1)
    .L.str.22                                0x08012de9   Data          22  lto-llvm-2bea72.o(.rodata.str1.1)
    .L.str.13                                0x08012dff   Data          14  lto-llvm-2bea72.o(.rodata.str1.1)
    .L.str                                   0x08012e0d   Data          26  lto-llvm-2bea72.o(.rodata.str1.1)
    .L.str.219                               0x08012e27   Data           2  lto-llvm-2bea72.o(.rodata.str1.1)
    .L.str.118                               0x08012e29   Data          31  lto-llvm-2bea72.o(.rodata.str1.1)
    .L.str.135                               0x08012e48   Data          31  lto-llvm-2bea72.o(.rodata.str1.1)
    .L.str.147                               0x08012e67   Data          31  lto-llvm-2bea72.o(.rodata.str1.1)
    .L.str.106                               0x08012e86   Data          31  lto-llvm-2bea72.o(.rodata.str1.1)
    .L.str.157                               0x08012ea5   Data          31  lto-llvm-2bea72.o(.rodata.str1.1)
    .L.str.130                               0x08012ec4   Data          32  lto-llvm-2bea72.o(.rodata.str1.1)
    .L.str.189                               0x08012ee4   Data          32  lto-llvm-2bea72.o(.rodata.str1.1)
    .L.str.176                               0x08012f04   Data          34  lto-llvm-2bea72.o(.rodata.str1.1)
    .L.str.198                               0x08012f26   Data          34  lto-llvm-2bea72.o(.rodata.str1.1)
    .L.str.3.228                             0x08012f48   Data          14  lto-llvm-2bea72.o(.rodata.str1.1)
    .L__const.SENSOR_Update.string           0x08012f56   Data          35  lto-llvm-2bea72.o(.rodata.str1.1)
    .L.str.1.220                             0x08012f79   Data          17  lto-llvm-2bea72.o(.rodata.str1.1)
    .L.str.2.221                             0x08012f8a   Data          19  lto-llvm-2bea72.o(.rodata.str1.1)
    .L.str.5.224                             0x08012f9d   Data          13  lto-llvm-2bea72.o(.rodata.str1.1)
    .L.str.4.225                             0x08012faa   Data          14  lto-llvm-2bea72.o(.rodata.str1.1)
    .data                                    0x20000000   Section        4  stdout.o(.data)
    _errno                                   0x20000004   Data           4  errno.o(.data)
    .data                                    0x20000004   Section        4  errno.o(.data)
    magScale                                 0x20000008   Data          12  lto-llvm-2bea72.o(.data)
    [Anonymous Symbol]                       0x20000008   Section        0  lto-llvm-2bea72.o(.data)
    initialPressure                          0x20000014   Data           4  lto-llvm-2bea72.o(.data)
    beta                                     0x20000018   Data           4  lto-llvm-2bea72.o(.data)
    q0                                       0x2000001c   Data           4  lto-llvm-2bea72.o(.data)
    PID_angle_pitch                          0x20000020   Data          36  lto-llvm-2bea72.o(.data)
    PID_rate_pitch                           0x20000044   Data          36  lto-llvm-2bea72.o(.data)
    SystemCoreClock                          0x20000068   Data           4  lto-llvm-2bea72.o(.data)
    uwTickPrio                               0x2000006c   Data           4  lto-llvm-2bea72.o(.data)
    START_TASK_STK                           0x20000070   Data         512  lto-llvm-2bea72.o(.bss)
    [Anonymous Symbol]                       0x20000070   Section        0  lto-llvm-2bea72.o(.bss)
    ANO_TASK_STK                             0x20000270   Data         512  lto-llvm-2bea72.o(.bss)
    FLIGHT_TASK_STK                          0x20000470   Data        1024  lto-llvm-2bea72.o(.bss)
    ANO_Task.count                           0x20000870   Data           1  lto-llvm-2bea72.o(.bss)
    ANO_Task.data                            0x20000871   Data         300  lto-llvm-2bea72.o(.bss)
    ParamList                                0x200009a0   Data         800  lto-llvm-2bea72.o(.bss)
    data                                     0x20000cc0   Data         100  lto-llvm-2bea72.o(.bss)
    ANO_Receive_Prepare.state                0x20000d24   Data           1  lto-llvm-2bea72.o(.bss)
    ANO_Receive_Prepare.data                 0x20000d25   Data          50  lto-llvm-2bea72.o(.bss)
    ANO_Receive_Prepare.cnt                  0x20000d57   Data           1  lto-llvm-2bea72.o(.bss)
    ucount                                   0x20000d58   Data           7  lto-llvm-2bea72.o(.bss)
    rvalue                                   0x20000d60   Data          28  lto-llvm-2bea72.o(.bss)
    mode                                     0x20000d7c   Data           1  lto-llvm-2bea72.o(.bss)
    rstate                                   0x20000d7d   Data           7  lto-llvm-2bea72.o(.bss)
    pvalue                                   0x20000d84   Data          28  lto-llvm-2bea72.o(.bss)
    gyroFilterLPF                            0x20000da0   Data          84  lto-llvm-2bea72.o(.bss)
    accelBias                                0x20000df4   Data          12  lto-llvm-2bea72.o(.bss)
    accel                                    0x20000e00   Data          12  lto-llvm-2bea72.o(.bss)
    gyroBias                                 0x20000e0c   Data          12  lto-llvm-2bea72.o(.bss)
    gyro                                     0x20000e18   Data          12  lto-llvm-2bea72.o(.bss)
    altitude                                 0x20000e24   Data           4  lto-llvm-2bea72.o(.bss)
    voltage                                  0x20000e28   Data           4  lto-llvm-2bea72.o(.bss)
    msPROM                                   0x20000e2c   Data          16  lto-llvm-2bea72.o(.bss)
    magBias                                  0x20000e3c   Data          12  lto-llvm-2bea72.o(.bss)
    temperature                              0x20000e48   Data           4  lto-llvm-2bea72.o(.bss)
    MS_ReadPressure.state                    0x20000e4c   Data           1  lto-llvm-2bea72.o(.bss)
    MS_ReadPressure.D1                       0x20000e50   Data           4  lto-llvm-2bea72.o(.bss)
    MS_ReadPressure.D2                       0x20000e54   Data           4  lto-llvm-2bea72.o(.bss)
    SENSOR_Update.accelCount                 0x20000e58   Data           6  lto-llvm-2bea72.o(.bss)
    SENSOR_Update.gyroCount                  0x20000e5e   Data           6  lto-llvm-2bea72.o(.bss)
    SENSOR_Update.pressure                   0x20000e64   Data           4  lto-llvm-2bea72.o(.bss)
    SENSOR_Update.count                      0x20000e68   Data           2  lto-llvm-2bea72.o(.bss)
    q1                                       0x20000e6c   Data           4  lto-llvm-2bea72.o(.bss)
    q2                                       0x20000e70   Data           4  lto-llvm-2bea72.o(.bss)
    q3                                       0x20000e74   Data           4  lto-llvm-2bea72.o(.bss)
    attitude                                 0x20000e78   Data          12  lto-llvm-2bea72.o(.bss)
    PID_angle_roll                           0x20000e84   Data          36  lto-llvm-2bea72.o(.bss)
    PID_rate_roll                            0x20000ea8   Data          36  lto-llvm-2bea72.o(.bss)
    PID_rate_yaw                             0x20000ecc   Data          36  lto-llvm-2bea72.o(.bss)
    PID_altitude                             0x20000ef0   Data          36  lto-llvm-2bea72.o(.bss)
    rate_out                                 0x20000f14   Data          16  lto-llvm-2bea72.o(.bss)
    PID_Upadte.count                         0x20000f24   Data           1  lto-llvm-2bea72.o(.bss)
    hadc1                                    0x20000f28   Data          72  lto-llvm-2bea72.o(.bss)
    hi2c1                                    0x20000f70   Data          84  lto-llvm-2bea72.o(.bss)
    htim1                                    0x20000fc4   Data          72  lto-llvm-2bea72.o(.bss)
    htim2                                    0x2000100c   Data          72  lto-llvm-2bea72.o(.bss)
    htim3                                    0x20001054   Data          72  lto-llvm-2bea72.o(.bss)
    huart2                                   0x2000109c   Data          68  lto-llvm-2bea72.o(.bss)
    hdma_usart2_tx                           0x200010e0   Data          96  lto-llvm-2bea72.o(.bss)
    uwTick                                   0x20001140   Data           4  lto-llvm-2bea72.o(.bss)
    OS_CPU_ExceptStk                         0x20001144   Data        1024  lto-llvm-2bea72.o(.bss)
    OSTmrCtr                                 0x2000154c   Data           2  lto-llvm-2bea72.o(.bss)
    OSIntNesting                             0x2000154e   Data           1  lto-llvm-2bea72.o(.bss)
    OSLockNesting                            0x2000154f   Data           1  lto-llvm-2bea72.o(.bss)
    OSTCBPrioTbl                             0x20001558   Data         256  lto-llvm-2bea72.o(.bss)
    OSCtxSwCtr                               0x20001664   Data           4  lto-llvm-2bea72.o(.bss)
    OSIdleCtr                                0x20001668   Data           4  lto-llvm-2bea72.o(.bss)
    OSIdleCtrMax                             0x2000166c   Data           4  lto-llvm-2bea72.o(.bss)
    OSStatRdy                                0x20001670   Data           1  lto-llvm-2bea72.o(.bss)
    OSTime                                   0x20001674   Data           4  lto-llvm-2bea72.o(.bss)
    OSTCBList                                0x20001678   Data           4  lto-llvm-2bea72.o(.bss)
    OSRdyGrp                                 0x2000167c   Data           1  lto-llvm-2bea72.o(.bss)
    OSRdyTbl                                 0x2000167d   Data           8  lto-llvm-2bea72.o(.bss)
    OSCPUUsage                               0x20001685   Data           1  lto-llvm-2bea72.o(.bss)
    OSIdleCtrRun                             0x20001688   Data           4  lto-llvm-2bea72.o(.bss)
    OSTCBFreeList                            0x2000168c   Data           4  lto-llvm-2bea72.o(.bss)
    OSTaskCtr                                0x20001690   Data           1  lto-llvm-2bea72.o(.bss)
    OSFlagTbl                                0x20001694   Data          80  lto-llvm-2bea72.o(.bss)
    OSEventFreeList                          0x200016e4   Data           4  lto-llvm-2bea72.o(.bss)
    OSMemTbl                                 0x200016e8   Data         120  lto-llvm-2bea72.o(.bss)
    OSQTbl                                   0x20001760   Data          96  lto-llvm-2bea72.o(.bss)
    OSTmrTime                                0x200017c0   Data           4  lto-llvm-2bea72.o(.bss)
    OSTmrSemSignal                           0x200017c4   Data           4  lto-llvm-2bea72.o(.bss)
    OSTmrTbl                                 0x200017c8   Data         640  lto-llvm-2bea72.o(.bss)
    OSTmrWheelTbl                            0x20001a48   Data          56  lto-llvm-2bea72.o(.bss)
    OSTmrSem                                 0x20001a80   Data           4  lto-llvm-2bea72.o(.bss)
    OSEventTbl                               0x20001a84   Data         240  lto-llvm-2bea72.o(.bss)
    OSTaskStatStk                            0x20001b74   Data         512  lto-llvm-2bea72.o(.bss)
    OSTaskIdleStk                            0x20001d74   Data         512  lto-llvm-2bea72.o(.bss)
    OSTCBTbl                                 0x20001f74   Data        2024  lto-llvm-2bea72.o(.bss)
    OSTmrTaskStk                             0x2000275c   Data         512  lto-llvm-2bea72.o(.bss)
    set.0                                    0x2000295c   Data           4  lto-llvm-2bea72.o(.bss)
    set.1                                    0x20002960   Data           4  lto-llvm-2bea72.o(.bss)
    set.2                                    0x20002964   Data           4  lto-llvm-2bea72.o(.bss)
    set.3                                    0x20002968   Data           4  lto-llvm-2bea72.o(.bss)
    angle_out.0                              0x2000296c   Data           4  lto-llvm-2bea72.o(.bss)
    angle_out.1                              0x20002970   Data           4  lto-llvm-2bea72.o(.bss)
    STACK                                    0x20002978   Section     1024  startup_stm32f401xe.o(STACK)

    Global Symbols

    Symbol Name                              Value     Ov Type        Size  Object(Section)

    BuildAttributes$$THM_ISAv4$E$P$D$K$B$S$7EM$VFPi3$EXTD16$VFPS$VFMA$PE$A:L22UL41UL21$X:L11$S22US41US21$IEEE1$IW$~IW$USESV6$~STKCKD$USESV7$~SHL$OTIME$ROPI$IEEEX$EBA8$MICROLIB$REQ8$PRES8$EABIv2 0x00000000   Number         0  anon$$obj.o ABSOLUTE
    __cpp_initialize__aeabi_                  - Undefined Weak Reference
    __cxa_finalize                            - Undefined Weak Reference
    __decompress                              - Undefined Weak Reference
    _clock_init                               - Undefined Weak Reference
    _microlib_exit                            - Undefined Weak Reference
    __Vectors_Size                           0x00000194   Number         0  startup_stm32f401xe.o ABSOLUTE
    __Vectors                                0x08000000   Data           4  startup_stm32f401xe.o(RESET)
    __Vectors_End                            0x08000194   Data           0  startup_stm32f401xe.o(RESET)
    __main                                   0x08000195   Thumb Code     0  entry.o(.ARM.Collect$$$$00000000)
    _main_stk                                0x08000195   Thumb Code     0  entry2.o(.ARM.Collect$$$$00000001)
    _main_scatterload                        0x08000199   Thumb Code     0  entry5.o(.ARM.Collect$$$$00000004)
    __main_after_scatterload                 0x0800019d   Thumb Code     0  entry5.o(.ARM.Collect$$$$00000004)
    _main_clock                              0x0800019d   Thumb Code     0  entry7b.o(.ARM.Collect$$$$00000008)
    _main_cpp_init                           0x0800019d   Thumb Code     0  entry8b.o(.ARM.Collect$$$$0000000A)
    _main_init                               0x0800019d   Thumb Code     0  entry9a.o(.ARM.Collect$$$$0000000B)
    __rt_final_cpp                           0x080001a5   Thumb Code     0  entry10a.o(.ARM.Collect$$$$0000000D)
    __rt_final_exit                          0x080001a5   Thumb Code     0  entry11a.o(.ARM.Collect$$$$0000000F)
    Reset_Handler                            0x080001a9   Thumb Code     8  startup_stm32f401xe.o(.text)
    ADC_IRQHandler                           0x080001c3   Thumb Code     0  startup_stm32f401xe.o(.text)
    DMA1_Stream0_IRQHandler                  0x080001c3   Thumb Code     0  startup_stm32f401xe.o(.text)
    DMA1_Stream1_IRQHandler                  0x080001c3   Thumb Code     0  startup_stm32f401xe.o(.text)
    DMA1_Stream2_IRQHandler                  0x080001c3   Thumb Code     0  startup_stm32f401xe.o(.text)
    DMA1_Stream3_IRQHandler                  0x080001c3   Thumb Code     0  startup_stm32f401xe.o(.text)
    DMA1_Stream4_IRQHandler                  0x080001c3   Thumb Code     0  startup_stm32f401xe.o(.text)
    DMA1_Stream5_IRQHandler                  0x080001c3   Thumb Code     0  startup_stm32f401xe.o(.text)
    DMA1_Stream7_IRQHandler                  0x080001c3   Thumb Code     0  startup_stm32f401xe.o(.text)
    DMA2_Stream0_IRQHandler                  0x080001c3   Thumb Code     0  startup_stm32f401xe.o(.text)
    DMA2_Stream1_IRQHandler                  0x080001c3   Thumb Code     0  startup_stm32f401xe.o(.text)
    DMA2_Stream2_IRQHandler                  0x080001c3   Thumb Code     0  startup_stm32f401xe.o(.text)
    DMA2_Stream3_IRQHandler                  0x080001c3   Thumb Code     0  startup_stm32f401xe.o(.text)
    DMA2_Stream4_IRQHandler                  0x080001c3   Thumb Code     0  startup_stm32f401xe.o(.text)
    DMA2_Stream5_IRQHandler                  0x080001c3   Thumb Code     0  startup_stm32f401xe.o(.text)
    DMA2_Stream6_IRQHandler                  0x080001c3   Thumb Code     0  startup_stm32f401xe.o(.text)
    DMA2_Stream7_IRQHandler                  0x080001c3   Thumb Code     0  startup_stm32f401xe.o(.text)
    EXTI0_IRQHandler                         0x080001c3   Thumb Code     0  startup_stm32f401xe.o(.text)
    EXTI15_10_IRQHandler                     0x080001c3   Thumb Code     0  startup_stm32f401xe.o(.text)
    EXTI1_IRQHandler                         0x080001c3   Thumb Code     0  startup_stm32f401xe.o(.text)
    EXTI2_IRQHandler                         0x080001c3   Thumb Code     0  startup_stm32f401xe.o(.text)
    EXTI3_IRQHandler                         0x080001c3   Thumb Code     0  startup_stm32f401xe.o(.text)
    EXTI4_IRQHandler                         0x080001c3   Thumb Code     0  startup_stm32f401xe.o(.text)
    EXTI9_5_IRQHandler                       0x080001c3   Thumb Code     0  startup_stm32f401xe.o(.text)
    FLASH_IRQHandler                         0x080001c3   Thumb Code     0  startup_stm32f401xe.o(.text)
    FPU_IRQHandler                           0x080001c3   Thumb Code     0  startup_stm32f401xe.o(.text)
    I2C1_ER_IRQHandler                       0x080001c3   Thumb Code     0  startup_stm32f401xe.o(.text)
    I2C1_EV_IRQHandler                       0x080001c3   Thumb Code     0  startup_stm32f401xe.o(.text)
    I2C2_ER_IRQHandler                       0x080001c3   Thumb Code     0  startup_stm32f401xe.o(.text)
    I2C2_EV_IRQHandler                       0x080001c3   Thumb Code     0  startup_stm32f401xe.o(.text)
    I2C3_ER_IRQHandler                       0x080001c3   Thumb Code     0  startup_stm32f401xe.o(.text)
    I2C3_EV_IRQHandler                       0x080001c3   Thumb Code     0  startup_stm32f401xe.o(.text)
    OTG_FS_IRQHandler                        0x080001c3   Thumb Code     0  startup_stm32f401xe.o(.text)
    OTG_FS_WKUP_IRQHandler                   0x080001c3   Thumb Code     0  startup_stm32f401xe.o(.text)
    PVD_IRQHandler                           0x080001c3   Thumb Code     0  startup_stm32f401xe.o(.text)
    RCC_IRQHandler                           0x080001c3   Thumb Code     0  startup_stm32f401xe.o(.text)
    RTC_Alarm_IRQHandler                     0x080001c3   Thumb Code     0  startup_stm32f401xe.o(.text)
    RTC_WKUP_IRQHandler                      0x080001c3   Thumb Code     0  startup_stm32f401xe.o(.text)
    SDIO_IRQHandler                          0x080001c3   Thumb Code     0  startup_stm32f401xe.o(.text)
    SPI1_IRQHandler                          0x080001c3   Thumb Code     0  startup_stm32f401xe.o(.text)
    SPI2_IRQHandler                          0x080001c3   Thumb Code     0  startup_stm32f401xe.o(.text)
    SPI3_IRQHandler                          0x080001c3   Thumb Code     0  startup_stm32f401xe.o(.text)
    SPI4_IRQHandler                          0x080001c3   Thumb Code     0  startup_stm32f401xe.o(.text)
    TAMP_STAMP_IRQHandler                    0x080001c3   Thumb Code     0  startup_stm32f401xe.o(.text)
    TIM1_BRK_TIM9_IRQHandler                 0x080001c3   Thumb Code     0  startup_stm32f401xe.o(.text)
    TIM1_TRG_COM_TIM11_IRQHandler            0x080001c3   Thumb Code     0  startup_stm32f401xe.o(.text)
    TIM3_IRQHandler                          0x080001c3   Thumb Code     0  startup_stm32f401xe.o(.text)
    TIM4_IRQHandler                          0x080001c3   Thumb Code     0  startup_stm32f401xe.o(.text)
    TIM5_IRQHandler                          0x080001c3   Thumb Code     0  startup_stm32f401xe.o(.text)
    USART1_IRQHandler                        0x080001c3   Thumb Code     0  startup_stm32f401xe.o(.text)
    USART6_IRQHandler                        0x080001c3   Thumb Code     0  startup_stm32f401xe.o(.text)
    WWDG_IRQHandler                          0x080001c3   Thumb Code     0  startup_stm32f401xe.o(.text)
    OS_CPU_FP_Reg_Push                       0x080001cd   Thumb Code     0  os_cpu_a.o(.text)
    OS_CPU_FP_Reg_Pop                        0x080001df   Thumb Code     0  os_cpu_a.o(.text)
    OS_CPU_SR_Save                           0x080001eb   Thumb Code     0  os_cpu_a.o(.text)
    OS_CPU_SR_Restore                        0x08000207   Thumb Code     0  os_cpu_a.o(.text)
    OSStartHighRdy                           0x08000219   Thumb Code     0  os_cpu_a.o(.text)
    OSCtxSw                                  0x08000271   Thumb Code     0  os_cpu_a.o(.text)
    OSIntCtxSw                               0x08000271   Thumb Code     0  os_cpu_a.o(.text)
    PendSV_Handler                           0x0800027b   Thumb Code     0  os_cpu_a.o(.text)
    arm_cos_f32                              0x08000301   Thumb Code   108  arm_cos_f32.o(.text)
    arm_sin_f32                              0x08000379   Thumb Code   130  arm_sin_f32.o(.text)
    arm_pid_init_f32                         0x0800040d   Thumb Code    56  arm_pid_init_f32.o(.text)
    __aeabi_uidiv                            0x08000445   Thumb Code     0  uidiv.o(.text)
    __aeabi_uidivmod                         0x08000445   Thumb Code    44  uidiv.o(.text)
    __aeabi_uldivmod                         0x08000471   Thumb Code    98  uldiv.o(.text)
    __I$use$fp                               0x080004d3   Thumb Code     0  iusefp.o(.text)
    __aeabi_dadd                             0x080004d3   Thumb Code   322  dadd.o(.text)
    __aeabi_dsub                             0x08000615   Thumb Code     6  dadd.o(.text)
    __aeabi_drsub                            0x0800061b   Thumb Code     6  dadd.o(.text)
    __aeabi_dmul                             0x08000621   Thumb Code   228  dmul.o(.text)
    __aeabi_ddiv                             0x08000705   Thumb Code   222  ddiv.o(.text)
    __aeabi_d2ulz                            0x080007e3   Thumb Code    48  dfixul.o(.text)
    __aeabi_cdrcmple                         0x08000815   Thumb Code    48  cdrcmple.o(.text)
    __fp_status                              0x08000845   Thumb Code     4  fpstat.o(.text)
    __ieee_status                            0x08000845   Thumb Code     0  fpstat.o(.text)
    __scatterload                            0x08000849   Thumb Code    28  init.o(.text)
    __scatterload_rt2                        0x08000849   Thumb Code     0  init.o(.text)
    __aeabi_llsl                             0x0800086d   Thumb Code    30  llshl.o(.text)
    _ll_shift_l                              0x0800086d   Thumb Code     0  llshl.o(.text)
    __aeabi_llsr                             0x0800088b   Thumb Code    32  llushr.o(.text)
    _ll_ushift_r                             0x0800088b   Thumb Code     0  llushr.o(.text)
    __aeabi_lasr                             0x080008ab   Thumb Code    36  llsshr.o(.text)
    _ll_sshift_r                             0x080008ab   Thumb Code     0  llsshr.o(.text)
    _double_round                            0x080008cf   Thumb Code    30  depilogue.o(.text)
    _double_epilogue                         0x080008ed   Thumb Code   156  depilogue.o(.text)
    __aeabi_memcpy                           0x08000989   Thumb Code    36  memcpya.o(.text)
    __aeabi_memcpy4                          0x08000989   Thumb Code     0  memcpya.o(.text)
    __aeabi_memcpy8                          0x08000989   Thumb Code     0  memcpya.o(.text)
    __aeabi_memset                           0x080009ad   Thumb Code    14  memseta.o(.text)
    __aeabi_memset4                          0x080009ad   Thumb Code     0  memseta.o(.text)
    __aeabi_memset8                          0x080009ad   Thumb Code     0  memseta.o(.text)
    __aeabi_memclr                           0x080009bb   Thumb Code     4  memseta.o(.text)
    __aeabi_memclr4                          0x080009bb   Thumb Code     0  memseta.o(.text)
    __aeabi_memclr8                          0x080009bb   Thumb Code     0  memseta.o(.text)
    _memset$wrapper                          0x080009bf   Thumb Code    18  memseta.o(.text)
    __aeabi_i2d                              0x080009d1   Thumb Code    34  dflti.o(.text)
    __aeabi_d2iz                             0x080009f3   Thumb Code    62  dfixi.o(.text)
    __aeabi_f2d                              0x08000a31   Thumb Code    38  f2d.o(.text)
    BusFault_Handler                         0x08001f65   Thumb Code     4  lto-llvm-2bea72.o(.text.BusFault_Handler)
    DMA1_Stream6_IRQHandler                  0x08001f69   Thumb Code    50  lto-llvm-2bea72.o(.text.DMA1_Stream6_IRQHandler)
    DebugMon_Handler                         0x08002129   Thumb Code     2  lto-llvm-2bea72.o(.text.DebugMon_Handler)
    HardFault_Handler                        0x08008e0d   Thumb Code     4  lto-llvm-2bea72.o(.text.HardFault_Handler)
    MemManage_Handler                        0x0800c251   Thumb Code     4  lto-llvm-2bea72.o(.text.MemManage_Handler)
    NMI_Handler                              0x0800c255   Thumb Code     4  lto-llvm-2bea72.o(.text.NMI_Handler)
    OSTaskSwHook                             0x0800d6e1   Thumb Code    40  lto-llvm-2bea72.o(.text.OSTaskSwHook)
    SVC_Handler                              0x0800f149   Thumb Code     2  lto-llvm-2bea72.o(.text.SVC_Handler)
    SysTick_Handler                          0x0800f1ed   Thumb Code    42  lto-llvm-2bea72.o(.text.SysTick_Handler)
    SystemInit                               0x0800f2cd   Thumb Code    18  lto-llvm-2bea72.o(.text.SystemInit)
    TIM1_CC_IRQHandler                       0x0800f2e1   Thumb Code   216  lto-llvm-2bea72.o(.text.TIM1_CC_IRQHandler)
    TIM1_UP_TIM10_IRQHandler                 0x0800f3b9   Thumb Code   128  lto-llvm-2bea72.o(.text.TIM1_UP_TIM10_IRQHandler)
    TIM2_IRQHandler                          0x0800f439   Thumb Code   392  lto-llvm-2bea72.o(.text.TIM2_IRQHandler)
    USART2_IRQHandler                        0x080109a5   Thumb Code   150  lto-llvm-2bea72.o(.text.USART2_IRQHandler)
    UsageFault_Handler                       0x08010a3d   Thumb Code     4  lto-llvm-2bea72.o(.text.UsageFault_Handler)
    fputc                                    0x08010dfd   Thumb Code    26  lto-llvm-2bea72.o(.text.fputc)
    main                                     0x08010e19   Thumb Code    22  lto-llvm-2bea72.o(.text.main)
    __0printf                                0x08010e31   Thumb Code    22  printfa.o(i.__0printf)
    __1printf                                0x08010e31   Thumb Code     0  printfa.o(i.__0printf)
    __2printf                                0x08010e31   Thumb Code     0  printfa.o(i.__0printf)
    __c89printf                              0x08010e31   Thumb Code     0  printfa.o(i.__0printf)
    printf                                   0x08010e31   Thumb Code     0  printfa.o(i.__0printf)
    __ARM_fpclassifyf                        0x08010e51   Thumb Code    38  fpclassifyf.o(i.__ARM_fpclassifyf)
    __hardfp_atan2f                          0x08010e79   Thumb Code   594  atan2f.o(i.__hardfp_atan2f)
    __hardfp_powf                            0x08011125   Thumb Code  1606  powf.o(i.__hardfp_powf)
    __mathlib_powf                           0x08011125   Thumb Code     0  powf.o(i.__hardfp_powf)
    __hardfp_sqrtf                           0x08011789   Thumb Code    58  sqrtf.o(i.__hardfp_sqrtf)
    __mathlib_flt_divzero                    0x080117c5   Thumb Code    14  funder.o(i.__mathlib_flt_divzero)
    __mathlib_flt_infnan2                    0x080117d9   Thumb Code     6  funder.o(i.__mathlib_flt_infnan2)
    __mathlib_flt_invalid                    0x080117e1   Thumb Code    10  funder.o(i.__mathlib_flt_invalid)
    __mathlib_flt_overflow                   0x080117f1   Thumb Code    10  funder.o(i.__mathlib_flt_overflow)
    __mathlib_flt_underflow                  0x08011801   Thumb Code    10  funder.o(i.__mathlib_flt_underflow)
    __scatterload_copy                       0x08011811   Thumb Code    14  handlers.o(i.__scatterload_copy)
    __scatterload_null                       0x0801181f   Thumb Code     2  handlers.o(i.__scatterload_null)
    __scatterload_zeroinit                   0x08011821   Thumb Code    14  handlers.o(i.__scatterload_zeroinit)
    __set_errno                              0x08011831   Thumb Code     6  errno.o(i.__set_errno)
    sinTable_f32                             0x080120f0   Data        2052  arm_common_tables.o(.constdata)
    Region$$Table$$Base                      0x08012fb8   Number         0  anon$$obj.o(Region$$Table)
    Region$$Table$$Limit                     0x08012fd8   Number         0  anon$$obj.o(Region$$Table)
    __stdout                                 0x20000000   Data           4  stdout.o(.data)
    OS_CPU_ExceptStkBase                     0x20001544   Data           4  lto-llvm-2bea72.o(.bss)
    OS_KA_BASEPRI_Boundary                   0x20001548   Data           4  lto-llvm-2bea72.o(.bss)
    OSTCBCur                                 0x20001550   Data           4  lto-llvm-2bea72.o(.bss)
    OSRunning                                0x20001554   Data           1  lto-llvm-2bea72.o(.bss)
    OSPrioHighRdy                            0x20001658   Data           1  lto-llvm-2bea72.o(.bss)
    OSTCBHighRdy                             0x2000165c   Data           4  lto-llvm-2bea72.o(.bss)
    OSPrioCur                                0x20001660   Data           1  lto-llvm-2bea72.o(.bss)
    __initial_sp                             0x20002d78   Data           0  startup_stm32f401xe.o(STACK)



==============================================================================

Memory Map of the image

  Image Entry point : 0x08000195

  Load Region LR_IROM1 (Base: 0x08000000, Size: 0x00013048, Max: 0x00080000, ABSOLUTE)

    Execution Region ER_IROM1 (Exec base: 0x08000000, Load base: 0x08000000, Size: 0x00012fd8, Max: 0x00080000, ABSOLUTE)

    Exec Addr    Load Addr    Size         Type   Attr      Idx    E Section Name        Object

    0x08000000   0x08000000   0x00000194   Data   RO           20    RESET               startup_stm32f401xe.o
    0x08000194   0x08000194   0x00000000   Code   RO          250  * .ARM.Collect$$$$00000000  mc_w.l(entry.o)
    0x08000194   0x08000194   0x00000004   Code   RO          297    .ARM.Collect$$$$00000001  mc_w.l(entry2.o)
    0x08000198   0x08000198   0x00000004   Code   RO          300    .ARM.Collect$$$$00000004  mc_w.l(entry5.o)
    0x0800019c   0x0800019c   0x00000000   Code   RO          302    .ARM.Collect$$$$00000008  mc_w.l(entry7b.o)
    0x0800019c   0x0800019c   0x00000000   Code   RO          304    .ARM.Collect$$$$0000000A  mc_w.l(entry8b.o)
    0x0800019c   0x0800019c   0x00000008   Code   RO          305    .ARM.Collect$$$$0000000B  mc_w.l(entry9a.o)
    0x080001a4   0x080001a4   0x00000000   Code   RO          307    .ARM.Collect$$$$0000000D  mc_w.l(entry10a.o)
    0x080001a4   0x080001a4   0x00000000   Code   RO          309    .ARM.Collect$$$$0000000F  mc_w.l(entry11a.o)
    0x080001a4   0x080001a4   0x00000004   Code   RO          298    .ARM.Collect$$$$00002712  mc_w.l(entry2.o)
    0x080001a8   0x080001a8   0x00000024   Code   RO           21    .text               startup_stm32f401xe.o
    0x080001cc   0x080001cc   0x00000134   Code   RO           44    .text               os_cpu_a.o
    0x08000300   0x08000300   0x00000078   Code   RO           53    .text               arm_cortexM4lf_math.lib(arm_cos_f32.o)
    0x08000378   0x08000378   0x00000094   Code   RO          104    .text               arm_cortexM4lf_math.lib(arm_sin_f32.o)
    0x0800040c   0x0800040c   0x00000038   Code   RO          128    .text               arm_cortexM4lf_math.lib(arm_pid_init_f32.o)
    0x08000444   0x08000444   0x0000002c   Code   RO          321    .text               mc_w.l(uidiv.o)
    0x08000470   0x08000470   0x00000062   Code   RO          323    .text               mc_w.l(uldiv.o)
    0x080004d2   0x080004d2   0x00000000   Code   RO          332    .text               mc_w.l(iusefp.o)
    0x080004d2   0x080004d2   0x0000014e   Code   RO          333    .text               mf_w.l(dadd.o)
    0x08000620   0x08000620   0x000000e4   Code   RO          335    .text               mf_w.l(dmul.o)
    0x08000704   0x08000704   0x000000de   Code   RO          337    .text               mf_w.l(ddiv.o)
    0x080007e2   0x080007e2   0x00000030   Code   RO          339    .text               mf_w.l(dfixul.o)
    0x08000812   0x08000812   0x00000002   PAD
    0x08000814   0x08000814   0x00000030   Code   RO          341    .text               mf_w.l(cdrcmple.o)
    0x08000844   0x08000844   0x00000004   Code   RO          343    .text               mf_w.l(fpstat.o)
    0x08000848   0x08000848   0x00000024   Code   RO          345    .text               mc_w.l(init.o)
    0x0800086c   0x0800086c   0x0000001e   Code   RO          347    .text               mc_w.l(llshl.o)
    0x0800088a   0x0800088a   0x00000020   Code   RO          349    .text               mc_w.l(llushr.o)
    0x080008aa   0x080008aa   0x00000024   Code   RO          351    .text               mc_w.l(llsshr.o)
    0x080008ce   0x080008ce   0x000000ba   Code   RO          353    .text               mf_w.l(depilogue.o)
    0x08000988   0x08000988   0x00000024   Code   RO          897    .text               mc_w.l(memcpya.o)
    0x080009ac   0x080009ac   0x00000024   Code   RO          899    .text               mc_w.l(memseta.o)
    0x080009d0   0x080009d0   0x00000022   Code   RO          903    .text               mf_w.l(dflti.o)
    0x080009f2   0x080009f2   0x0000003e   Code   RO          905    .text               mf_w.l(dfixi.o)
    0x08000a30   0x08000a30   0x00000026   Code   RO          907    .text               mf_w.l(f2d.o)
    0x08000a56   0x08000a56   0x00000002   PAD
    0x08000a58   0x08000a58   0x000001b2   Code   RO          546    .text.ADC_Init      lto-llvm-2bea72.o
    0x08000c0a   0x08000c0a   0x00000002   PAD
    0x08000c0c   0x08000c0c   0x00000040   Code   RO          468    .text.AHRS_Update   lto-llvm-2bea72.o
    0x08000c4c   0x08000c4c   0x000000b2   Code   RO          364    .text.ANO_Init      lto-llvm-2bea72.o
    0x08000cfe   0x08000cfe   0x00000002   PAD
    0x08000d00   0x08000d00   0x000000ec   Code   RO          386    .text.ANO_Receive_Analyze  lto-llvm-2bea72.o
    0x08000dec   0x08000dec   0x000001ae   Code   RO          394    .text.ANO_Receive_Prepare  lto-llvm-2bea72.o
    0x08000f9a   0x08000f9a   0x00000002   PAD
    0x08000f9c   0x08000f9c   0x000000e0   Code   RO          376    .text.ANO_Send_Battery  lto-llvm-2bea72.o
    0x0800107c   0x0800107c   0x00000102   Code   RO          380    .text.ANO_Send_Control  lto-llvm-2bea72.o
    0x0800117e   0x0800117e   0x00000002   PAD
    0x08001180   0x08001180   0x0000012c   Code   RO          372    .text.ANO_Send_Euler  lto-llvm-2bea72.o
    0x080012ac   0x080012ac   0x0000008e   Code   RO          374    .text.ANO_Send_Mode  lto-llvm-2bea72.o
    0x0800133a   0x0800133a   0x00000002   PAD
    0x0800133c   0x0800133c   0x00000102   Code   RO          378    .text.ANO_Send_PWM  lto-llvm-2bea72.o
    0x0800143e   0x0800143e   0x00000002   PAD
    0x08001440   0x08001440   0x0000010c   Code   RO          390    .text.ANO_Send_Param  lto-llvm-2bea72.o
    0x0800154c   0x0800154c   0x000001fa   Code   RO          382    .text.ANO_Send_Remote  lto-llvm-2bea72.o
    0x08001746   0x08001746   0x00000002   PAD
    0x08001748   0x08001748   0x00000166   Code   RO          366    .text.ANO_Send_Sensor  lto-llvm-2bea72.o
    0x080018ae   0x080018ae   0x00000002   PAD
    0x080018b0   0x080018b0   0x00000184   Code   RO          370    .text.ANO_Send_Sensor2  lto-llvm-2bea72.o
    0x08001a34   0x08001a34   0x000000b6   Code   RO          384    .text.ANO_Send_String  lto-llvm-2bea72.o
    0x08001aea   0x08001aea   0x00000002   PAD
    0x08001aec   0x08001aec   0x00000098   Code   RO          392    .text.ANO_Send_Verification  lto-llvm-2bea72.o
    0x08001b84   0x08001b84   0x000003b8   Code   RO          360    .text.ANO_Task      lto-llvm-2bea72.o
    0x08001f3c   0x08001f3c   0x00000008   Code   RO          754    .text.App_TCBInitHook  lto-llvm-2bea72.o
    0x08001f44   0x08001f44   0x00000008   Code   RO          742    .text.App_TaskCreateHook  lto-llvm-2bea72.o
    0x08001f4c   0x08001f4c   0x00000008   Code   RO          744    .text.App_TaskDelHook  lto-llvm-2bea72.o
    0x08001f54   0x08001f54   0x00000008   Code   RO          750    .text.App_TaskReturnHook  lto-llvm-2bea72.o
    0x08001f5c   0x08001f5c   0x00000008   Code   RO          756    .text.App_TimeTickHook  lto-llvm-2bea72.o
    0x08001f64   0x08001f64   0x00000004   Code   RO          520    .text.BusFault_Handler  lto-llvm-2bea72.o
    0x08001f68   0x08001f68   0x00000032   Code   RO          528    .text.DMA1_Stream6_IRQHandler  lto-llvm-2bea72.o
    0x08001f9a   0x08001f9a   0x00000002   PAD
    0x08001f9c   0x08001f9c   0x00000056   Code   RO          558    .text.DMA_CalcBaseAndBitshift  lto-llvm-2bea72.o
    0x08001ff2   0x08001ff2   0x00000002   PAD
    0x08001ff4   0x08001ff4   0x000000e4   Code   RO          556    .text.DMA_CheckFifoParam  lto-llvm-2bea72.o
    0x080020d8   0x080020d8   0x00000050   Code   RO          560    .text.DMA_SetConfig  lto-llvm-2bea72.o
    0x08002128   0x08002128   0x00000002   Code   RO          526    .text.DebugMon_Handler  lto-llvm-2bea72.o
    0x0800212a   0x0800212a   0x00000002   PAD
    0x0800212c   0x0800212c   0x0000000e   Code   RO          462    .text.Error_Handler  lto-llvm-2bea72.o
    0x0800213a   0x0800213a   0x00000002   PAD
    0x0800213c   0x0800213c   0x0000001a   Code   RO          362    .text.FLIGHT_Task   lto-llvm-2bea72.o
    0x08002156   0x08002156   0x00000002   PAD
    0x08002158   0x08002158   0x000002cc   Code   RO          552    .text.HAL_ADC_ConfigChannel  lto-llvm-2bea72.o
    0x08002424   0x08002424   0x00000016   Code   RO          550    .text.HAL_ADC_GetValue  lto-llvm-2bea72.o
    0x0800243a   0x0800243a   0x00000002   PAD
    0x0800243c   0x0800243c   0x00000396   Code   RO          544    .text.HAL_ADC_Init  lto-llvm-2bea72.o
    0x080027d2   0x080027d2   0x00000002   PAD
    0x080027d4   0x080027d4   0x00000086   Code   RO          490    .text.HAL_ADC_MspInit  lto-llvm-2bea72.o
    0x0800285a   0x0800285a   0x00000002   PAD
    0x0800285c   0x0800285c   0x000001de   Code   RO          548    .text.HAL_ADC_Start  lto-llvm-2bea72.o
    0x08002a3a   0x08002a3a   0x00000002   PAD
    0x08002a3c   0x08002a3c   0x000000ea   Code   RO          564    .text.HAL_DMA_Abort  lto-llvm-2bea72.o
    0x08002b26   0x08002b26   0x00000002   PAD
    0x08002b28   0x08002b28   0x00000044   Code   RO          566    .text.HAL_DMA_Abort_IT  lto-llvm-2bea72.o
    0x08002b6c   0x08002b6c   0x0000032c   Code   RO          568    .text.HAL_DMA_IRQHandler  lto-llvm-2bea72.o
    0x08002e98   0x08002e98   0x0000053e   Code   RO          554    .text.HAL_DMA_Init  lto-llvm-2bea72.o
    0x080033d6   0x080033d6   0x00000002   PAD
    0x080033d8   0x080033d8   0x000000e2   Code   RO          562    .text.HAL_DMA_Start_IT  lto-llvm-2bea72.o
    0x080034ba   0x080034ba   0x00000002   PAD
    0x080034bc   0x080034bc   0x00000038   Code   RO          542    .text.HAL_Delay     lto-llvm-2bea72.o
    0x080034f4   0x080034f4   0x00000614   Code   RO          570    .text.HAL_GPIO_Init  lto-llvm-2bea72.o
    0x08003b08   0x08003b08   0x0000000c   Code   RO          540    .text.HAL_GetTick   lto-llvm-2bea72.o
    0x08003b14   0x08003b14   0x000003f8   Code   RO          572    .text.HAL_I2C_Init  lto-llvm-2bea72.o
    0x08003f0c   0x08003f0c   0x00000416   Code   RO          588    .text.HAL_I2C_Master_Receive  lto-llvm-2bea72.o
    0x08004322   0x08004322   0x00000002   PAD
    0x08004324   0x08004324   0x0000020e   Code   RO          574    .text.HAL_I2C_Master_Transmit  lto-llvm-2bea72.o
    0x08004532   0x08004532   0x00000002   PAD
    0x08004534   0x08004534   0x00000450   Code   RO          598    .text.HAL_I2C_Mem_Read  lto-llvm-2bea72.o
    0x08004984   0x08004984   0x00000238   Code   RO          594    .text.HAL_I2C_Mem_Write  lto-llvm-2bea72.o
    0x08004bbc   0x08004bbc   0x00000092   Code   RO          498    .text.HAL_I2C_MspInit  lto-llvm-2bea72.o
    0x08004c4e   0x08004c4e   0x00000002   PAD
    0x08004c50   0x08004c50   0x00000010   Code   RO          538    .text.HAL_IncTick   lto-llvm-2bea72.o
    0x08004c60   0x08004c60   0x00000032   Code   RO          534    .text.HAL_Init      lto-llvm-2bea72.o
    0x08004c92   0x08004c92   0x00000002   PAD
    0x08004c94   0x08004c94   0x00000062   Code   RO          536    .text.HAL_InitTick  lto-llvm-2bea72.o
    0x08004cf6   0x08004cf6   0x00000002   PAD
    0x08004cf8   0x08004cf8   0x00000050   Code   RO          530    .text.HAL_MspInit   lto-llvm-2bea72.o
    0x08004d48   0x08004d48   0x00000030   Code   RO          734    .text.HAL_NVIC_EnableIRQ  lto-llvm-2bea72.o
    0x08004d78   0x08004d78   0x00000064   Code   RO          726    .text.HAL_NVIC_SetPriority  lto-llvm-2bea72.o
    0x08004ddc   0x08004ddc   0x0000004c   Code   RO          722    .text.HAL_NVIC_SetPriorityGrouping  lto-llvm-2bea72.o
    0x08004e28   0x08004e28   0x0000041c   Code   RO          604    .text.HAL_RCC_ClockConfig  lto-llvm-2bea72.o
    0x08005244   0x08005244   0x0000000c   Code   RO          608    .text.HAL_RCC_GetHCLKFreq  lto-llvm-2bea72.o
    0x08005250   0x08005250   0x00000022   Code   RO          610    .text.HAL_RCC_GetPCLK1Freq  lto-llvm-2bea72.o
    0x08005272   0x08005272   0x00000002   PAD
    0x08005274   0x08005274   0x00000022   Code   RO          612    .text.HAL_RCC_GetPCLK2Freq  lto-llvm-2bea72.o
    0x08005296   0x08005296   0x00000002   PAD
    0x08005298   0x08005298   0x000000de   Code   RO          606    .text.HAL_RCC_GetSysClockFreq  lto-llvm-2bea72.o
    0x08005376   0x08005376   0x00000002   PAD
    0x08005378   0x08005378   0x000008ae   Code   RO          602    .text.HAL_RCC_OscConfig  lto-llvm-2bea72.o
    0x08005c26   0x08005c26   0x00000002   PAD
    0x08005c28   0x08005c28   0x00000010   Code   RO          738    .text.HAL_SYSTICK_Config  lto-llvm-2bea72.o
    0x08005c38   0x08005c38   0x00000008   Code   RO          680    .text.HAL_TIMEx_BreakCallback  lto-llvm-2bea72.o
    0x08005c40   0x08005c40   0x00000008   Code   RO          676    .text.HAL_TIMEx_CommutCallback  lto-llvm-2bea72.o
    0x08005c48   0x08005c48   0x000001ee   Code   RO          678    .text.HAL_TIMEx_MasterConfigSynchronization  lto-llvm-2bea72.o
    0x08005e36   0x08005e36   0x00000002   PAD
    0x08005e38   0x08005e38   0x000001d6   Code   RO          614    .text.HAL_TIM_Base_Init  lto-llvm-2bea72.o
    0x0800600e   0x0800600e   0x00000002   PAD
    0x08006010   0x08006010   0x000001a2   Code   RO          508    .text.HAL_TIM_Base_MspInit  lto-llvm-2bea72.o
    0x080061b2   0x080061b2   0x00000002   PAD
    0x080061b4   0x080061b4   0x000007be   Code   RO          666    .text.HAL_TIM_ConfigClockSource  lto-llvm-2bea72.o
    0x08006972   0x08006972   0x00000002   PAD
    0x08006974   0x08006974   0x00000008   Code   RO          636    .text.HAL_TIM_IC_CaptureCallback  lto-llvm-2bea72.o
    0x0800697c   0x0800697c   0x000003ca   Code   RO          652    .text.HAL_TIM_IC_ConfigChannel  lto-llvm-2bea72.o
    0x08006d46   0x08006d46   0x00000002   PAD
    0x08006d48   0x08006d48   0x000001d6   Code   RO          630    .text.HAL_TIM_IC_Init  lto-llvm-2bea72.o
    0x08006f1e   0x08006f1e   0x00000002   PAD
    0x08006f20   0x08006f20   0x00000008   Code   RO          632    .text.HAL_TIM_IC_MspInit  lto-llvm-2bea72.o
    0x08006f28   0x08006f28   0x00000398   Code   RO          634    .text.HAL_TIM_IC_Start_IT  lto-llvm-2bea72.o
    0x080072c0   0x080072c0   0x0000027a   Code   RO          638    .text.HAL_TIM_IRQHandler  lto-llvm-2bea72.o
    0x0800753a   0x0800753a   0x00000002   PAD
    0x0800753c   0x0800753c   0x000000ae   Code   RO          506    .text.HAL_TIM_MspPostInit  lto-llvm-2bea72.o
    0x080075ea   0x080075ea   0x00000002   PAD
    0x080075ec   0x080075ec   0x00000008   Code   RO          640    .text.HAL_TIM_OC_DelayElapsedCallback  lto-llvm-2bea72.o
    0x080075f4   0x080075f4   0x000003e0   Code   RO          662    .text.HAL_TIM_PWM_ConfigChannel  lto-llvm-2bea72.o
    0x080079d4   0x080079d4   0x000001de   Code   RO          624    .text.HAL_TIM_PWM_Init  lto-llvm-2bea72.o
    0x08007bb2   0x08007bb2   0x00000002   PAD
    0x08007bb4   0x08007bb4   0x00000008   Code   RO          626    .text.HAL_TIM_PWM_MspInit  lto-llvm-2bea72.o
    0x08007bbc   0x08007bbc   0x00000008   Code   RO          622    .text.HAL_TIM_PWM_PulseFinishedCallback  lto-llvm-2bea72.o
    0x08007bc4   0x08007bc4   0x000002c0   Code   RO          628    .text.HAL_TIM_PWM_Start  lto-llvm-2bea72.o
    0x08007e84   0x08007e84   0x00000008   Code   RO          618    .text.HAL_TIM_PeriodElapsedCallback  lto-llvm-2bea72.o
    0x08007e8c   0x08007e8c   0x00000242   Code   RO          674    .text.HAL_TIM_ReadCapturedValue  lto-llvm-2bea72.o
    0x080080ce   0x080080ce   0x00000002   PAD
    0x080080d0   0x080080d0   0x00000008   Code   RO          642    .text.HAL_TIM_TriggerCallback  lto-llvm-2bea72.o
    0x080080d8   0x080080d8   0x0000000c   Code   RO          708    .text.HAL_UARTEx_RxEventCallback  lto-llvm-2bea72.o
    0x080080e4   0x080080e4   0x00000008   Code   RO          702    .text.HAL_UART_ErrorCallback  lto-llvm-2bea72.o
    0x080080ec   0x080080ec   0x00000426   Code   RO          712    .text.HAL_UART_IRQHandler  lto-llvm-2bea72.o
    0x08008512   0x08008512   0x00000002   PAD
    0x08008514   0x08008514   0x000001c8   Code   RO          682    .text.HAL_UART_Init  lto-llvm-2bea72.o
    0x080086dc   0x080086dc   0x000000ee   Code   RO          512    .text.HAL_UART_MspInit  lto-llvm-2bea72.o
    0x080087ca   0x080087ca   0x00000002   PAD
    0x080087cc   0x080087cc   0x00000008   Code   RO          710    .text.HAL_UART_RxCpltCallback  lto-llvm-2bea72.o
    0x080087d4   0x080087d4   0x00000146   Code   RO          686    .text.HAL_UART_Transmit  lto-llvm-2bea72.o
    0x0800891a   0x0800891a   0x00000002   PAD
    0x0800891c   0x0800891c   0x0000011c   Code   RO          690    .text.HAL_UART_Transmit_DMA  lto-llvm-2bea72.o
    0x08008a38   0x08008a38   0x00000008   Code   RO          706    .text.HAL_UART_TxCpltCallback  lto-llvm-2bea72.o
    0x08008a40   0x08008a40   0x00000008   Code   RO          704    .text.HAL_UART_TxHalfCpltCallback  lto-llvm-2bea72.o
    0x08008a48   0x08008a48   0x0000037c   Code   RO          456    .text.HMC_Calibration  lto-llvm-2bea72.o
    0x08008dc4   0x08008dc4   0x00000048   Code   RO          454    .text.HMC_ReadMagRaw  lto-llvm-2bea72.o
    0x08008e0c   0x08008e0c   0x00000004   Code   RO          516    .text.HardFault_Handler  lto-llvm-2bea72.o
    0x08008e10   0x08008e10   0x00000064   Code   RO          584    .text.I2C_IsAcknowledgeFailed  lto-llvm-2bea72.o
    0x08008e74   0x08008e74   0x000001a6   Code   RO          590    .text.I2C_MasterRequestRead  lto-llvm-2bea72.o
    0x0800901a   0x0800901a   0x00000002   PAD
    0x0800901c   0x0800901c   0x00000110   Code   RO          578    .text.I2C_MasterRequestWrite  lto-llvm-2bea72.o
    0x0800912c   0x0800912c   0x000001de   Code   RO          600    .text.I2C_RequestMemoryRead  lto-llvm-2bea72.o
    0x0800930a   0x0800930a   0x00000002   PAD
    0x0800930c   0x0800930c   0x00000138   Code   RO          596    .text.I2C_RequestMemoryWrite  lto-llvm-2bea72.o
    0x08009444   0x08009444   0x00000096   Code   RO          582    .text.I2C_WaitOnBTFFlagUntilTimeout  lto-llvm-2bea72.o
    0x080094da   0x080094da   0x00000002   PAD
    0x080094dc   0x080094dc   0x000000b8   Code   RO          576    .text.I2C_WaitOnFlagUntilTimeout  lto-llvm-2bea72.o
    0x08009594   0x08009594   0x0000010a   Code   RO          586    .text.I2C_WaitOnMasterAddressFlagUntilTimeout  lto-llvm-2bea72.o
    0x0800969e   0x0800969e   0x00000002   PAD
    0x080096a0   0x080096a0   0x000000c6   Code   RO          592    .text.I2C_WaitOnRXNEFlagUntilTimeout  lto-llvm-2bea72.o
    0x08009766   0x08009766   0x00000002   PAD
    0x08009768   0x08009768   0x00000094   Code   RO          580    .text.I2C_WaitOnTXEFlagUntilTimeout  lto-llvm-2bea72.o
    0x080097fc   0x080097fc   0x00000086   Code   RO          402    .text.MOTOR_Control  lto-llvm-2bea72.o
    0x08009882   0x08009882   0x00000002   PAD
    0x08009884   0x08009884   0x0000001c   Code   RO          398    .text.MOTOR_Init    lto-llvm-2bea72.o
    0x080098a0   0x080098a0   0x00000018   Code   RO          404    .text.MOTOR_Locked  lto-llvm-2bea72.o
    0x080098b8   0x080098b8   0x000000f6   Code   RO          400    .text.MOTOR_Set     lto-llvm-2bea72.o
    0x080099ae   0x080099ae   0x00000002   PAD
    0x080099b0   0x080099b0   0x000003ba   Code   RO          442    .text.MPU_Calibrate  lto-llvm-2bea72.o
    0x08009d6a   0x08009d6a   0x00000002   PAD
    0x08009d6c   0x08009d6c   0x0000005e   Code   RO          418    .text.MPU_Connect   lto-llvm-2bea72.o
    0x08009dca   0x08009dca   0x00000002   PAD
    0x08009dcc   0x08009dcc   0x000000b4   Code   RO          420    .text.MPU_Init      lto-llvm-2bea72.o
    0x08009e80   0x08009e80   0x00000050   Code   RO          450    .text.MPU_ReadAccelRaw  lto-llvm-2bea72.o
    0x08009ed0   0x08009ed0   0x00000050   Code   RO          452    .text.MPU_ReadGyroRaw  lto-llvm-2bea72.o
    0x08009f20   0x08009f20   0x0000050c   Code   RO          440    .text.MPU_SelfTest  lto-llvm-2bea72.o
    0x0800a42c   0x0800a42c   0x000001f0   Code   RO          436    .text.MS_CalculatePressure  lto-llvm-2bea72.o
    0x0800a61c   0x0800a61c   0x00000110   Code   RO          428    .text.MS_CheckCRC   lto-llvm-2bea72.o
    0x0800a72c   0x0800a72c   0x000000a0   Code   RO          422    .text.MS_Init       lto-llvm-2bea72.o
    0x0800a7cc   0x0800a7cc   0x0000002c   Code   RO          434    .text.MS_ReadADC    lto-llvm-2bea72.o
    0x0800a7f8   0x0800a7f8   0x00000062   Code   RO          426    .text.MS_ReadPROM   lto-llvm-2bea72.o
    0x0800a85a   0x0800a85a   0x00000002   PAD
    0x0800a85c   0x0800a85c   0x00000098   Code   RO          430    .text.MS_ReadPressure  lto-llvm-2bea72.o
    0x0800a8f4   0x0800a8f4   0x00000014   Code   RO          432    .text.MS_WriteCMD   lto-llvm-2bea72.o
    0x0800a908   0x0800a908   0x00000070   Code   RO          488    .text.MX_ADC1_Init  lto-llvm-2bea72.o
    0x0800a978   0x0800a978   0x00000038   Code   RO          492    .text.MX_DMA_Init   lto-llvm-2bea72.o
    0x0800a9b0   0x0800a9b0   0x0000006c   Code   RO          494    .text.MX_GPIO_Init  lto-llvm-2bea72.o
    0x0800aa1c   0x0800aa1c   0x00000040   Code   RO          496    .text.MX_I2C1_Init  lto-llvm-2bea72.o
    0x0800aa5c   0x0800aa5c   0x00000108   Code   RO          500    .text.MX_TIM1_Init  lto-llvm-2bea72.o
    0x0800ab64   0x0800ab64   0x000000ec   Code   RO          502    .text.MX_TIM2_Init  lto-llvm-2bea72.o
    0x0800ac50   0x0800ac50   0x000000ec   Code   RO          504    .text.MX_TIM3_Init  lto-llvm-2bea72.o
    0x0800ad3c   0x0800ad3c   0x00000038   Code   RO          510    .text.MX_USART2_UART_Init  lto-llvm-2bea72.o
    0x0800ad74   0x0800ad74   0x00000e54   Code   RO          470    .text.MadgwickAHRSupdate  lto-llvm-2bea72.o
    0x0800bbc8   0x0800bbc8   0x00000688   Code   RO          474    .text.MadgwickAHRSupdateIMU  lto-llvm-2bea72.o
    0x0800c250   0x0800c250   0x00000004   Code   RO          518    .text.MemManage_Handler  lto-llvm-2bea72.o
    0x0800c254   0x0800c254   0x00000004   Code   RO          514    .text.NMI_Handler   lto-llvm-2bea72.o
    0x0800c258   0x0800c258   0x00000062   Code   RO          730    .text.NVIC_EncodePriority  lto-llvm-2bea72.o
    0x0800c2ba   0x0800c2ba   0x00000002   PAD
    0x0800c2bc   0x0800c2bc   0x00000240   Code   RO          782    .text.OSDebugInit   lto-llvm-2bea72.o
    0x0800c4fc   0x0800c4fc   0x0000007e   Code   RO          784    .text.OSEventNameSet  lto-llvm-2bea72.o
    0x0800c57a   0x0800c57a   0x00000002   PAD
    0x0800c57c   0x0800c57c   0x00000038   Code   RO          792    .text.OSInit        lto-llvm-2bea72.o
    0x0800c5b4   0x0800c5b4   0x00000084   Code   RO          758    .text.OSInitHookBegin  lto-llvm-2bea72.o
    0x0800c638   0x0800c638   0x00000034   Code   RO          858    .text.OSIntEnter    lto-llvm-2bea72.o
    0x0800c66c   0x0800c66c   0x000000d2   Code   RO          860    .text.OSIntExit     lto-llvm-2bea72.o
    0x0800c73e   0x0800c73e   0x00000002   PAD
    0x0800c740   0x0800c740   0x00000064   Code   RO          832    .text.OSSchedLock   lto-llvm-2bea72.o
    0x0800c7a4   0x0800c7a4   0x00000092   Code   RO          838    .text.OSSchedUnlock  lto-llvm-2bea72.o
    0x0800c836   0x0800c836   0x00000002   PAD
    0x0800c838   0x0800c838   0x00000092   Code   RO          816    .text.OSSemCreate   lto-llvm-2bea72.o
    0x0800c8ca   0x0800c8ca   0x00000002   PAD
    0x0800c8cc   0x0800c8cc   0x00000144   Code   RO          830    .text.OSSemPend     lto-llvm-2bea72.o
    0x0800ca10   0x0800ca10   0x0000009c   Code   RO          874    .text.OSSemPost     lto-llvm-2bea72.o
    0x0800caac   0x0800caac   0x00000054   Code   RO          862    .text.OSStart       lto-llvm-2bea72.o
    0x0800cb00   0x0800cb00   0x00000070   Code   RO          864    .text.OSStatInit    lto-llvm-2bea72.o
    0x0800cb70   0x0800cb70   0x00000010   Code   RO          776    .text.OSTCBInitHook  lto-llvm-2bea72.o
    0x0800cb80   0x0800cb80   0x0000012a   Code   RO          876    .text.OSTaskCreate  lto-llvm-2bea72.o
    0x0800ccaa   0x0800ccaa   0x00000002   PAD
    0x0800ccac   0x0800ccac   0x00000146   Code   RO          822    .text.OSTaskCreateExt  lto-llvm-2bea72.o
    0x0800cdf2   0x0800cdf2   0x00000002   PAD
    0x0800cdf4   0x0800cdf4   0x00000010   Code   RO          762    .text.OSTaskCreateHook  lto-llvm-2bea72.o
    0x0800ce04   0x0800ce04   0x00000242   Code   RO          878    .text.OSTaskDel     lto-llvm-2bea72.o
    0x0800d046   0x0800d046   0x00000002   PAD
    0x0800d048   0x0800d048   0x00000010   Code   RO          764    .text.OSTaskDelHook  lto-llvm-2bea72.o
    0x0800d058   0x0800d058   0x00000008   Code   RO          766    .text.OSTaskIdleHook  lto-llvm-2bea72.o
    0x0800d060   0x0800d060   0x000000dc   Code   RO          824    .text.OSTaskNameSet  lto-llvm-2bea72.o
    0x0800d13c   0x0800d13c   0x00000010   Code   RO          768    .text.OSTaskReturnHook  lto-llvm-2bea72.o
    0x0800d14c   0x0800d14c   0x00000008   Code   RO          770    .text.OSTaskStatHook  lto-llvm-2bea72.o
    0x0800d154   0x0800d154   0x0000011e   Code   RO          854    .text.OSTaskStkChk  lto-llvm-2bea72.o
    0x0800d272   0x0800d272   0x00000002   PAD
    0x0800d274   0x0800d274   0x00000314   Code   RO          772    .text.OSTaskStkInit  lto-llvm-2bea72.o
    0x0800d588   0x0800d588   0x00000156   Code   RO          850    .text.OSTaskSuspend  lto-llvm-2bea72.o
    0x0800d6de   0x0800d6de   0x00000002   PAD
    0x0800d6e0   0x0800d6e0   0x00000028   Code   RO          774    .text.OSTaskSwHook  lto-llvm-2bea72.o
    0x0800d708   0x0800d708   0x000000b6   Code   RO          848    .text.OSTimeDly     lto-llvm-2bea72.o
    0x0800d7be   0x0800d7be   0x00000002   PAD
    0x0800d7c0   0x0800d7c0   0x0000011c   Code   RO          866    .text.OSTimeTick    lto-llvm-2bea72.o
    0x0800d8dc   0x0800d8dc   0x00000030   Code   RO          778    .text.OSTimeTickHook  lto-llvm-2bea72.o
    0x0800d90c   0x0800d90c   0x0000001a   Code   RO          882    .text.OSTmrSignal   lto-llvm-2bea72.o
    0x0800d926   0x0800d926   0x00000002   PAD
    0x0800d928   0x0800d928   0x0000011a   Code   RO          812    .text.OSTmr_Init    lto-llvm-2bea72.o
    0x0800da42   0x0800da42   0x00000002   PAD
    0x0800da44   0x0800da44   0x0000003e   Code   RO          818    .text.OSTmr_InitTask  lto-llvm-2bea72.o
    0x0800da82   0x0800da82   0x00000002   PAD
    0x0800da84   0x0800da84   0x000000e0   Code   RO          836    .text.OSTmr_Link    lto-llvm-2bea72.o
    0x0800db64   0x0800db64   0x000000ce   Code   RO          820    .text.OSTmr_Task    lto-llvm-2bea72.o
    0x0800dc32   0x0800dc32   0x00000002   PAD
    0x0800dc34   0x0800dc34   0x000000a2   Code   RO          834    .text.OSTmr_Unlink  lto-llvm-2bea72.o
    0x0800dcd6   0x0800dcd6   0x00000002   PAD
    0x0800dcd8   0x0800dcd8   0x000000e4   Code   RO          870    .text.OS_EventTaskRdy  lto-llvm-2bea72.o
    0x0800ddbc   0x0800ddbc   0x00000050   Code   RO          842    .text.OS_EventTaskRemove  lto-llvm-2bea72.o
    0x0800de0c   0x0800de0c   0x0000007a   Code   RO          788    .text.OS_EventTaskRemoveMulti  lto-llvm-2bea72.o
    0x0800de86   0x0800de86   0x00000002   PAD
    0x0800de88   0x0800de88   0x00000086   Code   RO          840    .text.OS_EventTaskWait  lto-llvm-2bea72.o
    0x0800df0e   0x0800df0e   0x00000002   PAD
    0x0800df10   0x0800df10   0x00000038   Code   RO          844    .text.OS_EventWaitListInit  lto-llvm-2bea72.o
    0x0800df48   0x0800df48   0x0000009c   Code   RO          802    .text.OS_FlagInit   lto-llvm-2bea72.o
    0x0800dfe4   0x0800dfe4   0x00000058   Code   RO          872    .text.OS_FlagUnlink  lto-llvm-2bea72.o
    0x0800e03c   0x0800e03c   0x000000b2   Code   RO          800    .text.OS_InitEventList  lto-llvm-2bea72.o
    0x0800e0ee   0x0800e0ee   0x00000002   PAD
    0x0800e0f0   0x0800e0f0   0x00000068   Code   RO          794    .text.OS_InitMisc   lto-llvm-2bea72.o
    0x0800e158   0x0800e158   0x0000006a   Code   RO          796    .text.OS_InitRdyList  lto-llvm-2bea72.o
    0x0800e1c2   0x0800e1c2   0x00000002   PAD
    0x0800e1c4   0x0800e1c4   0x000000bc   Code   RO          798    .text.OS_InitTCBList  lto-llvm-2bea72.o
    0x0800e280   0x0800e280   0x0000003e   Code   RO          808    .text.OS_InitTaskIdle  lto-llvm-2bea72.o
    0x0800e2be   0x0800e2be   0x00000002   PAD
    0x0800e2c0   0x0800e2c0   0x0000003e   Code   RO          810    .text.OS_InitTaskStat  lto-llvm-2bea72.o
    0x0800e2fe   0x0800e2fe   0x00000002   PAD
    0x0800e300   0x0800e300   0x0000002c   Code   RO          814    .text.OS_MemClr     lto-llvm-2bea72.o
    0x0800e32c   0x0800e32c   0x00000092   Code   RO          804    .text.OS_MemInit    lto-llvm-2bea72.o
    0x0800e3be   0x0800e3be   0x00000002   PAD
    0x0800e3c0   0x0800e3c0   0x00000086   Code   RO          806    .text.OS_QInit      lto-llvm-2bea72.o
    0x0800e446   0x0800e446   0x00000002   PAD
    0x0800e448   0x0800e448   0x0000009c   Code   RO          786    .text.OS_Sched      lto-llvm-2bea72.o
    0x0800e4e4   0x0800e4e4   0x0000003c   Code   RO          790    .text.OS_SchedNew   lto-llvm-2bea72.o
    0x0800e520   0x0800e520   0x0000021a   Code   RO          828    .text.OS_TCBInit    lto-llvm-2bea72.o
    0x0800e73a   0x0800e73a   0x00000002   PAD
    0x0800e73c   0x0800e73c   0x00000034   Code   RO          856    .text.OS_TaskIdle   lto-llvm-2bea72.o
    0x0800e770   0x0800e770   0x00000018   Code   RO          880    .text.OS_TaskReturn  lto-llvm-2bea72.o
    0x0800e788   0x0800e788   0x0000014e   Code   RO          846    .text.OS_TaskStat   lto-llvm-2bea72.o
    0x0800e8d6   0x0800e8d6   0x00000002   PAD
    0x0800e8d8   0x0800e8d8   0x00000076   Code   RO          852    .text.OS_TaskStatStkChk  lto-llvm-2bea72.o
    0x0800e94e   0x0800e94e   0x00000002   PAD
    0x0800e950   0x0800e950   0x00000042   Code   RO          826    .text.OS_TaskStkClr  lto-llvm-2bea72.o
    0x0800e992   0x0800e992   0x00000002   PAD
    0x0800e994   0x0800e994   0x000000bc   Code   RO          478    .text.PID_Calculate  lto-llvm-2bea72.o
    0x0800ea50   0x0800ea50   0x00000058   Code   RO          476    .text.PID_Init      lto-llvm-2bea72.o
    0x0800eaa8   0x0800eaa8   0x00000174   Code   RO          480    .text.PID_Upadte    lto-llvm-2bea72.o
    0x0800ec1c   0x0800ec1c   0x00000030   Code   RO          482    .text.PWM_TO_ANGLE  lto-llvm-2bea72.o
    0x0800ec4c   0x0800ec4c   0x00000100   Code   RO          472    .text.QToEuler      lto-llvm-2bea72.o
    0x0800ed4c   0x0800ed4c   0x00000060   Code   RO          406    .text.REMOTE_Init   lto-llvm-2bea72.o
    0x0800edac   0x0800edac   0x00000054   Code   RO          416    .text.SENSOR_Init   lto-llvm-2bea72.o
    0x0800ee00   0x0800ee00   0x00000038   Code   RO          438    .text.SENSOR_ReadBytes  lto-llvm-2bea72.o
    0x0800ee38   0x0800ee38   0x0000003e   Code   RO          446    .text.SENSOR_RegReadBytes  lto-llvm-2bea72.o
    0x0800ee76   0x0800ee76   0x00000002   PAD
    0x0800ee78   0x0800ee78   0x00000038   Code   RO          444    .text.SENSOR_RegWriteByte  lto-llvm-2bea72.o
    0x0800eeb0   0x0800eeb0   0x000001f4   Code   RO          448    .text.SENSOR_Update  lto-llvm-2bea72.o
    0x0800f0a4   0x0800f0a4   0x00000034   Code   RO          424    .text.SENSOR_WriteByte  lto-llvm-2bea72.o
    0x0800f0d8   0x0800f0d8   0x00000070   Code   RO          358    .text.START_Task    lto-llvm-2bea72.o
    0x0800f148   0x0800f148   0x00000002   Code   RO          524    .text.SVC_Handler   lto-llvm-2bea72.o
    0x0800f14a   0x0800f14a   0x00000002   PAD
    0x0800f14c   0x0800f14c   0x0000004c   Code   RO          458    .text.SYS_Init      lto-llvm-2bea72.o
    0x0800f198   0x0800f198   0x00000052   Code   RO          740    .text.SysTick_Config  lto-llvm-2bea72.o
    0x0800f1ea   0x0800f1ea   0x00000002   PAD
    0x0800f1ec   0x0800f1ec   0x0000002a   Code   RO          780    .text.SysTick_Handler  lto-llvm-2bea72.o
    0x0800f216   0x0800f216   0x00000002   PAD
    0x0800f218   0x0800f218   0x000000b2   Code   RO          460    .text.SystemClock_Config  lto-llvm-2bea72.o
    0x0800f2ca   0x0800f2ca   0x00000002   PAD
    0x0800f2cc   0x0800f2cc   0x00000012   Code   RO          532    .text.SystemInit    lto-llvm-2bea72.o
    0x0800f2de   0x0800f2de   0x00000002   PAD
    0x0800f2e0   0x0800f2e0   0x000000d8   Code   RO          408    .text.TIM1_CC_IRQHandler  lto-llvm-2bea72.o
    0x0800f3b8   0x0800f3b8   0x00000080   Code   RO          412    .text.TIM1_UP_TIM10_IRQHandler  lto-llvm-2bea72.o
    0x0800f438   0x0800f438   0x00000188   Code   RO          414    .text.TIM2_IRQHandler  lto-llvm-2bea72.o
    0x0800f5c0   0x0800f5c0   0x0000013a   Code   RO          616    .text.TIM_Base_SetConfig  lto-llvm-2bea72.o
    0x0800f6fa   0x0800f6fa   0x00000002   PAD
    0x0800f6fc   0x0800f6fc   0x00000322   Code   RO          410    .text.TIM_CC_Handler  lto-llvm-2bea72.o
    0x0800fa1e   0x0800fa1e   0x00000002   PAD
    0x0800fa20   0x0800fa20   0x00000102   Code   RO          620    .text.TIM_CCxChannelCmd  lto-llvm-2bea72.o
    0x0800fb22   0x0800fb22   0x00000002   PAD
    0x0800fb24   0x0800fb24   0x00000034   Code   RO          664    .text.TIM_ETR_SetConfig  lto-llvm-2bea72.o
    0x0800fb58   0x0800fb58   0x0000002a   Code   RO          670    .text.TIM_ITRx_SetConfig  lto-llvm-2bea72.o
    0x0800fb82   0x0800fb82   0x00000002   PAD
    0x0800fb84   0x0800fb84   0x00000142   Code   RO          644    .text.TIM_OC1_SetConfig  lto-llvm-2bea72.o
    0x0800fcc6   0x0800fcc6   0x00000002   PAD
    0x0800fcc8   0x0800fcc8   0x0000014c   Code   RO          646    .text.TIM_OC2_SetConfig  lto-llvm-2bea72.o
    0x0800fe14   0x0800fe14   0x0000014a   Code   RO          648    .text.TIM_OC3_SetConfig  lto-llvm-2bea72.o
    0x0800ff5e   0x0800ff5e   0x00000002   PAD
    0x0800ff60   0x0800ff60   0x000000be   Code   RO          650    .text.TIM_OC4_SetConfig  lto-llvm-2bea72.o
    0x0801001e   0x0801001e   0x00000002   PAD
    0x08010020   0x08010020   0x00000050   Code   RO          668    .text.TIM_TI1_ConfigInputStage  lto-llvm-2bea72.o
    0x08010070   0x08010070   0x000000e0   Code   RO          654    .text.TIM_TI1_SetConfig  lto-llvm-2bea72.o
    0x08010150   0x08010150   0x00000052   Code   RO          672    .text.TIM_TI2_ConfigInputStage  lto-llvm-2bea72.o
    0x080101a2   0x080101a2   0x00000002   PAD
    0x080101a4   0x080101a4   0x0000006c   Code   RO          656    .text.TIM_TI2_SetConfig  lto-llvm-2bea72.o
    0x08010210   0x08010210   0x0000006a   Code   RO          658    .text.TIM_TI3_SetConfig  lto-llvm-2bea72.o
    0x0801027a   0x0801027a   0x00000002   PAD
    0x0801027c   0x0801027c   0x0000006c   Code   RO          660    .text.TIM_TI4_SetConfig  lto-llvm-2bea72.o
    0x080102e8   0x080102e8   0x00000020   Code   RO          716    .text.UART_DMAAbortOnError  lto-llvm-2bea72.o
    0x08010308   0x08010308   0x0000007c   Code   RO          696    .text.UART_DMAError  lto-llvm-2bea72.o
    0x08010384   0x08010384   0x0000007a   Code   RO          692    .text.UART_DMATransmitCplt  lto-llvm-2bea72.o
    0x080103fe   0x080103fe   0x00000002   PAD
    0x08010400   0x08010400   0x00000016   Code   RO          694    .text.UART_DMATxHalfCplt  lto-llvm-2bea72.o
    0x08010416   0x08010416   0x00000002   PAD
    0x08010418   0x08010418   0x00000094   Code   RO          700    .text.UART_EndRxTransfer  lto-llvm-2bea72.o
    0x080104ac   0x080104ac   0x00000024   Code   RO          720    .text.UART_EndTransmit_IT  lto-llvm-2bea72.o
    0x080104d0   0x080104d0   0x00000036   Code   RO          698    .text.UART_EndTxTransfer  lto-llvm-2bea72.o
    0x08010506   0x08010506   0x00000002   PAD
    0x08010508   0x08010508   0x00000160   Code   RO          714    .text.UART_Receive_IT  lto-llvm-2bea72.o
    0x08010668   0x08010668   0x000001d8   Code   RO          684    .text.UART_SetConfig  lto-llvm-2bea72.o
    0x08010840   0x08010840   0x00000090   Code   RO          718    .text.UART_Transmit_IT  lto-llvm-2bea72.o
    0x080108d0   0x080108d0   0x000000d2   Code   RO          688    .text.UART_WaitOnFlagUntilTimeout  lto-llvm-2bea72.o
    0x080109a2   0x080109a2   0x00000002   PAD
    0x080109a4   0x080109a4   0x00000096   Code   RO          396    .text.USART2_IRQHandler  lto-llvm-2bea72.o
    0x08010a3a   0x08010a3a   0x00000002   PAD
    0x08010a3c   0x08010a3c   0x00000004   Code   RO          522    .text.UsageFault_Handler  lto-llvm-2bea72.o
    0x08010a40   0x08010a40   0x00000032   Code   RO          736    .text.__NVIC_EnableIRQ  lto-llvm-2bea72.o
    0x08010a72   0x08010a72   0x00000002   PAD
    0x08010a74   0x08010a74   0x00000010   Code   RO          728    .text.__NVIC_GetPriorityGrouping  lto-llvm-2bea72.o
    0x08010a84   0x08010a84   0x00000042   Code   RO          732    .text.__NVIC_SetPriority  lto-llvm-2bea72.o
    0x08010ac6   0x08010ac6   0x00000002   PAD
    0x08010ac8   0x08010ac8   0x0000003c   Code   RO          724    .text.__NVIC_SetPriorityGrouping  lto-llvm-2bea72.o
    0x08010b04   0x08010b04   0x00000078   Code   RO          368    .text.ano_addcheck  lto-llvm-2bea72.o
    0x08010b7c   0x08010b7c   0x0000008e   Code   RO          388    .text.ano_check     lto-llvm-2bea72.o
    0x08010c0a   0x08010c0a   0x00000002   PAD
    0x08010c0c   0x08010c0c   0x0000001c   Code   RO          466    .text.assert_failed  lto-llvm-2bea72.o
    0x08010c28   0x08010c28   0x000001a0   Code   RO          484    .text.biquadFilterInit  lto-llvm-2bea72.o
    0x08010dc8   0x08010dc8   0x00000032   Code   RO          486    .text.biquadFilterInitLPF  lto-llvm-2bea72.o
    0x08010dfa   0x08010dfa   0x00000002   PAD
    0x08010dfc   0x08010dfc   0x0000001a   Code   RO          464    .text.fputc         lto-llvm-2bea72.o
    0x08010e16   0x08010e16   0x00000002   PAD
    0x08010e18   0x08010e18   0x00000016   Code   RO          356    .text.main          lto-llvm-2bea72.o
    0x08010e2e   0x08010e2e   0x00000002   PAD
    0x08010e30   0x08010e30   0x00000020   Code   RO          254    i.__0printf         mc_w.l(printfa.o)
    0x08010e50   0x08010e50   0x00000026   Code   RO          281    i.__ARM_fpclassifyf  m_wm.l(fpclassifyf.o)
    0x08010e76   0x08010e76   0x00000002   PAD
    0x08010e78   0x08010e78   0x000002ac   Code   RO          231    i.__hardfp_atan2f   m_wm.l(atan2f.o)
    0x08011124   0x08011124   0x00000664   Code   RO          237    i.__hardfp_powf     m_wm.l(powf.o)
    0x08011788   0x08011788   0x0000003a   Code   RO          244    i.__hardfp_sqrtf    m_wm.l(sqrtf.o)
    0x080117c2   0x080117c2   0x00000002   PAD
    0x080117c4   0x080117c4   0x00000014   Code   RO          283    i.__mathlib_flt_divzero  m_wm.l(funder.o)
    0x080117d8   0x080117d8   0x00000006   Code   RO          285    i.__mathlib_flt_infnan2  m_wm.l(funder.o)
    0x080117de   0x080117de   0x00000002   PAD
    0x080117e0   0x080117e0   0x00000010   Code   RO          286    i.__mathlib_flt_invalid  m_wm.l(funder.o)
    0x080117f0   0x080117f0   0x00000010   Code   RO          287    i.__mathlib_flt_overflow  m_wm.l(funder.o)
    0x08011800   0x08011800   0x00000010   Code   RO          289    i.__mathlib_flt_underflow  m_wm.l(funder.o)
    0x08011810   0x08011810   0x0000000e   Code   RO          911    i.__scatterload_copy  mc_w.l(handlers.o)
    0x0801181e   0x0801181e   0x00000002   Code   RO          912    i.__scatterload_null  mc_w.l(handlers.o)
    0x08011820   0x08011820   0x0000000e   Code   RO          913    i.__scatterload_zeroinit  mc_w.l(handlers.o)
    0x0801182e   0x0801182e   0x00000002   PAD
    0x08011830   0x08011830   0x0000000c   Code   RO          327    i.__set_errno       mc_w.l(errno.o)
    0x0801183c   0x0801183c   0x00000184   Code   RO          261    i._fp_digits        mc_w.l(printfa.o)
    0x080119c0   0x080119c0   0x000006dc   Code   RO          262    i._printf_core      mc_w.l(printfa.o)
    0x0801209c   0x0801209c   0x00000024   Code   RO          263    i._printf_post_padding  mc_w.l(printfa.o)
    0x080120c0   0x080120c0   0x0000002e   Code   RO          264    i._printf_pre_padding  mc_w.l(printfa.o)
    0x080120ee   0x080120ee   0x00000002   PAD
    0x080120f0   0x080120f0   0x00000804   Data   RO          208    .constdata          arm_cortexM4lf_math.lib(arm_common_tables.o)
    0x080128f4   0x080128f4   0x00000140   Data   RO          240    .constdata          m_wm.l(powf.o)
    0x08012a34   0x08012a34   0x000001b6   Data   RO          887    .rodata             lto-llvm-2bea72.o
    0x08012bea   0x08012bea   0x00000010   Data   RO          889    .rodata.cst16       lto-llvm-2bea72.o
    0x08012bfa   0x08012bfa   0x00000010   Data   RO          890    .rodata.cst8        lto-llvm-2bea72.o
    0x08012c0a   0x08012c0a   0x000003ae   Data   RO          886    .rodata.str1.1      lto-llvm-2bea72.o
    0x08012fb8   0x08012fb8   0x00000020   Data   RO          910    Region$$Table       anon$$obj.o


    Execution Region RW_IRAM1 (Exec base: 0x20000000, Load base: 0x08012fd8, Size: 0x00002d78, Max: 0x00018000, ABSOLUTE)

    Exec Addr    Load Addr    Size         Type   Attr      Idx    E Section Name        Object

    0x20000000   0x08012fd8   0x00000004   Data   RW          311    .data               mc_w.l(stdout.o)
    0x20000004   0x08012fdc   0x00000004   Data   RW          328    .data               mc_w.l(errno.o)
    0x20000008   0x08012fe0   0x00000068   Data   RW          888    .data               lto-llvm-2bea72.o
    0x20000070        -       0x00002904   Zero   RW          884    .bss                lto-llvm-2bea72.o
    0x20002974   0x08013048   0x00000004   PAD
    0x20002978        -       0x00000400   Zero   RW           18    STACK               startup_stm32f401xe.o


==============================================================================

Image component sizes


      Code (inc. data)   RO Data    RW Data    ZI Data      Debug   Object Name

     66306        206       1412        104      10500     126222   lto-llvm-2bea72.o
       308         34          0          0          0        308   os_cpu_a.o
        36          8        404          0       1024        816   startup_stm32f401xe.o

    ----------------------------------------------------------------------
     66864        248       1848        104      11528     127346   Object Totals
         0          0         32          0          0          0   (incl. Generated)
       214          0          0          0          4          0   (incl. Padding)

    ----------------------------------------------------------------------

      Code (inc. data)   RO Data    RW Data    ZI Data      Debug   Library Member Name

         0          0       2052          0          0       4704   arm_common_tables.o
       120         12          0          0          0      18614   arm_cos_f32.o
        56          0          0          0          0        643   arm_pid_init_f32.o
       148         18          0          0          0        814   arm_sin_f32.o
       684         90          0          0          0        208   atan2f.o
        38          0          0          0          0        116   fpclassifyf.o
        74         24          0          0          0        580   funder.o
      1636        110        320          0          0        372   powf.o
        58          0          0          0          0        136   sqrtf.o
         0          0          0          0          0          0   entry.o
         0          0          0          0          0          0   entry10a.o
         0          0          0          0          0          0   entry11a.o
         8          4          0          0          0          0   entry2.o
         4          0          0          0          0          0   entry5.o
         0          0          0          0          0          0   entry7b.o
         0          0          0          0          0          0   entry8b.o
         8          4          0          0          0          0   entry9a.o
        12          6          0          4          0         68   errno.o
        30          0          0          0          0          0   handlers.o
        36          8          0          0          0         68   init.o
         0          0          0          0          0          0   iusefp.o
        30          0          0          0          0         68   llshl.o
        36          0          0          0          0         68   llsshr.o
        32          0          0          0          0         68   llushr.o
        36          0          0          0          0         68   memcpya.o
        36          0          0          0          0        108   memseta.o
      2258         90          0          0          0        452   printfa.o
         0          0          0          4          0          0   stdout.o
        44          0          0          0          0         80   uidiv.o
        98          0          0          0          0         92   uldiv.o
        48          0          0          0          0         68   cdrcmple.o
       334          0          0          0          0        148   dadd.o
       222          0          0          0          0        100   ddiv.o
       186          0          0          0          0        176   depilogue.o
        62          0          0          0          0         80   dfixi.o
        48          0          0          0          0         68   dfixul.o
        34          0          0          0          0         76   dflti.o
       228          0          0          0          0         96   dmul.o
        38          0          0          0          0         68   f2d.o
         4          0          0          0          0         68   fpstat.o

    ----------------------------------------------------------------------
      6700        366       2372          8          0      28275   Library Totals
        14          0          0          0          0          0   (incl. Padding)

    ----------------------------------------------------------------------

      Code (inc. data)   RO Data    RW Data    ZI Data      Debug   Library Name

       324         30       2052          0          0      24775   arm_cortexM4lf_math.lib
      2490        224        320          0          0       1412   m_wm.l
      2668        112          0          8          0       1140   mc_w.l
      1204          0          0          0          0        948   mf_w.l

    ----------------------------------------------------------------------
      6700        366       2372          8          0      28275   Library Totals

    ----------------------------------------------------------------------

==============================================================================


      Code (inc. data)   RO Data    RW Data    ZI Data      Debug   

     73564        614       4220        112      11528     153785   Grand Totals
     73564        614       4220        112      11528     153785   ELF Image Totals
     73564        614       4220        112          0          0   ROM Totals

==============================================================================

    Total RO  Size (Code + RO Data)                77784 (  75.96kB)
    Total RW  Size (RW Data + ZI Data)             11640 (  11.37kB)
    Total ROM Size (Code + RO Data + RW Data)      77896 (  76.07kB)

==============================================================================

