Component: ARM Compiler 6.16 Tool: armlink [5dfeaa00]

==============================================================================

Section Cross References

    startup_stm32f401xe.o(RESET) refers to startup_stm32f401xe.o(STACK) for __initial_sp
    startup_stm32f401xe.o(RESET) refers to startup_stm32f401xe.o(.text) for Reset_Handler
    startup_stm32f401xe.o(RESET) refers to lto-llvm-a5b69f.o(.text.NMI_Handler) for NMI_Handler
    startup_stm32f401xe.o(RESET) refers to lto-llvm-a5b69f.o(.text.HardFault_Handler) for HardFault_Handler
    startup_stm32f401xe.o(RESET) refers to lto-llvm-a5b69f.o(.text.MemManage_Handler) for MemManage_Handler
    startup_stm32f401xe.o(RESET) refers to lto-llvm-a5b69f.o(.text.BusFault_Handler) for BusFault_Handler
    startup_stm32f401xe.o(RESET) refers to lto-llvm-a5b69f.o(.text.UsageFault_Handler) for UsageFault_Handler
    startup_stm32f401xe.o(RESET) refers to lto-llvm-a5b69f.o(.text.SVC_Handler) for SVC_Handler
    startup_stm32f401xe.o(RESET) refers to lto-llvm-a5b69f.o(.text.DebugMon_Handler) for DebugMon_Handler
    startup_stm32f401xe.o(RESET) refers to os_cpu_a.o(.text) for PendSV_Handler
    startup_stm32f401xe.o(RESET) refers to lto-llvm-a5b69f.o(.text.SysTick_Handler) for SysTick_Handler
    startup_stm32f401xe.o(RESET) refers to lto-llvm-a5b69f.o(.text.DMA1_Stream6_IRQHandler) for DMA1_Stream6_IRQHandler
    startup_stm32f401xe.o(RESET) refers to lto-llvm-a5b69f.o(.text.TIM1_UP_TIM10_IRQHandler) for TIM1_UP_TIM10_IRQHandler
    startup_stm32f401xe.o(RESET) refers to lto-llvm-a5b69f.o(.text.TIM1_CC_IRQHandler) for TIM1_CC_IRQHandler
    startup_stm32f401xe.o(RESET) refers to lto-llvm-a5b69f.o(.text.TIM2_IRQHandler) for TIM2_IRQHandler
    startup_stm32f401xe.o(RESET) refers to lto-llvm-a5b69f.o(.text.USART2_IRQHandler) for USART2_IRQHandler
    startup_stm32f401xe.o(.text) refers to lto-llvm-a5b69f.o(.text.SystemInit) for SystemInit
    startup_stm32f401xe.o(.text) refers to entry.o(.ARM.Collect$$$$00000000) for __main
    os_cpu_a.o(.text) refers to lto-llvm-a5b69f.o(.bss) for OS_KA_BASEPRI_Boundary
    os_cpu_a.o(.text) refers to lto-llvm-a5b69f.o(.text.OSTaskSwHook) for OSTaskSwHook
    arm_cos_f32.o(.text) refers to arm_common_tables.o(.constdata) for sinTable_f32
    arm_sin_f32.o(.text) refers to arm_common_tables.o(.constdata) for sinTable_f32
    asinf.o(i.__hardfp_asinf) refers (Special) to iusefp.o(.text) for __I$use$fp
    asinf.o(i.__hardfp_asinf) refers to sqrtf.o(i.sqrtf) for sqrtf
    asinf.o(i.__hardfp_asinf) refers to fpclassifyf.o(i.__ARM_fpclassifyf) for __ARM_fpclassifyf
    asinf.o(i.__hardfp_asinf) refers to funder.o(i.__mathlib_flt_underflow) for __mathlib_flt_underflow
    asinf.o(i.__hardfp_asinf) refers to funder.o(i.__mathlib_flt_infnan) for __mathlib_flt_infnan
    asinf.o(i.__hardfp_asinf) refers to errno.o(i.__set_errno) for __set_errno
    asinf.o(i.__hardfp_asinf) refers to funder.o(i.__mathlib_flt_invalid) for __mathlib_flt_invalid
    asinf.o(i.__softfp_asinf) refers (Special) to iusefp.o(.text) for __I$use$fp
    asinf.o(i.__softfp_asinf) refers to asinf.o(i.__hardfp_asinf) for __hardfp_asinf
    asinf.o(i.asinf) refers (Special) to iusefp.o(.text) for __I$use$fp
    asinf.o(i.asinf) refers to asinf.o(i.__hardfp_asinf) for __hardfp_asinf
    atan2f.o(i.__hardfp_atan2f) refers (Special) to iusefp.o(.text) for __I$use$fp
    atan2f.o(i.__hardfp_atan2f) refers to fpclassifyf.o(i.__ARM_fpclassifyf) for __ARM_fpclassifyf
    atan2f.o(i.__hardfp_atan2f) refers to funder.o(i.__mathlib_flt_underflow) for __mathlib_flt_underflow
    atan2f.o(i.__hardfp_atan2f) refers to errno.o(i.__set_errno) for __set_errno
    atan2f.o(i.__hardfp_atan2f) refers to funder.o(i.__mathlib_flt_infnan2) for __mathlib_flt_infnan2
    atan2f.o(i.__softfp_atan2f) refers (Special) to iusefp.o(.text) for __I$use$fp
    atan2f.o(i.__softfp_atan2f) refers to atan2f.o(i.__hardfp_atan2f) for __hardfp_atan2f
    atan2f.o(i.atan2f) refers (Special) to iusefp.o(.text) for __I$use$fp
    atan2f.o(i.atan2f) refers to atan2f.o(i.__hardfp_atan2f) for __hardfp_atan2f
    powf.o(i.__hardfp_powf) refers (Special) to iusefp.o(.text) for __I$use$fp
    powf.o(i.__hardfp_powf) refers to fpstat.o(.text) for __ieee_status
    powf.o(i.__hardfp_powf) refers to errno.o(i.__set_errno) for __set_errno
    powf.o(i.__hardfp_powf) refers to funder.o(i.__mathlib_flt_overflow) for __mathlib_flt_overflow
    powf.o(i.__hardfp_powf) refers to fpclassifyf.o(i.__ARM_fpclassifyf) for __ARM_fpclassifyf
    powf.o(i.__hardfp_powf) refers to funder.o(i.__mathlib_flt_underflow) for __mathlib_flt_underflow
    powf.o(i.__hardfp_powf) refers to funder.o(i.__mathlib_flt_invalid) for __mathlib_flt_invalid
    powf.o(i.__hardfp_powf) refers to powf.o(.constdata) for .constdata
    powf.o(i.__hardfp_powf) refers to funder.o(i.__mathlib_flt_infnan2) for __mathlib_flt_infnan2
    powf.o(i.__hardfp_powf) refers to funder.o(i.__mathlib_flt_divzero) for __mathlib_flt_divzero
[...]
    i._fp_digits                             0x08012ed4   Section        0  printfa.o(i._fp_digits)
    _printf_core                             0x08013059   Thumb Code  1744  printfa.o(i._printf_core)
    i._printf_core                           0x08013058   Section        0  printfa.o(i._printf_core)
    _printf_post_padding                     0x08013735   Thumb Code    36  printfa.o(i._printf_post_padding)
    i._printf_post_padding                   0x08013734   Section        0  printfa.o(i._printf_post_padding)
    _printf_pre_padding                      0x08013759   Thumb Code    46  printfa.o(i._printf_pre_padding)
    i._printf_pre_padding                    0x08013758   Section        0  printfa.o(i._printf_pre_padding)
    i.sqrtf                                  0x08013786   Section        0  sqrtf.o(i.sqrtf)
    .constdata                               0x080137c4   Section     2052  arm_common_tables.o(.constdata)
    table                                    0x08013fc8   Data         128  powf.o(.constdata)
    .constdata                               0x08013fc8   Section      320  powf.o(.constdata)
    powersof2to1over16top                    0x08014048   Data          64  powf.o(.constdata)
    powersof2to1over16bot                    0x08014088   Data          64  powf.o(.constdata)
    powersof2to1over16all                    0x080140c8   Data          64  powf.o(.constdata)
    TIM_CHANNEL                              0x08014108   Data          28  lto-llvm-a5b69f.o(.rodata)
    [Anonymous Symbol]                       0x08014108   Section        0  lto-llvm-a5b69f.o(.rodata)
    TIM_FLAG                                 0x08014124   Data          28  lto-llvm-a5b69f.o(.rodata)
    .L__const.HMC_Calibration.mag_max        0x08014140   Data           6  lto-llvm-a5b69f.o(.rodata)
    .L__const.HMC_Calibration.mag_min        0x08014146   Data           6  lto-llvm-a5b69f.o(.rodata)
    OSDebugEn                                0x0801414c   Data           2  lto-llvm-a5b69f.o(.rodata)
    OSEndiannessTest                         0x08014150   Data           4  lto-llvm-a5b69f.o(.rodata)
    OSEventEn                                0x08014154   Data           2  lto-llvm-a5b69f.o(.rodata)
    OSEventMax                               0x08014156   Data           2  lto-llvm-a5b69f.o(.rodata)
    OSEventNameEn                            0x08014158   Data           2  lto-llvm-a5b69f.o(.rodata)
    OSEventSize                              0x0801415a   Data           2  lto-llvm-a5b69f.o(.rodata)
    OSEventTblSize                           0x0801415c   Data           2  lto-llvm-a5b69f.o(.rodata)
    OSEventMultiEn                           0x0801415e   Data           2  lto-llvm-a5b69f.o(.rodata)
    OSFlagEn                                 0x08014160   Data           2  lto-llvm-a5b69f.o(.rodata)
    OSFlagGrpSize                            0x08014162   Data           2  lto-llvm-a5b69f.o(.rodata)
    OSFlagNodeSize                           0x08014164   Data           2  lto-llvm-a5b69f.o(.rodata)
    OSFlagWidth                              0x08014166   Data           2  lto-llvm-a5b69f.o(.rodata)
    OSFlagMax                                0x08014168   Data           2  lto-llvm-a5b69f.o(.rodata)
    OSFlagNameEn                             0x0801416a   Data           2  lto-llvm-a5b69f.o(.rodata)
    OSLowestPrio                             0x0801416c   Data           2  lto-llvm-a5b69f.o(.rodata)
    OSMboxEn                                 0x0801416e   Data           2  lto-llvm-a5b69f.o(.rodata)
    OSMemEn                                  0x08014170   Data           2  lto-llvm-a5b69f.o(.rodata)
    OSMemMax                                 0x08014172   Data           2  lto-llvm-a5b69f.o(.rodata)
    OSMemNameEn                              0x08014174   Data           2  lto-llvm-a5b69f.o(.rodata)
    OSMemSize                                0x08014176   Data           2  lto-llvm-a5b69f.o(.rodata)
    OSMemTblSize                             0x08014178   Data           2  lto-llvm-a5b69f.o(.rodata)
    OSMutexEn                                0x0801417a   Data           2  lto-llvm-a5b69f.o(.rodata)
    OSPtrSize                                0x0801417c   Data           2  lto-llvm-a5b69f.o(.rodata)
    OSQEn                                    0x0801417e   Data           2  lto-llvm-a5b69f.o(.rodata)
    OSQMax                                   0x08014180   Data           2  lto-llvm-a5b69f.o(.rodata)
    OSQSize                                  0x08014182   Data           2  lto-llvm-a5b69f.o(.rodata)
    OSRdyTblSize                             0x08014184   Data           2  lto-llvm-a5b69f.o(.rodata)
    OSSemEn                                  0x08014186   Data           2  lto-llvm-a5b69f.o(.rodata)
    OSStkWidth                               0x08014188   Data           2  lto-llvm-a5b69f.o(.rodata)
    OSTaskCreateEn                           0x0801418a   Data           2  lto-llvm-a5b69f.o(.rodata)
    OSTaskCreateExtEn                        0x0801418c   Data           2  lto-llvm-a5b69f.o(.rodata)
    OSTaskDelEn                              0x0801418e   Data           2  lto-llvm-a5b69f.o(.rodata)
    OSTaskIdleStkSize                        0x08014190   Data           2  lto-llvm-a5b69f.o(.rodata)
    OSTaskProfileEn                          0x08014192   Data           2  lto-llvm-a5b69f.o(.rodata)
    OSTaskMax                                0x08014194   Data           2  lto-llvm-a5b69f.o(.rodata)
    OSTaskNameEn                             0x08014196   Data           2  lto-llvm-a5b69f.o(.rodata)
    OSTaskStatEn                             0x08014198   Data           2  lto-llvm-a5b69f.o(.rodata)
    OSTaskStatStkSize                        0x0801419a   Data           2  lto-llvm-a5b69f.o(.rodata)
    OSTaskStatStkChkEn                       0x0801419c   Data           2  lto-llvm-a5b69f.o(.rodata)
    OSTaskSwHookEn                           0x0801419e   Data           2  lto-llvm-a5b69f.o(.rodata)
    OSTCBPrioTblMax                          0x080141a0   Data           2  lto-llvm-a5b69f.o(.rodata)
    OSTCBSize                                0x080141a2   Data           2  lto-llvm-a5b69f.o(.rodata)
    OSTicksPerSec                            0x080141a4   Data           2  lto-llvm-a5b69f.o(.rodata)
    OSTimeTickHookEn                         0x080141a6   Data           2  lto-llvm-a5b69f.o(.rodata)
    OSVersionNbr                             0x080141a8   Data           2  lto-llvm-a5b69f.o(.rodata)
    OSTmrEn                                  0x080141aa   Data           2  lto-llvm-a5b69f.o(.rodata)
    OSTmrCfgMax                              0x080141ac   Data           2  lto-llvm-a5b69f.o(.rodata)
    OSTmrCfgNameEn                           0x080141ae   Data           2  lto-llvm-a5b69f.o(.rodata)
    OSTmrCfgWheelSize                        0x080141b0   Data           2  lto-llvm-a5b69f.o(.rodata)
    OSTmrCfgTicksPerSec                      0x080141b2   Data           2  lto-llvm-a5b69f.o(.rodata)
    OSTmrSize                                0x080141b4   Data           2  lto-llvm-a5b69f.o(.rodata)
    OSTmrTblSize                             0x080141b6   Data           2  lto-llvm-a5b69f.o(.rodata)
    OSTmrWheelSize                           0x080141b8   Data           2  lto-llvm-a5b69f.o(.rodata)
    OSTmrWheelTblSize                        0x080141ba   Data           2  lto-llvm-a5b69f.o(.rodata)
    OSDataSize                               0x080141bc   Data           2  lto-llvm-a5b69f.o(.rodata)
    OSUnMapTbl                               0x080141be   Data         256  lto-llvm-a5b69f.o(.rodata)
    AHBPrescTable                            0x080142be   Data          16  lto-llvm-a5b69f.o(.rodata.cst16)
    [Anonymous Symbol]                       0x080142be   Section        0  lto-llvm-a5b69f.o(.rodata.cst16)
    APBPrescTable                            0x080142ce   Data           8  lto-llvm-a5b69f.o(.rodata.cst8)
    [Anonymous Symbol]                       0x080142ce   Section        0  lto-llvm-a5b69f.o(.rodata.cst8)
    DMA_CalcBaseAndBitshift.flagBitshiftOffset 0x080142d6   Data           8  lto-llvm-a5b69f.o(.rodata.cst8)
    .L.str.1.46                              0x080142de   Data          45  lto-llvm-a5b69f.o(.rodata.str1.1)
    [Anonymous Symbol]                       0x080142de   Section        0  lto-llvm-a5b69f.o(.rodata.str1.1)
    .L.str.14                                0x0801430b   Data          14  lto-llvm-a5b69f.o(.rodata.str1.1)
    .L.str.17                                0x08014319   Data          60  lto-llvm-a5b69f.o(.rodata.str1.1)
    .L.str.6                                 0x08014355   Data          44  lto-llvm-a5b69f.o(.rodata.str1.1)
    .L.str.11                                0x08014381   Data          20  lto-llvm-a5b69f.o(.rodata.str1.1)
    .L.str.12                                0x08014395   Data          20  lto-llvm-a5b69f.o(.rodata.str1.1)
    .L.str.7                                 0x080143a9   Data          20  lto-llvm-a5b69f.o(.rodata.str1.1)
    .L.str.1                                 0x080143bd   Data          18  lto-llvm-a5b69f.o(.rodata.str1.1)
    .L.str.2                                 0x080143cf   Data          40  lto-llvm-a5b69f.o(.rodata.str1.1)
    .L.str.10                                0x080143f7   Data          29  lto-llvm-a5b69f.o(.rodata.str1.1)
    .L.str.18                                0x08014414   Data          24  lto-llvm-a5b69f.o(.rodata.str1.1)
    .L.str.19                                0x0801442c   Data          24  lto-llvm-a5b69f.o(.rodata.str1.1)
    .L.str.20                                0x08014444   Data          24  lto-llvm-a5b69f.o(.rodata.str1.1)
    .L.str.23                                0x0801445c   Data          23  lto-llvm-a5b69f.o(.rodata.str1.1)
    .L.str.21                                0x08014473   Data          25  lto-llvm-a5b69f.o(.rodata.str1.1)
    .L.str.45                                0x0801448c   Data          19  lto-llvm-a5b69f.o(.rodata.str1.1)
    .L.str.24                                0x0801449f   Data           9  lto-llvm-a5b69f.o(.rodata.str1.1)
    .L.str.25                                0x080144a8   Data           9  lto-llvm-a5b69f.o(.rodata.str1.1)
    .L.str.15                                0x080144b1   Data          14  lto-llvm-a5b69f.o(.rodata.str1.1)
    .L.str.16                                0x080144bf   Data          16  lto-llvm-a5b69f.o(.rodata.str1.1)
    .L.str.26                                0x080144cf   Data          26  lto-llvm-a5b69f.o(.rodata.str1.1)
    .L.str.27                                0x080144e9   Data          25  lto-llvm-a5b69f.o(.rodata.str1.1)
    .L.str.22                                0x08014502   Data          22  lto-llvm-a5b69f.o(.rodata.str1.1)
    .L.str.13                                0x08014518   Data          14  lto-llvm-a5b69f.o(.rodata.str1.1)
    .L.str                                   0x08014526   Data          26  lto-llvm-a5b69f.o(.rodata.str1.1)
    .L.str.233                               0x08014540   Data           2  lto-llvm-a5b69f.o(.rodata.str1.1)
    .L.str.130                               0x08014542   Data          31  lto-llvm-a5b69f.o(.rodata.str1.1)
    .L.str.149                               0x08014561   Data          31  lto-llvm-a5b69f.o(.rodata.str1.1)
    .L.str.161                               0x08014580   Data          31  lto-llvm-a5b69f.o(.rodata.str1.1)
    .L.str.118                               0x0801459f   Data          31  lto-llvm-a5b69f.o(.rodata.str1.1)
    .L.str.171                               0x080145be   Data          31  lto-llvm-a5b69f.o(.rodata.str1.1)
    .L.str.142                               0x080145dd   Data          32  lto-llvm-a5b69f.o(.rodata.str1.1)
    .L.str.203                               0x080145fd   Data          32  lto-llvm-a5b69f.o(.rodata.str1.1)
    .L.str.190                               0x0801461d   Data          34  lto-llvm-a5b69f.o(.rodata.str1.1)
    .L.str.212                               0x0801463f   Data          34  lto-llvm-a5b69f.o(.rodata.str1.1)
    .L.str.3.242                             0x08014661   Data          14  lto-llvm-a5b69f.o(.rodata.str1.1)
    .L__const.ANO_Task.string                0x0801466f   Data          35  lto-llvm-a5b69f.o(.rodata.str1.1)
    .L.str.1.234                             0x08014692   Data          17  lto-llvm-a5b69f.o(.rodata.str1.1)
    .L.str.2.235                             0x080146a3   Data          19  lto-llvm-a5b69f.o(.rodata.str1.1)
    .L.str.5.238                             0x080146b6   Data          13  lto-llvm-a5b69f.o(.rodata.str1.1)
    .L.str.4.239                             0x080146c3   Data          14  lto-llvm-a5b69f.o(.rodata.str1.1)
    .data                                    0x20000000   Section        4  stdout.o(.data)
    _errno                                   0x20000004   Data           4  errno.o(.data)
    .data                                    0x20000004   Section        4  errno.o(.data)
    magScale                                 0x20000008   Data          12  lto-llvm-a5b69f.o(.data)
    [Anonymous Symbol]                       0x20000008   Section        0  lto-llvm-a5b69f.o(.data)
    beta                                     0x20000014   Data           4  lto-llvm-a5b69f.o(.data)
    q0                                       0x20000018   Data           4  lto-llvm-a5b69f.o(.data)
    PID_angle_roll                           0x2000001c   Data          80  lto-llvm-a5b69f.o(.data)
    PID_angle_pitch                          0x2000006c   Data          80  lto-llvm-a5b69f.o(.data)
    PID_rate_roll                            0x200000bc   Data          80  lto-llvm-a5b69f.o(.data)
    PID_rate_pitch                           0x2000010c   Data          80  lto-llvm-a5b69f.o(.data)
    PID_rate_yaw                             0x2000015c   Data          80  lto-llvm-a5b69f.o(.data)
    PID_speed_altitude                       0x200001ac   Data          80  lto-llvm-a5b69f.o(.data)
    SystemCoreClock                          0x200001fc   Data           4  lto-llvm-a5b69f.o(.data)
    uwTickPrio                               0x20000200   Data           4  lto-llvm-a5b69f.o(.data)
    P.0.0                                    0x20000204   Data           4  lto-llvm-a5b69f.o(.data)
    P.1.1                                    0x20000208   Data           4  lto-llvm-a5b69f.o(.data)
    START_TASK_STK                           0x20000210   Data         512  lto-llvm-a5b69f.o(.bss)
    [Anonymous Symbol]                       0x20000210   Section        0  lto-llvm-a5b69f.o(.bss)
    ANO_TASK_STK                             0x20000410   Data         512  lto-llvm-a5b69f.o(.bss)
    FLIGHT_TASK_STK                          0x20000610   Data        1024  lto-llvm-a5b69f.o(.bss)
    deltaTick                                0x20000a10   Data           4  lto-llvm-a5b69f.o(.bss)
    FLIGHT_Task.tickstart                    0x20000a14   Data           4  lto-llvm-a5b69f.o(.bss)
    ANO_Task.count                           0x20000a18   Data           1  lto-llvm-a5b69f.o(.bss)
    ANO_Task.data                            0x20000a19   Data         300  lto-llvm-a5b69f.o(.bss)
    ParamList                                0x20000b48   Data         800  lto-llvm-a5b69f.o(.bss)
    ANO_Send_Verification.data               0x20000e68   Data           9  lto-llvm-a5b69f.o(.bss)
    ANO_Send_Param.data                      0x20000e71   Data          12  lto-llvm-a5b69f.o(.bss)
    ANO_Receive_Prepare.state                0x20000e7d   Data           1  lto-llvm-a5b69f.o(.bss)
    ANO_Receive_Prepare.data                 0x20000e7e   Data          50  lto-llvm-a5b69f.o(.bss)
    ANO_Receive_Prepare.cnt                  0x20000eb0   Data           1  lto-llvm-a5b69f.o(.bss)
    gyroFilterLPF                            0x20000eb4   Data          84  lto-llvm-a5b69f.o(.bss)
    accelFilterLPF                           0x20000f08   Data          84  lto-llvm-a5b69f.o(.bss)
    MOTOR_Control.M1                         0x20000f5c   Data           2  lto-llvm-a5b69f.o(.bss)
    MOTOR_Control.M2                         0x20000f5e   Data           2  lto-llvm-a5b69f.o(.bss)
    MOTOR_Control.M3                         0x20000f60   Data           2  lto-llvm-a5b69f.o(.bss)
    MOTOR_Control.M4                         0x20000f62   Data           2  lto-llvm-a5b69f.o(.bss)
    ucount                                   0x20000f64   Data          28  lto-llvm-a5b69f.o(.bss)
    rvalue                                   0x20000f80   Data          28  lto-llvm-a5b69f.o(.bss)
    flymode                                  0x20000f9c   Data           1  lto-llvm-a5b69f.o(.bss)
    rstate                                   0x20000f9d   Data           7  lto-llvm-a5b69f.o(.bss)
    pvalue                                   0x20000fa4   Data          28  lto-llvm-a5b69f.o(.bss)
    accelBias                                0x20000fc0   Data          12  lto-llvm-a5b69f.o(.bss)
    gyroBias                                 0x20000fcc   Data          12  lto-llvm-a5b69f.o(.bss)
    msPROM                                   0x20000fd8   Data          16  lto-llvm-a5b69f.o(.bss)
    accel                                    0x20000fe8   Data          12  lto-llvm-a5b69f.o(.bss)
    gyro                                     0x20000ff4   Data          12  lto-llvm-a5b69f.o(.bss)
    temperature                              0x20001000   Data           4  lto-llvm-a5b69f.o(.bss)
    altitude                                 0x20001004   Data           4  lto-llvm-a5b69f.o(.bss)
    initialAltitude                          0x20001008   Data           4  lto-llvm-a5b69f.o(.bss)
    voltage                                  0x2000100c   Data           4  lto-llvm-a5b69f.o(.bss)
    magBias                                  0x20001010   Data          12  lto-llvm-a5b69f.o(.bss)
    MPU_ReadAllRaw.rawData                   0x2000101c   Data          14  lto-llvm-a5b69f.o(.bss)
    HMC_ReadMagRaw.rawData                   0x2000102a   Data           6  lto-llvm-a5b69f.o(.bss)
    MS_ReadADC.rawData                       0x20001030   Data           3  lto-llvm-a5b69f.o(.bss)
    MS_CalculateAltitude.state               0x20001033   Data           1  lto-llvm-a5b69f.o(.bss)
    MS_CalculateAltitude.D1                  0x20001034   Data           4  lto-llvm-a5b69f.o(.bss)
    MS_CalculateAltitude.pressurebuffer      0x20001038   Data          60  lto-llvm-a5b69f.o(.bss)
    MS_CalculateAltitude.P                   0x20001074   Data           4  lto-llvm-a5b69f.o(.bss)
    MS_CalculateAltitude.ALT                 0x20001078   Data           4  lto-llvm-a5b69f.o(.bss)
    SENSOR_Update.accelCount                 0x2000107c   Data           6  lto-llvm-a5b69f.o(.bss)
    SENSOR_Update.temp                       0x20001082   Data           2  lto-llvm-a5b69f.o(.bss)
    SENSOR_Update.gyroCount                  0x20001084   Data           6  lto-llvm-a5b69f.o(.bss)
    SENSOR_Update.temperaturebuffer          0x2000108c   Data          80  lto-llvm-a5b69f.o(.bss)
    SENSOR_Update.count                      0x200010dc   Data           2  lto-llvm-a5b69f.o(.bss)
    SENSOR_Update.vlotagebuffer              0x200010e0   Data          80  lto-llvm-a5b69f.o(.bss)
    q1                                       0x20001130   Data           4  lto-llvm-a5b69f.o(.bss)
    q2                                       0x20001134   Data           4  lto-llvm-a5b69f.o(.bss)
    q3                                       0x20001138   Data           4  lto-llvm-a5b69f.o(.bss)
    sampleFreq                               0x2000113c   Data           4  lto-llvm-a5b69f.o(.bss)
    attitude                                 0x20001140   Data          12  lto-llvm-a5b69f.o(.bss)
    rate_out                                 0x2000114c   Data          16  lto-llvm-a5b69f.o(.bss)
    PID_Upadte.count                         0x2000115c   Data           1  lto-llvm-a5b69f.o(.bss)
    vel                                      0x20001160   Data          12  lto-llvm-a5b69f.o(.bss)
    accelEarth                               0x2000116c   Data          12  lto-llvm-a5b69f.o(.bss)
    pos                                      0x20001178   Data          12  lto-llvm-a5b69f.o(.bss)
    hadc1                                    0x20001184   Data          72  lto-llvm-a5b69f.o(.bss)
    hi2c1                                    0x200011cc   Data          84  lto-llvm-a5b69f.o(.bss)
    htim1                                    0x20001220   Data          72  lto-llvm-a5b69f.o(.bss)
    htim2                                    0x20001268   Data          72  lto-llvm-a5b69f.o(.bss)
    htim3                                    0x200012b0   Data          72  lto-llvm-a5b69f.o(.bss)
    huart2                                   0x200012f8   Data          68  lto-llvm-a5b69f.o(.bss)
    hdma_usart2_tx                           0x2000133c   Data          96  lto-llvm-a5b69f.o(.bss)
    uwTick                                   0x2000139c   Data           4  lto-llvm-a5b69f.o(.bss)
    OS_CPU_ExceptStk                         0x200013a0   Data        1024  lto-llvm-a5b69f.o(.bss)
    OSTmrCtr                                 0x200017a8   Data           2  lto-llvm-a5b69f.o(.bss)
    OSIntNesting                             0x200017aa   Data           1  lto-llvm-a5b69f.o(.bss)
    OSLockNesting                            0x200017ab   Data           1  lto-llvm-a5b69f.o(.bss)
    OSTCBPrioTbl                             0x200017b4   Data         256  lto-llvm-a5b69f.o(.bss)
    OSCtxSwCtr                               0x200018c0   Data           4  lto-llvm-a5b69f.o(.bss)
    OSIdleCtr                                0x200018c4   Data           4  lto-llvm-a5b69f.o(.bss)
    OSIdleCtrMax                             0x200018c8   Data           4  lto-llvm-a5b69f.o(.bss)
    OSStatRdy                                0x200018cc   Data           1  lto-llvm-a5b69f.o(.bss)
    OSTime                                   0x200018d0   Data           4  lto-llvm-a5b69f.o(.bss)
    OSTCBList                                0x200018d4   Data           4  lto-llvm-a5b69f.o(.bss)
    OSRdyGrp                                 0x200018d8   Data           1  lto-llvm-a5b69f.o(.bss)
    OSRdyTbl                                 0x200018d9   Data           8  lto-llvm-a5b69f.o(.bss)
    OSCPUUsage                               0x200018e1   Data           1  lto-llvm-a5b69f.o(.bss)
    OSIdleCtrRun                             0x200018e4   Data           4  lto-llvm-a5b69f.o(.bss)
    OSTCBFreeList                            0x200018e8   Data           4  lto-llvm-a5b69f.o(.bss)
    OSTaskCtr                                0x200018ec   Data           1  lto-llvm-a5b69f.o(.bss)
    OSFlagTbl                                0x200018f0   Data          80  lto-llvm-a5b69f.o(.bss)
    OSEventFreeList                          0x20001940   Data           4  lto-llvm-a5b69f.o(.bss)
    OSMemTbl                                 0x20001944   Data         120  lto-llvm-a5b69f.o(.bss)
    OSQTbl                                   0x200019bc   Data          96  lto-llvm-a5b69f.o(.bss)
    OSTmrTime                                0x20001a1c   Data           4  lto-llvm-a5b69f.o(.bss)
    OSTmrSemSignal                           0x20001a20   Data           4  lto-llvm-a5b69f.o(.bss)
    OSTmrTbl                                 0x20001a24   Data         640  lto-llvm-a5b69f.o(.bss)
    OSTmrWheelTbl                            0x20001ca4   Data          56  lto-llvm-a5b69f.o(.bss)
    OSTmrSem                                 0x20001cdc   Data           4  lto-llvm-a5b69f.o(.bss)
    OSEventTbl                               0x20001ce0   Data         240  lto-llvm-a5b69f.o(.bss)
    OSTaskStatStk                            0x20001dd0   Data         512  lto-llvm-a5b69f.o(.bss)
    OSTaskIdleStk                            0x20001fd0   Data         512  lto-llvm-a5b69f.o(.bss)
    OSTCBTbl                                 0x200021d0   Data        2024  lto-llvm-a5b69f.o(.bss)
    OSTmrTaskStk                             0x200029b8   Data         512  lto-llvm-a5b69f.o(.bss)
    set.0                                    0x20002bb8   Data           4  lto-llvm-a5b69f.o(.bss)
    set.1                                    0x20002bbc   Data           4  lto-llvm-a5b69f.o(.bss)
    set.2                                    0x20002bc0   Data           4  lto-llvm-a5b69f.o(.bss)
    set.3                                    0x20002bc4   Data           4  lto-llvm-a5b69f.o(.bss)
    angle_out.0                              0x20002bc8   Data           4  lto-llvm-a5b69f.o(.bss)
    angle_out.1                              0x20002bcc   Data           4  lto-llvm-a5b69f.o(.bss)
    P.0.1                                    0x20002bd0   Data           4  lto-llvm-a5b69f.o(.bss)
    P.1.0                                    0x20002bd4   Data           4  lto-llvm-a5b69f.o(.bss)
    rMat.0.0                                 0x20002bd8   Data           4  lto-llvm-a5b69f.o(.bss)
    rMat.0.1                                 0x20002bdc   Data           4  lto-llvm-a5b69f.o(.bss)
    rMat.0.2                                 0x20002be0   Data           4  lto-llvm-a5b69f.o(.bss)
    rMat.1.0                                 0x20002be4   Data           4  lto-llvm-a5b69f.o(.bss)
    rMat.1.1                                 0x20002be8   Data           4  lto-llvm-a5b69f.o(.bss)
    rMat.1.2                                 0x20002bec   Data           4  lto-llvm-a5b69f.o(.bss)
    rMat.2.0                                 0x20002bf0   Data           4  lto-llvm-a5b69f.o(.bss)
    rMat.2.1                                 0x20002bf4   Data           4  lto-llvm-a5b69f.o(.bss)
    rMat.2.2                                 0x20002bf8   Data           4  lto-llvm-a5b69f.o(.bss)
    STACK                                    0x20002c00   Section     1024  startup_stm32f401xe.o(STACK)

    Global Symbols

    Symbol Name                              Value     Ov Type        Size  Object(Section)

    BuildAttributes$$THM_ISAv4$E$P$D$K$B$S$7EM$VFPi3$EXTD16$VFPS$VFMA$PE$A:L22UL41UL21$X:L11$S22US41US21$IEEE1$IW$~IW$USESV6$~STKCKD$USESV7$~SHL$OTIME$ROPI$IEEEX$EBA8$MICROLIB$REQ8$PRES8$EABIv2 0x00000000   Number         0  anon$$obj.o ABSOLUTE
    __cpp_initialize__aeabi_                  - Undefined Weak Reference
    __cxa_finalize                            - Undefined Weak Reference
    _clock_init                               - Undefined Weak Reference
    _microlib_exit                            - Undefined Weak Reference
    __Vectors_Size                           0x00000194   Number         0  startup_stm32f401xe.o ABSOLUTE
    __Vectors                                0x08000000   Data           4  startup_stm32f401xe.o(RESET)
    __Vectors_End                            0x08000194   Data           0  startup_stm32f401xe.o(RESET)
    __main                                   0x08000195   Thumb Code     0  entry.o(.ARM.Collect$$$$00000000)
    _main_stk                                0x08000195   Thumb Code     0  entry2.o(.ARM.Collect$$$$00000001)
    _main_scatterload                        0x08000199   Thumb Code     0  entry5.o(.ARM.Collect$$$$00000004)
    __main_after_scatterload                 0x0800019d   Thumb Code     0  entry5.o(.ARM.Collect$$$$00000004)
    _main_clock                              0x0800019d   Thumb Code     0  entry7b.o(.ARM.Collect$$$$00000008)
    _main_cpp_init                           0x0800019d   Thumb Code     0  entry8b.o(.ARM.Collect$$$$0000000A)
    _main_init                               0x0800019d   Thumb Code     0  entry9a.o(.ARM.Collect$$$$0000000B)
    __rt_final_cpp                           0x080001a5   Thumb Code     0  entry10a.o(.ARM.Collect$$$$0000000D)
    __rt_final_exit                          0x080001a5   Thumb Code     0  entry11a.o(.ARM.Collect$$$$0000000F)
    Reset_Handler                            0x080001a9   Thumb Code     8  startup_stm32f401xe.o(.text)
    ADC_IRQHandler                           0x080001c3   Thumb Code     0  startup_stm32f401xe.o(.text)
    DMA1_Stream0_IRQHandler                  0x080001c3   Thumb Code     0  startup_stm32f401xe.o(.text)
    DMA1_Stream1_IRQHandler                  0x080001c3   Thumb Code     0  startup_stm32f401xe.o(.text)
    DMA1_Stream2_IRQHandler                  0x080001c3   Thumb Code     0  startup_stm32f401xe.o(.text)
    DMA1_Stream3_IRQHandler                  0x080001c3   Thumb Code     0  startup_stm32f401xe.o(.text)
    DMA1_Stream4_IRQHandler                  0x080001c3   Thumb Code     0  startup_stm32f401xe.o(.text)
    DMA1_Stream5_IRQHandler                  0x080001c3   Thumb Code     0  startup_stm32f401xe.o(.text)
    DMA1_Stream7_IRQHandler                  0x080001c3   Thumb Code     0  startup_stm32f401xe.o(.text)
    DMA2_Stream0_IRQHandler                  0x080001c3   Thumb Code     0  startup_stm32f401xe.o(.text)
    DMA2_Stream1_IRQHandler                  0x080001c3   Thumb Code     0  startup_stm32f401xe.o(.text)
    DMA2_Stream2_IRQHandler                  0x080001c3   Thumb Code     0  startup_stm32f401xe.o(.text)
    DMA2_Stream3_IRQHandler                  0x080001c3   Thumb Code     0  startup_stm32f401xe.o(.text)
    DMA2_Stream4_IRQHandler                  0x080001c3   Thumb Code     0  startup_stm32f401xe.o(.text)
    DMA2_Stream5_IRQHandler                  0x080001c3   Thumb Code     0  startup_stm32f401xe.o(.text)
    DMA2_Stream6_IRQHandler                  0x080001c3   Thumb Code     0  startup_stm32f401xe.o(.text)
    DMA2_Stream7_IRQHandler                  0x080001c3   Thumb Code     0  startup_stm32f401xe.o(.text)
    EXTI0_IRQHandler                         0x080001c3   Thumb Code     0  startup_stm32f401xe.o(.text)
    EXTI15_10_IRQHandler                     0x080001c3   Thumb Code     0  startup_stm32f401xe.o(.text)
    EXTI1_IRQHandler                         0x080001c3   Thumb Code     0  startup_stm32f401xe.o(.text)
    EXTI2_IRQHandler                         0x080001c3   Thumb Code     0  startup_stm32f401xe.o(.text)
    EXTI3_IRQHandler                         0x080001c3   Thumb Code     0  startup_stm32f401xe.o(.text)
    EXTI4_IRQHandler                         0x080001c3   Thumb Code     0  startup_stm32f401xe.o(.text)
    EXTI9_5_IRQHandler                       0x080001c3   Thumb Code     0  startup_stm32f401xe.o(.text)
    FLASH_IRQHandler                         0x080001c3   Thumb Code     0  startup_stm32f401xe.o(.text)
    FPU_IRQHandler                           0x080001c3   Thumb Code     0  startup_stm32f401xe.o(.text)
    I2C1_ER_IRQHandler                       0x080001c3   Thumb Code     0  startup_stm32f401xe.o(.text)
    I2C1_EV_IRQHandler                       0x080001c3   Thumb Code     0  startup_stm32f401xe.o(.text)
    I2C2_ER_IRQHandler                       0x080001c3   Thumb Code     0  startup_stm32f401xe.o(.text)
    I2C2_EV_IRQHandler                       0x080001c3   Thumb Code     0  startup_stm32f401xe.o(.text)
    I2C3_ER_IRQHandler                       0x080001c3   Thumb Code     0  startup_stm32f401xe.o(.text)
    I2C3_EV_IRQHandler                       0x080001c3   Thumb Code     0  startup_stm32f401xe.o(.text)
    OTG_FS_IRQHandler                        0x080001c3   Thumb Code     0  startup_stm32f401xe.o(.text)
    OTG_FS_WKUP_IRQHandler                   0x080001c3   Thumb Code     0  startup_stm32f401xe.o(.text)
    PVD_IRQHandler                           0x080001c3   Thumb Code     0  startup_stm32f401xe.o(.text)
    RCC_IRQHandler                           0x080001c3   Thumb Code     0  startup_stm32f401xe.o(.text)
    RTC_Alarm_IRQHandler                     0x080001c3   Thumb Code     0  startup_stm32f401xe.o(.text)
    RTC_WKUP_IRQHandler                      0x080001c3   Thumb Code     0  startup_stm32f401xe.o(.text)
    SDIO_IRQHandler                          0x080001c3   Thumb Code     0  startup_stm32f401xe.o(.text)
    SPI1_IRQHandler                          0x080001c3   Thumb Code     0  startup_stm32f401xe.o(.text)
    SPI2_IRQHandler                          0x080001c3   Thumb Code     0  startup_stm32f401xe.o(.text)
    SPI3_IRQHandler                          0x080001c3   Thumb Code     0  startup_stm32f401xe.o(.text)
    SPI4_IRQHandler                          0x080001c3   Thumb Code     0  startup_stm32f401xe.o(.text)
    TAMP_STAMP_IRQHandler                    0x080001c3   Thumb Code     0  startup_stm32f401xe.o(.text)
    TIM1_BRK_TIM9_IRQHandler                 0x080001c3   Thumb Code     0  startup_stm32f401xe.o(.text)
    TIM1_TRG_COM_TIM11_IRQHandler            0x080001c3   Thumb Code     0  startup_stm32f401xe.o(.text)
    TIM3_IRQHandler                          0x080001c3   Thumb Code     0  startup_stm32f401xe.o(.text)
    TIM4_IRQHandler                          0x080001c3   Thumb Code     0  startup_stm32f401xe.o(.text)
    TIM5_IRQHandler                          0x080001c3   Thumb Code     0  startup_stm32f401xe.o(.text)
    USART1_IRQHandler                        0x080001c3   Thumb Code     0  startup_stm32f401xe.o(.text)
    USART6_IRQHandler                        0x080001c3   Thumb Code     0  startup_stm32f401xe.o(.text)
    WWDG_IRQHandler                          0x080001c3   Thumb Code     0  startup_stm32f401xe.o(.text)
    OS_CPU_FP_Reg_Push                       0x080001cd   Thumb Code     0  os_cpu_a.o(.text)
    OS_CPU_FP_Reg_Pop                        0x080001df   Thumb Code     0  os_cpu_a.o(.text)
    OS_CPU_SR_Save                           0x080001eb   Thumb Code     0  os_cpu_a.o(.text)
    OS_CPU_SR_Restore                        0x08000207   Thumb Code     0  os_cpu_a.o(.text)
    OSStartHighRdy                           0x08000219   Thumb Code     0  os_cpu_a.o(.text)
    OSCtxSw                                  0x08000271   Thumb Code     0  os_cpu_a.o(.text)
    OSIntCtxSw                               0x08000271   Thumb Code     0  os_cpu_a.o(.text)
    PendSV_Handler                           0x0800027b   Thumb Code     0  os_cpu_a.o(.text)
    arm_cos_f32                              0x08000301   Thumb Code   108  arm_cos_f32.o(.text)
    arm_sin_f32                              0x08000379   Thumb Code   130  arm_sin_f32.o(.text)
    arm_rms_f32                              0x0800040d   Thumb Code   232  arm_rms_f32.o(.text)
    __aeabi_uidiv                            0x080004f9   Thumb Code     0  uidiv.o(.text)
    __aeabi_uidivmod                         0x080004f9   Thumb Code    44  uidiv.o(.text)
    __aeabi_uldivmod                         0x08000525   Thumb Code    98  uldiv.o(.text)
    __I$use$fp                               0x08000587   Thumb Code     0  iusefp.o(.text)
    __aeabi_dadd                             0x08000587   Thumb Code   322  dadd.o(.text)
    __aeabi_dsub                             0x080006c9   Thumb Code     6  dadd.o(.text)
    __aeabi_drsub                            0x080006cf   Thumb Code     6  dadd.o(.text)
    __aeabi_dmul                             0x080006d5   Thumb Code   228  dmul.o(.text)
    __aeabi_ddiv                             0x080007b9   Thumb Code   222  ddiv.o(.text)
    __aeabi_d2ulz                            0x08000897   Thumb Code    48  dfixul.o(.text)
    __aeabi_cdrcmple                         0x080008c9   Thumb Code    48  cdrcmple.o(.text)
    __fp_status                              0x080008f9   Thumb Code     4  fpstat.o(.text)
    __ieee_status                            0x080008f9   Thumb Code     0  fpstat.o(.text)
    __scatterload                            0x080008fd   Thumb Code    28  init.o(.text)
    __scatterload_rt2                        0x080008fd   Thumb Code     0  init.o(.text)
    __aeabi_llsl                             0x08000921   Thumb Code    30  llshl.o(.text)
    _ll_shift_l                              0x08000921   Thumb Code     0  llshl.o(.text)
    __aeabi_llsr                             0x0800093f   Thumb Code    32  llushr.o(.text)
    _ll_ushift_r                             0x0800093f   Thumb Code     0  llushr.o(.text)
    __aeabi_lasr                             0x0800095f   Thumb Code    36  llsshr.o(.text)
    _ll_sshift_r                             0x0800095f   Thumb Code     0  llsshr.o(.text)
    _double_round                            0x08000983   Thumb Code    30  depilogue.o(.text)
    _double_epilogue                         0x080009a1   Thumb Code   156  depilogue.o(.text)
    __aeabi_ldivmod                          0x08000a3d   Thumb Code    98  ldiv.o(.text)
    __aeabi_memcpy                           0x08000a9f   Thumb Code    36  memcpya.o(.text)
    __aeabi_memcpy4                          0x08000a9f   Thumb Code     0  memcpya.o(.text)
    __aeabi_memcpy8                          0x08000a9f   Thumb Code     0  memcpya.o(.text)
    __aeabi_memset                           0x08000ac3   Thumb Code    14  memseta.o(.text)
    __aeabi_memset4                          0x08000ac3   Thumb Code     0  memseta.o(.text)
    __aeabi_memset8                          0x08000ac3   Thumb Code     0  memseta.o(.text)
    __aeabi_memclr                           0x08000ad1   Thumb Code     4  memseta.o(.text)
    __aeabi_memclr4                          0x08000ad1   Thumb Code     0  memseta.o(.text)
    __aeabi_memclr8                          0x08000ad1   Thumb Code     0  memseta.o(.text)
    _memset$wrapper                          0x08000ad5   Thumb Code    18  memseta.o(.text)
    __aeabi_i2d                              0x08000ae7   Thumb Code    34  dflti.o(.text)
    __aeabi_d2iz                             0x08000b09   Thumb Code    62  dfixi.o(.text)
    __aeabi_f2d                              0x08000b47   Thumb Code    38  f2d.o(.text)
    __aeabi_d2f                              0x08000b6d   Thumb Code    56  d2f.o(.text)
    _float_round                             0x08000ba5   Thumb Code    18  fepilogue.o(.text)
    _float_epilogue                          0x08000bb7   Thumb Code    92  fepilogue.o(.text)
    __decompress                             0x08000c13   Thumb Code     0  __dczerorl.o(.text)
    __decompress0                            0x08000c13   Thumb Code    58  __dczerorl.o(.text)
    BusFault_Handler                         0x080026dd   Thumb Code     4  lto-llvm-a5b69f.o(.text.BusFault_Handler)
    DMA1_Stream6_IRQHandler                  0x080026e1   Thumb Code    50  lto-llvm-a5b69f.o(.text.DMA1_Stream6_IRQHandler)
    DebugMon_Handler                         0x080028a1   Thumb Code     2  lto-llvm-a5b69f.o(.text.DebugMon_Handler)
    HardFault_Handler                        0x080099c9   Thumb Code     4  lto-llvm-a5b69f.o(.text.HardFault_Handler)
    MemManage_Handler                        0x0800cfad   Thumb Code     4  lto-llvm-a5b69f.o(.text.MemManage_Handler)
    NMI_Handler                              0x0800cfb1   Thumb Code     4  lto-llvm-a5b69f.o(.text.NMI_Handler)
    OSTaskSwHook                             0x0800e43d   Thumb Code    40  lto-llvm-a5b69f.o(.text.OSTaskSwHook)
    SVC_Handler                              0x08010489   Thumb Code     2  lto-llvm-a5b69f.o(.text.SVC_Handler)
    SysTick_Handler                          0x08010531   Thumb Code    42  lto-llvm-a5b69f.o(.text.SysTick_Handler)
    SystemInit                               0x08010611   Thumb Code    18  lto-llvm-a5b69f.o(.text.SystemInit)
    TIM1_CC_IRQHandler                       0x08010625   Thumb Code   216  lto-llvm-a5b69f.o(.text.TIM1_CC_IRQHandler)
    TIM1_UP_TIM10_IRQHandler                 0x080106fd   Thumb Code   132  lto-llvm-a5b69f.o(.text.TIM1_UP_TIM10_IRQHandler)
    TIM2_IRQHandler                          0x08010781   Thumb Code   396  lto-llvm-a5b69f.o(.text.TIM2_IRQHandler)
    USART2_IRQHandler                        0x08011cf5   Thumb Code   150  lto-llvm-a5b69f.o(.text.USART2_IRQHandler)
    UsageFault_Handler                       0x08011d8d   Thumb Code     4  lto-llvm-a5b69f.o(.text.UsageFault_Handler)
    fputc                                    0x08012239   Thumb Code    24  lto-llvm-a5b69f.o(.text.fputc)
    main                                     0x080122a1   Thumb Code    22  lto-llvm-a5b69f.o(.text.main)
    __0printf                                0x08012399   Thumb Code    22  printfa.o(i.__0printf)
    __1printf                                0x08012399   Thumb Code     0  printfa.o(i.__0printf)
    __2printf                                0x08012399   Thumb Code     0  printfa.o(i.__0printf)
    __c89printf                              0x08012399   Thumb Code     0  printfa.o(i.__0printf)
    printf                                   0x08012399   Thumb Code     0  printfa.o(i.__0printf)
    __ARM_fpclassifyf                        0x080123b9   Thumb Code    38  fpclassifyf.o(i.__ARM_fpclassifyf)
    __hardfp_asinf                           0x080123e1   Thumb Code   258  asinf.o(i.__hardfp_asinf)
    __hardfp_atan2f                          0x0801250d   Thumb Code   594  atan2f.o(i.__hardfp_atan2f)
    __hardfp_powf                            0x080127b9   Thumb Code  1606  powf.o(i.__hardfp_powf)
    __mathlib_powf                           0x080127b9   Thumb Code     0  powf.o(i.__hardfp_powf)
    __hardfp_sqrtf                           0x08012e1d   Thumb Code    58  sqrtf.o(i.__hardfp_sqrtf)
    __mathlib_flt_divzero                    0x08012e59   Thumb Code    14  funder.o(i.__mathlib_flt_divzero)
    __mathlib_flt_infnan                     0x08012e6d   Thumb Code     6  funder.o(i.__mathlib_flt_infnan)
    __mathlib_flt_infnan2                    0x08012e73   Thumb Code     6  funder.o(i.__mathlib_flt_infnan2)
    __mathlib_flt_invalid                    0x08012e79   Thumb Code    10  funder.o(i.__mathlib_flt_invalid)
    __mathlib_flt_overflow                   0x08012e89   Thumb Code    10  funder.o(i.__mathlib_flt_overflow)
    __mathlib_flt_underflow                  0x08012e99   Thumb Code    10  funder.o(i.__mathlib_flt_underflow)
    __scatterload_copy                       0x08012ea9   Thumb Code    14  handlers.o(i.__scatterload_copy)
    __scatterload_null                       0x08012eb7   Thumb Code     2  handlers.o(i.__scatterload_null)
    __scatterload_zeroinit                   0x08012eb9   Thumb Code    14  handlers.o(i.__scatterload_zeroinit)
    __set_errno                              0x08012ec9   Thumb Code     6  errno.o(i.__set_errno)
    sqrtf                                    0x08013787   Thumb Code    62  sqrtf.o(i.sqrtf)
    sinTable_f32                             0x080137c4   Data        2052  arm_common_tables.o(.constdata)
    Region$$Table$$Base                      0x080146d4   Number         0  anon$$obj.o(Region$$Table)
    Region$$Table$$Limit                     0x080146f4   Number         0  anon$$obj.o(Region$$Table)
    __stdout                                 0x20000000   Data           4  stdout.o(.data)
    OS_CPU_ExceptStkBase                     0x200017a0   Data           4  lto-llvm-a5b69f.o(.bss)
    OS_KA_BASEPRI_Boundary                   0x200017a4   Data           4  lto-llvm-a5b69f.o(.bss)
    OSTCBCur                                 0x200017ac   Data           4  lto-llvm-a5b69f.o(.bss)
    OSRunning                                0x200017b0   Data           1  lto-llvm-a5b69f.o(.bss)
    OSPrioHighRdy                            0x200018b4   Data           1  lto-llvm-a5b69f.o(.bss)
    OSTCBHighRdy                             0x200018b8   Data           4  lto-llvm-a5b69f.o(.bss)
    OSPrioCur                                0x200018bc   Data           1  lto-llvm-a5b69f.o(.bss)
    __initial_sp                             0x20003000   Data           0  startup_stm32f401xe.o(STACK)



==============================================================================

Memory Map of the image

  Image Entry point : 0x08000195

  Load Region LR_IROM1 (Base: 0x08000000, Size: 0x00014908, Max: 0x00080000, ABSOLUTE, COMPRESSED[0x00014748])

    Execution Region ER_IROM1 (Exec base: 0x08000000, Load base: 0x08000000, Size: 0x000146f4, Max: 0x00080000, ABSOLUTE)

    Exec Addr    Load Addr    Size         Type   Attr      Idx    E Section Name        Object

    0x08000000   0x08000000   0x00000194   Data   RO           21    RESET               startup_stm32f401xe.o
    0x08000194   0x08000194   0x00000000   Code   RO          260  * .ARM.Collect$$$$00000000  mc_w.l(entry.o)
    0x08000194   0x08000194   0x00000004   Code   RO          307    .ARM.Collect$$$$00000001  mc_w.l(entry2.o)
    0x08000198   0x08000198   0x00000004   Code   RO          310    .ARM.Collect$$$$00000004  mc_w.l(entry5.o)
    0x0800019c   0x0800019c   0x00000000   Code   RO          312    .ARM.Collect$$$$00000008  mc_w.l(entry7b.o)
    0x0800019c   0x0800019c   0x00000000   Code   RO          314    .ARM.Collect$$$$0000000A  mc_w.l(entry8b.o)
    0x0800019c   0x0800019c   0x00000008   Code   RO          315    .ARM.Collect$$$$0000000B  mc_w.l(entry9a.o)
    0x080001a4   0x080001a4   0x00000000   Code   RO          317    .ARM.Collect$$$$0000000D  mc_w.l(entry10a.o)
    0x080001a4   0x080001a4   0x00000000   Code   RO          319    .ARM.Collect$$$$0000000F  mc_w.l(entry11a.o)
    0x080001a4   0x080001a4   0x00000004   Code   RO          308    .ARM.Collect$$$$00002712  mc_w.l(entry2.o)
    0x080001a8   0x080001a8   0x00000024   Code   RO           22    .text               startup_stm32f401xe.o
    0x080001cc   0x080001cc   0x00000134   Code   RO           45    .text               os_cpu_a.o
    0x08000300   0x08000300   0x00000078   Code   RO           54    .text               arm_cortexM4lf_math.lib(arm_cos_f32.o)
    0x08000378   0x08000378   0x00000094   Code   RO          105    .text               arm_cortexM4lf_math.lib(arm_sin_f32.o)
    0x0800040c   0x0800040c   0x000000ec   Code   RO          129    .text               arm_cortexM4lf_math.lib(arm_rms_f32.o)
    0x080004f8   0x080004f8   0x0000002c   Code   RO          331    .text               mc_w.l(uidiv.o)
    0x08000524   0x08000524   0x00000062   Code   RO          333    .text               mc_w.l(uldiv.o)
    0x08000586   0x08000586   0x00000000   Code   RO          342    .text               mc_w.l(iusefp.o)
    0x08000586   0x08000586   0x0000014e   Code   RO          343    .text               mf_w.l(dadd.o)
    0x080006d4   0x080006d4   0x000000e4   Code   RO          345    .text               mf_w.l(dmul.o)
    0x080007b8   0x080007b8   0x000000de   Code   RO          347    .text               mf_w.l(ddiv.o)
    0x08000896   0x08000896   0x00000030   Code   RO          349    .text               mf_w.l(dfixul.o)
    0x080008c6   0x080008c6   0x00000002   PAD
    0x080008c8   0x080008c8   0x00000030   Code   RO          351    .text               mf_w.l(cdrcmple.o)
    0x080008f8   0x080008f8   0x00000004   Code   RO          353    .text               mf_w.l(fpstat.o)
    0x080008fc   0x080008fc   0x00000024   Code   RO          355    .text               mc_w.l(init.o)
    0x08000920   0x08000920   0x0000001e   Code   RO          357    .text               mc_w.l(llshl.o)
    0x0800093e   0x0800093e   0x00000020   Code   RO          359    .text               mc_w.l(llushr.o)
    0x0800095e   0x0800095e   0x00000024   Code   RO          361    .text               mc_w.l(llsshr.o)
    0x08000982   0x08000982   0x000000ba   Code   RO          363    .text               mf_w.l(depilogue.o)
    0x08000a3c   0x08000a3c   0x00000062   Code   RO          940    .text               mc_w.l(ldiv.o)
    0x08000a9e   0x08000a9e   0x00000024   Code   RO          942    .text               mc_w.l(memcpya.o)
    0x08000ac2   0x08000ac2   0x00000024   Code   RO          944    .text               mc_w.l(memseta.o)
    0x08000ae6   0x08000ae6   0x00000022   Code   RO          948    .text               mf_w.l(dflti.o)
    0x08000b08   0x08000b08   0x0000003e   Code   RO          950    .text               mf_w.l(dfixi.o)
    0x08000b46   0x08000b46   0x00000026   Code   RO          952    .text               mf_w.l(f2d.o)
    0x08000b6c   0x08000b6c   0x00000038   Code   RO          954    .text               mf_w.l(d2f.o)
    0x08000ba4   0x08000ba4   0x0000006e   Code   RO          956    .text               mf_w.l(fepilogue.o)
    0x08000c12   0x08000c12   0x0000003a   Code   RO          966    .text               mc_w.l(__dczerorl.o)
    0x08000c4c   0x08000c4c   0x000001b2   Code   RO          584    .text.ADC_Init      lto-llvm-a5b69f.o
    0x08000dfe   0x08000dfe   0x00000002   PAD
    0x08000e00   0x08000e00   0x00000068   Code   RO          490    .text.AHRS_Update   lto-llvm-a5b69f.o
    0x08000e68   0x08000e68   0x000000b2   Code   RO          374    .text.ANO_Init      lto-llvm-a5b69f.o
    0x08000f1a   0x08000f1a   0x00000002   PAD
    0x08000f1c   0x08000f1c   0x000000ec   Code   RO          398    .text.ANO_Receive_Analyze  lto-llvm-a5b69f.o
    0x08001008   0x08001008   0x000001ae   Code   RO          406    .text.ANO_Receive_Prepare  lto-llvm-a5b69f.o
    0x080011b6   0x080011b6   0x00000002   PAD
    0x080011b8   0x080011b8   0x000000e0   Code   RO          388    .text.ANO_Send_Battery  lto-llvm-a5b69f.o
    0x08001298   0x08001298   0x00000102   Code   RO          392    .text.ANO_Send_Control  lto-llvm-a5b69f.o
    0x0800139a   0x0800139a   0x00000002   PAD
    0x0800139c   0x0800139c   0x0000012c   Code   RO          382    .text.ANO_Send_Euler  lto-llvm-a5b69f.o
    0x080014c8   0x080014c8   0x0000008a   Code   RO          384    .text.ANO_Send_Mode  lto-llvm-a5b69f.o
    0x08001552   0x08001552   0x00000002   PAD
    0x08001554   0x08001554   0x00000102   Code   RO          390    .text.ANO_Send_PWM  lto-llvm-a5b69f.o
    0x08001656   0x08001656   0x00000002   PAD
    0x08001658   0x08001658   0x0000010c   Code   RO          402    .text.ANO_Send_Param  lto-llvm-a5b69f.o
    0x08001764   0x08001764   0x000001fa   Code   RO          394    .text.ANO_Send_Remote  lto-llvm-a5b69f.o
    0x0800195e   0x0800195e   0x00000002   PAD
    0x08001960   0x08001960   0x00000166   Code   RO          376    .text.ANO_Send_Sensor  lto-llvm-a5b69f.o
    0x08001ac6   0x08001ac6   0x00000002   PAD
    0x08001ac8   0x08001ac8   0x00000188   Code   RO          380    .text.ANO_Send_Sensor2  lto-llvm-a5b69f.o
    0x08001c50   0x08001c50   0x000000d8   Code   RO          396    .text.ANO_Send_String  lto-llvm-a5b69f.o
    0x08001d28   0x08001d28   0x0000011c   Code   RO          386    .text.ANO_Send_Target  lto-llvm-a5b69f.o
    0x08001e44   0x08001e44   0x00000098   Code   RO          404    .text.ANO_Send_Verification  lto-llvm-a5b69f.o
    0x08001edc   0x08001edc   0x00000488   Code   RO          370    .text.ANO_Task      lto-llvm-a5b69f.o
    0x08002364   0x08002364   0x000000c4   Code   RO          518    .text.AccelEarth_Cal  lto-llvm-a5b69f.o
    0x08002428   0x08002428   0x00000008   Code   RO          796    .text.App_TCBInitHook  lto-llvm-a5b69f.o
    0x08002430   0x08002430   0x00000008   Code   RO          784    .text.App_TaskCreateHook  lto-llvm-a5b69f.o
    0x08002438   0x08002438   0x00000008   Code   RO          786    .text.App_TaskDelHook  lto-llvm-a5b69f.o
    0x08002440   0x08002440   0x00000008   Code   RO          792    .text.App_TaskReturnHook  lto-llvm-a5b69f.o
    0x08002448   0x08002448   0x00000008   Code   RO          798    .text.App_TimeTickHook  lto-llvm-a5b69f.o
    0x08002450   0x08002450   0x0000028a   Code   RO          520    .text.BodyToEarth_Transform  lto-llvm-a5b69f.o
    0x080026da   0x080026da   0x00000002   PAD
    0x080026dc   0x080026dc   0x00000004   Code   RO          558    .text.BusFault_Handler  lto-llvm-a5b69f.o
    0x080026e0   0x080026e0   0x00000032   Code   RO          566    .text.DMA1_Stream6_IRQHandler  lto-llvm-a5b69f.o
    0x08002712   0x08002712   0x00000002   PAD
    0x08002714   0x08002714   0x00000056   Code   RO          596    .text.DMA_CalcBaseAndBitshift  lto-llvm-a5b69f.o
    0x0800276a   0x0800276a   0x00000002   PAD
    0x0800276c   0x0800276c   0x000000e4   Code   RO          594    .text.DMA_CheckFifoParam  lto-llvm-a5b69f.o
    0x08002850   0x08002850   0x00000050   Code   RO          598    .text.DMA_SetConfig  lto-llvm-a5b69f.o
    0x080028a0   0x080028a0   0x00000002   Code   RO          564    .text.DebugMon_Handler  lto-llvm-a5b69f.o
    0x080028a2   0x080028a2   0x00000002   PAD
    0x080028a4   0x080028a4   0x0000000e   Code   RO          484    .text.Error_Handler  lto-llvm-a5b69f.o
    0x080028b2   0x080028b2   0x00000002   PAD
    0x080028b4   0x080028b4   0x00000078   Code   RO          420    .text.FILTER_Init   lto-llvm-a5b69f.o
    0x0800292c   0x0800292c   0x0000004c   Code   RO          372    .text.FLIGHT_Task   lto-llvm-a5b69f.o
    0x08002978   0x08002978   0x000002cc   Code   RO          590    .text.HAL_ADC_ConfigChannel  lto-llvm-a5b69f.o
    0x08002c44   0x08002c44   0x00000016   Code   RO          588    .text.HAL_ADC_GetValue  lto-llvm-a5b69f.o
    0x08002c5a   0x08002c5a   0x00000002   PAD
    0x08002c5c   0x08002c5c   0x00000396   Code   RO          582    .text.HAL_ADC_Init  lto-llvm-a5b69f.o
    0x08002ff2   0x08002ff2   0x00000002   PAD
    0x08002ff4   0x08002ff4   0x00000086   Code   RO          524    .text.HAL_ADC_MspInit  lto-llvm-a5b69f.o
    0x0800307a   0x0800307a   0x00000002   PAD
    0x0800307c   0x0800307c   0x000001de   Code   RO          586    .text.HAL_ADC_Start  lto-llvm-a5b69f.o
    0x0800325a   0x0800325a   0x00000002   PAD
    0x0800325c   0x0800325c   0x000000ea   Code   RO          602    .text.HAL_DMA_Abort  lto-llvm-a5b69f.o
    0x08003346   0x08003346   0x00000002   PAD
    0x08003348   0x08003348   0x00000044   Code   RO          604    .text.HAL_DMA_Abort_IT  lto-llvm-a5b69f.o
    0x0800338c   0x0800338c   0x0000032c   Code   RO          606    .text.HAL_DMA_IRQHandler  lto-llvm-a5b69f.o
    0x080036b8   0x080036b8   0x0000053e   Code   RO          592    .text.HAL_DMA_Init  lto-llvm-a5b69f.o
    0x08003bf6   0x08003bf6   0x00000002   PAD
    0x08003bf8   0x08003bf8   0x000000e2   Code   RO          600    .text.HAL_DMA_Start_IT  lto-llvm-a5b69f.o
    0x08003cda   0x08003cda   0x00000002   PAD
    0x08003cdc   0x08003cdc   0x00000038   Code   RO          580    .text.HAL_Delay     lto-llvm-a5b69f.o
    0x08003d14   0x08003d14   0x00000248   Code   RO          610    .text.HAL_GPIO_DeInit  lto-llvm-a5b69f.o
    0x08003f5c   0x08003f5c   0x00000614   Code   RO          608    .text.HAL_GPIO_Init  lto-llvm-a5b69f.o
    0x08004570   0x08004570   0x00000080   Code   RO          612    .text.HAL_GPIO_WritePin  lto-llvm-a5b69f.o
    0x080045f0   0x080045f0   0x0000000c   Code   RO          578    .text.HAL_GetTick   lto-llvm-a5b69f.o
    0x080045fc   0x080045fc   0x000003f8   Code   RO          614    .text.HAL_I2C_Init  lto-llvm-a5b69f.o
    0x080049f4   0x080049f4   0x00000416   Code   RO          630    .text.HAL_I2C_Master_Receive  lto-llvm-a5b69f.o
    0x08004e0a   0x08004e0a   0x00000002   PAD
    0x08004e0c   0x08004e0c   0x00000210   Code   RO          616    .text.HAL_I2C_Master_Transmit  lto-llvm-a5b69f.o
    0x0800501c   0x0800501c   0x00000452   Code   RO          640    .text.HAL_I2C_Mem_Read  lto-llvm-a5b69f.o
    0x0800546e   0x0800546e   0x00000002   PAD
    0x08005470   0x08005470   0x0000023a   Code   RO          636    .text.HAL_I2C_Mem_Write  lto-llvm-a5b69f.o
    0x080056aa   0x080056aa   0x00000002   PAD
    0x080056ac   0x080056ac   0x00000046   Code   RO          534    .text.HAL_I2C_MspDeInit  lto-llvm-a5b69f.o
    0x080056f2   0x080056f2   0x00000002   PAD
    0x080056f4   0x080056f4   0x0000011a   Code   RO          532    .text.HAL_I2C_MspInit  lto-llvm-a5b69f.o
    0x0800580e   0x0800580e   0x00000002   PAD
    0x08005810   0x08005810   0x00000010   Code   RO          576    .text.HAL_IncTick   lto-llvm-a5b69f.o
    0x08005820   0x08005820   0x00000032   Code   RO          572    .text.HAL_Init      lto-llvm-a5b69f.o
    0x08005852   0x08005852   0x00000002   PAD
    0x08005854   0x08005854   0x00000062   Code   RO          574    .text.HAL_InitTick  lto-llvm-a5b69f.o
    0x080058b6   0x080058b6   0x00000002   PAD
    0x080058b8   0x080058b8   0x00000050   Code   RO          568    .text.HAL_MspInit   lto-llvm-a5b69f.o
    0x08005908   0x08005908   0x00000030   Code   RO          776    .text.HAL_NVIC_EnableIRQ  lto-llvm-a5b69f.o
    0x08005938   0x08005938   0x00000064   Code   RO          768    .text.HAL_NVIC_SetPriority  lto-llvm-a5b69f.o
    0x0800599c   0x0800599c   0x0000004c   Code   RO          764    .text.HAL_NVIC_SetPriorityGrouping  lto-llvm-a5b69f.o
    0x080059e8   0x080059e8   0x0000041c   Code   RO          646    .text.HAL_RCC_ClockConfig  lto-llvm-a5b69f.o
    0x08005e04   0x08005e04   0x0000000c   Code   RO          650    .text.HAL_RCC_GetHCLKFreq  lto-llvm-a5b69f.o
    0x08005e10   0x08005e10   0x00000022   Code   RO          652    .text.HAL_RCC_GetPCLK1Freq  lto-llvm-a5b69f.o
    0x08005e32   0x08005e32   0x00000002   PAD
    0x08005e34   0x08005e34   0x00000022   Code   RO          654    .text.HAL_RCC_GetPCLK2Freq  lto-llvm-a5b69f.o
    0x08005e56   0x08005e56   0x00000002   PAD
    0x08005e58   0x08005e58   0x000000de   Code   RO          648    .text.HAL_RCC_GetSysClockFreq  lto-llvm-a5b69f.o
    0x08005f36   0x08005f36   0x00000002   PAD
    0x08005f38   0x08005f38   0x000008ae   Code   RO          644    .text.HAL_RCC_OscConfig  lto-llvm-a5b69f.o
    0x080067e6   0x080067e6   0x00000002   PAD
    0x080067e8   0x080067e8   0x00000010   Code   RO          780    .text.HAL_SYSTICK_Config  lto-llvm-a5b69f.o
    0x080067f8   0x080067f8   0x00000008   Code   RO          722    .text.HAL_TIMEx_BreakCallback  lto-llvm-a5b69f.o
    0x08006800   0x08006800   0x00000008   Code   RO          718    .text.HAL_TIMEx_CommutCallback  lto-llvm-a5b69f.o
    0x08006808   0x08006808   0x000001ee   Code   RO          720    .text.HAL_TIMEx_MasterConfigSynchronization  lto-llvm-a5b69f.o
    0x080069f6   0x080069f6   0x00000002   PAD
    0x080069f8   0x080069f8   0x000001d6   Code   RO          656    .text.HAL_TIM_Base_Init  lto-llvm-a5b69f.o
    0x08006bce   0x08006bce   0x00000002   PAD
    0x08006bd0   0x08006bd0   0x000001a2   Code   RO          546    .text.HAL_TIM_Base_MspInit  lto-llvm-a5b69f.o
    0x08006d72   0x08006d72   0x00000002   PAD
    0x08006d74   0x08006d74   0x000007be   Code   RO          708    .text.HAL_TIM_ConfigClockSource  lto-llvm-a5b69f.o
    0x08007532   0x08007532   0x00000002   PAD
    0x08007534   0x08007534   0x00000008   Code   RO          678    .text.HAL_TIM_IC_CaptureCallback  lto-llvm-a5b69f.o
    0x0800753c   0x0800753c   0x000003ca   Code   RO          694    .text.HAL_TIM_IC_ConfigChannel  lto-llvm-a5b69f.o
    0x08007906   0x08007906   0x00000002   PAD
    0x08007908   0x08007908   0x000001d6   Code   RO          672    .text.HAL_TIM_IC_Init  lto-llvm-a5b69f.o
    0x08007ade   0x08007ade   0x00000002   PAD
    0x08007ae0   0x08007ae0   0x00000008   Code   RO          674    .text.HAL_TIM_IC_MspInit  lto-llvm-a5b69f.o
    0x08007ae8   0x08007ae8   0x00000398   Code   RO          676    .text.HAL_TIM_IC_Start_IT  lto-llvm-a5b69f.o
    0x08007e80   0x08007e80   0x0000027a   Code   RO          680    .text.HAL_TIM_IRQHandler  lto-llvm-a5b69f.o
    0x080080fa   0x080080fa   0x00000002   PAD
    0x080080fc   0x080080fc   0x000000ae   Code   RO          544    .text.HAL_TIM_MspPostInit  lto-llvm-a5b69f.o
    0x080081aa   0x080081aa   0x00000002   PAD
    0x080081ac   0x080081ac   0x00000008   Code   RO          682    .text.HAL_TIM_OC_DelayElapsedCallback  lto-llvm-a5b69f.o
    0x080081b4   0x080081b4   0x000003e0   Code   RO          704    .text.HAL_TIM_PWM_ConfigChannel  lto-llvm-a5b69f.o
    0x08008594   0x08008594   0x000001de   Code   RO          666    .text.HAL_TIM_PWM_Init  lto-llvm-a5b69f.o
    0x08008772   0x08008772   0x00000002   PAD
    0x08008774   0x08008774   0x00000008   Code   RO          668    .text.HAL_TIM_PWM_MspInit  lto-llvm-a5b69f.o
    0x0800877c   0x0800877c   0x00000008   Code   RO          664    .text.HAL_TIM_PWM_PulseFinishedCallback  lto-llvm-a5b69f.o
    0x08008784   0x08008784   0x000002c0   Code   RO          670    .text.HAL_TIM_PWM_Start  lto-llvm-a5b69f.o
    0x08008a44   0x08008a44   0x00000008   Code   RO          660    .text.HAL_TIM_PeriodElapsedCallback  lto-llvm-a5b69f.o
    0x08008a4c   0x08008a4c   0x00000242   Code   RO          716    .text.HAL_TIM_ReadCapturedValue  lto-llvm-a5b69f.o
    0x08008c8e   0x08008c8e   0x00000002   PAD
    0x08008c90   0x08008c90   0x00000008   Code   RO          684    .text.HAL_TIM_TriggerCallback  lto-llvm-a5b69f.o
    0x08008c98   0x08008c98   0x0000000c   Code   RO          750    .text.HAL_UARTEx_RxEventCallback  lto-llvm-a5b69f.o
    0x08008ca4   0x08008ca4   0x00000008   Code   RO          744    .text.HAL_UART_ErrorCallback  lto-llvm-a5b69f.o
    0x08008cac   0x08008cac   0x00000426   Code   RO          754    .text.HAL_UART_IRQHandler  lto-llvm-a5b69f.o
    0x080090d2   0x080090d2   0x00000002   PAD
    0x080090d4   0x080090d4   0x000001c8   Code   RO          724    .text.HAL_UART_Init  lto-llvm-a5b69f.o
    0x0800929c   0x0800929c   0x000000ee   Code   RO          550    .text.HAL_UART_MspInit  lto-llvm-a5b69f.o
    0x0800938a   0x0800938a   0x00000002   PAD
    0x0800938c   0x0800938c   0x00000008   Code   RO          752    .text.HAL_UART_RxCpltCallback  lto-llvm-a5b69f.o
    0x08009394   0x08009394   0x00000146   Code   RO          728    .text.HAL_UART_Transmit  lto-llvm-a5b69f.o
    0x080094da   0x080094da   0x00000002   PAD
    0x080094dc   0x080094dc   0x0000011c   Code   RO          732    .text.HAL_UART_Transmit_DMA  lto-llvm-a5b69f.o
    0x080095f8   0x080095f8   0x00000008   Code   RO          748    .text.HAL_UART_TxCpltCallback  lto-llvm-a5b69f.o
    0x08009600   0x08009600   0x00000008   Code   RO          746    .text.HAL_UART_TxHalfCpltCallback  lto-llvm-a5b69f.o
    0x08009608   0x08009608   0x0000037c   Code   RO          470    .text.HMC_Calibration  lto-llvm-a5b69f.o
    0x08009984   0x08009984   0x00000042   Code   RO          444    .text.HMC_ReadMagRaw  lto-llvm-a5b69f.o
    0x080099c6   0x080099c6   0x00000002   PAD
    0x080099c8   0x080099c8   0x00000004   Code   RO          554    .text.HardFault_Handler  lto-llvm-a5b69f.o
    0x080099cc   0x080099cc   0x00000064   Code   RO          626    .text.I2C_IsAcknowledgeFailed  lto-llvm-a5b69f.o
    0x08009a30   0x08009a30   0x000001a6   Code   RO          632    .text.I2C_MasterRequestRead  lto-llvm-a5b69f.o
    0x08009bd6   0x08009bd6   0x00000002   PAD
    0x08009bd8   0x08009bd8   0x00000110   Code   RO          620    .text.I2C_MasterRequestWrite  lto-llvm-a5b69f.o
    0x08009ce8   0x08009ce8   0x000001de   Code   RO          642    .text.I2C_RequestMemoryRead  lto-llvm-a5b69f.o
    0x08009ec6   0x08009ec6   0x00000002   PAD
    0x08009ec8   0x08009ec8   0x00000138   Code   RO          638    .text.I2C_RequestMemoryWrite  lto-llvm-a5b69f.o
    0x0800a000   0x0800a000   0x0000001a   Code   RO          536    .text.I2C_Reset     lto-llvm-a5b69f.o
    0x0800a01a   0x0800a01a   0x00000002   PAD
    0x0800a01c   0x0800a01c   0x00000096   Code   RO          624    .text.I2C_WaitOnBTFFlagUntilTimeout  lto-llvm-a5b69f.o
    0x0800a0b2   0x0800a0b2   0x00000002   PAD
    0x0800a0b4   0x0800a0b4   0x000000b8   Code   RO          618    .text.I2C_WaitOnFlagUntilTimeout  lto-llvm-a5b69f.o
    0x0800a16c   0x0800a16c   0x0000010a   Code   RO          628    .text.I2C_WaitOnMasterAddressFlagUntilTimeout  lto-llvm-a5b69f.o
    0x0800a276   0x0800a276   0x00000002   PAD
    0x0800a278   0x0800a278   0x000000c6   Code   RO          634    .text.I2C_WaitOnRXNEFlagUntilTimeout  lto-llvm-a5b69f.o
    0x0800a33e   0x0800a33e   0x00000002   PAD
    0x0800a340   0x0800a340   0x00000094   Code   RO          622    .text.I2C_WaitOnTXEFlagUntilTimeout  lto-llvm-a5b69f.o
    0x0800a3d4   0x0800a3d4   0x000000fc   Code   RO          426    .text.MOTOR_Control  lto-llvm-a5b69f.o
    0x0800a4d0   0x0800a4d0   0x0000001c   Code   RO          422    .text.MOTOR_Init    lto-llvm-a5b69f.o
    0x0800a4ec   0x0800a4ec   0x00000018   Code   RO          428    .text.MOTOR_Locked  lto-llvm-a5b69f.o
    0x0800a504   0x0800a504   0x000000f6   Code   RO          424    .text.MOTOR_Set     lto-llvm-a5b69f.o
    0x0800a5fa   0x0800a5fa   0x00000002   PAD
    0x0800a5fc   0x0800a5fc   0x000003ba   Code   RO          468    .text.MPU_Calibrate  lto-llvm-a5b69f.o
    0x0800a9b6   0x0800a9b6   0x00000002   PAD
    0x0800a9b8   0x0800a9b8   0x0000005e   Code   RO          460    .text.MPU_Connect   lto-llvm-a5b69f.o
    0x0800aa16   0x0800aa16   0x00000002   PAD
    0x0800aa18   0x0800aa18   0x000001a0   Code   RO          472    .text.MPU_Init      lto-llvm-a5b69f.o
    0x0800abb8   0x0800abb8   0x0000008e   Code   RO          442    .text.MPU_ReadAllRaw  lto-llvm-a5b69f.o
    0x0800ac46   0x0800ac46   0x00000002   PAD
    0x0800ac48   0x0800ac48   0x0000050c   Code   RO          462    .text.MPU_SelfTest  lto-llvm-a5b69f.o
    0x0800b154   0x0800b154   0x000000c4   Code   RO          456    .text.MS_CalculateAltitude  lto-llvm-a5b69f.o
    0x0800b218   0x0800b218   0x00000240   Code   RO          458    .text.MS_CalculatePressure  lto-llvm-a5b69f.o
    0x0800b458   0x0800b458   0x00000110   Code   RO          466    .text.MS_CheckCRC   lto-llvm-a5b69f.o
    0x0800b568   0x0800b568   0x00000018   Code   RO          474    .text.MS_Init       lto-llvm-a5b69f.o
    0x0800b580   0x0800b580   0x00000028   Code   RO          454    .text.MS_ReadADC    lto-llvm-a5b69f.o
    0x0800b5a8   0x0800b5a8   0x00000062   Code   RO          446    .text.MS_ReadPROM   lto-llvm-a5b69f.o
    0x0800b60a   0x0800b60a   0x00000002   PAD
    0x0800b60c   0x0800b60c   0x00000016   Code   RO          452    .text.MS_WriteCMD   lto-llvm-a5b69f.o
    0x0800b622   0x0800b622   0x00000002   PAD
    0x0800b624   0x0800b624   0x00000070   Code   RO          522    .text.MX_ADC1_Init  lto-llvm-a5b69f.o
    0x0800b694   0x0800b694   0x00000038   Code   RO          526    .text.MX_DMA_Init   lto-llvm-a5b69f.o
    0x0800b6cc   0x0800b6cc   0x0000006c   Code   RO          528    .text.MX_GPIO_Init  lto-llvm-a5b69f.o
    0x0800b738   0x0800b738   0x00000040   Code   RO          530    .text.MX_I2C1_Init  lto-llvm-a5b69f.o
    0x0800b778   0x0800b778   0x00000108   Code   RO          538    .text.MX_TIM1_Init  lto-llvm-a5b69f.o
    0x0800b880   0x0800b880   0x000000ec   Code   RO          540    .text.MX_TIM2_Init  lto-llvm-a5b69f.o
    0x0800b96c   0x0800b96c   0x000000ec   Code   RO          542    .text.MX_TIM3_Init  lto-llvm-a5b69f.o
    0x0800ba58   0x0800ba58   0x00000038   Code   RO          548    .text.MX_USART2_UART_Init  lto-llvm-a5b69f.o
    0x0800ba90   0x0800ba90   0x00000e72   Code   RO          492    .text.MadgwickAHRSupdate  lto-llvm-a5b69f.o
    0x0800c902   0x0800c902   0x00000002   PAD
    0x0800c904   0x0800c904   0x000006a8   Code   RO          496    .text.MadgwickAHRSupdateIMU  lto-llvm-a5b69f.o
    0x0800cfac   0x0800cfac   0x00000004   Code   RO          556    .text.MemManage_Handler  lto-llvm-a5b69f.o
    0x0800cfb0   0x0800cfb0   0x00000004   Code   RO          552    .text.NMI_Handler   lto-llvm-a5b69f.o
    0x0800cfb4   0x0800cfb4   0x00000062   Code   RO          772    .text.NVIC_EncodePriority  lto-llvm-a5b69f.o
    0x0800d016   0x0800d016   0x00000002   PAD
    0x0800d018   0x0800d018   0x00000240   Code   RO          824    .text.OSDebugInit   lto-llvm-a5b69f.o
    0x0800d258   0x0800d258   0x0000007e   Code   RO          826    .text.OSEventNameSet  lto-llvm-a5b69f.o
    0x0800d2d6   0x0800d2d6   0x00000002   PAD
    0x0800d2d8   0x0800d2d8   0x00000038   Code   RO          834    .text.OSInit        lto-llvm-a5b69f.o
    0x0800d310   0x0800d310   0x00000084   Code   RO          800    .text.OSInitHookBegin  lto-llvm-a5b69f.o
    0x0800d394   0x0800d394   0x00000034   Code   RO          900    .text.OSIntEnter    lto-llvm-a5b69f.o
    0x0800d3c8   0x0800d3c8   0x000000d2   Code   RO          902    .text.OSIntExit     lto-llvm-a5b69f.o
    0x0800d49a   0x0800d49a   0x00000002   PAD
    0x0800d49c   0x0800d49c   0x00000064   Code   RO          874    .text.OSSchedLock   lto-llvm-a5b69f.o
    0x0800d500   0x0800d500   0x00000092   Code   RO          880    .text.OSSchedUnlock  lto-llvm-a5b69f.o
    0x0800d592   0x0800d592   0x00000002   PAD
    0x0800d594   0x0800d594   0x00000092   Code   RO          858    .text.OSSemCreate   lto-llvm-a5b69f.o
    0x0800d626   0x0800d626   0x00000002   PAD
    0x0800d628   0x0800d628   0x00000144   Code   RO          872    .text.OSSemPend     lto-llvm-a5b69f.o
    0x0800d76c   0x0800d76c   0x0000009c   Code   RO          916    .text.OSSemPost     lto-llvm-a5b69f.o
    0x0800d808   0x0800d808   0x00000054   Code   RO          904    .text.OSStart       lto-llvm-a5b69f.o
    0x0800d85c   0x0800d85c   0x00000070   Code   RO          906    .text.OSStatInit    lto-llvm-a5b69f.o
    0x0800d8cc   0x0800d8cc   0x00000010   Code   RO          818    .text.OSTCBInitHook  lto-llvm-a5b69f.o
    0x0800d8dc   0x0800d8dc   0x0000012a   Code   RO          918    .text.OSTaskCreate  lto-llvm-a5b69f.o
    0x0800da06   0x0800da06   0x00000002   PAD
    0x0800da08   0x0800da08   0x00000146   Code   RO          864    .text.OSTaskCreateExt  lto-llvm-a5b69f.o
    0x0800db4e   0x0800db4e   0x00000002   PAD
    0x0800db50   0x0800db50   0x00000010   Code   RO          804    .text.OSTaskCreateHook  lto-llvm-a5b69f.o
    0x0800db60   0x0800db60   0x00000242   Code   RO          920    .text.OSTaskDel     lto-llvm-a5b69f.o
    0x0800dda2   0x0800dda2   0x00000002   PAD
    0x0800dda4   0x0800dda4   0x00000010   Code   RO          806    .text.OSTaskDelHook  lto-llvm-a5b69f.o
    0x0800ddb4   0x0800ddb4   0x00000008   Code   RO          808    .text.OSTaskIdleHook  lto-llvm-a5b69f.o
    0x0800ddbc   0x0800ddbc   0x000000dc   Code   RO          866    .text.OSTaskNameSet  lto-llvm-a5b69f.o
    0x0800de98   0x0800de98   0x00000010   Code   RO          810    .text.OSTaskReturnHook  lto-llvm-a5b69f.o
    0x0800dea8   0x0800dea8   0x00000008   Code   RO          812    .text.OSTaskStatHook  lto-llvm-a5b69f.o
    0x0800deb0   0x0800deb0   0x0000011e   Code   RO          896    .text.OSTaskStkChk  lto-llvm-a5b69f.o
    0x0800dfce   0x0800dfce   0x00000002   PAD
    0x0800dfd0   0x0800dfd0   0x00000314   Code   RO          814    .text.OSTaskStkInit  lto-llvm-a5b69f.o
    0x0800e2e4   0x0800e2e4   0x00000156   Code   RO          892    .text.OSTaskSuspend  lto-llvm-a5b69f.o
    0x0800e43a   0x0800e43a   0x00000002   PAD
    0x0800e43c   0x0800e43c   0x00000028   Code   RO          816    .text.OSTaskSwHook  lto-llvm-a5b69f.o
    0x0800e464   0x0800e464   0x000000b6   Code   RO          890    .text.OSTimeDly     lto-llvm-a5b69f.o
    0x0800e51a   0x0800e51a   0x00000002   PAD
    0x0800e51c   0x0800e51c   0x0000011c   Code   RO          908    .text.OSTimeTick    lto-llvm-a5b69f.o
    0x0800e638   0x0800e638   0x00000030   Code   RO          820    .text.OSTimeTickHook  lto-llvm-a5b69f.o
    0x0800e668   0x0800e668   0x0000001a   Code   RO          924    .text.OSTmrSignal   lto-llvm-a5b69f.o
    0x0800e682   0x0800e682   0x00000002   PAD
    0x0800e684   0x0800e684   0x0000011a   Code   RO          854    .text.OSTmr_Init    lto-llvm-a5b69f.o
    0x0800e79e   0x0800e79e   0x00000002   PAD
    0x0800e7a0   0x0800e7a0   0x0000003e   Code   RO          860    .text.OSTmr_InitTask  lto-llvm-a5b69f.o
    0x0800e7de   0x0800e7de   0x00000002   PAD
    0x0800e7e0   0x0800e7e0   0x000000e0   Code   RO          878    .text.OSTmr_Link    lto-llvm-a5b69f.o
    0x0800e8c0   0x0800e8c0   0x000000ce   Code   RO          862    .text.OSTmr_Task    lto-llvm-a5b69f.o
    0x0800e98e   0x0800e98e   0x00000002   PAD
    0x0800e990   0x0800e990   0x000000a2   Code   RO          876    .text.OSTmr_Unlink  lto-llvm-a5b69f.o
    0x0800ea32   0x0800ea32   0x00000002   PAD
    0x0800ea34   0x0800ea34   0x000000e4   Code   RO          912    .text.OS_EventTaskRdy  lto-llvm-a5b69f.o
    0x0800eb18   0x0800eb18   0x00000050   Code   RO          884    .text.OS_EventTaskRemove  lto-llvm-a5b69f.o
    0x0800eb68   0x0800eb68   0x0000007a   Code   RO          830    .text.OS_EventTaskRemoveMulti  lto-llvm-a5b69f.o
    0x0800ebe2   0x0800ebe2   0x00000002   PAD
    0x0800ebe4   0x0800ebe4   0x00000086   Code   RO          882    .text.OS_EventTaskWait  lto-llvm-a5b69f.o
    0x0800ec6a   0x0800ec6a   0x00000002   PAD
    0x0800ec6c   0x0800ec6c   0x00000038   Code   RO          886    .text.OS_EventWaitListInit  lto-llvm-a5b69f.o
    0x0800eca4   0x0800eca4   0x0000009c   Code   RO          844    .text.OS_FlagInit   lto-llvm-a5b69f.o
    0x0800ed40   0x0800ed40   0x00000058   Code   RO          914    .text.OS_FlagUnlink  lto-llvm-a5b69f.o
    0x0800ed98   0x0800ed98   0x000000b2   Code   RO          842    .text.OS_InitEventList  lto-llvm-a5b69f.o
    0x0800ee4a   0x0800ee4a   0x00000002   PAD
    0x0800ee4c   0x0800ee4c   0x00000068   Code   RO          836    .text.OS_InitMisc   lto-llvm-a5b69f.o
    0x0800eeb4   0x0800eeb4   0x0000006a   Code   RO          838    .text.OS_InitRdyList  lto-llvm-a5b69f.o
    0x0800ef1e   0x0800ef1e   0x00000002   PAD
    0x0800ef20   0x0800ef20   0x000000bc   Code   RO          840    .text.OS_InitTCBList  lto-llvm-a5b69f.o
    0x0800efdc   0x0800efdc   0x0000003e   Code   RO          850    .text.OS_InitTaskIdle  lto-llvm-a5b69f.o
    0x0800f01a   0x0800f01a   0x00000002   PAD
    0x0800f01c   0x0800f01c   0x0000003e   Code   RO          852    .text.OS_InitTaskStat  lto-llvm-a5b69f.o
    0x0800f05a   0x0800f05a   0x00000002   PAD
    0x0800f05c   0x0800f05c   0x0000002c   Code   RO          856    .text.OS_MemClr     lto-llvm-a5b69f.o
    0x0800f088   0x0800f088   0x00000092   Code   RO          846    .text.OS_MemInit    lto-llvm-a5b69f.o
    0x0800f11a   0x0800f11a   0x00000002   PAD
    0x0800f11c   0x0800f11c   0x00000086   Code   RO          848    .text.OS_QInit      lto-llvm-a5b69f.o
    0x0800f1a2   0x0800f1a2   0x00000002   PAD
    0x0800f1a4   0x0800f1a4   0x0000009c   Code   RO          828    .text.OS_Sched      lto-llvm-a5b69f.o
    0x0800f240   0x0800f240   0x0000003c   Code   RO          832    .text.OS_SchedNew   lto-llvm-a5b69f.o
    0x0800f27c   0x0800f27c   0x0000021a   Code   RO          870    .text.OS_TCBInit    lto-llvm-a5b69f.o
    0x0800f496   0x0800f496   0x00000002   PAD
    0x0800f498   0x0800f498   0x00000034   Code   RO          898    .text.OS_TaskIdle   lto-llvm-a5b69f.o
    0x0800f4cc   0x0800f4cc   0x00000018   Code   RO          922    .text.OS_TaskReturn  lto-llvm-a5b69f.o
    0x0800f4e4   0x0800f4e4   0x0000014e   Code   RO          888    .text.OS_TaskStat   lto-llvm-a5b69f.o
    0x0800f632   0x0800f632   0x00000002   PAD
    0x0800f634   0x0800f634   0x00000076   Code   RO          894    .text.OS_TaskStatStkChk  lto-llvm-a5b69f.o
    0x0800f6aa   0x0800f6aa   0x00000002   PAD
    0x0800f6ac   0x0800f6ac   0x00000042   Code   RO          868    .text.OS_TaskStkClr  lto-llvm-a5b69f.o
    0x0800f6ee   0x0800f6ee   0x00000002   PAD
    0x0800f6f0   0x0800f6f0   0x00000136   Code   RO          506    .text.PID_Calculate  lto-llvm-a5b69f.o
    0x0800f826   0x0800f826   0x00000002   PAD
    0x0800f828   0x0800f828   0x000000f0   Code   RO          500    .text.PID_Init      lto-llvm-a5b69f.o
    0x0800f918   0x0800f918   0x0000004c   Code   RO          504    .text.PID_Reset     lto-llvm-a5b69f.o
    0x0800f964   0x0800f964   0x00000080   Code   RO          498    .text.PID_Type_Init  lto-llvm-a5b69f.o
    0x0800f9e4   0x0800f9e4   0x00000012   Code   RO          502    .text.PID_Type_Reset  lto-llvm-a5b69f.o
    0x0800f9f6   0x0800f9f6   0x00000002   PAD
    0x0800f9f8   0x0800f9f8   0x00000238   Code   RO          508    .text.PID_Upadte    lto-llvm-a5b69f.o
    0x0800fc30   0x0800fc30   0x00000258   Code   RO          516    .text.POS_Update    lto-llvm-a5b69f.o
    0x0800fe88   0x0800fe88   0x00000034   Code   RO          510    .text.PWM_TO_ANGLE  lto-llvm-a5b69f.o
    0x0800febc   0x0800febc   0x00000038   Code   RO          512    .text.PWM_TO_RATE   lto-llvm-a5b69f.o
    0x0800fef4   0x0800fef4   0x00000098   Code   RO          514    .text.PWM_TO_SPEED  lto-llvm-a5b69f.o
    0x0800ff8c   0x0800ff8c   0x00000100   Code   RO          494    .text.QToEuler      lto-llvm-a5b69f.o
    0x0801008c   0x0801008c   0x00000060   Code   RO          430    .text.REMOTE_Init   lto-llvm-a5b69f.o
    0x080100ec   0x080100ec   0x00000024   Code   RO          476    .text.SENSOR_Init   lto-llvm-a5b69f.o
    0x08010110   0x08010110   0x0000003c   Code   RO          450    .text.SENSOR_ReadBytes  lto-llvm-a5b69f.o
    0x0801014c   0x0801014c   0x00000042   Code   RO          440    .text.SENSOR_RegReadBytes  lto-llvm-a5b69f.o
    0x0801018e   0x0801018e   0x00000002   PAD
    0x08010190   0x08010190   0x0000003c   Code   RO          464    .text.SENSOR_RegWriteByte  lto-llvm-a5b69f.o
    0x080101cc   0x080101cc   0x00000214   Code   RO          478    .text.SENSOR_Update  lto-llvm-a5b69f.o
    0x080103e0   0x080103e0   0x00000038   Code   RO          448    .text.SENSOR_WriteByte  lto-llvm-a5b69f.o
    0x08010418   0x08010418   0x00000070   Code   RO          368    .text.START_Task    lto-llvm-a5b69f.o
    0x08010488   0x08010488   0x00000002   Code   RO          562    .text.SVC_Handler   lto-llvm-a5b69f.o
    0x0801048a   0x0801048a   0x00000002   PAD
    0x0801048c   0x0801048c   0x00000050   Code   RO          480    .text.SYS_Init      lto-llvm-a5b69f.o
    0x080104dc   0x080104dc   0x00000052   Code   RO          782    .text.SysTick_Config  lto-llvm-a5b69f.o
    0x0801052e   0x0801052e   0x00000002   PAD
    0x08010530   0x08010530   0x0000002a   Code   RO          822    .text.SysTick_Handler  lto-llvm-a5b69f.o
    0x0801055a   0x0801055a   0x00000002   PAD
    0x0801055c   0x0801055c   0x000000b2   Code   RO          482    .text.SystemClock_Config  lto-llvm-a5b69f.o
    0x0801060e   0x0801060e   0x00000002   PAD
    0x08010610   0x08010610   0x00000012   Code   RO          570    .text.SystemInit    lto-llvm-a5b69f.o
    0x08010622   0x08010622   0x00000002   PAD
    0x08010624   0x08010624   0x000000d8   Code   RO          432    .text.TIM1_CC_IRQHandler  lto-llvm-a5b69f.o
    0x080106fc   0x080106fc   0x00000084   Code   RO          436    .text.TIM1_UP_TIM10_IRQHandler  lto-llvm-a5b69f.o
    0x08010780   0x08010780   0x0000018c   Code   RO          438    .text.TIM2_IRQHandler  lto-llvm-a5b69f.o
    0x0801090c   0x0801090c   0x0000013a   Code   RO          658    .text.TIM_Base_SetConfig  lto-llvm-a5b69f.o
    0x08010a46   0x08010a46   0x00000002   PAD
    0x08010a48   0x08010a48   0x00000326   Code   RO          434    .text.TIM_CC_Handler  lto-llvm-a5b69f.o
    0x08010d6e   0x08010d6e   0x00000002   PAD
    0x08010d70   0x08010d70   0x00000102   Code   RO          662    .text.TIM_CCxChannelCmd  lto-llvm-a5b69f.o
    0x08010e72   0x08010e72   0x00000002   PAD
    0x08010e74   0x08010e74   0x00000034   Code   RO          706    .text.TIM_ETR_SetConfig  lto-llvm-a5b69f.o
    0x08010ea8   0x08010ea8   0x0000002a   Code   RO          712    .text.TIM_ITRx_SetConfig  lto-llvm-a5b69f.o
    0x08010ed2   0x08010ed2   0x00000002   PAD
    0x08010ed4   0x08010ed4   0x00000142   Code   RO          686    .text.TIM_OC1_SetConfig  lto-llvm-a5b69f.o
    0x08011016   0x08011016   0x00000002   PAD
    0x08011018   0x08011018   0x0000014c   Code   RO          688    .text.TIM_OC2_SetConfig  lto-llvm-a5b69f.o
    0x08011164   0x08011164   0x0000014a   Code   RO          690    .text.TIM_OC3_SetConfig  lto-llvm-a5b69f.o
    0x080112ae   0x080112ae   0x00000002   PAD
    0x080112b0   0x080112b0   0x000000be   Code   RO          692    .text.TIM_OC4_SetConfig  lto-llvm-a5b69f.o
    0x0801136e   0x0801136e   0x00000002   PAD
    0x08011370   0x08011370   0x00000050   Code   RO          710    .text.TIM_TI1_ConfigInputStage  lto-llvm-a5b69f.o
    0x080113c0   0x080113c0   0x000000e0   Code   RO          696    .text.TIM_TI1_SetConfig  lto-llvm-a5b69f.o
    0x080114a0   0x080114a0   0x00000052   Code   RO          714    .text.TIM_TI2_ConfigInputStage  lto-llvm-a5b69f.o
    0x080114f2   0x080114f2   0x00000002   PAD
    0x080114f4   0x080114f4   0x0000006c   Code   RO          698    .text.TIM_TI2_SetConfig  lto-llvm-a5b69f.o
    0x08011560   0x08011560   0x0000006a   Code   RO          700    .text.TIM_TI3_SetConfig  lto-llvm-a5b69f.o
    0x080115ca   0x080115ca   0x00000002   PAD
    0x080115cc   0x080115cc   0x0000006c   Code   RO          702    .text.TIM_TI4_SetConfig  lto-llvm-a5b69f.o
    0x08011638   0x08011638   0x00000020   Code   RO          758    .text.UART_DMAAbortOnError  lto-llvm-a5b69f.o
    0x08011658   0x08011658   0x0000007c   Code   RO          738    .text.UART_DMAError  lto-llvm-a5b69f.o
    0x080116d4   0x080116d4   0x0000007a   Code   RO          734    .text.UART_DMATransmitCplt  lto-llvm-a5b69f.o
    0x0801174e   0x0801174e   0x00000002   PAD
    0x08011750   0x08011750   0x00000016   Code   RO          736    .text.UART_DMATxHalfCplt  lto-llvm-a5b69f.o
    0x08011766   0x08011766   0x00000002   PAD
    0x08011768   0x08011768   0x00000094   Code   RO          742    .text.UART_EndRxTransfer  lto-llvm-a5b69f.o
    0x080117fc   0x080117fc   0x00000024   Code   RO          762    .text.UART_EndTransmit_IT  lto-llvm-a5b69f.o
    0x08011820   0x08011820   0x00000036   Code   RO          740    .text.UART_EndTxTransfer  lto-llvm-a5b69f.o
    0x08011856   0x08011856   0x00000002   PAD
    0x08011858   0x08011858   0x00000160   Code   RO          756    .text.UART_Receive_IT  lto-llvm-a5b69f.o
    0x080119b8   0x080119b8   0x000001d8   Code   RO          726    .text.UART_SetConfig  lto-llvm-a5b69f.o
    0x08011b90   0x08011b90   0x00000090   Code   RO          760    .text.UART_Transmit_IT  lto-llvm-a5b69f.o
    0x08011c20   0x08011c20   0x000000d2   Code   RO          730    .text.UART_WaitOnFlagUntilTimeout  lto-llvm-a5b69f.o
    0x08011cf2   0x08011cf2   0x00000002   PAD
    0x08011cf4   0x08011cf4   0x00000096   Code   RO          408    .text.USART2_IRQHandler  lto-llvm-a5b69f.o
    0x08011d8a   0x08011d8a   0x00000002   PAD
    0x08011d8c   0x08011d8c   0x00000004   Code   RO          560    .text.UsageFault_Handler  lto-llvm-a5b69f.o
    0x08011d90   0x08011d90   0x00000032   Code   RO          778    .text.__NVIC_EnableIRQ  lto-llvm-a5b69f.o
    0x08011dc2   0x08011dc2   0x00000002   PAD
    0x08011dc4   0x08011dc4   0x00000010   Code   RO          770    .text.__NVIC_GetPriorityGrouping  lto-llvm-a5b69f.o
    0x08011dd4   0x08011dd4   0x00000042   Code   RO          774    .text.__NVIC_SetPriority  lto-llvm-a5b69f.o
    0x08011e16   0x08011e16   0x00000002   PAD
    0x08011e18   0x08011e18   0x0000003c   Code   RO          766    .text.__NVIC_SetPriorityGrouping  lto-llvm-a5b69f.o
    0x08011e54   0x08011e54   0x00000078   Code   RO          378    .text.ano_addcheck  lto-llvm-a5b69f.o
    0x08011ecc   0x08011ecc   0x0000008e   Code   RO          400    .text.ano_check     lto-llvm-a5b69f.o
    0x08011f5a   0x08011f5a   0x00000002   PAD
    0x08011f5c   0x08011f5c   0x0000001c   Code   RO          488    .text.assert_failed  lto-llvm-a5b69f.o
    0x08011f78   0x08011f78   0x00000076   Code   RO          416    .text.biquadFilterApply  lto-llvm-a5b69f.o
    0x08011fee   0x08011fee   0x00000002   PAD
    0x08011ff0   0x08011ff0   0x000001a0   Code   RO          418    .text.biquadFilterInit  lto-llvm-a5b69f.o
    0x08012190   0x08012190   0x000000a8   Code   RO          412    .text.deadBandApply  lto-llvm-a5b69f.o
    0x08012238   0x08012238   0x00000018   Code   RO          486    .text.fputc         lto-llvm-a5b69f.o
    0x08012250   0x08012250   0x0000004e   Code   RO          410    .text.limitApply    lto-llvm-a5b69f.o
    0x0801229e   0x0801229e   0x00000002   PAD
    0x080122a0   0x080122a0   0x00000016   Code   RO          366    .text.main          lto-llvm-a5b69f.o
    0x080122b6   0x080122b6   0x00000002   PAD
    0x080122b8   0x080122b8   0x000000e0   Code   RO          414    .text.slidingFilterApply  lto-llvm-a5b69f.o
    0x08012398   0x08012398   0x00000020   Code   RO          264    i.__0printf         mc_w.l(printfa.o)
    0x080123b8   0x080123b8   0x00000026   Code   RO          291    i.__ARM_fpclassifyf  m_wm.l(fpclassifyf.o)
    0x080123de   0x080123de   0x00000002   PAD
    0x080123e0   0x080123e0   0x0000012c   Code   RO          235    i.__hardfp_asinf    m_wm.l(asinf.o)
    0x0801250c   0x0801250c   0x000002ac   Code   RO          241    i.__hardfp_atan2f   m_wm.l(atan2f.o)
    0x080127b8   0x080127b8   0x00000664   Code   RO          247    i.__hardfp_powf     m_wm.l(powf.o)
    0x08012e1c   0x08012e1c   0x0000003a   Code   RO          254    i.__hardfp_sqrtf    m_wm.l(sqrtf.o)
    0x08012e56   0x08012e56   0x00000002   PAD
    0x08012e58   0x08012e58   0x00000014   Code   RO          293    i.__mathlib_flt_divzero  m_wm.l(funder.o)
    0x08012e6c   0x08012e6c   0x00000006   Code   RO          294    i.__mathlib_flt_infnan  m_wm.l(funder.o)
    0x08012e72   0x08012e72   0x00000006   Code   RO          295    i.__mathlib_flt_infnan2  m_wm.l(funder.o)
    0x08012e78   0x08012e78   0x00000010   Code   RO          296    i.__mathlib_flt_invalid  m_wm.l(funder.o)
    0x08012e88   0x08012e88   0x00000010   Code   RO          297    i.__mathlib_flt_overflow  m_wm.l(funder.o)
    0x08012e98   0x08012e98   0x00000010   Code   RO          299    i.__mathlib_flt_underflow  m_wm.l(funder.o)
    0x08012ea8   0x08012ea8   0x0000000e   Code   RO          960    i.__scatterload_copy  mc_w.l(handlers.o)
    0x08012eb6   0x08012eb6   0x00000002   Code   RO          961    i.__scatterload_null  mc_w.l(handlers.o)
    0x08012eb8   0x08012eb8   0x0000000e   Code   RO          962    i.__scatterload_zeroinit  mc_w.l(handlers.o)
    0x08012ec6   0x08012ec6   0x00000002   PAD
    0x08012ec8   0x08012ec8   0x0000000c   Code   RO          337    i.__set_errno       mc_w.l(errno.o)
    0x08012ed4   0x08012ed4   0x00000184   Code   RO          271    i._fp_digits        mc_w.l(printfa.o)
    0x08013058   0x08013058   0x000006dc   Code   RO          272    i._printf_core      mc_w.l(printfa.o)
    0x08013734   0x08013734   0x00000024   Code   RO          273    i._printf_post_padding  mc_w.l(printfa.o)
    0x08013758   0x08013758   0x0000002e   Code   RO          274    i._printf_pre_padding  mc_w.l(printfa.o)
    0x08013786   0x08013786   0x0000003e   Code   RO          256    i.sqrtf             m_wm.l(sqrtf.o)
    0x080137c4   0x080137c4   0x00000804   Data   RO          212    .constdata          arm_cortexM4lf_math.lib(arm_common_tables.o)
    0x08013fc8   0x08013fc8   0x00000140   Data   RO          250    .constdata          m_wm.l(powf.o)
    0x08014108   0x08014108   0x000001b6   Data   RO          929    .rodata             lto-llvm-a5b69f.o
    0x080142be   0x080142be   0x00000010   Data   RO          931    .rodata.cst16       lto-llvm-a5b69f.o
    0x080142ce   0x080142ce   0x00000010   Data   RO          932    .rodata.cst8        lto-llvm-a5b69f.o
    0x080142de   0x080142de   0x000003f3   Data   RO          928    .rodata.str1.1      lto-llvm-a5b69f.o
    0x080146d1   0x080146d1   0x00000003   PAD
    0x080146d4   0x080146d4   0x00000020   Data   RO          959    Region$$Table       anon$$obj.o


    Execution Region RW_IRAM1 (Exec base: 0x20000000, Load base: 0x080146f8, Size: 0x00003000, Max: 0x00018000, ABSOLUTE, COMPRESSED[0x00000050])

    Exec Addr    Load Addr    Size         Type   Attr      Idx    E Section Name        Object

    0x20000000   COMPRESSED   0x00000004   Data   RW          321    .data               mc_w.l(stdout.o)
    0x20000004   COMPRESSED   0x00000004   Data   RW          338    .data               mc_w.l(errno.o)
    0x20000008   COMPRESSED   0x00000204   Data   RW          930    .data               lto-llvm-a5b69f.o
    0x2000020c   COMPRESSED   0x00000004   PAD
    0x20000210        -       0x000029ec   Zero   RW          926    .bss                lto-llvm-a5b69f.o
    0x20002bfc   COMPRESSED   0x00000004   PAD
    0x20002c00        -       0x00000400   Zero   RW           19    STACK               startup_stm32f401xe.o


==============================================================================

Image component sizes


      Code (inc. data)   RO Data    RW Data    ZI Data      Debug   Object Name

     71272        302       1481        516      10732     132466   lto-llvm-a5b69f.o
       308         34          0          0          0        316   os_cpu_a.o
        36          8        404          0       1024        828   startup_stm32f401xe.o

    ----------------------------------------------------------------------
     71844        344       1920        516      11764     133610   Object Totals
         0          0         32          0          0          0   (incl. Generated)
       228          0          3          0          8          0   (incl. Padding)

    ----------------------------------------------------------------------

      Code (inc. data)   RO Data    RW Data    ZI Data      Debug   Library Member Name

         0          0       2052          0          0       4704   arm_common_tables.o
       120         12          0          0          0      18614   arm_cos_f32.o
       236          4          0          0          0      14626   arm_rms_f32.o
       148         18          0          0          0        814   arm_sin_f32.o
       300         42          0          0          0        176   asinf.o
       684         90          0          0          0        208   atan2f.o
        38          0          0          0          0        116   fpclassifyf.o
        80         24          0          0          0        696   funder.o
      1636        110        320          0          0        372   powf.o
       120          0          0          0          0        272   sqrtf.o
        58          0          0          0          0          0   __dczerorl.o
         0          0          0          0          0          0   entry.o
         0          0          0          0          0          0   entry10a.o
         0          0          0          0          0          0   entry11a.o
         8          4          0          0          0          0   entry2.o
         4          0          0          0          0          0   entry5.o
         0          0          0          0          0          0   entry7b.o
         0          0          0          0          0          0   entry8b.o
         8          4          0          0          0          0   entry9a.o
        12          6          0          4          0         68   errno.o
        30          0          0          0          0          0   handlers.o
        36          8          0          0          0         68   init.o
         0          0          0          0          0          0   iusefp.o
        98          0          0          0          0         84   ldiv.o
        30          0          0          0          0         68   llshl.o
        36          0          0          0          0         68   llsshr.o
        32          0          0          0          0         68   llushr.o
        36          0          0          0          0         68   memcpya.o
        36          0          0          0          0        108   memseta.o
      2258         90          0          0          0        452   printfa.o
         0          0          0          4          0          0   stdout.o
        44          0          0          0          0         80   uidiv.o
        98          0          0          0          0         92   uldiv.o
        48          0          0          0          0         68   cdrcmple.o
        56          0          0          0          0         88   d2f.o
       334          0          0          0          0        148   dadd.o
       222          0          0          0          0        100   ddiv.o
       186          0          0          0          0        176   depilogue.o
        62          0          0          0          0         80   dfixi.o
        48          0          0          0          0         68   dfixul.o
        34          0          0          0          0         76   dflti.o
       228          0          0          0          0         96   dmul.o
        38          0          0          0          0         68   f2d.o
       110          0          0          0          0        168   fepilogue.o
         4          0          0          0          0         68   fpstat.o

    ----------------------------------------------------------------------
      7564        412       2372          8          0      43026   Library Totals
         8          0          0          0          0          0   (incl. Padding)

    ----------------------------------------------------------------------

      Code (inc. data)   RO Data    RW Data    ZI Data      Debug   Library Name

       504         34       2052          0          0      38758   arm_cortexM4lf_math.lib
      2858        266        320          0          0       1840   m_wm.l
      2824        112          0          8          0       1224   mc_w.l
      1370          0          0          0          0       1204   mf_w.l

    ----------------------------------------------------------------------
      7564        412       2372          8          0      43026   Library Totals

    ----------------------------------------------------------------------

==============================================================================


      Code (inc. data)   RO Data    RW Data    ZI Data      Debug   

     79408        756       4292        524      11764     174472   Grand Totals
     79408        756       4292         80      11764     174472   ELF Image Totals (compressed)
     79408        756       4292         80          0          0   ROM Totals

==============================================================================

    Total RO  Size (Code + RO Data)                83700 (  81.74kB)
    Total RW  Size (RW Data + ZI Data)             12288 (  12.00kB)
    Total ROM Size (Code + RO Data + RW Data)      83780 (  81.82kB)

==============================================================================

