Component: ARM Compiler 6.16 Tool: armlink [5dfeaa00]

==============================================================================

Section Cross References

    startup_stm32f401xe.o(RESET) refers to startup_stm32f401xe.o(STACK) for __initial_sp
    startup_stm32f401xe.o(RESET) refers to startup_stm32f401xe.o(.text) for Reset_Handler
    startup_stm32f401xe.o(RESET) refers to lto-llvm-8dbb6b.o(.text.NMI_Handler) for NMI_Handler
    startup_stm32f401xe.o(RESET) refers to lto-llvm-8dbb6b.o(.text.HardFault_Handler) for HardFault_Handler
    startup_stm32f401xe.o(RESET) refers to lto-llvm-8dbb6b.o(.text.MemManage_Handler) for MemManage_Handler
    startup_stm32f401xe.o(RESET) refers to lto-llvm-8dbb6b.o(.text.BusFault_Handler) for BusFault_Handler
    startup_stm32f401xe.o(RESET) refers to lto-llvm-8dbb6b.o(.text.UsageFault_Handler) for UsageFault_Handler
    startup_stm32f401xe.o(RESET) refers to lto-llvm-8dbb6b.o(.text.SVC_Handler) for SVC_Handler
    startup_stm32f401xe.o(RESET) refers to lto-llvm-8dbb6b.o(.text.DebugMon_Handler) for DebugMon_Handler
    startup_stm32f401xe.o(RESET) refers to os_cpu_a.o(.text) for PendSV_Handler
    startup_stm32f401xe.o(RESET) refers to lto-llvm-8dbb6b.o(.text.SysTick_Handler) for SysTick_Handler
    startup_stm32f401xe.o(RESET) refers to lto-llvm-8dbb6b.o(.text.DMA1_Stream6_IRQHandler) for DMA1_Stream6_IRQHandler
    startup_stm32f401xe.o(RESET) refers to lto-llvm-8dbb6b.o(.text.TIM1_UP_TIM10_IRQHandler) for TIM1_UP_TIM10_IRQHandler
    startup_stm32f401xe.o(RESET) refers to lto-llvm-8dbb6b.o(.text.TIM1_CC_IRQHandler) for TIM1_CC_IRQHandler
    startup_stm32f401xe.o(RESET) refers to lto-llvm-8dbb6b.o(.text.TIM2_IRQHandler) for TIM2_IRQHandler
    startup_stm32f401xe.o(RESET) refers to lto-llvm-8dbb6b.o(.text.USART2_IRQHandler) for USART2_IRQHandler
    startup_stm32f401xe.o(.text) refers to lto-llvm-8dbb6b.o(.text.SystemInit) for SystemInit
    startup_stm32f401xe.o(.text) refers to entry.o(.ARM.Collect$$$$00000000) for __main
    os_cpu_a.o(.text) refers to lto-llvm-8dbb6b.o(.bss) for OS_KA_BASEPRI_Boundary
    os_cpu_a.o(.text) refers to lto-llvm-8dbb6b.o(.text.OSTaskSwHook) for OSTaskSwHook
    arm_cos_f32.o(.text) refers to arm_common_tables.o(.constdata) for sinTable_f32
    arm_sin_f32.o(.text) refers to arm_common_tables.o(.constdata) for sinTable_f32
    asinf.o(i.__hardfp_asinf) refers (Special) to iusefp.o(.text) for __I$use$fp
    asinf.o(i.__hardfp_asinf) refers to sqrtf.o(i.sqrtf) for sqrtf
    asinf.o(i.__hardfp_asinf) refers to fpclassifyf.o(i.__ARM_fpclassifyf) for __ARM_fpclassifyf
    asinf.o(i.__hardfp_asinf) refers to funder.o(i.__mathlib_flt_underflow) for __mathlib_flt_underflow
    asinf.o(i.__hardfp_asinf) refers to funder.o(i.__mathlib_flt_infnan) for __mathlib_flt_infnan
    asinf.o(i.__hardfp_asinf) refers to errno.o(i.__set_errno) for __set_errno
    asinf.o(i.__hardfp_asinf) refers to funder.o(i.__mathlib_flt_invalid) for __mathlib_flt_invalid
    asinf.o(i.__softfp_asinf) refers (Special) to iusefp.o(.text) for __I$use$fp
    asinf.o(i.__softfp_asinf) refers to asinf.o(i.__hardfp_asinf) for __hardfp_asinf
    asinf.o(i.asinf) refers (Special) to iusefp.o(.text) for __I$use$fp
    asinf.o(i.asinf) refers to asinf.o(i.__hardfp_asinf) for __hardfp_asinf
    atan2f.o(i.__hardfp_atan2f) refers (Special) to iusefp.o(.text) for __I$use$fp
    atan2f.o(i.__hardfp_atan2f) refers to fpclassifyf.o(i.__ARM_fpclassifyf) for __ARM_fpclassifyf
    atan2f.o(i.__hardfp_atan2f) refers to funder.o(i.__mathlib_flt_underflow) for __mathlib_flt_underflow
    atan2f.o(i.__hardfp_atan2f) refers to errno.o(i.__set_errno) for __set_errno
    atan2f.o(i.__hardfp_atan2f) refers to funder.o(i.__mathlib_flt_infnan2) for __mathlib_flt_infnan2
    atan2f.o(i.__softfp_atan2f) refers (Special) to iusefp.o(.text) for __I$use$fp
    atan2f.o(i.__softfp_atan2f) refers to atan2f.o(i.__hardfp_atan2f) for __hardfp_atan2f
    atan2f.o(i.atan2f) refers (Special) to iusefp.o(.text) for __I$use$fp
    atan2f.o(i.atan2f) refers to atan2f.o(i.__hardfp_atan2f) for __hardfp_atan2f
    powf.o(i.__hardfp_powf) refers (Special) to iusefp.o(.text) for __I$use$fp
    powf.o(i.__hardfp_powf) refers to fpstat.o(.text) for __ieee_status
    powf.o(i.__hardfp_powf) refers to errno.o(i.__set_errno) for __set_errno
    powf.o(i.__hardfp_powf) refers to funder.o(i.__mathlib_flt_overflow) for __mathlib_flt_overflow
    powf.o(i.__hardfp_powf) refers to fpclassifyf.o(i.__ARM_fpclassifyf) for __ARM_fpclassifyf
    powf.o(i.__hardfp_powf) refers to funder.o(i.__mathlib_flt_underflow) for __mathlib_flt_underflow
    powf.o(i.__hardfp_powf) refers to funder.o(i.__mathlib_flt_invalid) for __mathlib_flt_invalid
    powf.o(i.__hardfp_powf) refers to powf.o(.constdata) for .constdata
    powf.o(i.__hardfp_powf) refers to funder.o(i.__mathlib_flt_infnan2) for __mathlib_flt_infnan2
    powf.o(i.__hardfp_powf) refers to funder.o(i.__mathlib_flt_divzero) for __mathlib_flt_divzero
[...]
    [Anonymous Symbol]                       0x080112d4   Section        0  lto-llvm-8dbb6b.o(.text.USART2_IRQHandler)
    [Anonymous Symbol]                       0x0801136c   Section        0  lto-llvm-8dbb6b.o(.text.UsageFault_Handler)
    __NVIC_EnableIRQ                         0x08011371   Thumb Code    50  lto-llvm-8dbb6b.o(.text.__NVIC_EnableIRQ)
    [Anonymous Symbol]                       0x08011370   Section        0  lto-llvm-8dbb6b.o(.text.__NVIC_EnableIRQ)
    __NVIC_GetPriorityGrouping               0x080113a5   Thumb Code    16  lto-llvm-8dbb6b.o(.text.__NVIC_GetPriorityGrouping)
    [Anonymous Symbol]                       0x080113a4   Section        0  lto-llvm-8dbb6b.o(.text.__NVIC_GetPriorityGrouping)
    __NVIC_SetPriority                       0x080113b5   Thumb Code    66  lto-llvm-8dbb6b.o(.text.__NVIC_SetPriority)
    [Anonymous Symbol]                       0x080113b4   Section        0  lto-llvm-8dbb6b.o(.text.__NVIC_SetPriority)
    __NVIC_SetPriorityGrouping               0x080113f9   Thumb Code    60  lto-llvm-8dbb6b.o(.text.__NVIC_SetPriorityGrouping)
    [Anonymous Symbol]                       0x080113f8   Section        0  lto-llvm-8dbb6b.o(.text.__NVIC_SetPriorityGrouping)
    ano_addcheck                             0x08011435   Thumb Code   120  lto-llvm-8dbb6b.o(.text.ano_addcheck)
    [Anonymous Symbol]                       0x08011434   Section        0  lto-llvm-8dbb6b.o(.text.ano_addcheck)
    ano_check                                0x080114ad   Thumb Code   142  lto-llvm-8dbb6b.o(.text.ano_check)
    [Anonymous Symbol]                       0x080114ac   Section        0  lto-llvm-8dbb6b.o(.text.ano_check)
    assert_failed                            0x0801153d   Thumb Code    28  lto-llvm-8dbb6b.o(.text.assert_failed)
    [Anonymous Symbol]                       0x0801153c   Section        0  lto-llvm-8dbb6b.o(.text.assert_failed)
    biquadFilterApply                        0x08011559   Thumb Code   118  lto-llvm-8dbb6b.o(.text.biquadFilterApply)
    [Anonymous Symbol]                       0x08011558   Section        0  lto-llvm-8dbb6b.o(.text.biquadFilterApply)
    biquadFilterInit                         0x080115d1   Thumb Code   416  lto-llvm-8dbb6b.o(.text.biquadFilterInit)
    [Anonymous Symbol]                       0x080115d0   Section        0  lto-llvm-8dbb6b.o(.text.biquadFilterInit)
    biquadFilterInitLPF                      0x08011771   Thumb Code    48  lto-llvm-8dbb6b.o(.text.biquadFilterInitLPF)
    [Anonymous Symbol]                       0x08011770   Section        0  lto-llvm-8dbb6b.o(.text.biquadFilterInitLPF)
    [Anonymous Symbol]                       0x080117a0   Section        0  lto-llvm-8dbb6b.o(.text.fputc)
    [Anonymous Symbol]                       0x080117bc   Section        0  lto-llvm-8dbb6b.o(.text.main)
    i.__0printf                              0x080117d4   Section        0  printfa.o(i.__0printf)
    i.__ARM_fpclassifyf                      0x080117f4   Section        0  fpclassifyf.o(i.__ARM_fpclassifyf)
    i.__hardfp_asinf                         0x0801181c   Section        0  asinf.o(i.__hardfp_asinf)
    i.__hardfp_atan2f                        0x08011948   Section        0  atan2f.o(i.__hardfp_atan2f)
    i.__hardfp_powf                          0x08011bf4   Section        0  powf.o(i.__hardfp_powf)
    i.__hardfp_sqrtf                         0x08012258   Section        0  sqrtf.o(i.__hardfp_sqrtf)
    i.__mathlib_flt_divzero                  0x08012294   Section        0  funder.o(i.__mathlib_flt_divzero)
    i.__mathlib_flt_infnan                   0x080122a8   Section        0  funder.o(i.__mathlib_flt_infnan)
    i.__mathlib_flt_infnan2                  0x080122ae   Section        0  funder.o(i.__mathlib_flt_infnan2)
    i.__mathlib_flt_invalid                  0x080122b4   Section        0  funder.o(i.__mathlib_flt_invalid)
    i.__mathlib_flt_overflow                 0x080122c4   Section        0  funder.o(i.__mathlib_flt_overflow)
    i.__mathlib_flt_underflow                0x080122d4   Section        0  funder.o(i.__mathlib_flt_underflow)
    i.__scatterload_copy                     0x080122e4   Section       14  handlers.o(i.__scatterload_copy)
    i.__scatterload_null                     0x080122f2   Section        2  handlers.o(i.__scatterload_null)
    i.__scatterload_zeroinit                 0x080122f4   Section       14  handlers.o(i.__scatterload_zeroinit)
    i.__set_errno                            0x08012304   Section        0  errno.o(i.__set_errno)
    _fp_digits                               0x08012311   Thumb Code   366  printfa.o(i._fp_digits)
    i._fp_digits                             0x08012310   Section        0  printfa.o(i._fp_digits)
    _printf_core                             0x08012495   Thumb Code  1744  printfa.o(i._printf_core)
    i._printf_core                           0x08012494   Section        0  printfa.o(i._printf_core)
    _printf_post_padding                     0x08012b71   Thumb Code    36  printfa.o(i._printf_post_padding)
    i._printf_post_padding                   0x08012b70   Section        0  printfa.o(i._printf_post_padding)
    _printf_pre_padding                      0x08012b95   Thumb Code    46  printfa.o(i._printf_pre_padding)
    i._printf_pre_padding                    0x08012b94   Section        0  printfa.o(i._printf_pre_padding)
    i.sqrtf                                  0x08012bc2   Section        0  sqrtf.o(i.sqrtf)
    .constdata                               0x08012c00   Section     2052  arm_common_tables.o(.constdata)
    table                                    0x08013404   Data         128  powf.o(.constdata)
    .constdata                               0x08013404   Section      320  powf.o(.constdata)
    powersof2to1over16top                    0x08013484   Data          64  powf.o(.constdata)
    powersof2to1over16bot                    0x080134c4   Data          64  powf.o(.constdata)
    powersof2to1over16all                    0x08013504   Data          64  powf.o(.constdata)
    TIM_CHANNEL                              0x08013544   Data          28  lto-llvm-8dbb6b.o(.rodata)
    [Anonymous Symbol]                       0x08013544   Section        0  lto-llvm-8dbb6b.o(.rodata)
    TIM_FLAG                                 0x08013560   Data          28  lto-llvm-8dbb6b.o(.rodata)
    .L__const.HMC_Calibration.mag_max        0x0801357c   Data           6  lto-llvm-8dbb6b.o(.rodata)
    .L__const.HMC_Calibration.mag_min        0x08013582   Data           6  lto-llvm-8dbb6b.o(.rodata)
    accelEarthBias                           0x08013588   Data          12  lto-llvm-8dbb6b.o(.rodata)
    OSDebugEn                                0x08013594   Data           2  lto-llvm-8dbb6b.o(.rodata)
    OSEndiannessTest                         0x08013598   Data           4  lto-llvm-8dbb6b.o(.rodata)
    OSEventEn                                0x0801359c   Data           2  lto-llvm-8dbb6b.o(.rodata)
    OSEventMax                               0x0801359e   Data           2  lto-llvm-8dbb6b.o(.rodata)
    OSEventNameEn                            0x080135a0   Data           2  lto-llvm-8dbb6b.o(.rodata)
    OSEventSize                              0x080135a2   Data           2  lto-llvm-8dbb6b.o(.rodata)
    OSEventTblSize                           0x080135a4   Data           2  lto-llvm-8dbb6b.o(.rodata)
    OSEventMultiEn                           0x080135a6   Data           2  lto-llvm-8dbb6b.o(.rodata)
    OSFlagEn                                 0x080135a8   Data           2  lto-llvm-8dbb6b.o(.rodata)
    OSFlagGrpSize                            0x080135aa   Data           2  lto-llvm-8dbb6b.o(.rodata)
    OSFlagNodeSize                           0x080135ac   Data           2  lto-llvm-8dbb6b.o(.rodata)
    OSFlagWidth                              0x080135ae   Data           2  lto-llvm-8dbb6b.o(.rodata)
    OSFlagMax                                0x080135b0   Data           2  lto-llvm-8dbb6b.o(.rodata)
    OSFlagNameEn                             0x080135b2   Data           2  lto-llvm-8dbb6b.o(.rodata)
    OSLowestPrio                             0x080135b4   Data           2  lto-llvm-8dbb6b.o(.rodata)
    OSMboxEn                                 0x080135b6   Data           2  lto-llvm-8dbb6b.o(.rodata)
    OSMemEn                                  0x080135b8   Data           2  lto-llvm-8dbb6b.o(.rodata)
    OSMemMax                                 0x080135ba   Data           2  lto-llvm-8dbb6b.o(.rodata)
    OSMemNameEn                              0x080135bc   Data           2  lto-llvm-8dbb6b.o(.rodata)
    OSMemSize                                0x080135be   Data           2  lto-llvm-8dbb6b.o(.rodata)
    OSMemTblSize                             0x080135c0   Data           2  lto-llvm-8dbb6b.o(.rodata)
    OSMutexEn                                0x080135c2   Data           2  lto-llvm-8dbb6b.o(.rodata)
    OSPtrSize                                0x080135c4   Data           2  lto-llvm-8dbb6b.o(.rodata)
    OSQEn                                    0x080135c6   Data           2  lto-llvm-8dbb6b.o(.rodata)
    OSQMax                                   0x080135c8   Data           2  lto-llvm-8dbb6b.o(.rodata)
    OSQSize                                  0x080135ca   Data           2  lto-llvm-8dbb6b.o(.rodata)
    OSRdyTblSize                             0x080135cc   Data           2  lto-llvm-8dbb6b.o(.rodata)
    OSSemEn                                  0x080135ce   Data           2  lto-llvm-8dbb6b.o(.rodata)
    OSStkWidth                               0x080135d0   Data           2  lto-llvm-8dbb6b.o(.rodata)
    OSTaskCreateEn                           0x080135d2   Data           2  lto-llvm-8dbb6b.o(.rodata)
    OSTaskCreateExtEn                        0x080135d4   Data           2  lto-llvm-8dbb6b.o(.rodata)
    OSTaskDelEn                              0x080135d6   Data           2  lto-llvm-8dbb6b.o(.rodata)
    OSTaskIdleStkSize                        0x080135d8   Data           2  lto-llvm-8dbb6b.o(.rodata)
    OSTaskProfileEn                          0x080135da   Data           2  lto-llvm-8dbb6b.o(.rodata)
    OSTaskMax                                0x080135dc   Data           2  lto-llvm-8dbb6b.o(.rodata)
    OSTaskNameEn                             0x080135de   Data           2  lto-llvm-8dbb6b.o(.rodata)
    OSTaskStatEn                             0x080135e0   Data           2  lto-llvm-8dbb6b.o(.rodata)
    OSTaskStatStkSize                        0x080135e2   Data           2  lto-llvm-8dbb6b.o(.rodata)
    OSTaskStatStkChkEn                       0x080135e4   Data           2  lto-llvm-8dbb6b.o(.rodata)
    OSTaskSwHookEn                           0x080135e6   Data           2  lto-llvm-8dbb6b.o(.rodata)
    OSTCBPrioTblMax                          0x080135e8   Data           2  lto-llvm-8dbb6b.o(.rodata)
    OSTCBSize                                0x080135ea   Data           2  lto-llvm-8dbb6b.o(.rodata)
    OSTicksPerSec                            0x080135ec   Data           2  lto-llvm-8dbb6b.o(.rodata)
    OSTimeTickHookEn                         0x080135ee   Data           2  lto-llvm-8dbb6b.o(.rodata)
    OSVersionNbr                             0x080135f0   Data           2  lto-llvm-8dbb6b.o(.rodata)
    OSTmrEn                                  0x080135f2   Data           2  lto-llvm-8dbb6b.o(.rodata)
    OSTmrCfgMax                              0x080135f4   Data           2  lto-llvm-8dbb6b.o(.rodata)
    OSTmrCfgNameEn                           0x080135f6   Data           2  lto-llvm-8dbb6b.o(.rodata)
    OSTmrCfgWheelSize                        0x080135f8   Data           2  lto-llvm-8dbb6b.o(.rodata)
    OSTmrCfgTicksPerSec                      0x080135fa   Data           2  lto-llvm-8dbb6b.o(.rodata)
    OSTmrSize                                0x080135fc   Data           2  lto-llvm-8dbb6b.o(.rodata)
    OSTmrTblSize                             0x080135fe   Data           2  lto-llvm-8dbb6b.o(.rodata)
    OSTmrWheelSize                           0x08013600   Data           2  lto-llvm-8dbb6b.o(.rodata)
    OSTmrWheelTblSize                        0x08013602   Data           2  lto-llvm-8dbb6b.o(.rodata)
    OSDataSize                               0x08013604   Data           2  lto-llvm-8dbb6b.o(.rodata)
    OSUnMapTbl                               0x08013606   Data         256  lto-llvm-8dbb6b.o(.rodata)
    AHBPrescTable                            0x08013706   Data          16  lto-llvm-8dbb6b.o(.rodata.cst16)
    [Anonymous Symbol]                       0x08013706   Section        0  lto-llvm-8dbb6b.o(.rodata.cst16)
    APBPrescTable                            0x08013716   Data           8  lto-llvm-8dbb6b.o(.rodata.cst8)
    [Anonymous Symbol]                       0x08013716   Section        0  lto-llvm-8dbb6b.o(.rodata.cst8)
    DMA_CalcBaseAndBitshift.flagBitshiftOffset 0x0801371e   Data           8  lto-llvm-8dbb6b.o(.rodata.cst8)
    .L.str.1.44                              0x08013726   Data          45  lto-llvm-8dbb6b.o(.rodata.str1.1)
    [Anonymous Symbol]                       0x08013726   Section        0  lto-llvm-8dbb6b.o(.rodata.str1.1)
    .L.str.14                                0x08013753   Data          14  lto-llvm-8dbb6b.o(.rodata.str1.1)
    .L.str.17                                0x08013761   Data          60  lto-llvm-8dbb6b.o(.rodata.str1.1)
    .L.str.6                                 0x0801379d   Data          44  lto-llvm-8dbb6b.o(.rodata.str1.1)
    .L.str.11                                0x080137c9   Data          20  lto-llvm-8dbb6b.o(.rodata.str1.1)
    .L.str.12                                0x080137dd   Data          20  lto-llvm-8dbb6b.o(.rodata.str1.1)
    .L.str.7                                 0x080137f1   Data          20  lto-llvm-8dbb6b.o(.rodata.str1.1)
    .L.str.1                                 0x08013805   Data          18  lto-llvm-8dbb6b.o(.rodata.str1.1)
    .L.str.2                                 0x08013817   Data          40  lto-llvm-8dbb6b.o(.rodata.str1.1)
    .L.str.10                                0x0801383f   Data          29  lto-llvm-8dbb6b.o(.rodata.str1.1)
    .L.str.18                                0x0801385c   Data          24  lto-llvm-8dbb6b.o(.rodata.str1.1)
    .L.str.19                                0x08013874   Data          24  lto-llvm-8dbb6b.o(.rodata.str1.1)
    .L.str.20                                0x0801388c   Data          24  lto-llvm-8dbb6b.o(.rodata.str1.1)
    .L.str.23                                0x080138a4   Data          23  lto-llvm-8dbb6b.o(.rodata.str1.1)
    .L.str.21                                0x080138bb   Data          25  lto-llvm-8dbb6b.o(.rodata.str1.1)
    .L.str.43                                0x080138d4   Data          19  lto-llvm-8dbb6b.o(.rodata.str1.1)
    .L.str.24                                0x080138e7   Data           9  lto-llvm-8dbb6b.o(.rodata.str1.1)
    .L.str.25                                0x080138f0   Data           9  lto-llvm-8dbb6b.o(.rodata.str1.1)
    .L.str.15                                0x080138f9   Data          14  lto-llvm-8dbb6b.o(.rodata.str1.1)
    .L.str.16                                0x08013907   Data          16  lto-llvm-8dbb6b.o(.rodata.str1.1)
    .L.str.22                                0x08013917   Data          22  lto-llvm-8dbb6b.o(.rodata.str1.1)
    .L.str.13                                0x0801392d   Data          14  lto-llvm-8dbb6b.o(.rodata.str1.1)
    .L.str                                   0x0801393b   Data          26  lto-llvm-8dbb6b.o(.rodata.str1.1)
    .L.str.223                               0x08013955   Data           2  lto-llvm-8dbb6b.o(.rodata.str1.1)
    .L.str.122                               0x08013957   Data          31  lto-llvm-8dbb6b.o(.rodata.str1.1)
    .L.str.139                               0x08013976   Data          31  lto-llvm-8dbb6b.o(.rodata.str1.1)
    .L.str.151                               0x08013995   Data          31  lto-llvm-8dbb6b.o(.rodata.str1.1)
    .L.str.110                               0x080139b4   Data          31  lto-llvm-8dbb6b.o(.rodata.str1.1)
    .L.str.161                               0x080139d3   Data          31  lto-llvm-8dbb6b.o(.rodata.str1.1)
    .L.str.134                               0x080139f2   Data          32  lto-llvm-8dbb6b.o(.rodata.str1.1)
    .L.str.193                               0x08013a12   Data          32  lto-llvm-8dbb6b.o(.rodata.str1.1)
    .L.str.180                               0x08013a32   Data          34  lto-llvm-8dbb6b.o(.rodata.str1.1)
    .L.str.202                               0x08013a54   Data          34  lto-llvm-8dbb6b.o(.rodata.str1.1)
    .L.str.3.232                             0x08013a76   Data          14  lto-llvm-8dbb6b.o(.rodata.str1.1)
    .L__const.SENSOR_Update.string           0x08013a84   Data          35  lto-llvm-8dbb6b.o(.rodata.str1.1)
    .L.str.1.224                             0x08013aa7   Data          17  lto-llvm-8dbb6b.o(.rodata.str1.1)
    .L.str.2.225                             0x08013ab8   Data          19  lto-llvm-8dbb6b.o(.rodata.str1.1)
    .L.str.5.228                             0x08013acb   Data          13  lto-llvm-8dbb6b.o(.rodata.str1.1)
    .L.str.4.229                             0x08013ad8   Data          14  lto-llvm-8dbb6b.o(.rodata.str1.1)
    .data                                    0x20000000   Section        4  stdout.o(.data)
    _errno                                   0x20000004   Data           4  errno.o(.data)
    .data                                    0x20000004   Section        4  errno.o(.data)
    magScale                                 0x20000008   Data          12  lto-llvm-8dbb6b.o(.data)
    [Anonymous Symbol]                       0x20000008   Section        0  lto-llvm-8dbb6b.o(.data)
    initialPressure                          0x20000014   Data           4  lto-llvm-8dbb6b.o(.data)
    beta                                     0x20000018   Data           4  lto-llvm-8dbb6b.o(.data)
    q0                                       0x2000001c   Data           4  lto-llvm-8dbb6b.o(.data)
    PID_angle_roll                           0x20000020   Data          36  lto-llvm-8dbb6b.o(.data)
    PID_rate_roll                            0x20000044   Data          36  lto-llvm-8dbb6b.o(.data)
    PID_angle_pitch                          0x20000068   Data          36  lto-llvm-8dbb6b.o(.data)
    PID_rate_pitch                           0x2000008c   Data          36  lto-llvm-8dbb6b.o(.data)
    PID_rate_yaw                             0x200000b0   Data          36  lto-llvm-8dbb6b.o(.data)
    PID_speed_altitude                       0x200000d4   Data          36  lto-llvm-8dbb6b.o(.data)
    SystemCoreClock                          0x200000f8   Data           4  lto-llvm-8dbb6b.o(.data)
    uwTickPrio                               0x200000fc   Data           4  lto-llvm-8dbb6b.o(.data)
    START_TASK_STK                           0x20000100   Data         512  lto-llvm-8dbb6b.o(.bss)
    [Anonymous Symbol]                       0x20000100   Section        0  lto-llvm-8dbb6b.o(.bss)
    ANO_TASK_STK                             0x20000300   Data         512  lto-llvm-8dbb6b.o(.bss)
    FLIGHT_TASK_STK                          0x20000500   Data        1024  lto-llvm-8dbb6b.o(.bss)
    ANO_Task.count                           0x20000900   Data           1  lto-llvm-8dbb6b.o(.bss)
    ANO_Task.data                            0x20000901   Data         300  lto-llvm-8dbb6b.o(.bss)
    ParamList                                0x20000a30   Data         800  lto-llvm-8dbb6b.o(.bss)
    data                                     0x20000d50   Data         100  lto-llvm-8dbb6b.o(.bss)
    ANO_Receive_Prepare.state                0x20000db4   Data           1  lto-llvm-8dbb6b.o(.bss)
    ANO_Receive_Prepare.data                 0x20000db5   Data          50  lto-llvm-8dbb6b.o(.bss)
    ANO_Receive_Prepare.cnt                  0x20000de7   Data           1  lto-llvm-8dbb6b.o(.bss)
    gyroFilterLPF                            0x20000de8   Data          84  lto-llvm-8dbb6b.o(.bss)
    accelFilterLPF                           0x20000e3c   Data          84  lto-llvm-8dbb6b.o(.bss)
    MOTOR_Control.M1                         0x20000e90   Data           2  lto-llvm-8dbb6b.o(.bss)
    MOTOR_Control.M2                         0x20000e92   Data           2  lto-llvm-8dbb6b.o(.bss)
    MOTOR_Control.M3                         0x20000e94   Data           2  lto-llvm-8dbb6b.o(.bss)
    MOTOR_Control.M4                         0x20000e96   Data           2  lto-llvm-8dbb6b.o(.bss)
    ucount                                   0x20000e98   Data           7  lto-llvm-8dbb6b.o(.bss)
    rvalue                                   0x20000ea0   Data          28  lto-llvm-8dbb6b.o(.bss)
    mode                                     0x20000ebc   Data           1  lto-llvm-8dbb6b.o(.bss)
    rstate                                   0x20000ebd   Data           7  lto-llvm-8dbb6b.o(.bss)
    pvalue                                   0x20000ec4   Data          28  lto-llvm-8dbb6b.o(.bss)
    accelBias                                0x20000ee0   Data          12  lto-llvm-8dbb6b.o(.bss)
    accel                                    0x20000eec   Data          12  lto-llvm-8dbb6b.o(.bss)
    gyroBias                                 0x20000ef8   Data          12  lto-llvm-8dbb6b.o(.bss)
    gyro                                     0x20000f04   Data          12  lto-llvm-8dbb6b.o(.bss)
    altitude                                 0x20000f10   Data           4  lto-llvm-8dbb6b.o(.bss)
    voltage                                  0x20000f14   Data           4  lto-llvm-8dbb6b.o(.bss)
    msPROM                                   0x20000f18   Data          16  lto-llvm-8dbb6b.o(.bss)
    magBias                                  0x20000f28   Data          12  lto-llvm-8dbb6b.o(.bss)
    temperature                              0x20000f34   Data           4  lto-llvm-8dbb6b.o(.bss)
    MS_ReadPressure.state                    0x20000f38   Data           1  lto-llvm-8dbb6b.o(.bss)
    MS_ReadPressure.D1                       0x20000f3c   Data           4  lto-llvm-8dbb6b.o(.bss)
    MS_ReadPressure.D2                       0x20000f40   Data           4  lto-llvm-8dbb6b.o(.bss)
    SENSOR_Update.accelCount                 0x20000f44   Data           6  lto-llvm-8dbb6b.o(.bss)
    SENSOR_Update.gyroCount                  0x20000f4a   Data           6  lto-llvm-8dbb6b.o(.bss)
    SENSOR_Update.pressure                   0x20000f50   Data           4  lto-llvm-8dbb6b.o(.bss)
    SENSOR_Update.count                      0x20000f54   Data           2  lto-llvm-8dbb6b.o(.bss)
    q1                                       0x20000f58   Data           4  lto-llvm-8dbb6b.o(.bss)
    q2                                       0x20000f5c   Data           4  lto-llvm-8dbb6b.o(.bss)
    q3                                       0x20000f60   Data           4  lto-llvm-8dbb6b.o(.bss)
    attitude                                 0x20000f64   Data          12  lto-llvm-8dbb6b.o(.bss)
    rate_out                                 0x20000f70   Data          16  lto-llvm-8dbb6b.o(.bss)
    PID_Upadte.count                         0x20000f80   Data           1  lto-llvm-8dbb6b.o(.bss)
    vel                                      0x20000f84   Data          12  lto-llvm-8dbb6b.o(.bss)
    accelEarth                               0x20000f90   Data          12  lto-llvm-8dbb6b.o(.bss)
    pos                                      0x20000f9c   Data          12  lto-llvm-8dbb6b.o(.bss)
    rMat                                     0x20000fa8   Data          36  lto-llvm-8dbb6b.o(.bss)
    hadc1                                    0x20000fcc   Data          72  lto-llvm-8dbb6b.o(.bss)
    hi2c1                                    0x20001014   Data          84  lto-llvm-8dbb6b.o(.bss)
    htim1                                    0x20001068   Data          72  lto-llvm-8dbb6b.o(.bss)
    htim2                                    0x200010b0   Data          72  lto-llvm-8dbb6b.o(.bss)
    htim3                                    0x200010f8   Data          72  lto-llvm-8dbb6b.o(.bss)
    huart2                                   0x20001140   Data          68  lto-llvm-8dbb6b.o(.bss)
    hdma_usart2_tx                           0x20001184   Data          96  lto-llvm-8dbb6b.o(.bss)
    uwTick                                   0x200011e4   Data           4  lto-llvm-8dbb6b.o(.bss)
    OS_CPU_ExceptStk                         0x200011e8   Data        1024  lto-llvm-8dbb6b.o(.bss)
    OSTmrCtr                                 0x200015f0   Data           2  lto-llvm-8dbb6b.o(.bss)
    OSIntNesting                             0x200015f2   Data           1  lto-llvm-8dbb6b.o(.bss)
    OSLockNesting                            0x200015f3   Data           1  lto-llvm-8dbb6b.o(.bss)
    OSTCBPrioTbl                             0x200015fc   Data         256  lto-llvm-8dbb6b.o(.bss)
    OSCtxSwCtr                               0x20001708   Data           4  lto-llvm-8dbb6b.o(.bss)
    OSIdleCtr                                0x2000170c   Data           4  lto-llvm-8dbb6b.o(.bss)
    OSIdleCtrMax                             0x20001710   Data           4  lto-llvm-8dbb6b.o(.bss)
    OSStatRdy                                0x20001714   Data           1  lto-llvm-8dbb6b.o(.bss)
    OSTime                                   0x20001718   Data           4  lto-llvm-8dbb6b.o(.bss)
    OSTCBList                                0x2000171c   Data           4  lto-llvm-8dbb6b.o(.bss)
    OSRdyGrp                                 0x20001720   Data           1  lto-llvm-8dbb6b.o(.bss)
    OSRdyTbl                                 0x20001721   Data           8  lto-llvm-8dbb6b.o(.bss)
    OSCPUUsage                               0x20001729   Data           1  lto-llvm-8dbb6b.o(.bss)
    OSIdleCtrRun                             0x2000172c   Data           4  lto-llvm-8dbb6b.o(.bss)
    OSTCBFreeList                            0x20001730   Data           4  lto-llvm-8dbb6b.o(.bss)
    OSTaskCtr                                0x20001734   Data           1  lto-llvm-8dbb6b.o(.bss)
    OSFlagTbl                                0x20001738   Data          80  lto-llvm-8dbb6b.o(.bss)
    OSEventFreeList                          0x20001788   Data           4  lto-llvm-8dbb6b.o(.bss)
    OSMemTbl                                 0x2000178c   Data         120  lto-llvm-8dbb6b.o(.bss)
    OSQTbl                                   0x20001804   Data          96  lto-llvm-8dbb6b.o(.bss)
    OSTmrTime                                0x20001864   Data           4  lto-llvm-8dbb6b.o(.bss)
    OSTmrSemSignal                           0x20001868   Data           4  lto-llvm-8dbb6b.o(.bss)
    OSTmrTbl                                 0x2000186c   Data         640  lto-llvm-8dbb6b.o(.bss)
    OSTmrWheelTbl                            0x20001aec   Data          56  lto-llvm-8dbb6b.o(.bss)
    OSTmrSem                                 0x20001b24   Data           4  lto-llvm-8dbb6b.o(.bss)
    OSEventTbl                               0x20001b28   Data         240  lto-llvm-8dbb6b.o(.bss)
    OSTaskStatStk                            0x20001c18   Data         512  lto-llvm-8dbb6b.o(.bss)
    OSTaskIdleStk                            0x20001e18   Data         512  lto-llvm-8dbb6b.o(.bss)
    OSTCBTbl                                 0x20002018   Data        2024  lto-llvm-8dbb6b.o(.bss)
    OSTmrTaskStk                             0x20002800   Data         512  lto-llvm-8dbb6b.o(.bss)
    set.0                                    0x20002a00   Data           4  lto-llvm-8dbb6b.o(.bss)
    set.1                                    0x20002a04   Data           4  lto-llvm-8dbb6b.o(.bss)
    set.2                                    0x20002a08   Data           4  lto-llvm-8dbb6b.o(.bss)
    set.3                                    0x20002a0c   Data           4  lto-llvm-8dbb6b.o(.bss)
    angle_out.0                              0x20002a10   Data           4  lto-llvm-8dbb6b.o(.bss)
    angle_out.1                              0x20002a14   Data           4  lto-llvm-8dbb6b.o(.bss)
    STACK                                    0x20002a18   Section     1024  startup_stm32f401xe.o(STACK)

    Global Symbols

    Symbol Name                              Value     Ov Type        Size  Object(Section)

    BuildAttributes$$THM_ISAv4$E$P$D$K$B$S$7EM$VFPi3$EXTD16$VFPS$VFMA$PE$A:L22UL41UL21$X:L11$S22US41US21$IEEE1$IW$~IW$USESV6$~STKCKD$USESV7$~SHL$OTIME$ROPI$IEEEX$EBA8$MICROLIB$REQ8$PRES8$EABIv2 0x00000000   Number         0  anon$$obj.o ABSOLUTE
    __cpp_initialize__aeabi_                  - Undefined Weak Reference
    __cxa_finalize                            - Undefined Weak Reference
    __decompress                              - Undefined Weak Reference
    _clock_init                               - Undefined Weak Reference
    _microlib_exit                            - Undefined Weak Reference
    __Vectors_Size                           0x00000194   Number         0  startup_stm32f401xe.o ABSOLUTE
    __Vectors                                0x08000000   Data           4  startup_stm32f401xe.o(RESET)
    __Vectors_End                            0x08000194   Data           0  startup_stm32f401xe.o(RESET)
    __main                                   0x08000195   Thumb Code     0  entry.o(.ARM.Collect$$$$00000000)
    _main_stk                                0x08000195   Thumb Code     0  entry2.o(.ARM.Collect$$$$00000001)
    _main_scatterload                        0x08000199   Thumb Code     0  entry5.o(.ARM.Collect$$$$00000004)
    __main_after_scatterload                 0x0800019d   Thumb Code     0  entry5.o(.ARM.Collect$$$$00000004)
    _main_clock                              0x0800019d   Thumb Code     0  entry7b.o(.ARM.Collect$$$$00000008)
    _main_cpp_init                           0x0800019d   Thumb Code     0  entry8b.o(.ARM.Collect$$$$0000000A)
    _main_init                               0x0800019d   Thumb Code     0  entry9a.o(.ARM.Collect$$$$0000000B)
    __rt_final_cpp                           0x080001a5   Thumb Code     0  entry10a.o(.ARM.Collect$$$$0000000D)
    __rt_final_exit                          0x080001a5   Thumb Code     0  entry11a.o(.ARM.Collect$$$$0000000F)
    Reset_Handler                            0x080001a9   Thumb Code     8  startup_stm32f401xe.o(.text)
    ADC_IRQHandler                           0x080001c3   Thumb Code     0  startup_stm32f401xe.o(.text)
    DMA1_Stream0_IRQHandler                  0x080001c3   Thumb Code     0  startup_stm32f401xe.o(.text)
    DMA1_Stream1_IRQHandler                  0x080001c3   Thumb Code     0  startup_stm32f401xe.o(.text)
    DMA1_Stream2_IRQHandler                  0x080001c3   Thumb Code     0  startup_stm32f401xe.o(.text)
    DMA1_Stream3_IRQHandler                  0x080001c3   Thumb Code     0  startup_stm32f401xe.o(.text)
    DMA1_Stream4_IRQHandler                  0x080001c3   Thumb Code     0  startup_stm32f401xe.o(.text)
    DMA1_Stream5_IRQHandler                  0x080001c3   Thumb Code     0  startup_stm32f401xe.o(.text)
    DMA1_Stream7_IRQHandler                  0x080001c3   Thumb Code     0  startup_stm32f401xe.o(.text)
    DMA2_Stream0_IRQHandler                  0x080001c3   Thumb Code     0  startup_stm32f401xe.o(.text)
    DMA2_Stream1_IRQHandler                  0x080001c3   Thumb Code     0  startup_stm32f401xe.o(.text)
    DMA2_Stream2_IRQHandler                  0x080001c3   Thumb Code     0  startup_stm32f401xe.o(.text)
    DMA2_Stream3_IRQHandler                  0x080001c3   Thumb Code     0  startup_stm32f401xe.o(.text)
    DMA2_Stream4_IRQHandler                  0x080001c3   Thumb Code     0  startup_stm32f401xe.o(.text)
    DMA2_Stream5_IRQHandler                  0x080001c3   Thumb Code     0  startup_stm32f401xe.o(.text)
    DMA2_Stream6_IRQHandler                  0x080001c3   Thumb Code     0  startup_stm32f401xe.o(.text)
    DMA2_Stream7_IRQHandler                  0x080001c3   Thumb Code     0  startup_stm32f401xe.o(.text)
    EXTI0_IRQHandler                         0x080001c3   Thumb Code     0  startup_stm32f401xe.o(.text)
    EXTI15_10_IRQHandler                     0x080001c3   Thumb Code     0  startup_stm32f401xe.o(.text)
    EXTI1_IRQHandler                         0x080001c3   Thumb Code     0  startup_stm32f401xe.o(.text)
    EXTI2_IRQHandler                         0x080001c3   Thumb Code     0  startup_stm32f401xe.o(.text)
    EXTI3_IRQHandler                         0x080001c3   Thumb Code     0  startup_stm32f401xe.o(.text)
    EXTI4_IRQHandler                         0x080001c3   Thumb Code     0  startup_stm32f401xe.o(.text)
    EXTI9_5_IRQHandler                       0x080001c3   Thumb Code     0  startup_stm32f401xe.o(.text)
    FLASH_IRQHandler                         0x080001c3   Thumb Code     0  startup_stm32f401xe.o(.text)
    FPU_IRQHandler                           0x080001c3   Thumb Code     0  startup_stm32f401xe.o(.text)
    I2C1_ER_IRQHandler                       0x080001c3   Thumb Code     0  startup_stm32f401xe.o(.text)
    I2C1_EV_IRQHandler                       0x080001c3   Thumb Code     0  startup_stm32f401xe.o(.text)
    I2C2_ER_IRQHandler                       0x080001c3   Thumb Code     0  startup_stm32f401xe.o(.text)
    I2C2_EV_IRQHandler                       0x080001c3   Thumb Code     0  startup_stm32f401xe.o(.text)
    I2C3_ER_IRQHandler                       0x080001c3   Thumb Code     0  startup_stm32f401xe.o(.text)
    I2C3_EV_IRQHandler                       0x080001c3   Thumb Code     0  startup_stm32f401xe.o(.text)
    OTG_FS_IRQHandler                        0x080001c3   Thumb Code     0  startup_stm32f401xe.o(.text)
    OTG_FS_WKUP_IRQHandler                   0x080001c3   Thumb Code     0  startup_stm32f401xe.o(.text)
    PVD_IRQHandler                           0x080001c3   Thumb Code     0  startup_stm32f401xe.o(.text)
    RCC_IRQHandler                           0x080001c3   Thumb Code     0  startup_stm32f401xe.o(.text)
    RTC_Alarm_IRQHandler                     0x080001c3   Thumb Code     0  startup_stm32f401xe.o(.text)
    RTC_WKUP_IRQHandler                      0x080001c3   Thumb Code     0  startup_stm32f401xe.o(.text)
    SDIO_IRQHandler                          0x080001c3   Thumb Code     0  startup_stm32f401xe.o(.text)
    SPI1_IRQHandler                          0x080001c3   Thumb Code     0  startup_stm32f401xe.o(.text)
    SPI2_IRQHandler                          0x080001c3   Thumb Code     0  startup_stm32f401xe.o(.text)
    SPI3_IRQHandler                          0x080001c3   Thumb Code     0  startup_stm32f401xe.o(.text)
    SPI4_IRQHandler                          0x080001c3   Thumb Code     0  startup_stm32f401xe.o(.text)
    TAMP_STAMP_IRQHandler                    0x080001c3   Thumb Code     0  startup_stm32f401xe.o(.text)
    TIM1_BRK_TIM9_IRQHandler                 0x080001c3   Thumb Code     0  startup_stm32f401xe.o(.text)
    TIM1_TRG_COM_TIM11_IRQHandler            0x080001c3   Thumb Code     0  startup_stm32f401xe.o(.text)
    TIM3_IRQHandler                          0x080001c3   Thumb Code     0  startup_stm32f401xe.o(.text)
    TIM4_IRQHandler                          0x080001c3   Thumb Code     0  startup_stm32f401xe.o(.text)
    TIM5_IRQHandler                          0x080001c3   Thumb Code     0  startup_stm32f401xe.o(.text)
    USART1_IRQHandler                        0x080001c3   Thumb Code     0  startup_stm32f401xe.o(.text)
    USART6_IRQHandler                        0x080001c3   Thumb Code     0  startup_stm32f401xe.o(.text)
    WWDG_IRQHandler                          0x080001c3   Thumb Code     0  startup_stm32f401xe.o(.text)
    OS_CPU_FP_Reg_Push                       0x080001cd   Thumb Code     0  os_cpu_a.o(.text)
    OS_CPU_FP_Reg_Pop                        0x080001df   Thumb Code     0  os_cpu_a.o(.text)
    OS_CPU_SR_Save                           0x080001eb   Thumb Code     0  os_cpu_a.o(.text)
    OS_CPU_SR_Restore                        0x08000207   Thumb Code     0  os_cpu_a.o(.text)
    OSStartHighRdy                           0x08000219   Thumb Code     0  os_cpu_a.o(.text)
    OSCtxSw                                  0x08000271   Thumb Code     0  os_cpu_a.o(.text)
    OSIntCtxSw                               0x08000271   Thumb Code     0  os_cpu_a.o(.text)
    PendSV_Handler                           0x0800027b   Thumb Code     0  os_cpu_a.o(.text)
    arm_cos_f32                              0x08000301   Thumb Code   108  arm_cos_f32.o(.text)
    arm_sin_f32                              0x08000379   Thumb Code   130  arm_sin_f32.o(.text)
    arm_pid_init_f32                         0x0800040d   Thumb Code    56  arm_pid_init_f32.o(.text)
    arm_rms_f32                              0x08000445   Thumb Code   232  arm_rms_f32.o(.text)
    __aeabi_uidiv                            0x08000531   Thumb Code     0  uidiv.o(.text)
    __aeabi_uidivmod                         0x08000531   Thumb Code    44  uidiv.o(.text)
    __aeabi_uldivmod                         0x0800055d   Thumb Code    98  uldiv.o(.text)
    __I$use$fp                               0x080005bf   Thumb Code     0  iusefp.o(.text)
    __aeabi_dadd                             0x080005bf   Thumb Code   322  dadd.o(.text)
    __aeabi_dsub                             0x08000701   Thumb Code     6  dadd.o(.text)
    __aeabi_drsub                            0x08000707   Thumb Code     6  dadd.o(.text)
    __aeabi_dmul                             0x0800070d   Thumb Code   228  dmul.o(.text)
    __aeabi_ddiv                             0x080007f1   Thumb Code   222  ddiv.o(.text)
    __aeabi_d2ulz                            0x080008cf   Thumb Code    48  dfixul.o(.text)
    __aeabi_cdrcmple                         0x08000901   Thumb Code    48  cdrcmple.o(.text)
    __fp_status                              0x08000931   Thumb Code     4  fpstat.o(.text)
    __ieee_status                            0x08000931   Thumb Code     0  fpstat.o(.text)
    __scatterload                            0x08000935   Thumb Code    28  init.o(.text)
    __scatterload_rt2                        0x08000935   Thumb Code     0  init.o(.text)
    __aeabi_llsl                             0x08000959   Thumb Code    30  llshl.o(.text)
    _ll_shift_l                              0x08000959   Thumb Code     0  llshl.o(.text)
    __aeabi_llsr                             0x08000977   Thumb Code    32  llushr.o(.text)
    _ll_ushift_r                             0x08000977   Thumb Code     0  llushr.o(.text)
    __aeabi_lasr                             0x08000997   Thumb Code    36  llsshr.o(.text)
    _ll_sshift_r                             0x08000997   Thumb Code     0  llsshr.o(.text)
    _double_round                            0x080009bb   Thumb Code    30  depilogue.o(.text)
    _double_epilogue                         0x080009d9   Thumb Code   156  depilogue.o(.text)
    __aeabi_memcpy                           0x08000a75   Thumb Code    36  memcpya.o(.text)
    __aeabi_memcpy4                          0x08000a75   Thumb Code     0  memcpya.o(.text)
    __aeabi_memcpy8                          0x08000a75   Thumb Code     0  memcpya.o(.text)
    __aeabi_memset                           0x08000a99   Thumb Code    14  memseta.o(.text)
    __aeabi_memset4                          0x08000a99   Thumb Code     0  memseta.o(.text)
    __aeabi_memset8                          0x08000a99   Thumb Code     0  memseta.o(.text)
    __aeabi_memclr                           0x08000aa7   Thumb Code     4  memseta.o(.text)
    __aeabi_memclr4                          0x08000aa7   Thumb Code     0  memseta.o(.text)
    __aeabi_memclr8                          0x08000aa7   Thumb Code     0  memseta.o(.text)
    _memset$wrapper                          0x08000aab   Thumb Code    18  memseta.o(.text)
    __aeabi_i2d                              0x08000abd   Thumb Code    34  dflti.o(.text)
    __aeabi_d2iz                             0x08000adf   Thumb Code    62  dfixi.o(.text)
    __aeabi_f2d                              0x08000b1d   Thumb Code    38  f2d.o(.text)
    BusFault_Handler                         0x08002219   Thumb Code     4  lto-llvm-8dbb6b.o(.text.BusFault_Handler)
    DMA1_Stream6_IRQHandler                  0x0800221d   Thumb Code    50  lto-llvm-8dbb6b.o(.text.DMA1_Stream6_IRQHandler)
    DebugMon_Handler                         0x080023dd   Thumb Code     2  lto-llvm-8dbb6b.o(.text.DebugMon_Handler)
    HardFault_Handler                        0x08009125   Thumb Code     4  lto-llvm-8dbb6b.o(.text.HardFault_Handler)
    MemManage_Handler                        0x0800c719   Thumb Code     4  lto-llvm-8dbb6b.o(.text.MemManage_Handler)
    NMI_Handler                              0x0800c71d   Thumb Code     4  lto-llvm-8dbb6b.o(.text.NMI_Handler)
    OSTaskSwHook                             0x0800dba9   Thumb Code    40  lto-llvm-8dbb6b.o(.text.OSTaskSwHook)
    SVC_Handler                              0x0800fa75   Thumb Code     2  lto-llvm-8dbb6b.o(.text.SVC_Handler)
    SysTick_Handler                          0x0800fb1d   Thumb Code    42  lto-llvm-8dbb6b.o(.text.SysTick_Handler)
    SystemInit                               0x0800fbfd   Thumb Code    18  lto-llvm-8dbb6b.o(.text.SystemInit)
    TIM1_CC_IRQHandler                       0x0800fc11   Thumb Code   216  lto-llvm-8dbb6b.o(.text.TIM1_CC_IRQHandler)
    TIM1_UP_TIM10_IRQHandler                 0x0800fce9   Thumb Code   128  lto-llvm-8dbb6b.o(.text.TIM1_UP_TIM10_IRQHandler)
    TIM2_IRQHandler                          0x0800fd69   Thumb Code   392  lto-llvm-8dbb6b.o(.text.TIM2_IRQHandler)
    USART2_IRQHandler                        0x080112d5   Thumb Code   150  lto-llvm-8dbb6b.o(.text.USART2_IRQHandler)
    UsageFault_Handler                       0x0801136d   Thumb Code     4  lto-llvm-8dbb6b.o(.text.UsageFault_Handler)
    fputc                                    0x080117a1   Thumb Code    26  lto-llvm-8dbb6b.o(.text.fputc)
    main                                     0x080117bd   Thumb Code    22  lto-llvm-8dbb6b.o(.text.main)
    __0printf                                0x080117d5   Thumb Code    22  printfa.o(i.__0printf)
    __1printf                                0x080117d5   Thumb Code     0  printfa.o(i.__0printf)
    __2printf                                0x080117d5   Thumb Code     0  printfa.o(i.__0printf)
    __c89printf                              0x080117d5   Thumb Code     0  printfa.o(i.__0printf)
    printf                                   0x080117d5   Thumb Code     0  printfa.o(i.__0printf)
    __ARM_fpclassifyf                        0x080117f5   Thumb Code    38  fpclassifyf.o(i.__ARM_fpclassifyf)
    __hardfp_asinf                           0x0801181d   Thumb Code   258  asinf.o(i.__hardfp_asinf)
    __hardfp_atan2f                          0x08011949   Thumb Code   594  atan2f.o(i.__hardfp_atan2f)
    __hardfp_powf                            0x08011bf5   Thumb Code  1606  powf.o(i.__hardfp_powf)
    __mathlib_powf                           0x08011bf5   Thumb Code     0  powf.o(i.__hardfp_powf)
    __hardfp_sqrtf                           0x08012259   Thumb Code    58  sqrtf.o(i.__hardfp_sqrtf)
    __mathlib_flt_divzero                    0x08012295   Thumb Code    14  funder.o(i.__mathlib_flt_divzero)
    __mathlib_flt_infnan                     0x080122a9   Thumb Code     6  funder.o(i.__mathlib_flt_infnan)
    __mathlib_flt_infnan2                    0x080122af   Thumb Code     6  funder.o(i.__mathlib_flt_infnan2)
    __mathlib_flt_invalid                    0x080122b5   Thumb Code    10  funder.o(i.__mathlib_flt_invalid)
    __mathlib_flt_overflow                   0x080122c5   Thumb Code    10  funder.o(i.__mathlib_flt_overflow)
    __mathlib_flt_underflow                  0x080122d5   Thumb Code    10  funder.o(i.__mathlib_flt_underflow)
    __scatterload_copy                       0x080122e5   Thumb Code    14  handlers.o(i.__scatterload_copy)
    __scatterload_null                       0x080122f3   Thumb Code     2  handlers.o(i.__scatterload_null)
    __scatterload_zeroinit                   0x080122f5   Thumb Code    14  handlers.o(i.__scatterload_zeroinit)
    __set_errno                              0x08012305   Thumb Code     6  errno.o(i.__set_errno)
    sqrtf                                    0x08012bc3   Thumb Code    62  sqrtf.o(i.sqrtf)
    sinTable_f32                             0x08012c00   Data        2052  arm_common_tables.o(.constdata)
    Region$$Table$$Base                      0x08013ae8   Number         0  anon$$obj.o(Region$$Table)
    Region$$Table$$Limit                     0x08013b08   Number         0  anon$$obj.o(Region$$Table)
    __stdout                                 0x20000000   Data           4  stdout.o(.data)
    OS_CPU_ExceptStkBase                     0x200015e8   Data           4  lto-llvm-8dbb6b.o(.bss)
    OS_KA_BASEPRI_Boundary                   0x200015ec   Data           4  lto-llvm-8dbb6b.o(.bss)
    OSTCBCur                                 0x200015f4   Data           4  lto-llvm-8dbb6b.o(.bss)
    OSRunning                                0x200015f8   Data           1  lto-llvm-8dbb6b.o(.bss)
    OSPrioHighRdy                            0x200016fc   Data           1  lto-llvm-8dbb6b.o(.bss)
    OSTCBHighRdy                             0x20001700   Data           4  lto-llvm-8dbb6b.o(.bss)
    OSPrioCur                                0x20001704   Data           1  lto-llvm-8dbb6b.o(.bss)
    __initial_sp                             0x20002e18   Data           0  startup_stm32f401xe.o(STACK)



==============================================================================

Memory Map of the image

  Image Entry point : 0x08000195

  Load Region LR_IROM1 (Base: 0x08000000, Size: 0x00013c08, Max: 0x00080000, ABSOLUTE)

    Execution Region ER_IROM1 (Exec base: 0x08000000, Load base: 0x08000000, Size: 0x00013b08, Max: 0x00080000, ABSOLUTE)

    Exec Addr    Load Addr    Size         Type   Attr      Idx    E Section Name        Object

    0x08000000   0x08000000   0x00000194   Data   RO           21    RESET               startup_stm32f401xe.o
    0x08000194   0x08000194   0x00000000   Code   RO          284  * .ARM.Collect$$$$00000000  mc_w.l(entry.o)
    0x08000194   0x08000194   0x00000004   Code   RO          331    .ARM.Collect$$$$00000001  mc_w.l(entry2.o)
    0x08000198   0x08000198   0x00000004   Code   RO          334    .ARM.Collect$$$$00000004  mc_w.l(entry5.o)
    0x0800019c   0x0800019c   0x00000000   Code   RO          336    .ARM.Collect$$$$00000008  mc_w.l(entry7b.o)
    0x0800019c   0x0800019c   0x00000000   Code   RO          338    .ARM.Collect$$$$0000000A  mc_w.l(entry8b.o)
    0x0800019c   0x0800019c   0x00000008   Code   RO          339    .ARM.Collect$$$$0000000B  mc_w.l(entry9a.o)
    0x080001a4   0x080001a4   0x00000000   Code   RO          341    .ARM.Collect$$$$0000000D  mc_w.l(entry10a.o)
    0x080001a4   0x080001a4   0x00000000   Code   RO          343    .ARM.Collect$$$$0000000F  mc_w.l(entry11a.o)
    0x080001a4   0x080001a4   0x00000004   Code   RO          332    .ARM.Collect$$$$00002712  mc_w.l(entry2.o)
    0x080001a8   0x080001a8   0x00000024   Code   RO           22    .text               startup_stm32f401xe.o
    0x080001cc   0x080001cc   0x00000134   Code   RO           45    .text               os_cpu_a.o
    0x08000300   0x08000300   0x00000078   Code   RO           54    .text               arm_cortexM4lf_math.lib(arm_cos_f32.o)
    0x08000378   0x08000378   0x00000094   Code   RO          105    .text               arm_cortexM4lf_math.lib(arm_sin_f32.o)
    0x0800040c   0x0800040c   0x00000038   Code   RO          129    .text               arm_cortexM4lf_math.lib(arm_pid_init_f32.o)
    0x08000444   0x08000444   0x000000ec   Code   RO          153    .text               arm_cortexM4lf_math.lib(arm_rms_f32.o)
    0x08000530   0x08000530   0x0000002c   Code   RO          355    .text               mc_w.l(uidiv.o)
    0x0800055c   0x0800055c   0x00000062   Code   RO          357    .text               mc_w.l(uldiv.o)
    0x080005be   0x080005be   0x00000000   Code   RO          366    .text               mc_w.l(iusefp.o)
    0x080005be   0x080005be   0x0000014e   Code   RO          367    .text               mf_w.l(dadd.o)
    0x0800070c   0x0800070c   0x000000e4   Code   RO          369    .text               mf_w.l(dmul.o)
    0x080007f0   0x080007f0   0x000000de   Code   RO          371    .text               mf_w.l(ddiv.o)
    0x080008ce   0x080008ce   0x00000030   Code   RO          373    .text               mf_w.l(dfixul.o)
    0x080008fe   0x080008fe   0x00000002   PAD
    0x08000900   0x08000900   0x00000030   Code   RO          375    .text               mf_w.l(cdrcmple.o)
    0x08000930   0x08000930   0x00000004   Code   RO          377    .text               mf_w.l(fpstat.o)
    0x08000934   0x08000934   0x00000024   Code   RO          379    .text               mc_w.l(init.o)
    0x08000958   0x08000958   0x0000001e   Code   RO          381    .text               mc_w.l(llshl.o)
    0x08000976   0x08000976   0x00000020   Code   RO          383    .text               mc_w.l(llushr.o)
    0x08000996   0x08000996   0x00000024   Code   RO          385    .text               mc_w.l(llsshr.o)
    0x080009ba   0x080009ba   0x000000ba   Code   RO          387    .text               mf_w.l(depilogue.o)
    0x08000a74   0x08000a74   0x00000024   Code   RO          947    .text               mc_w.l(memcpya.o)
    0x08000a98   0x08000a98   0x00000024   Code   RO          949    .text               mc_w.l(memseta.o)
    0x08000abc   0x08000abc   0x00000022   Code   RO          953    .text               mf_w.l(dflti.o)
    0x08000ade   0x08000ade   0x0000003e   Code   RO          955    .text               mf_w.l(dfixi.o)
    0x08000b1c   0x08000b1c   0x00000026   Code   RO          957    .text               mf_w.l(f2d.o)
    0x08000b42   0x08000b42   0x00000002   PAD
    0x08000b44   0x08000b44   0x000001b2   Code   RO          596    .text.ADC_Init      lto-llvm-8dbb6b.o
    0x08000cf6   0x08000cf6   0x00000002   PAD
    0x08000cf8   0x08000cf8   0x00000040   Code   RO          510    .text.AHRS_Update   lto-llvm-8dbb6b.o
    0x08000d38   0x08000d38   0x000000b2   Code   RO          398    .text.ANO_Init      lto-llvm-8dbb6b.o
    0x08000dea   0x08000dea   0x00000002   PAD
    0x08000dec   0x08000dec   0x000000ec   Code   RO          420    .text.ANO_Receive_Analyze  lto-llvm-8dbb6b.o
    0x08000ed8   0x08000ed8   0x000001ae   Code   RO          428    .text.ANO_Receive_Prepare  lto-llvm-8dbb6b.o
    0x08001086   0x08001086   0x00000002   PAD
    0x08001088   0x08001088   0x000000e0   Code   RO          410    .text.ANO_Send_Battery  lto-llvm-8dbb6b.o
    0x08001168   0x08001168   0x00000102   Code   RO          414    .text.ANO_Send_Control  lto-llvm-8dbb6b.o
    0x0800126a   0x0800126a   0x00000002   PAD
    0x0800126c   0x0800126c   0x0000012c   Code   RO          406    .text.ANO_Send_Euler  lto-llvm-8dbb6b.o
    0x08001398   0x08001398   0x0000008a   Code   RO          408    .text.ANO_Send_Mode  lto-llvm-8dbb6b.o
    0x08001422   0x08001422   0x00000002   PAD
    0x08001424   0x08001424   0x00000102   Code   RO          412    .text.ANO_Send_PWM  lto-llvm-8dbb6b.o
    0x08001526   0x08001526   0x00000002   PAD
    0x08001528   0x08001528   0x0000010c   Code   RO          424    .text.ANO_Send_Param  lto-llvm-8dbb6b.o
    0x08001634   0x08001634   0x000001fa   Code   RO          416    .text.ANO_Send_Remote  lto-llvm-8dbb6b.o
    0x0800182e   0x0800182e   0x00000002   PAD
    0x08001830   0x08001830   0x00000166   Code   RO          400    .text.ANO_Send_Sensor  lto-llvm-8dbb6b.o
    0x08001996   0x08001996   0x00000002   PAD
    0x08001998   0x08001998   0x00000184   Code   RO          404    .text.ANO_Send_Sensor2  lto-llvm-8dbb6b.o
    0x08001b1c   0x08001b1c   0x000000b6   Code   RO          418    .text.ANO_Send_String  lto-llvm-8dbb6b.o
    0x08001bd2   0x08001bd2   0x00000002   PAD
    0x08001bd4   0x08001bd4   0x00000098   Code   RO          426    .text.ANO_Send_Verification  lto-llvm-8dbb6b.o
    0x08001c6c   0x08001c6c   0x000003f4   Code   RO          394    .text.ANO_Task      lto-llvm-8dbb6b.o
    0x08002060   0x08002060   0x000000cc   Code   RO          532    .text.AccelEarth_Cal  lto-llvm-8dbb6b.o
    0x0800212c   0x0800212c   0x00000008   Code   RO          804    .text.App_TCBInitHook  lto-llvm-8dbb6b.o
    0x08002134   0x08002134   0x00000008   Code   RO          792    .text.App_TaskCreateHook  lto-llvm-8dbb6b.o
    0x0800213c   0x0800213c   0x00000008   Code   RO          794    .text.App_TaskDelHook  lto-llvm-8dbb6b.o
    0x08002144   0x08002144   0x00000008   Code   RO          800    .text.App_TaskReturnHook  lto-llvm-8dbb6b.o
    0x0800214c   0x0800214c   0x00000008   Code   RO          806    .text.App_TimeTickHook  lto-llvm-8dbb6b.o
    0x08002154   0x08002154   0x000000c4   Code   RO          536    .text.BodyToEarth_Transform  lto-llvm-8dbb6b.o
    0x08002218   0x08002218   0x00000004   Code   RO          570    .text.BusFault_Handler  lto-llvm-8dbb6b.o
    0x0800221c   0x0800221c   0x00000032   Code   RO          578    .text.DMA1_Stream6_IRQHandler  lto-llvm-8dbb6b.o
    0x0800224e   0x0800224e   0x00000002   PAD
    0x08002250   0x08002250   0x00000056   Code   RO          608    .text.DMA_CalcBaseAndBitshift  lto-llvm-8dbb6b.o
    0x080022a6   0x080022a6   0x00000002   PAD
    0x080022a8   0x080022a8   0x000000e4   Code   RO          606    .text.DMA_CheckFifoParam  lto-llvm-8dbb6b.o
    0x0800238c   0x0800238c   0x00000050   Code   RO          610    .text.DMA_SetConfig  lto-llvm-8dbb6b.o
    0x080023dc   0x080023dc   0x00000002   Code   RO          576    .text.DebugMon_Handler  lto-llvm-8dbb6b.o
    0x080023de   0x080023de   0x00000002   PAD
    0x080023e0   0x080023e0   0x0000000e   Code   RO          504    .text.Error_Handler  lto-llvm-8dbb6b.o
    0x080023ee   0x080023ee   0x00000002   PAD
    0x080023f0   0x080023f0   0x00000050   Code   RO          432    .text.FILTER_Init   lto-llvm-8dbb6b.o
    0x08002440   0x08002440   0x0000001e   Code   RO          396    .text.FLIGHT_Task   lto-llvm-8dbb6b.o
    0x0800245e   0x0800245e   0x00000002   PAD
    0x08002460   0x08002460   0x000002cc   Code   RO          602    .text.HAL_ADC_ConfigChannel  lto-llvm-8dbb6b.o
    0x0800272c   0x0800272c   0x00000016   Code   RO          600    .text.HAL_ADC_GetValue  lto-llvm-8dbb6b.o
    0x08002742   0x08002742   0x00000002   PAD
    0x08002744   0x08002744   0x00000396   Code   RO          594    .text.HAL_ADC_Init  lto-llvm-8dbb6b.o
    0x08002ada   0x08002ada   0x00000002   PAD
    0x08002adc   0x08002adc   0x00000086   Code   RO          540    .text.HAL_ADC_MspInit  lto-llvm-8dbb6b.o
    0x08002b62   0x08002b62   0x00000002   PAD
    0x08002b64   0x08002b64   0x000001de   Code   RO          598    .text.HAL_ADC_Start  lto-llvm-8dbb6b.o
    0x08002d42   0x08002d42   0x00000002   PAD
    0x08002d44   0x08002d44   0x000000ea   Code   RO          614    .text.HAL_DMA_Abort  lto-llvm-8dbb6b.o
    0x08002e2e   0x08002e2e   0x00000002   PAD
    0x08002e30   0x08002e30   0x00000044   Code   RO          616    .text.HAL_DMA_Abort_IT  lto-llvm-8dbb6b.o
    0x08002e74   0x08002e74   0x0000032c   Code   RO          618    .text.HAL_DMA_IRQHandler  lto-llvm-8dbb6b.o
    0x080031a0   0x080031a0   0x0000053e   Code   RO          604    .text.HAL_DMA_Init  lto-llvm-8dbb6b.o
    0x080036de   0x080036de   0x00000002   PAD
    0x080036e0   0x080036e0   0x000000e2   Code   RO          612    .text.HAL_DMA_Start_IT  lto-llvm-8dbb6b.o
    0x080037c2   0x080037c2   0x00000002   PAD
    0x080037c4   0x080037c4   0x00000038   Code   RO          592    .text.HAL_Delay     lto-llvm-8dbb6b.o
    0x080037fc   0x080037fc   0x00000614   Code   RO          620    .text.HAL_GPIO_Init  lto-llvm-8dbb6b.o
    0x08003e10   0x08003e10   0x0000000c   Code   RO          590    .text.HAL_GetTick   lto-llvm-8dbb6b.o
    0x08003e1c   0x08003e1c   0x000003f8   Code   RO          622    .text.HAL_I2C_Init  lto-llvm-8dbb6b.o
    0x08004214   0x08004214   0x00000418   Code   RO          638    .text.HAL_I2C_Master_Receive  lto-llvm-8dbb6b.o
    0x0800462c   0x0800462c   0x00000212   Code   RO          624    .text.HAL_I2C_Master_Transmit  lto-llvm-8dbb6b.o
    0x0800483e   0x0800483e   0x00000002   PAD
    0x08004840   0x08004840   0x00000454   Code   RO          648    .text.HAL_I2C_Mem_Read  lto-llvm-8dbb6b.o
    0x08004c94   0x08004c94   0x0000023c   Code   RO          644    .text.HAL_I2C_Mem_Write  lto-llvm-8dbb6b.o
    0x08004ed0   0x08004ed0   0x00000092   Code   RO          548    .text.HAL_I2C_MspInit  lto-llvm-8dbb6b.o
    0x08004f62   0x08004f62   0x00000002   PAD
    0x08004f64   0x08004f64   0x00000010   Code   RO          588    .text.HAL_IncTick   lto-llvm-8dbb6b.o
    0x08004f74   0x08004f74   0x00000032   Code   RO          584    .text.HAL_Init      lto-llvm-8dbb6b.o
    0x08004fa6   0x08004fa6   0x00000002   PAD
    0x08004fa8   0x08004fa8   0x00000062   Code   RO          586    .text.HAL_InitTick  lto-llvm-8dbb6b.o
    0x0800500a   0x0800500a   0x00000002   PAD
    0x0800500c   0x0800500c   0x00000050   Code   RO          580    .text.HAL_MspInit   lto-llvm-8dbb6b.o
    0x0800505c   0x0800505c   0x00000030   Code   RO          784    .text.HAL_NVIC_EnableIRQ  lto-llvm-8dbb6b.o
    0x0800508c   0x0800508c   0x00000064   Code   RO          776    .text.HAL_NVIC_SetPriority  lto-llvm-8dbb6b.o
    0x080050f0   0x080050f0   0x0000004c   Code   RO          772    .text.HAL_NVIC_SetPriorityGrouping  lto-llvm-8dbb6b.o
    0x0800513c   0x0800513c   0x0000041c   Code   RO          654    .text.HAL_RCC_ClockConfig  lto-llvm-8dbb6b.o
    0x08005558   0x08005558   0x0000000c   Code   RO          658    .text.HAL_RCC_GetHCLKFreq  lto-llvm-8dbb6b.o
    0x08005564   0x08005564   0x00000022   Code   RO          660    .text.HAL_RCC_GetPCLK1Freq  lto-llvm-8dbb6b.o
    0x08005586   0x08005586   0x00000002   PAD
    0x08005588   0x08005588   0x00000022   Code   RO          662    .text.HAL_RCC_GetPCLK2Freq  lto-llvm-8dbb6b.o
    0x080055aa   0x080055aa   0x00000002   PAD
    0x080055ac   0x080055ac   0x000000de   Code   RO          656    .text.HAL_RCC_GetSysClockFreq  lto-llvm-8dbb6b.o
    0x0800568a   0x0800568a   0x00000002   PAD
    0x0800568c   0x0800568c   0x000008ae   Code   RO          652    .text.HAL_RCC_OscConfig  lto-llvm-8dbb6b.o
    0x08005f3a   0x08005f3a   0x00000002   PAD
    0x08005f3c   0x08005f3c   0x00000010   Code   RO          788    .text.HAL_SYSTICK_Config  lto-llvm-8dbb6b.o
    0x08005f4c   0x08005f4c   0x00000008   Code   RO          730    .text.HAL_TIMEx_BreakCallback  lto-llvm-8dbb6b.o
    0x08005f54   0x08005f54   0x00000008   Code   RO          726    .text.HAL_TIMEx_CommutCallback  lto-llvm-8dbb6b.o
    0x08005f5c   0x08005f5c   0x000001ee   Code   RO          728    .text.HAL_TIMEx_MasterConfigSynchronization  lto-llvm-8dbb6b.o
    0x0800614a   0x0800614a   0x00000002   PAD
    0x0800614c   0x0800614c   0x000001d6   Code   RO          664    .text.HAL_TIM_Base_Init  lto-llvm-8dbb6b.o
    0x08006322   0x08006322   0x00000002   PAD
    0x08006324   0x08006324   0x000001a2   Code   RO          558    .text.HAL_TIM_Base_MspInit  lto-llvm-8dbb6b.o
    0x080064c6   0x080064c6   0x00000002   PAD
    0x080064c8   0x080064c8   0x000007be   Code   RO          716    .text.HAL_TIM_ConfigClockSource  lto-llvm-8dbb6b.o
    0x08006c86   0x08006c86   0x00000002   PAD
    0x08006c88   0x08006c88   0x00000008   Code   RO          686    .text.HAL_TIM_IC_CaptureCallback  lto-llvm-8dbb6b.o
    0x08006c90   0x08006c90   0x000003ca   Code   RO          702    .text.HAL_TIM_IC_ConfigChannel  lto-llvm-8dbb6b.o
    0x0800705a   0x0800705a   0x00000002   PAD
    0x0800705c   0x0800705c   0x000001d6   Code   RO          680    .text.HAL_TIM_IC_Init  lto-llvm-8dbb6b.o
    0x08007232   0x08007232   0x00000002   PAD
    0x08007234   0x08007234   0x00000008   Code   RO          682    .text.HAL_TIM_IC_MspInit  lto-llvm-8dbb6b.o
    0x0800723c   0x0800723c   0x00000398   Code   RO          684    .text.HAL_TIM_IC_Start_IT  lto-llvm-8dbb6b.o
    0x080075d4   0x080075d4   0x0000027a   Code   RO          688    .text.HAL_TIM_IRQHandler  lto-llvm-8dbb6b.o
    0x0800784e   0x0800784e   0x00000002   PAD
    0x08007850   0x08007850   0x000000ae   Code   RO          556    .text.HAL_TIM_MspPostInit  lto-llvm-8dbb6b.o
    0x080078fe   0x080078fe   0x00000002   PAD
    0x08007900   0x08007900   0x00000008   Code   RO          690    .text.HAL_TIM_OC_DelayElapsedCallback  lto-llvm-8dbb6b.o
    0x08007908   0x08007908   0x000003e0   Code   RO          712    .text.HAL_TIM_PWM_ConfigChannel  lto-llvm-8dbb6b.o
    0x08007ce8   0x08007ce8   0x000001de   Code   RO          674    .text.HAL_TIM_PWM_Init  lto-llvm-8dbb6b.o
    0x08007ec6   0x08007ec6   0x00000002   PAD
    0x08007ec8   0x08007ec8   0x00000008   Code   RO          676    .text.HAL_TIM_PWM_MspInit  lto-llvm-8dbb6b.o
    0x08007ed0   0x08007ed0   0x00000008   Code   RO          672    .text.HAL_TIM_PWM_PulseFinishedCallback  lto-llvm-8dbb6b.o
    0x08007ed8   0x08007ed8   0x000002c0   Code   RO          678    .text.HAL_TIM_PWM_Start  lto-llvm-8dbb6b.o
    0x08008198   0x08008198   0x00000008   Code   RO          668    .text.HAL_TIM_PeriodElapsedCallback  lto-llvm-8dbb6b.o
    0x080081a0   0x080081a0   0x00000242   Code   RO          724    .text.HAL_TIM_ReadCapturedValue  lto-llvm-8dbb6b.o
    0x080083e2   0x080083e2   0x00000002   PAD
    0x080083e4   0x080083e4   0x00000008   Code   RO          692    .text.HAL_TIM_TriggerCallback  lto-llvm-8dbb6b.o
    0x080083ec   0x080083ec   0x0000000c   Code   RO          758    .text.HAL_UARTEx_RxEventCallback  lto-llvm-8dbb6b.o
    0x080083f8   0x080083f8   0x00000008   Code   RO          752    .text.HAL_UART_ErrorCallback  lto-llvm-8dbb6b.o
    0x08008400   0x08008400   0x00000426   Code   RO          762    .text.HAL_UART_IRQHandler  lto-llvm-8dbb6b.o
    0x08008826   0x08008826   0x00000002   PAD
    0x08008828   0x08008828   0x000001c8   Code   RO          732    .text.HAL_UART_Init  lto-llvm-8dbb6b.o
    0x080089f0   0x080089f0   0x000000ee   Code   RO          562    .text.HAL_UART_MspInit  lto-llvm-8dbb6b.o
    0x08008ade   0x08008ade   0x00000002   PAD
    0x08008ae0   0x08008ae0   0x00000008   Code   RO          760    .text.HAL_UART_RxCpltCallback  lto-llvm-8dbb6b.o
    0x08008ae8   0x08008ae8   0x00000146   Code   RO          736    .text.HAL_UART_Transmit  lto-llvm-8dbb6b.o
    0x08008c2e   0x08008c2e   0x00000002   PAD
    0x08008c30   0x08008c30   0x0000011c   Code   RO          740    .text.HAL_UART_Transmit_DMA  lto-llvm-8dbb6b.o
    0x08008d4c   0x08008d4c   0x00000008   Code   RO          756    .text.HAL_UART_TxCpltCallback  lto-llvm-8dbb6b.o
    0x08008d54   0x08008d54   0x00000008   Code   RO          754    .text.HAL_UART_TxHalfCpltCallback  lto-llvm-8dbb6b.o
    0x08008d5c   0x08008d5c   0x00000004   PAD
    0x08008d60   0x08008d60   0x0000037c   Code   RO          498    .text.HMC_Calibration  lto-llvm-8dbb6b.o
    0x080090dc   0x080090dc   0x00000048   Code   RO          496    .text.HMC_ReadMagRaw  lto-llvm-8dbb6b.o
    0x08009124   0x08009124   0x00000004   Code   RO          566    .text.HardFault_Handler  lto-llvm-8dbb6b.o
    0x08009128   0x08009128   0x00000064   Code   RO          634    .text.I2C_IsAcknowledgeFailed  lto-llvm-8dbb6b.o
    0x0800918c   0x0800918c   0x000001a6   Code   RO          640    .text.I2C_MasterRequestRead  lto-llvm-8dbb6b.o
    0x08009332   0x08009332   0x00000002   PAD
    0x08009334   0x08009334   0x00000110   Code   RO          628    .text.I2C_MasterRequestWrite  lto-llvm-8dbb6b.o
    0x08009444   0x08009444   0x000001de   Code   RO          650    .text.I2C_RequestMemoryRead  lto-llvm-8dbb6b.o
    0x08009622   0x08009622   0x00000002   PAD
    0x08009624   0x08009624   0x00000138   Code   RO          646    .text.I2C_RequestMemoryWrite  lto-llvm-8dbb6b.o
    0x0800975c   0x0800975c   0x00000096   Code   RO          632    .text.I2C_WaitOnBTFFlagUntilTimeout  lto-llvm-8dbb6b.o
    0x080097f2   0x080097f2   0x00000002   PAD
    0x080097f4   0x080097f4   0x000000b8   Code   RO          626    .text.I2C_WaitOnFlagUntilTimeout  lto-llvm-8dbb6b.o
    0x080098ac   0x080098ac   0x0000010a   Code   RO          636    .text.I2C_WaitOnMasterAddressFlagUntilTimeout  lto-llvm-8dbb6b.o
    0x080099b6   0x080099b6   0x00000002   PAD
    0x080099b8   0x080099b8   0x000000c6   Code   RO          642    .text.I2C_WaitOnRXNEFlagUntilTimeout  lto-llvm-8dbb6b.o
    0x08009a7e   0x08009a7e   0x00000002   PAD
    0x08009a80   0x08009a80   0x00000094   Code   RO          630    .text.I2C_WaitOnTXEFlagUntilTimeout  lto-llvm-8dbb6b.o
    0x08009b14   0x08009b14   0x00000166   Code   RO          444    .text.MOTOR_Control  lto-llvm-8dbb6b.o
    0x08009c7a   0x08009c7a   0x00000002   PAD
    0x08009c7c   0x08009c7c   0x0000001c   Code   RO          440    .text.MOTOR_Init    lto-llvm-8dbb6b.o
    0x08009c98   0x08009c98   0x00000018   Code   RO          446    .text.MOTOR_Locked  lto-llvm-8dbb6b.o
    0x08009cb0   0x08009cb0   0x000000f6   Code   RO          442    .text.MOTOR_Set     lto-llvm-8dbb6b.o
    0x08009da6   0x08009da6   0x00000002   PAD
    0x08009da8   0x08009da8   0x000003ba   Code   RO          486    .text.MPU_Calibrate  lto-llvm-8dbb6b.o
    0x0800a162   0x0800a162   0x00000002   PAD
    0x0800a164   0x0800a164   0x0000005e   Code   RO          460    .text.MPU_Connect   lto-llvm-8dbb6b.o
    0x0800a1c2   0x0800a1c2   0x00000002   PAD
    0x0800a1c4   0x0800a1c4   0x00000184   Code   RO          464    .text.MPU_Init      lto-llvm-8dbb6b.o
    0x0800a348   0x0800a348   0x00000050   Code   RO          492    .text.MPU_ReadAccelRaw  lto-llvm-8dbb6b.o
    0x0800a398   0x0800a398   0x00000050   Code   RO          494    .text.MPU_ReadGyroRaw  lto-llvm-8dbb6b.o
    0x0800a3e8   0x0800a3e8   0x0000050c   Code   RO          484    .text.MPU_SelfTest  lto-llvm-8dbb6b.o
    0x0800a8f4   0x0800a8f4   0x000001f0   Code   RO          480    .text.MS_CalculatePressure  lto-llvm-8dbb6b.o
    0x0800aae4   0x0800aae4   0x00000110   Code   RO          472    .text.MS_CheckCRC   lto-llvm-8dbb6b.o
    0x0800abf4   0x0800abf4   0x000000a0   Code   RO          466    .text.MS_Init       lto-llvm-8dbb6b.o
    0x0800ac94   0x0800ac94   0x0000002c   Code   RO          478    .text.MS_ReadADC    lto-llvm-8dbb6b.o
    0x0800acc0   0x0800acc0   0x00000062   Code   RO          470    .text.MS_ReadPROM   lto-llvm-8dbb6b.o
    0x0800ad22   0x0800ad22   0x00000002   PAD
    0x0800ad24   0x0800ad24   0x00000098   Code   RO          474    .text.MS_ReadPressure  lto-llvm-8dbb6b.o
    0x0800adbc   0x0800adbc   0x00000014   Code   RO          476    .text.MS_WriteCMD   lto-llvm-8dbb6b.o
    0x0800add0   0x0800add0   0x00000070   Code   RO          538    .text.MX_ADC1_Init  lto-llvm-8dbb6b.o
    0x0800ae40   0x0800ae40   0x00000038   Code   RO          542    .text.MX_DMA_Init   lto-llvm-8dbb6b.o
    0x0800ae78   0x0800ae78   0x0000006c   Code   RO          544    .text.MX_GPIO_Init  lto-llvm-8dbb6b.o
    0x0800aee4   0x0800aee4   0x00000040   Code   RO          546    .text.MX_I2C1_Init  lto-llvm-8dbb6b.o
    0x0800af24   0x0800af24   0x00000108   Code   RO          550    .text.MX_TIM1_Init  lto-llvm-8dbb6b.o
    0x0800b02c   0x0800b02c   0x000000ec   Code   RO          552    .text.MX_TIM2_Init  lto-llvm-8dbb6b.o
    0x0800b118   0x0800b118   0x000000ec   Code   RO          554    .text.MX_TIM3_Init  lto-llvm-8dbb6b.o
    0x0800b204   0x0800b204   0x00000038   Code   RO          560    .text.MX_USART2_UART_Init  lto-llvm-8dbb6b.o
    0x0800b23c   0x0800b23c   0x00000e54   Code   RO          512    .text.MadgwickAHRSupdate  lto-llvm-8dbb6b.o
    0x0800c090   0x0800c090   0x00000688   Code   RO          516    .text.MadgwickAHRSupdateIMU  lto-llvm-8dbb6b.o
    0x0800c718   0x0800c718   0x00000004   Code   RO          568    .text.MemManage_Handler  lto-llvm-8dbb6b.o
    0x0800c71c   0x0800c71c   0x00000004   Code   RO          564    .text.NMI_Handler   lto-llvm-8dbb6b.o
    0x0800c720   0x0800c720   0x00000062   Code   RO          780    .text.NVIC_EncodePriority  lto-llvm-8dbb6b.o
    0x0800c782   0x0800c782   0x00000002   PAD
    0x0800c784   0x0800c784   0x00000240   Code   RO          832    .text.OSDebugInit   lto-llvm-8dbb6b.o
    0x0800c9c4   0x0800c9c4   0x0000007e   Code   RO          834    .text.OSEventNameSet  lto-llvm-8dbb6b.o
    0x0800ca42   0x0800ca42   0x00000002   PAD
    0x0800ca44   0x0800ca44   0x00000038   Code   RO          842    .text.OSInit        lto-llvm-8dbb6b.o
    0x0800ca7c   0x0800ca7c   0x00000084   Code   RO          808    .text.OSInitHookBegin  lto-llvm-8dbb6b.o
    0x0800cb00   0x0800cb00   0x00000034   Code   RO          908    .text.OSIntEnter    lto-llvm-8dbb6b.o
    0x0800cb34   0x0800cb34   0x000000d2   Code   RO          910    .text.OSIntExit     lto-llvm-8dbb6b.o
    0x0800cc06   0x0800cc06   0x00000002   PAD
    0x0800cc08   0x0800cc08   0x00000064   Code   RO          882    .text.OSSchedLock   lto-llvm-8dbb6b.o
    0x0800cc6c   0x0800cc6c   0x00000092   Code   RO          888    .text.OSSchedUnlock  lto-llvm-8dbb6b.o
    0x0800ccfe   0x0800ccfe   0x00000002   PAD
    0x0800cd00   0x0800cd00   0x00000092   Code   RO          866    .text.OSSemCreate   lto-llvm-8dbb6b.o
    0x0800cd92   0x0800cd92   0x00000002   PAD
    0x0800cd94   0x0800cd94   0x00000144   Code   RO          880    .text.OSSemPend     lto-llvm-8dbb6b.o
    0x0800ced8   0x0800ced8   0x0000009c   Code   RO          924    .text.OSSemPost     lto-llvm-8dbb6b.o
    0x0800cf74   0x0800cf74   0x00000054   Code   RO          912    .text.OSStart       lto-llvm-8dbb6b.o
    0x0800cfc8   0x0800cfc8   0x00000070   Code   RO          914    .text.OSStatInit    lto-llvm-8dbb6b.o
    0x0800d038   0x0800d038   0x00000010   Code   RO          826    .text.OSTCBInitHook  lto-llvm-8dbb6b.o
    0x0800d048   0x0800d048   0x0000012a   Code   RO          926    .text.OSTaskCreate  lto-llvm-8dbb6b.o
    0x0800d172   0x0800d172   0x00000002   PAD
    0x0800d174   0x0800d174   0x00000146   Code   RO          872    .text.OSTaskCreateExt  lto-llvm-8dbb6b.o
    0x0800d2ba   0x0800d2ba   0x00000002   PAD
    0x0800d2bc   0x0800d2bc   0x00000010   Code   RO          812    .text.OSTaskCreateHook  lto-llvm-8dbb6b.o
    0x0800d2cc   0x0800d2cc   0x00000242   Code   RO          928    .text.OSTaskDel     lto-llvm-8dbb6b.o
    0x0800d50e   0x0800d50e   0x00000002   PAD
    0x0800d510   0x0800d510   0x00000010   Code   RO          814    .text.OSTaskDelHook  lto-llvm-8dbb6b.o
    0x0800d520   0x0800d520   0x00000008   Code   RO          816    .text.OSTaskIdleHook  lto-llvm-8dbb6b.o
    0x0800d528   0x0800d528   0x000000dc   Code   RO          874    .text.OSTaskNameSet  lto-llvm-8dbb6b.o
    0x0800d604   0x0800d604   0x00000010   Code   RO          818    .text.OSTaskReturnHook  lto-llvm-8dbb6b.o
    0x0800d614   0x0800d614   0x00000008   Code   RO          820    .text.OSTaskStatHook  lto-llvm-8dbb6b.o
    0x0800d61c   0x0800d61c   0x0000011e   Code   RO          904    .text.OSTaskStkChk  lto-llvm-8dbb6b.o
    0x0800d73a   0x0800d73a   0x00000002   PAD
    0x0800d73c   0x0800d73c   0x00000314   Code   RO          822    .text.OSTaskStkInit  lto-llvm-8dbb6b.o
    0x0800da50   0x0800da50   0x00000156   Code   RO          900    .text.OSTaskSuspend  lto-llvm-8dbb6b.o
    0x0800dba6   0x0800dba6   0x00000002   PAD
    0x0800dba8   0x0800dba8   0x00000028   Code   RO          824    .text.OSTaskSwHook  lto-llvm-8dbb6b.o
    0x0800dbd0   0x0800dbd0   0x000000b6   Code   RO          898    .text.OSTimeDly     lto-llvm-8dbb6b.o
    0x0800dc86   0x0800dc86   0x00000002   PAD
    0x0800dc88   0x0800dc88   0x0000011c   Code   RO          916    .text.OSTimeTick    lto-llvm-8dbb6b.o
    0x0800dda4   0x0800dda4   0x00000030   Code   RO          828    .text.OSTimeTickHook  lto-llvm-8dbb6b.o
    0x0800ddd4   0x0800ddd4   0x0000001a   Code   RO          932    .text.OSTmrSignal   lto-llvm-8dbb6b.o
    0x0800ddee   0x0800ddee   0x00000002   PAD
    0x0800ddf0   0x0800ddf0   0x0000011a   Code   RO          862    .text.OSTmr_Init    lto-llvm-8dbb6b.o
    0x0800df0a   0x0800df0a   0x00000002   PAD
    0x0800df0c   0x0800df0c   0x0000003e   Code   RO          868    .text.OSTmr_InitTask  lto-llvm-8dbb6b.o
    0x0800df4a   0x0800df4a   0x00000002   PAD
    0x0800df4c   0x0800df4c   0x000000e0   Code   RO          886    .text.OSTmr_Link    lto-llvm-8dbb6b.o
    0x0800e02c   0x0800e02c   0x000000ce   Code   RO          870    .text.OSTmr_Task    lto-llvm-8dbb6b.o
    0x0800e0fa   0x0800e0fa   0x00000002   PAD
    0x0800e0fc   0x0800e0fc   0x000000a2   Code   RO          884    .text.OSTmr_Unlink  lto-llvm-8dbb6b.o
    0x0800e19e   0x0800e19e   0x00000002   PAD
    0x0800e1a0   0x0800e1a0   0x000000e4   Code   RO          920    .text.OS_EventTaskRdy  lto-llvm-8dbb6b.o
    0x0800e284   0x0800e284   0x00000050   Code   RO          892    .text.OS_EventTaskRemove  lto-llvm-8dbb6b.o
    0x0800e2d4   0x0800e2d4   0x0000007a   Code   RO          838    .text.OS_EventTaskRemoveMulti  lto-llvm-8dbb6b.o
    0x0800e34e   0x0800e34e   0x00000002   PAD
    0x0800e350   0x0800e350   0x00000086   Code   RO          890    .text.OS_EventTaskWait  lto-llvm-8dbb6b.o
    0x0800e3d6   0x0800e3d6   0x00000002   PAD
    0x0800e3d8   0x0800e3d8   0x00000038   Code   RO          894    .text.OS_EventWaitListInit  lto-llvm-8dbb6b.o
    0x0800e410   0x0800e410   0x0000009c   Code   RO          852    .text.OS_FlagInit   lto-llvm-8dbb6b.o
    0x0800e4ac   0x0800e4ac   0x00000058   Code   RO          922    .text.OS_FlagUnlink  lto-llvm-8dbb6b.o
    0x0800e504   0x0800e504   0x000000b2   Code   RO          850    .text.OS_InitEventList  lto-llvm-8dbb6b.o
    0x0800e5b6   0x0800e5b6   0x00000002   PAD
    0x0800e5b8   0x0800e5b8   0x00000068   Code   RO          844    .text.OS_InitMisc   lto-llvm-8dbb6b.o
    0x0800e620   0x0800e620   0x0000006a   Code   RO          846    .text.OS_InitRdyList  lto-llvm-8dbb6b.o
    0x0800e68a   0x0800e68a   0x00000002   PAD
    0x0800e68c   0x0800e68c   0x000000bc   Code   RO          848    .text.OS_InitTCBList  lto-llvm-8dbb6b.o
    0x0800e748   0x0800e748   0x0000003e   Code   RO          858    .text.OS_InitTaskIdle  lto-llvm-8dbb6b.o
    0x0800e786   0x0800e786   0x00000002   PAD
    0x0800e788   0x0800e788   0x0000003e   Code   RO          860    .text.OS_InitTaskStat  lto-llvm-8dbb6b.o
    0x0800e7c6   0x0800e7c6   0x00000002   PAD
    0x0800e7c8   0x0800e7c8   0x0000002c   Code   RO          864    .text.OS_MemClr     lto-llvm-8dbb6b.o
    0x0800e7f4   0x0800e7f4   0x00000092   Code   RO          854    .text.OS_MemInit    lto-llvm-8dbb6b.o
    0x0800e886   0x0800e886   0x00000002   PAD
    0x0800e888   0x0800e888   0x00000086   Code   RO          856    .text.OS_QInit      lto-llvm-8dbb6b.o
    0x0800e90e   0x0800e90e   0x00000002   PAD
    0x0800e910   0x0800e910   0x0000009c   Code   RO          836    .text.OS_Sched      lto-llvm-8dbb6b.o
    0x0800e9ac   0x0800e9ac   0x0000003c   Code   RO          840    .text.OS_SchedNew   lto-llvm-8dbb6b.o
    0x0800e9e8   0x0800e9e8   0x0000021a   Code   RO          878    .text.OS_TCBInit    lto-llvm-8dbb6b.o
    0x0800ec02   0x0800ec02   0x00000002   PAD
    0x0800ec04   0x0800ec04   0x00000034   Code   RO          906    .text.OS_TaskIdle   lto-llvm-8dbb6b.o
    0x0800ec38   0x0800ec38   0x00000018   Code   RO          930    .text.OS_TaskReturn  lto-llvm-8dbb6b.o
    0x0800ec50   0x0800ec50   0x0000014e   Code   RO          896    .text.OS_TaskStat   lto-llvm-8dbb6b.o
    0x0800ed9e   0x0800ed9e   0x00000002   PAD
    0x0800eda0   0x0800eda0   0x00000076   Code   RO          902    .text.OS_TaskStatStkChk  lto-llvm-8dbb6b.o
    0x0800ee16   0x0800ee16   0x00000002   PAD
    0x0800ee18   0x0800ee18   0x00000042   Code   RO          876    .text.OS_TaskStkClr  lto-llvm-8dbb6b.o
    0x0800ee5a   0x0800ee5a   0x00000002   PAD
    0x0800ee5c   0x0800ee5c   0x000000bc   Code   RO          520    .text.PID_Calculate  lto-llvm-8dbb6b.o
    0x0800ef18   0x0800ef18   0x00000058   Code   RO          518    .text.PID_Init      lto-llvm-8dbb6b.o
    0x0800ef70   0x0800ef70   0x00000200   Code   RO          522    .text.PID_Upadte    lto-llvm-8dbb6b.o
    0x0800f170   0x0800f170   0x000000d4   Code   RO          530    .text.POS_Update    lto-llvm-8dbb6b.o
    0x0800f244   0x0800f244   0x00000030   Code   RO          524    .text.PWM_TO_ANGLE  lto-llvm-8dbb6b.o
    0x0800f274   0x0800f274   0x00000034   Code   RO          526    .text.PWM_TO_RATE   lto-llvm-8dbb6b.o
    0x0800f2a8   0x0800f2a8   0x00000084   Code   RO          528    .text.PWM_TO_SPEED  lto-llvm-8dbb6b.o
    0x0800f32c   0x0800f32c   0x00000100   Code   RO          514    .text.QToEuler      lto-llvm-8dbb6b.o
    0x0800f42c   0x0800f42c   0x00000060   Code   RO          448    .text.REMOTE_Init   lto-llvm-8dbb6b.o
    0x0800f48c   0x0800f48c   0x0000019e   Code   RO          534    .text.RotationMatrix_Cal  lto-llvm-8dbb6b.o
    0x0800f62a   0x0800f62a   0x00000002   PAD
    0x0800f62c   0x0800f62c   0x0000002c   Code   RO          458    .text.SENSOR_Init   lto-llvm-8dbb6b.o
    0x0800f658   0x0800f658   0x00000038   Code   RO          482    .text.SENSOR_ReadBytes  lto-llvm-8dbb6b.o
    0x0800f690   0x0800f690   0x0000003e   Code   RO          488    .text.SENSOR_RegReadBytes  lto-llvm-8dbb6b.o
    0x0800f6ce   0x0800f6ce   0x00000002   PAD
    0x0800f6d0   0x0800f6d0   0x00000038   Code   RO          462    .text.SENSOR_RegWriteByte  lto-llvm-8dbb6b.o
    0x0800f708   0x0800f708   0x000002c8   Code   RO          490    .text.SENSOR_Update  lto-llvm-8dbb6b.o
    0x0800f9d0   0x0800f9d0   0x00000034   Code   RO          468    .text.SENSOR_WriteByte  lto-llvm-8dbb6b.o
    0x0800fa04   0x0800fa04   0x00000070   Code   RO          392    .text.START_Task    lto-llvm-8dbb6b.o
    0x0800fa74   0x0800fa74   0x00000002   Code   RO          574    .text.SVC_Handler   lto-llvm-8dbb6b.o
    0x0800fa76   0x0800fa76   0x00000002   PAD
    0x0800fa78   0x0800fa78   0x00000050   Code   RO          500    .text.SYS_Init      lto-llvm-8dbb6b.o
    0x0800fac8   0x0800fac8   0x00000052   Code   RO          790    .text.SysTick_Config  lto-llvm-8dbb6b.o
    0x0800fb1a   0x0800fb1a   0x00000002   PAD
    0x0800fb1c   0x0800fb1c   0x0000002a   Code   RO          830    .text.SysTick_Handler  lto-llvm-8dbb6b.o
    0x0800fb46   0x0800fb46   0x00000002   PAD
    0x0800fb48   0x0800fb48   0x000000b2   Code   RO          502    .text.SystemClock_Config  lto-llvm-8dbb6b.o
    0x0800fbfa   0x0800fbfa   0x00000002   PAD
    0x0800fbfc   0x0800fbfc   0x00000012   Code   RO          582    .text.SystemInit    lto-llvm-8dbb6b.o
    0x0800fc0e   0x0800fc0e   0x00000002   PAD
    0x0800fc10   0x0800fc10   0x000000d8   Code   RO          450    .text.TIM1_CC_IRQHandler  lto-llvm-8dbb6b.o
    0x0800fce8   0x0800fce8   0x00000080   Code   RO          454    .text.TIM1_UP_TIM10_IRQHandler  lto-llvm-8dbb6b.o
    0x0800fd68   0x0800fd68   0x00000188   Code   RO          456    .text.TIM2_IRQHandler  lto-llvm-8dbb6b.o
    0x0800fef0   0x0800fef0   0x0000013a   Code   RO          666    .text.TIM_Base_SetConfig  lto-llvm-8dbb6b.o
    0x0801002a   0x0801002a   0x00000002   PAD
    0x0801002c   0x0801002c   0x00000322   Code   RO          452    .text.TIM_CC_Handler  lto-llvm-8dbb6b.o
    0x0801034e   0x0801034e   0x00000002   PAD
    0x08010350   0x08010350   0x00000102   Code   RO          670    .text.TIM_CCxChannelCmd  lto-llvm-8dbb6b.o
    0x08010452   0x08010452   0x00000002   PAD
    0x08010454   0x08010454   0x00000034   Code   RO          714    .text.TIM_ETR_SetConfig  lto-llvm-8dbb6b.o
    0x08010488   0x08010488   0x0000002a   Code   RO          720    .text.TIM_ITRx_SetConfig  lto-llvm-8dbb6b.o
    0x080104b2   0x080104b2   0x00000002   PAD
    0x080104b4   0x080104b4   0x00000142   Code   RO          694    .text.TIM_OC1_SetConfig  lto-llvm-8dbb6b.o
    0x080105f6   0x080105f6   0x00000002   PAD
    0x080105f8   0x080105f8   0x0000014c   Code   RO          696    .text.TIM_OC2_SetConfig  lto-llvm-8dbb6b.o
    0x08010744   0x08010744   0x0000014a   Code   RO          698    .text.TIM_OC3_SetConfig  lto-llvm-8dbb6b.o
    0x0801088e   0x0801088e   0x00000002   PAD
    0x08010890   0x08010890   0x000000be   Code   RO          700    .text.TIM_OC4_SetConfig  lto-llvm-8dbb6b.o
    0x0801094e   0x0801094e   0x00000002   PAD
    0x08010950   0x08010950   0x00000050   Code   RO          718    .text.TIM_TI1_ConfigInputStage  lto-llvm-8dbb6b.o
    0x080109a0   0x080109a0   0x000000e0   Code   RO          704    .text.TIM_TI1_SetConfig  lto-llvm-8dbb6b.o
    0x08010a80   0x08010a80   0x00000052   Code   RO          722    .text.TIM_TI2_ConfigInputStage  lto-llvm-8dbb6b.o
    0x08010ad2   0x08010ad2   0x00000002   PAD
    0x08010ad4   0x08010ad4   0x0000006c   Code   RO          706    .text.TIM_TI2_SetConfig  lto-llvm-8dbb6b.o
    0x08010b40   0x08010b40   0x0000006a   Code   RO          708    .text.TIM_TI3_SetConfig  lto-llvm-8dbb6b.o
    0x08010baa   0x08010baa   0x00000002   PAD
    0x08010bac   0x08010bac   0x0000006c   Code   RO          710    .text.TIM_TI4_SetConfig  lto-llvm-8dbb6b.o
    0x08010c18   0x08010c18   0x00000020   Code   RO          766    .text.UART_DMAAbortOnError  lto-llvm-8dbb6b.o
    0x08010c38   0x08010c38   0x0000007c   Code   RO          746    .text.UART_DMAError  lto-llvm-8dbb6b.o
    0x08010cb4   0x08010cb4   0x0000007a   Code   RO          742    .text.UART_DMATransmitCplt  lto-llvm-8dbb6b.o
    0x08010d2e   0x08010d2e   0x00000002   PAD
    0x08010d30   0x08010d30   0x00000016   Code   RO          744    .text.UART_DMATxHalfCplt  lto-llvm-8dbb6b.o
    0x08010d46   0x08010d46   0x00000002   PAD
    0x08010d48   0x08010d48   0x00000094   Code   RO          750    .text.UART_EndRxTransfer  lto-llvm-8dbb6b.o
    0x08010ddc   0x08010ddc   0x00000024   Code   RO          770    .text.UART_EndTransmit_IT  lto-llvm-8dbb6b.o
    0x08010e00   0x08010e00   0x00000036   Code   RO          748    .text.UART_EndTxTransfer  lto-llvm-8dbb6b.o
    0x08010e36   0x08010e36   0x00000002   PAD
    0x08010e38   0x08010e38   0x00000160   Code   RO          764    .text.UART_Receive_IT  lto-llvm-8dbb6b.o
    0x08010f98   0x08010f98   0x000001d8   Code   RO          734    .text.UART_SetConfig  lto-llvm-8dbb6b.o
    0x08011170   0x08011170   0x00000090   Code   RO          768    .text.UART_Transmit_IT  lto-llvm-8dbb6b.o
    0x08011200   0x08011200   0x000000d2   Code   RO          738    .text.UART_WaitOnFlagUntilTimeout  lto-llvm-8dbb6b.o
    0x080112d2   0x080112d2   0x00000002   PAD
    0x080112d4   0x080112d4   0x00000096   Code   RO          430    .text.USART2_IRQHandler  lto-llvm-8dbb6b.o
    0x0801136a   0x0801136a   0x00000002   PAD
    0x0801136c   0x0801136c   0x00000004   Code   RO          572    .text.UsageFault_Handler  lto-llvm-8dbb6b.o
    0x08011370   0x08011370   0x00000032   Code   RO          786    .text.__NVIC_EnableIRQ  lto-llvm-8dbb6b.o
    0x080113a2   0x080113a2   0x00000002   PAD
    0x080113a4   0x080113a4   0x00000010   Code   RO          778    .text.__NVIC_GetPriorityGrouping  lto-llvm-8dbb6b.o
    0x080113b4   0x080113b4   0x00000042   Code   RO          782    .text.__NVIC_SetPriority  lto-llvm-8dbb6b.o
    0x080113f6   0x080113f6   0x00000002   PAD
    0x080113f8   0x080113f8   0x0000003c   Code   RO          774    .text.__NVIC_SetPriorityGrouping  lto-llvm-8dbb6b.o
    0x08011434   0x08011434   0x00000078   Code   RO          402    .text.ano_addcheck  lto-llvm-8dbb6b.o
    0x080114ac   0x080114ac   0x0000008e   Code   RO          422    .text.ano_check     lto-llvm-8dbb6b.o
    0x0801153a   0x0801153a   0x00000002   PAD
    0x0801153c   0x0801153c   0x0000001c   Code   RO          508    .text.assert_failed  lto-llvm-8dbb6b.o
    0x08011558   0x08011558   0x00000076   Code   RO          438    .text.biquadFilterApply  lto-llvm-8dbb6b.o
    0x080115ce   0x080115ce   0x00000002   PAD
    0x080115d0   0x080115d0   0x000001a0   Code   RO          436    .text.biquadFilterInit  lto-llvm-8dbb6b.o
    0x08011770   0x08011770   0x00000030   Code   RO          434    .text.biquadFilterInitLPF  lto-llvm-8dbb6b.o
    0x080117a0   0x080117a0   0x0000001a   Code   RO          506    .text.fputc         lto-llvm-8dbb6b.o
    0x080117ba   0x080117ba   0x00000002   PAD
    0x080117bc   0x080117bc   0x00000016   Code   RO          390    .text.main          lto-llvm-8dbb6b.o
    0x080117d2   0x080117d2   0x00000002   PAD
    0x080117d4   0x080117d4   0x00000020   Code   RO          288    i.__0printf         mc_w.l(printfa.o)
    0x080117f4   0x080117f4   0x00000026   Code   RO          315    i.__ARM_fpclassifyf  m_wm.l(fpclassifyf.o)
    0x0801181a   0x0801181a   0x00000002   PAD
    0x0801181c   0x0801181c   0x0000012c   Code   RO          259    i.__hardfp_asinf    m_wm.l(asinf.o)
    0x08011948   0x08011948   0x000002ac   Code   RO          265    i.__hardfp_atan2f   m_wm.l(atan2f.o)
    0x08011bf4   0x08011bf4   0x00000664   Code   RO          271    i.__hardfp_powf     m_wm.l(powf.o)
    0x08012258   0x08012258   0x0000003a   Code   RO          278    i.__hardfp_sqrtf    m_wm.l(sqrtf.o)
    0x08012292   0x08012292   0x00000002   PAD
    0x08012294   0x08012294   0x00000014   Code   RO          317    i.__mathlib_flt_divzero  m_wm.l(funder.o)
    0x080122a8   0x080122a8   0x00000006   Code   RO          318    i.__mathlib_flt_infnan  m_wm.l(funder.o)
    0x080122ae   0x080122ae   0x00000006   Code   RO          319    i.__mathlib_flt_infnan2  m_wm.l(funder.o)
    0x080122b4   0x080122b4   0x00000010   Code   RO          320    i.__mathlib_flt_invalid  m_wm.l(funder.o)
    0x080122c4   0x080122c4   0x00000010   Code   RO          321    i.__mathlib_flt_overflow  m_wm.l(funder.o)
    0x080122d4   0x080122d4   0x00000010   Code   RO          323    i.__mathlib_flt_underflow  m_wm.l(funder.o)
    0x080122e4   0x080122e4   0x0000000e   Code   RO          961    i.__scatterload_copy  mc_w.l(handlers.o)
    0x080122f2   0x080122f2   0x00000002   Code   RO          962    i.__scatterload_null  mc_w.l(handlers.o)
    0x080122f4   0x080122f4   0x0000000e   Code   RO          963    i.__scatterload_zeroinit  mc_w.l(handlers.o)
    0x08012302   0x08012302   0x00000002   PAD
    0x08012304   0x08012304   0x0000000c   Code   RO          361    i.__set_errno       mc_w.l(errno.o)
    0x08012310   0x08012310   0x00000184   Code   RO          295    i._fp_digits        mc_w.l(printfa.o)
    0x08012494   0x08012494   0x000006dc   Code   RO          296    i._printf_core      mc_w.l(printfa.o)
    0x08012b70   0x08012b70   0x00000024   Code   RO          297    i._printf_post_padding  mc_w.l(printfa.o)
    0x08012b94   0x08012b94   0x0000002e   Code   RO          298    i._printf_pre_padding  mc_w.l(printfa.o)
    0x08012bc2   0x08012bc2   0x0000003e   Code   RO          280    i.sqrtf             m_wm.l(sqrtf.o)
    0x08012c00   0x08012c00   0x00000804   Data   RO          236    .constdata          arm_cortexM4lf_math.lib(arm_common_tables.o)
    0x08013404   0x08013404   0x00000140   Data   RO          274    .constdata          m_wm.l(powf.o)
    0x08013544   0x08013544   0x000001c2   Data   RO          937    .rodata             lto-llvm-8dbb6b.o
    0x08013706   0x08013706   0x00000010   Data   RO          939    .rodata.cst16       lto-llvm-8dbb6b.o
    0x08013716   0x08013716   0x00000010   Data   RO          940    .rodata.cst8        lto-llvm-8dbb6b.o
    0x08013726   0x08013726   0x000003c0   Data   RO          936    .rodata.str1.1      lto-llvm-8dbb6b.o
    0x08013ae6   0x08013ae6   0x00000002   PAD
    0x08013ae8   0x08013ae8   0x00000020   Data   RO          960    Region$$Table       anon$$obj.o


    Execution Region RW_IRAM1 (Exec base: 0x20000000, Load base: 0x08013b08, Size: 0x00002e18, Max: 0x00018000, ABSOLUTE)

    Exec Addr    Load Addr    Size         Type   Attr      Idx    E Section Name        Object

    0x20000000   0x08013b08   0x00000004   Data   RW          345    .data               mc_w.l(stdout.o)
    0x20000004   0x08013b0c   0x00000004   Data   RW          362    .data               mc_w.l(errno.o)
    0x20000008   0x08013b10   0x000000f8   Data   RW          938    .data               lto-llvm-8dbb6b.o
    0x20000100        -       0x00002918   Zero   RW          934    .bss                lto-llvm-8dbb6b.o
    0x20002a18        -       0x00000400   Zero   RW           19    STACK               startup_stm32f401xe.o


==============================================================================

Image component sizes


      Code (inc. data)   RO Data    RW Data    ZI Data      Debug   Object Name

     68534        270       1442        248      10520     128993   lto-llvm-8dbb6b.o
       308         34          0          0          0        308   os_cpu_a.o
        36          8        404          0       1024        816   startup_stm32f401xe.o

    ----------------------------------------------------------------------
     69096        312       1880        248      11544     130117   Object Totals
         0          0         32          0          0          0   (incl. Generated)
       218          0          2          0          0          0   (incl. Padding)

    ----------------------------------------------------------------------

      Code (inc. data)   RO Data    RW Data    ZI Data      Debug   Library Member Name

         0          0       2052          0          0       4704   arm_common_tables.o
       120         12          0          0          0      18614   arm_cos_f32.o
        56          0          0          0          0        643   arm_pid_init_f32.o
       236          4          0          0          0      14626   arm_rms_f32.o
       148         18          0          0          0        814   arm_sin_f32.o
       300         42          0          0          0        176   asinf.o
       684         90          0          0          0        208   atan2f.o
        38          0          0          0          0        116   fpclassifyf.o
        80         24          0          0          0        696   funder.o
      1636        110        320          0          0        372   powf.o
       120          0          0          0          0        272   sqrtf.o
         0          0          0          0          0          0   entry.o
         0          0          0          0          0          0   entry10a.o
         0          0          0          0          0          0   entry11a.o
         8          4          0          0          0          0   entry2.o
         4          0          0          0          0          0   entry5.o
         0          0          0          0          0          0   entry7b.o
         0          0          0          0          0          0   entry8b.o
         8          4          0          0          0          0   entry9a.o
        12          6          0          4          0         68   errno.o
        30          0          0          0          0          0   handlers.o
        36          8          0          0          0         68   init.o
         0          0          0          0          0          0   iusefp.o
        30          0          0          0          0         68   llshl.o
        36          0          0          0          0         68   llsshr.o
        32          0          0          0          0         68   llushr.o
        36          0          0          0          0         68   memcpya.o
        36          0          0          0          0        108   memseta.o
      2258         90          0          0          0        452   printfa.o
         0          0          0          4          0          0   stdout.o
        44          0          0          0          0         80   uidiv.o
        98          0          0          0          0         92   uldiv.o
        48          0          0          0          0         68   cdrcmple.o
       334          0          0          0          0        148   dadd.o
       222          0          0          0          0        100   ddiv.o
       186          0          0          0          0        176   depilogue.o
        62          0          0          0          0         80   dfixi.o
        48          0          0          0          0         68   dfixul.o
        34          0          0          0          0         76   dflti.o
       228          0          0          0          0         96   dmul.o
        38          0          0          0          0         68   f2d.o
         4          0          0          0          0         68   fpstat.o

    ----------------------------------------------------------------------
      7300        412       2372          8          0      43329   Library Totals
        10          0          0          0          0          0   (incl. Padding)

    ----------------------------------------------------------------------

      Code (inc. data)   RO Data    RW Data    ZI Data      Debug   Library Name

       560         34       2052          0          0      39401   arm_cortexM4lf_math.lib
      2858        266        320          0          0       1840   m_wm.l
      2668        112          0          8          0       1140   mc_w.l
      1204          0          0          0          0        948   mf_w.l

    ----------------------------------------------------------------------
      7300        412       2372          8          0      43329   Library Totals

    ----------------------------------------------------------------------

==============================================================================


      Code (inc. data)   RO Data    RW Data    ZI Data      Debug   

     76396        724       4252        256      11544     171310   Grand Totals
     76396        724       4252        256      11544     171310   ELF Image Totals
     76396        724       4252        256          0          0   ROM Totals

==============================================================================

    Total RO  Size (Code + RO Data)                80648 (  78.76kB)
    Total RW  Size (RW Data + ZI Data)             11800 (  11.52kB)
    Total ROM Size (Code + RO Data + RW Data)      80904 (  79.01kB)

==============================================================================

