Component: ARM Compiler 5.06 update 7 (build 960) Tool: armlink [4d3601]

==============================================================================

Section Cross References

    main.o(i.main) refers to sys.o(i.SYS_Init) for SYS_Init
    main.o(i.main) refers to printfa.o(i.__0printf) for __2printf
    main.o(i.main) refers to sensor.o(i.SENSOR_Task) for SENSOR_Task
    main.o(i.main) refers to stm32f4xx_hal.o(i.HAL_Delay) for HAL_Delay
    ano.o(i.ANO_Receive_Analyze) refers to ano.o(i.ano_check) for ano_check
    ano.o(i.ANO_Receive_Analyze) refers to ano.o(i.ANO_Send_Param) for ANO_Send_Param
    ano.o(i.ANO_Receive_Analyze) refers to stm32f4xx_hal_uart.o(i.HAL_UART_Transmit_DMA) for HAL_UART_Transmit_DMA
    ano.o(i.ANO_Receive_Analyze) refers to ano.o(.bss) for a
    ano.o(i.ANO_Receive_Analyze) refers to usart.o(.bss) for huart2
    ano.o(i.ANO_Receive_Prepare) refers to ano.o(i.ANO_Receive_Analyze) for ANO_Receive_Analyze
    ano.o(i.ANO_Receive_Prepare) refers to ano.o(.data) for state
    ano.o(i.ANO_Receive_Prepare) refers to ano.o(.bss) for data
    ano.o(i.ANO_Send_Altitude) refers to ano.o(i.ano_addcheck) for ano_addcheck
    ano.o(i.ANO_Send_Battery) refers to ano.o(i.ano_addcheck) for ano_addcheck
    ano.o(i.ANO_Send_Control) refers to ano.o(i.ano_addcheck) for ano_addcheck
    ano.o(i.ANO_Send_Euler) refers to ano.o(i.ano_addcheck) for ano_addcheck
    ano.o(i.ANO_Send_PWM) refers to ano.o(i.ano_addcheck) for ano_addcheck
    ano.o(i.ANO_Send_Param) refers to ano.o(i.ano_addcheck) for ano_addcheck
    ano.o(i.ANO_Send_Quaternion) refers to ano.o(i.ano_addcheck) for ano_addcheck
    ano.o(i.ANO_Send_Sensor) refers to ano.o(i.ano_addcheck) for ano_addcheck
    ano.o(i.ANO_Send_Sensor2) refers to ano.o(i.ano_addcheck) for ano_addcheck
    ano.o(i.ANO_Send_String) refers to ano.o(i.ano_addcheck) for ano_addcheck
    ano.o(i.ANO_Send_Target) refers to ano.o(i.ano_addcheck) for ano_addcheck
    ano.o(i.ANO_Send_Verification) refers to ano.o(i.ano_addcheck) for ano_addcheck
    ano.o(i.USART2_IRQHandler) refers to ano.o(i.ANO_Receive_Prepare) for ANO_Receive_Prepare
    ano.o(i.USART2_IRQHandler) refers to stm32f4xx_hal_uart.o(i.HAL_UART_IRQHandler) for HAL_UART_IRQHandler
    ano.o(i.USART2_IRQHandler) refers to usart.o(.bss) for huart2
    motor.o(i.MOTOR_Init) refers to stm32f4xx_hal_tim.o(i.HAL_TIM_PWM_Start) for HAL_TIM_PWM_Start
    motor.o(i.MOTOR_Init) refers to tim.o(.bss) for htim3
    motor.o(i.MOTOR_Set) refers to tim.o(.bss) for htim3
    remote.o(i.REMOTE_Init) refers to stm32f4xx_hal_tim.o(i.HAL_TIM_IC_Start_IT) for HAL_TIM_IC_Start_IT
    remote.o(i.REMOTE_Init) refers to tim.o(.bss) for htim1
    remote.o(i.TIM1_CC_IRQHandler) refers to stm32f4xx_hal_tim.o(i.HAL_TIM_IRQHandler) for HAL_TIM_IRQHandler
    remote.o(i.TIM1_CC_IRQHandler) refers to remote.o(i.TIM_CC_Handler) for TIM_CC_Handler
    remote.o(i.TIM1_CC_IRQHandler) refers to tim.o(.bss) for htim1
    remote.o(i.TIM1_UP_TIM10_IRQHandler) refers to stm32f4xx_hal_tim.o(i.HAL_TIM_IRQHandler) for HAL_TIM_IRQHandler
    remote.o(i.TIM1_UP_TIM10_IRQHandler) refers to tim.o(.bss) for htim1
    remote.o(i.TIM1_UP_TIM10_IRQHandler) refers to remote.o(.data) for ucount
    remote.o(i.TIM2_IRQHandler) refers to stm32f4xx_hal_tim.o(i.HAL_TIM_IRQHandler) for HAL_TIM_IRQHandler
    remote.o(i.TIM2_IRQHandler) refers to remote.o(i.TIM_CC_Handler) for TIM_CC_Handler
    remote.o(i.TIM2_IRQHandler) refers to tim.o(.bss) for htim2
    remote.o(i.TIM2_IRQHandler) refers to remote.o(.data) for ucount
    remote.o(i.TIM_CC_Handler) refers to stm32f4xx_hal_tim.o(i.HAL_TIM_ReadCapturedValue) for HAL_TIM_ReadCapturedValue
    remote.o(i.TIM_CC_Handler) refers to remote.o(.data) for rstate
    remote.o(i.TIM_CC_Handler) refers to tim.o(.bss) for htim1
    remote.o(i.TIM_CC_Handler) refers to remote.o(.constdata) for TIM_CHANNEL
    remote.o(i.TIM_CC_Handler) refers to remote.o(.bss) for pvalue
    sensor.o(i.HMC_Calibration) refers to printfa.o(i.__0printf) for __2printf
    sensor.o(i.HMC_Calibration) refers to stm32f4xx_hal.o(i.HAL_Delay) for HAL_Delay
    sensor.o(i.HMC_Calibration) refers to sensor.o(i.SENSOR_RegWriteByte) for SENSOR_RegWriteByte
    sensor.o(i.HMC_Calibration) refers to sensor.o(i.SENSOR_RegReadBytes) for SENSOR_RegReadBytes
    sensor.o(i.HMC_Calibration) refers to sensor.o(i.HMC_ReadMagRaw) for HMC_ReadMagRaw
    sensor.o(i.HMC_Calibration) refers to f2d.o(.text) for __aeabi_f2d
    sensor.o(i.HMC_Calibration) refers to sensor.o(.constdata) for .constdata
    sensor.o(i.HMC_Calibration) refers to sensor.o(.data) for mRes
    sensor.o(i.HMC_Connect) refers to sensor.o(i.SENSOR_RegReadBytes) for SENSOR_RegReadBytes
    sensor.o(i.HMC_Connect) refers to printfa.o(i.__0printf) for __2printf
    sensor.o(i.HMC_Init) refers to sensor.o(i.HMC_SelfTest) for HMC_SelfTest
    sensor.o(i.HMC_Init) refers to sensor.o(i.SENSOR_RegWriteByte) for SENSOR_RegWriteByte
    sensor.o(i.HMC_Init) refers to sensor.o(.data) for Mscale
[...]
    .text                                    0x080001ac   Section       36  startup_stm32f401xe.o(.text)
    $v0                                      0x080001ac   Number         0  startup_stm32f401xe.o(.text)
    .text                                    0x080001d0   Section        0  uldiv.o(.text)
    .text                                    0x08000232   Section        0  memseta.o(.text)
    .text                                    0x08000256   Section        0  f2d.o(.text)
    .text                                    0x0800027c   Section        0  uidiv.o(.text)
    .text                                    0x080002a8   Section        0  llshl.o(.text)
    .text                                    0x080002c6   Section        0  llushr.o(.text)
    .text                                    0x080002e6   Section        0  dadd.o(.text)
    .text                                    0x080002e6   Section        0  iusefp.o(.text)
    .text                                    0x08000434   Section        0  dmul.o(.text)
    .text                                    0x08000518   Section        0  ddiv.o(.text)
    .text                                    0x080005f6   Section        0  dfixul.o(.text)
    .text                                    0x08000628   Section       48  cdrcmple.o(.text)
    .text                                    0x08000658   Section        0  fpstat.o(.text)
    .text                                    0x0800065c   Section       36  init.o(.text)
    .text                                    0x08000680   Section        0  llsshr.o(.text)
    .text                                    0x080006a4   Section        0  depilogue.o(.text)
    i.ADC_Init                               0x08000760   Section        0  stm32f4xx_hal_adc.o(i.ADC_Init)
    ADC_Init                                 0x08000761   Thumb Code   370  stm32f4xx_hal_adc.o(i.ADC_Init)
    i.ANO_Receive_Analyze                    0x080008fc   Section        0  ano.o(i.ANO_Receive_Analyze)
    i.ANO_Receive_Prepare                    0x0800093c   Section        0  ano.o(i.ANO_Receive_Prepare)
    i.ANO_Send_Param                         0x08000a2c   Section        0  ano.o(i.ANO_Send_Param)
    i.BusFault_Handler                       0x08000aa0   Section        0  stm32f4xx_it.o(i.BusFault_Handler)
    i.DMA1_Stream6_IRQHandler                0x08000aa4   Section        0  stm32f4xx_it.o(i.DMA1_Stream6_IRQHandler)
    i.DMA_CalcBaseAndBitshift                0x08000ab4   Section        0  stm32f4xx_hal_dma.o(i.DMA_CalcBaseAndBitshift)
    DMA_CalcBaseAndBitshift                  0x08000ab5   Thumb Code    46  stm32f4xx_hal_dma.o(i.DMA_CalcBaseAndBitshift)
    i.DMA_CheckFifoParam                     0x08000ae8   Section        0  stm32f4xx_hal_dma.o(i.DMA_CheckFifoParam)
    DMA_CheckFifoParam                       0x08000ae9   Thumb Code   170  stm32f4xx_hal_dma.o(i.DMA_CheckFifoParam)
    i.DMA_SetConfig                          0x08000b92   Section        0  stm32f4xx_hal_dma.o(i.DMA_SetConfig)
    DMA_SetConfig                            0x08000b93   Thumb Code    44  stm32f4xx_hal_dma.o(i.DMA_SetConfig)
    i.DebugMon_Handler                       0x08000bbe   Section        0  stm32f4xx_it.o(i.DebugMon_Handler)
    i.Error_Handler                          0x08000bc0   Section        0  sys.o(i.Error_Handler)
    i.HAL_ADC_ConfigChannel                  0x08000bc8   Section        0  stm32f4xx_hal_adc.o(i.HAL_ADC_ConfigChannel)
    i.HAL_ADC_Init                           0x08000dd8   Section        0  stm32f4xx_hal_adc.o(i.HAL_ADC_Init)
    i.HAL_ADC_MspInit                        0x0800102c   Section        0  adc.o(i.HAL_ADC_MspInit)
    i.HAL_DMA_Abort                          0x080010ac   Section        0  stm32f4xx_hal_dma.o(i.HAL_DMA_Abort)
    i.HAL_DMA_Abort_IT                       0x08001158   Section        0  stm32f4xx_hal_dma.o(i.HAL_DMA_Abort_IT)
    i.HAL_DMA_IRQHandler                     0x08001180   Section        0  stm32f4xx_hal_dma.o(i.HAL_DMA_IRQHandler)
    i.HAL_DMA_Init                           0x080013c0   Section        0  stm32f4xx_hal_dma.o(i.HAL_DMA_Init)
    i.HAL_DMA_Start_IT                       0x08001704   Section        0  stm32f4xx_hal_dma.o(i.HAL_DMA_Start_IT)
    i.HAL_Delay                              0x080017cc   Section        0  stm32f4xx_hal.o(i.HAL_Delay)
    i.HAL_GPIO_Init                          0x080017f4   Section        0  stm32f4xx_hal_gpio.o(i.HAL_GPIO_Init)
    i.HAL_GetTick                            0x08001b7c   Section        0  stm32f4xx_hal.o(i.HAL_GetTick)
    i.HAL_I2C_Init                           0x08001b88   Section        0  stm32f4xx_hal_i2c.o(i.HAL_I2C_Init)
    i.HAL_I2C_Master_Receive                 0x08001e60   Section        0  stm32f4xx_hal_i2c.o(i.HAL_I2C_Master_Receive)
    i.HAL_I2C_Master_Transmit                0x08002158   Section        0  stm32f4xx_hal_i2c.o(i.HAL_I2C_Master_Transmit)
    i.HAL_I2C_Mem_Read                       0x080022c8   Section        0  stm32f4xx_hal_i2c.o(i.HAL_I2C_Mem_Read)
    i.HAL_I2C_Mem_Write                      0x080025f0   Section        0  stm32f4xx_hal_i2c.o(i.HAL_I2C_Mem_Write)
    i.HAL_I2C_MspInit                        0x08002788   Section        0  i2c.o(i.HAL_I2C_MspInit)
    i.HAL_IncTick                            0x08002810   Section        0  stm32f4xx_hal.o(i.HAL_IncTick)
    i.HAL_Init                               0x08002828   Section        0  stm32f4xx_hal.o(i.HAL_Init)
    i.HAL_InitTick                           0x08002864   Section        0  stm32f4xx_hal.o(i.HAL_InitTick)
    i.HAL_MspInit                            0x080028b0   Section        0  stm32f4xx_hal_msp.o(i.HAL_MspInit)
    i.HAL_NVIC_EnableIRQ                     0x08002900   Section        0  stm32f4xx_hal_cortex.o(i.HAL_NVIC_EnableIRQ)
    i.HAL_NVIC_SetPriority                   0x08002954   Section        0  stm32f4xx_hal_cortex.o(i.HAL_NVIC_SetPriority)
    i.HAL_NVIC_SetPriorityGrouping           0x08002a10   Section        0  stm32f4xx_hal_cortex.o(i.HAL_NVIC_SetPriorityGrouping)
    i.HAL_RCC_ClockConfig                    0x08002a80   Section        0  stm32f4xx_hal_rcc.o(i.HAL_RCC_ClockConfig)
    i.HAL_RCC_GetHCLKFreq                    0x08002d28   Section        0  stm32f4xx_hal_rcc.o(i.HAL_RCC_GetHCLKFreq)
    i.HAL_RCC_GetPCLK1Freq                   0x08002d34   Section        0  stm32f4xx_hal_rcc.o(i.HAL_RCC_GetPCLK1Freq)
    i.HAL_RCC_GetPCLK2Freq                   0x08002d54   Section        0  stm32f4xx_hal_rcc.o(i.HAL_RCC_GetPCLK2Freq)
    i.HAL_RCC_GetSysClockFreq                0x08002d74   Section        0  stm32f4xx_hal_rcc.o(i.HAL_RCC_GetSysClockFreq)
    i.HAL_RCC_OscConfig                      0x08002e24   Section        0  stm32f4xx_hal_rcc.o(i.HAL_RCC_OscConfig)
    i.HAL_SYSTICK_Config                     0x0800341c   Section        0  stm32f4xx_hal_cortex.o(i.HAL_SYSTICK_Config)
    i.HAL_TIMEx_BreakCallback                0x08003450   Section        0  stm32f4xx_hal_tim_ex.o(i.HAL_TIMEx_BreakCallback)
    i.HAL_TIMEx_CommutCallback               0x08003452   Section        0  stm32f4xx_hal_tim_ex.o(i.HAL_TIMEx_CommutCallback)
    i.HAL_TIMEx_MasterConfigSynchronization  0x08003454   Section        0  stm32f4xx_hal_tim_ex.o(i.HAL_TIMEx_MasterConfigSynchronization)
    i.HAL_TIM_Base_Init                      0x0800359c   Section        0  stm32f4xx_hal_tim.o(i.HAL_TIM_Base_Init)
    i.HAL_TIM_Base_MspInit                   0x080036e8   Section        0  tim.o(i.HAL_TIM_Base_MspInit)
    i.HAL_TIM_ConfigClockSource              0x0800387c   Section        0  stm32f4xx_hal_tim.o(i.HAL_TIM_ConfigClockSource)
    i.HAL_TIM_IC_CaptureCallback             0x08003d3c   Section        0  stm32f4xx_hal_tim.o(i.HAL_TIM_IC_CaptureCallback)
    i.HAL_TIM_IC_ConfigChannel               0x08003d40   Section        0  stm32f4xx_hal_tim.o(i.HAL_TIM_IC_ConfigChannel)
    i.HAL_TIM_IC_Init                        0x08003fb8   Section        0  stm32f4xx_hal_tim.o(i.HAL_TIM_IC_Init)
    i.HAL_TIM_IC_MspInit                     0x08004104   Section        0  stm32f4xx_hal_tim.o(i.HAL_TIM_IC_MspInit)
    i.HAL_TIM_IC_Start_IT                    0x08004108   Section        0  stm32f4xx_hal_tim.o(i.HAL_TIM_IC_Start_IT)
    i.HAL_TIM_IRQHandler                     0x08004348   Section        0  stm32f4xx_hal_tim.o(i.HAL_TIM_IRQHandler)
    i.HAL_TIM_MspPostInit                    0x080044e0   Section        0  tim.o(i.HAL_TIM_MspPostInit)
    i.HAL_TIM_OC_DelayElapsedCallback        0x0800457c   Section        0  stm32f4xx_hal_tim.o(i.HAL_TIM_OC_DelayElapsedCallback)
    i.HAL_TIM_PWM_ConfigChannel              0x08004580   Section        0  stm32f4xx_hal_tim.o(i.HAL_TIM_PWM_ConfigChannel)
    i.HAL_TIM_PWM_Init                       0x08004818   Section        0  stm32f4xx_hal_tim.o(i.HAL_TIM_PWM_Init)
    i.HAL_TIM_PWM_MspInit                    0x08004964   Section        0  stm32f4xx_hal_tim.o(i.HAL_TIM_PWM_MspInit)
    i.HAL_TIM_PWM_PulseFinishedCallback      0x08004966   Section        0  stm32f4xx_hal_tim.o(i.HAL_TIM_PWM_PulseFinishedCallback)
    i.HAL_TIM_PWM_Start                      0x08004968   Section        0  stm32f4xx_hal_tim.o(i.HAL_TIM_PWM_Start)
    i.HAL_TIM_PeriodElapsedCallback          0x08004b18   Section        0  stm32f4xx_hal_tim.o(i.HAL_TIM_PeriodElapsedCallback)
    i.HAL_TIM_ReadCapturedValue              0x08004b1c   Section        0  stm32f4xx_hal_tim.o(i.HAL_TIM_ReadCapturedValue)
    i.HAL_TIM_TriggerCallback                0x08004c84   Section        0  stm32f4xx_hal_tim.o(i.HAL_TIM_TriggerCallback)
    i.HAL_UARTEx_RxEventCallback             0x08004c86   Section        0  stm32f4xx_hal_uart.o(i.HAL_UARTEx_RxEventCallback)
    i.HAL_UART_ErrorCallback                 0x08004c88   Section        0  stm32f4xx_hal_uart.o(i.HAL_UART_ErrorCallback)
    i.HAL_UART_IRQHandler                    0x08004c8c   Section        0  stm32f4xx_hal_uart.o(i.HAL_UART_IRQHandler)
    i.HAL_UART_Init                          0x08004f6c   Section        0  stm32f4xx_hal_uart.o(i.HAL_UART_Init)
    i.HAL_UART_MspInit                       0x080050ac   Section        0  usart.o(i.HAL_UART_MspInit)
    i.HAL_UART_RxCpltCallback                0x0800518c   Section        0  stm32f4xx_hal_uart.o(i.HAL_UART_RxCpltCallback)
    i.HAL_UART_Transmit                      0x0800518e   Section        0  stm32f4xx_hal_uart.o(i.HAL_UART_Transmit)
    i.HAL_UART_Transmit_DMA                  0x08005260   Section        0  stm32f4xx_hal_uart.o(i.HAL_UART_Transmit_DMA)
    i.HAL_UART_TxCpltCallback                0x0800530c   Section        0  stm32f4xx_hal_uart.o(i.HAL_UART_TxCpltCallback)
    i.HAL_UART_TxHalfCpltCallback            0x0800530e   Section        0  stm32f4xx_hal_uart.o(i.HAL_UART_TxHalfCpltCallback)
    i.HMC_Connect                            0x08005310   Section        0  sensor.o(i.HMC_Connect)
    i.HMC_Init                               0x080053e8   Section        0  sensor.o(i.HMC_Init)
    i.HMC_ReadMagRaw                         0x08005418   Section        0  sensor.o(i.HMC_ReadMagRaw)
    i.HMC_SelfTest                           0x0800545c   Section        0  sensor.o(i.HMC_SelfTest)
    i.HardFault_Handler                      0x08005554   Section        0  stm32f4xx_it.o(i.HardFault_Handler)
    i.I2C_IsAcknowledgeFailed                0x08005558   Section        0  stm32f4xx_hal_i2c.o(i.I2C_IsAcknowledgeFailed)
    I2C_IsAcknowledgeFailed                  0x08005559   Thumb Code    62  stm32f4xx_hal_i2c.o(i.I2C_IsAcknowledgeFailed)
    i.I2C_MasterRequestRead                  0x08005598   Section        0  stm32f4xx_hal_i2c.o(i.I2C_MasterRequestRead)
    I2C_MasterRequestRead                    0x08005599   Thumb Code   308  stm32f4xx_hal_i2c.o(i.I2C_MasterRequestRead)
    i.I2C_MasterRequestWrite                 0x080056d0   Section        0  stm32f4xx_hal_i2c.o(i.I2C_MasterRequestWrite)
    I2C_MasterRequestWrite                   0x080056d1   Thumb Code   186  stm32f4xx_hal_i2c.o(i.I2C_MasterRequestWrite)
    i.I2C_RequestMemoryRead                  0x08005790   Section        0  stm32f4xx_hal_i2c.o(i.I2C_RequestMemoryRead)
    I2C_RequestMemoryRead                    0x08005791   Thumb Code   348  stm32f4xx_hal_i2c.o(i.I2C_RequestMemoryRead)
    i.I2C_RequestMemoryWrite                 0x080058f0   Section        0  stm32f4xx_hal_i2c.o(i.I2C_RequestMemoryWrite)
    I2C_RequestMemoryWrite                   0x080058f1   Thumb Code   220  stm32f4xx_hal_i2c.o(i.I2C_RequestMemoryWrite)
    i.I2C_WaitOnBTFFlagUntilTimeout          0x080059d0   Section        0  stm32f4xx_hal_i2c.o(i.I2C_WaitOnBTFFlagUntilTimeout)
    I2C_WaitOnBTFFlagUntilTimeout            0x080059d1   Thumb Code    92  stm32f4xx_hal_i2c.o(i.I2C_WaitOnBTFFlagUntilTimeout)
    i.I2C_WaitOnFlagUntilTimeout             0x08005a2c   Section        0  stm32f4xx_hal_i2c.o(i.I2C_WaitOnFlagUntilTimeout)
    I2C_WaitOnFlagUntilTimeout               0x08005a2d   Thumb Code   134  stm32f4xx_hal_i2c.o(i.I2C_WaitOnFlagUntilTimeout)
    i.I2C_WaitOnMasterAddressFlagUntilTimeout 0x08005ab2   Section        0  stm32f4xx_hal_i2c.o(i.I2C_WaitOnMasterAddressFlagUntilTimeout)
    I2C_WaitOnMasterAddressFlagUntilTimeout  0x08005ab3   Thumb Code   196  stm32f4xx_hal_i2c.o(i.I2C_WaitOnMasterAddressFlagUntilTimeout)
    i.I2C_WaitOnRXNEFlagUntilTimeout         0x08005b76   Section        0  stm32f4xx_hal_i2c.o(i.I2C_WaitOnRXNEFlagUntilTimeout)
    I2C_WaitOnRXNEFlagUntilTimeout           0x08005b77   Thumb Code   128  stm32f4xx_hal_i2c.o(i.I2C_WaitOnRXNEFlagUntilTimeout)
    i.I2C_WaitOnTXEFlagUntilTimeout          0x08005bf6   Section        0  stm32f4xx_hal_i2c.o(i.I2C_WaitOnTXEFlagUntilTimeout)
    I2C_WaitOnTXEFlagUntilTimeout            0x08005bf7   Thumb Code    92  stm32f4xx_hal_i2c.o(i.I2C_WaitOnTXEFlagUntilTimeout)
    i.MOTOR_Init                             0x08005c54   Section        0  motor.o(i.MOTOR_Init)
    i.MPU_Calibrate                          0x08005c7c   Section        0  sensor.o(i.MPU_Calibrate)
    i.MPU_Connect                            0x08006210   Section        0  sensor.o(i.MPU_Connect)
    i.MPU_Init                               0x080062a0   Section        0  sensor.o(i.MPU_Init)
    i.MPU_ReadAccelRaw                       0x0800636c   Section        0  sensor.o(i.MPU_ReadAccelRaw)
    i.MPU_ReadGyroRaw                        0x080063ae   Section        0  sensor.o(i.MPU_ReadGyroRaw)
    i.MPU_SelfTest                           0x080063f0   Section        0  sensor.o(i.MPU_SelfTest)
    i.MS_CheckCRC                            0x08006900   Section        0  sensor.o(i.MS_CheckCRC)
    i.MS_Init                                0x080069a0   Section        0  sensor.o(i.MS_Init)
    i.MX_ADC1_Init                           0x080069fc   Section        0  adc.o(i.MX_ADC1_Init)
    i.MX_DMA_Init                            0x08006a6c   Section        0  dma.o(i.MX_DMA_Init)
    i.MX_GPIO_Init                           0x08006aa4   Section        0  gpio.o(i.MX_GPIO_Init)
    i.MX_I2C1_Init                           0x08006b08   Section        0  i2c.o(i.MX_I2C1_Init)
    i.MX_TIM1_Init                           0x08006b48   Section        0  tim.o(i.MX_TIM1_Init)
    i.MX_TIM2_Init                           0x08006c1c   Section        0  tim.o(i.MX_TIM2_Init)
    i.MX_TIM3_Init                           0x08006cd8   Section        0  tim.o(i.MX_TIM3_Init)
    i.MX_USART2_UART_Init                    0x08006db0   Section        0  usart.o(i.MX_USART2_UART_Init)
    i.MemManage_Handler                      0x08006de8   Section        0  stm32f4xx_it.o(i.MemManage_Handler)
    i.NMI_Handler                            0x08006dec   Section        0  stm32f4xx_it.o(i.NMI_Handler)
    i.PendSV_Handler                         0x08006df0   Section        0  stm32f4xx_it.o(i.PendSV_Handler)
    i.REMOTE_Init                            0x08006df4   Section        0  remote.o(i.REMOTE_Init)
    i.SENSOR_Init                            0x08006e58   Section        0  sensor.o(i.SENSOR_Init)
    i.SENSOR_ReadBytes                       0x08006e80   Section        0  sensor.o(i.SENSOR_ReadBytes)
    SENSOR_ReadBytes                         0x08006e81   Thumb Code    36  sensor.o(i.SENSOR_ReadBytes)
    i.SENSOR_RegReadBytes                    0x08006ea8   Section        0  sensor.o(i.SENSOR_RegReadBytes)
    SENSOR_RegReadBytes                      0x08006ea9   Thumb Code    42  sensor.o(i.SENSOR_RegReadBytes)
    i.SENSOR_RegWriteByte                    0x08006ed8   Section        0  sensor.o(i.SENSOR_RegWriteByte)
    SENSOR_RegWriteByte                      0x08006ed9   Thumb Code    46  sensor.o(i.SENSOR_RegWriteByte)
    i.SENSOR_Task                            0x08006f0c   Section        0  sensor.o(i.SENSOR_Task)
    i.SENSOR_WriteByte                       0x08007024   Section        0  sensor.o(i.SENSOR_WriteByte)
    SENSOR_WriteByte                         0x08007025   Thumb Code    36  sensor.o(i.SENSOR_WriteByte)
    i.SVC_Handler                            0x0800704c   Section        0  stm32f4xx_it.o(i.SVC_Handler)
    i.SYS_Init                               0x08007050   Section        0  sys.o(i.SYS_Init)
    i.SysTick_Handler                        0x0800709c   Section        0  stm32f4xx_it.o(i.SysTick_Handler)
    i.SystemClock_Config                     0x080070a4   Section        0  sys.o(i.SystemClock_Config)
    i.SystemInit                             0x08007158   Section        0  system_stm32f4xx.o(i.SystemInit)
    i.TIM1_CC_IRQHandler                     0x0800716c   Section        0  remote.o(i.TIM1_CC_IRQHandler)
    i.TIM1_UP_TIM10_IRQHandler               0x080071c8   Section        0  remote.o(i.TIM1_UP_TIM10_IRQHandler)
    i.TIM2_IRQHandler                        0x08007208   Section        0  remote.o(i.TIM2_IRQHandler)
    i.TIM_Base_SetConfig                     0x08007288   Section        0  stm32f4xx_hal_tim.o(i.TIM_Base_SetConfig)
    i.TIM_CC_Handler                         0x0800732c   Section        0  remote.o(i.TIM_CC_Handler)
    TIM_CC_Handler                           0x0800732d   Thumb Code   408  remote.o(i.TIM_CC_Handler)
    i.TIM_CCxChannelCmd                      0x080074e0   Section        0  stm32f4xx_hal_tim.o(i.TIM_CCxChannelCmd)
    i.TIM_ETR_SetConfig                      0x080075a4   Section        0  stm32f4xx_hal_tim.o(i.TIM_ETR_SetConfig)
    i.TIM_ITRx_SetConfig                     0x080075ba   Section        0  stm32f4xx_hal_tim.o(i.TIM_ITRx_SetConfig)
    TIM_ITRx_SetConfig                       0x080075bb   Thumb Code    18  stm32f4xx_hal_tim.o(i.TIM_ITRx_SetConfig)
    i.TIM_OC1_SetConfig                      0x080075cc   Section        0  stm32f4xx_hal_tim.o(i.TIM_OC1_SetConfig)
    TIM_OC1_SetConfig                        0x080075cd   Thumb Code   174  stm32f4xx_hal_tim.o(i.TIM_OC1_SetConfig)
    i.TIM_OC2_SetConfig                      0x080076a0   Section        0  stm32f4xx_hal_tim.o(i.TIM_OC2_SetConfig)
    i.TIM_OC3_SetConfig                      0x0800777c   Section        0  stm32f4xx_hal_tim.o(i.TIM_OC3_SetConfig)
    TIM_OC3_SetConfig                        0x0800777d   Thumb Code   182  stm32f4xx_hal_tim.o(i.TIM_OC3_SetConfig)
    i.TIM_OC4_SetConfig                      0x08007858   Section        0  stm32f4xx_hal_tim.o(i.TIM_OC4_SetConfig)
    TIM_OC4_SetConfig                        0x08007859   Thumb Code   104  stm32f4xx_hal_tim.o(i.TIM_OC4_SetConfig)
    i.TIM_TI1_ConfigInputStage               0x080078e4   Section        0  stm32f4xx_hal_tim.o(i.TIM_TI1_ConfigInputStage)
    TIM_TI1_ConfigInputStage                 0x080078e5   Thumb Code    38  stm32f4xx_hal_tim.o(i.TIM_TI1_ConfigInputStage)
    i.TIM_TI1_SetConfig                      0x0800790c   Section        0  stm32f4xx_hal_tim.o(i.TIM_TI1_SetConfig)
    i.TIM_TI2_ConfigInputStage               0x08007988   Section        0  stm32f4xx_hal_tim.o(i.TIM_TI2_ConfigInputStage)
    TIM_TI2_ConfigInputStage                 0x08007989   Thumb Code    40  stm32f4xx_hal_tim.o(i.TIM_TI2_ConfigInputStage)
    i.TIM_TI2_SetConfig                      0x080079b0   Section        0  stm32f4xx_hal_tim.o(i.TIM_TI2_SetConfig)
    TIM_TI2_SetConfig                        0x080079b1   Thumb Code    58  stm32f4xx_hal_tim.o(i.TIM_TI2_SetConfig)
    i.TIM_TI3_SetConfig                      0x080079ea   Section        0  stm32f4xx_hal_tim.o(i.TIM_TI3_SetConfig)
    TIM_TI3_SetConfig                        0x080079eb   Thumb Code    56  stm32f4xx_hal_tim.o(i.TIM_TI3_SetConfig)
    i.TIM_TI4_SetConfig                      0x08007a22   Section        0  stm32f4xx_hal_tim.o(i.TIM_TI4_SetConfig)
    TIM_TI4_SetConfig                        0x08007a23   Thumb Code    60  stm32f4xx_hal_tim.o(i.TIM_TI4_SetConfig)
    i.UART_DMAAbortOnError                   0x08007a5e   Section        0  stm32f4xx_hal_uart.o(i.UART_DMAAbortOnError)
    UART_DMAAbortOnError                     0x08007a5f   Thumb Code    20  stm32f4xx_hal_uart.o(i.UART_DMAAbortOnError)
    i.UART_DMAError                          0x08007a72   Section        0  stm32f4xx_hal_uart.o(i.UART_DMAError)
    UART_DMAError                            0x08007a73   Thumb Code    80  stm32f4xx_hal_uart.o(i.UART_DMAError)
    i.UART_DMATransmitCplt                   0x08007ac2   Section        0  stm32f4xx_hal_uart.o(i.UART_DMATransmitCplt)
    UART_DMATransmitCplt                     0x08007ac3   Thumb Code    88  stm32f4xx_hal_uart.o(i.UART_DMATransmitCplt)
    i.UART_DMATxHalfCplt                     0x08007b1a   Section        0  stm32f4xx_hal_uart.o(i.UART_DMATxHalfCplt)
    UART_DMATxHalfCplt                       0x08007b1b   Thumb Code    14  stm32f4xx_hal_uart.o(i.UART_DMATxHalfCplt)
    i.UART_EndRxTransfer                     0x08007b28   Section        0  stm32f4xx_hal_uart.o(i.UART_EndRxTransfer)
    UART_EndRxTransfer                       0x08007b29   Thumb Code   108  stm32f4xx_hal_uart.o(i.UART_EndRxTransfer)
    i.UART_EndTransmit_IT                    0x08007b94   Section        0  stm32f4xx_hal_uart.o(i.UART_EndTransmit_IT)
    UART_EndTransmit_IT                      0x08007b95   Thumb Code    32  stm32f4xx_hal_uart.o(i.UART_EndTransmit_IT)
    i.UART_EndTxTransfer                     0x08007bb4   Section        0  stm32f4xx_hal_uart.o(i.UART_EndTxTransfer)
    UART_EndTxTransfer                       0x08007bb5   Thumb Code    38  stm32f4xx_hal_uart.o(i.UART_EndTxTransfer)
    i.UART_Receive_IT                        0x08007bda   Section        0  stm32f4xx_hal_uart.o(i.UART_Receive_IT)
    UART_Receive_IT                          0x08007bdb   Thumb Code   248  stm32f4xx_hal_uart.o(i.UART_Receive_IT)
    i.UART_SetConfig                         0x08007cd4   Section        0  stm32f4xx_hal_uart.o(i.UART_SetConfig)
    UART_SetConfig                           0x08007cd5   Thumb Code   664  stm32f4xx_hal_uart.o(i.UART_SetConfig)
    i.UART_Transmit_IT                       0x08007f98   Section        0  stm32f4xx_hal_uart.o(i.UART_Transmit_IT)
    UART_Transmit_IT                         0x08007f99   Thumb Code    96  stm32f4xx_hal_uart.o(i.UART_Transmit_IT)
    i.UART_WaitOnFlagUntilTimeout            0x08007ff8   Section        0  stm32f4xx_hal_uart.o(i.UART_WaitOnFlagUntilTimeout)
    UART_WaitOnFlagUntilTimeout              0x08007ff9   Thumb Code   146  stm32f4xx_hal_uart.o(i.UART_WaitOnFlagUntilTimeout)
    i.USART2_IRQHandler                      0x0800808c   Section        0  ano.o(i.USART2_IRQHandler)
    i.UsageFault_Handler                     0x080080dc   Section        0  stm32f4xx_it.o(i.UsageFault_Handler)
    i.__0printf                              0x080080e0   Section        0  printfa.o(i.__0printf)
    i.__ARM_fpclassifyf                      0x08008100   Section        0  fpclassifyf.o(i.__ARM_fpclassifyf)
    i.__NVIC_GetPriorityGrouping             0x08008128   Section        0  stm32f4xx_hal_cortex.o(i.__NVIC_GetPriorityGrouping)
    __NVIC_GetPriorityGrouping               0x08008129   Thumb Code    10  stm32f4xx_hal_cortex.o(i.__NVIC_GetPriorityGrouping)
    i.__NVIC_SetPriority                     0x08008138   Section        0  stm32f4xx_hal_cortex.o(i.__NVIC_SetPriority)
    __NVIC_SetPriority                       0x08008139   Thumb Code    32  stm32f4xx_hal_cortex.o(i.__NVIC_SetPriority)
    i.__hardfp_powf                          0x08008160   Section        0  powf.o(i.__hardfp_powf)
    i.__mathlib_flt_divzero                  0x080087c4   Section        0  funder.o(i.__mathlib_flt_divzero)
    i.__mathlib_flt_infnan2                  0x080087d8   Section        0  funder.o(i.__mathlib_flt_infnan2)
    i.__mathlib_flt_invalid                  0x080087e0   Section        0  funder.o(i.__mathlib_flt_invalid)
    i.__mathlib_flt_overflow                 0x080087f0   Section        0  funder.o(i.__mathlib_flt_overflow)
    i.__mathlib_flt_underflow                0x08008800   Section        0  funder.o(i.__mathlib_flt_underflow)
    i.__scatterload_copy                     0x08008810   Section       14  handlers.o(i.__scatterload_copy)
    i.__scatterload_null                     0x0800881e   Section        2  handlers.o(i.__scatterload_null)
    i.__scatterload_zeroinit                 0x08008820   Section       14  handlers.o(i.__scatterload_zeroinit)
    i.__set_errno                            0x08008830   Section        0  errno.o(i.__set_errno)
    i._fp_digits                             0x0800883c   Section        0  printfa.o(i._fp_digits)
    _fp_digits                               0x0800883d   Thumb Code   366  printfa.o(i._fp_digits)
    i._printf_core                           0x080089c0   Section        0  printfa.o(i._printf_core)
    _printf_core                             0x080089c1   Thumb Code  1704  printfa.o(i._printf_core)
    i._printf_post_padding                   0x08009074   Section        0  printfa.o(i._printf_post_padding)
    _printf_post_padding                     0x08009075   Thumb Code    36  printfa.o(i._printf_post_padding)
    i._printf_pre_padding                    0x08009098   Section        0  printfa.o(i._printf_pre_padding)
    _printf_pre_padding                      0x08009099   Thumb Code    46  printfa.o(i._printf_pre_padding)
    i.ano_addcheck                           0x080090c6   Section        0  ano.o(i.ano_addcheck)
    ano_addcheck                             0x080090c7   Thumb Code    50  ano.o(i.ano_addcheck)
    i.ano_check                              0x080090f8   Section        0  ano.o(i.ano_check)
    ano_check                                0x080090f9   Thumb Code    56  ano.o(i.ano_check)
    i.assert_failed                          0x08009130   Section        0  sys.o(i.assert_failed)
    i.fputc                                  0x08009174   Section        0  sys.o(i.fputc)
    i.main                                   0x08009190   Section        0  main.o(i.main)
    .constdata                               0x080091b0   Section       14  remote.o(.constdata)
    .constdata                               0x080091be   Section       24  system_stm32f4xx.o(.constdata)
    .constdata                               0x080091d6   Section        8  stm32f4xx_hal_dma.o(.constdata)
    flagBitshiftOffset                       0x080091d6   Data           8  stm32f4xx_hal_dma.o(.constdata)
    .constdata                               0x080091e0   Section      320  powf.o(.constdata)
    table                                    0x080091e0   Data         128  powf.o(.constdata)
    powersof2to1over16top                    0x08009260   Data          64  powf.o(.constdata)
    powersof2to1over16bot                    0x080092a0   Data          64  powf.o(.constdata)
    powersof2to1over16all                    0x080092e0   Data          64  powf.o(.constdata)
    .data                                    0x20000000   Section        2  ano.o(.data)
    state                                    0x20000000   Data           1  ano.o(.data)
    cnt                                      0x20000001   Data           1  ano.o(.data)
    .data                                    0x20000002   Section       14  remote.o(.data)
    .data                                    0x20000010   Section       80  sensor.o(.data)
    .data                                    0x20000060   Section        4  system_stm32f4xx.o(.data)
    .data                                    0x20000064   Section        9  stm32f4xx_hal.o(.data)
    .data                                    0x20000070   Section        4  stdout.o(.data)
    .data                                    0x20000074   Section        4  errno.o(.data)
    _errno                                   0x20000074   Data           4  errno.o(.data)
    .bss                                     0x20000078   Section       62  ano.o(.bss)
    a                                        0x20000078   Data          12  ano.o(.bss)
    data                                     0x20000084   Data          50  ano.o(.bss)
    .bss                                     0x200000b8   Section       56  remote.o(.bss)
    .bss                                     0x200000f0   Section       72  sensor.o(.bss)
    .bss                                     0x20000138   Section       72  adc.o(.bss)
    .bss                                     0x20000180   Section       84  i2c.o(.bss)
    .bss                                     0x200001d4   Section      216  tim.o(.bss)
    .bss                                     0x200002ac   Section      164  usart.o(.bss)
    STACK                                    0x20000350   Section     1024  startup_stm32f401xe.o(STACK)

    Global Symbols

    Symbol Name                              Value     Ov Type        Size  Object(Section)

    BuildAttributes$$THM_ISAv4$E$P$D$K$B$S$7EM$VFPi3$EXTD16$VFPS$VFMA$PE$A:L22UL41UL21$X:L11$S22US41US21$IEEE1$IW$USESV6$~STKCKD$USESV7$~SHL$OTIME$ROPI$IEEEX$EBA8$MICROLIB$REQ8$PRES8$EABIv2 0x00000000   Number         0  anon$$obj.o ABSOLUTE
    __ARM_use_no_argv                        0x00000000   Number         0  main.o ABSOLUTE
    _printf_a                                0x00000000   Number         0  stubs.o ABSOLUTE
    _printf_c                                0x00000000   Number         0  stubs.o ABSOLUTE
    _printf_charcount                        0x00000000   Number         0  stubs.o ABSOLUTE
    _printf_d                                0x00000000   Number         0  stubs.o ABSOLUTE
    _printf_e                                0x00000000   Number         0  stubs.o ABSOLUTE
    _printf_f                                0x00000000   Number         0  stubs.o ABSOLUTE
    _printf_flags                            0x00000000   Number         0  stubs.o ABSOLUTE
    _printf_fp_dec                           0x00000000   Number         0  stubs.o ABSOLUTE
    _printf_fp_hex                           0x00000000   Number         0  stubs.o ABSOLUTE
    _printf_g                                0x00000000   Number         0  stubs.o ABSOLUTE
    _printf_i                                0x00000000   Number         0  stubs.o ABSOLUTE
    _printf_int_dec                          0x00000000   Number         0  stubs.o ABSOLUTE
    _printf_l                                0x00000000   Number         0  stubs.o ABSOLUTE
    _printf_lc                               0x00000000   Number         0  stubs.o ABSOLUTE
    _printf_ll                               0x00000000   Number         0  stubs.o ABSOLUTE
    _printf_lld                              0x00000000   Number         0  stubs.o ABSOLUTE
    _printf_lli                              0x00000000   Number         0  stubs.o ABSOLUTE
    _printf_llo                              0x00000000   Number         0  stubs.o ABSOLUTE
    _printf_llu                              0x00000000   Number         0  stubs.o ABSOLUTE
    _printf_llx                              0x00000000   Number         0  stubs.o ABSOLUTE
    _printf_longlong_dec                     0x00000000   Number         0  stubs.o ABSOLUTE
    _printf_longlong_hex                     0x00000000   Number         0  stubs.o ABSOLUTE
    _printf_longlong_oct                     0x00000000   Number         0  stubs.o ABSOLUTE
    _printf_ls                               0x00000000   Number         0  stubs.o ABSOLUTE
    _printf_mbtowc                           0x00000000   Number         0  stubs.o ABSOLUTE
    _printf_n                                0x00000000   Number         0  stubs.o ABSOLUTE
    _printf_o                                0x00000000   Number         0  stubs.o ABSOLUTE
    _printf_p                                0x00000000   Number         0  stubs.o ABSOLUTE
    _printf_percent                          0x00000000   Number         0  stubs.o ABSOLUTE
    _printf_pre_padding                      0x00000000   Number         0  stubs.o ABSOLUTE
    _printf_return_value                     0x00000000   Number         0  stubs.o ABSOLUTE
    _printf_s                                0x00000000   Number         0  stubs.o ABSOLUTE
    _printf_sizespec                         0x00000000   Number         0  stubs.o ABSOLUTE
    _printf_str                              0x00000000   Number         0  stubs.o ABSOLUTE
    _printf_truncate_signed                  0x00000000   Number         0  stubs.o ABSOLUTE
    _printf_truncate_unsigned                0x00000000   Number         0  stubs.o ABSOLUTE
    _printf_u                                0x00000000   Number         0  stubs.o ABSOLUTE
    _printf_wc                               0x00000000   Number         0  stubs.o ABSOLUTE
    _printf_wctomb                           0x00000000   Number         0  stubs.o ABSOLUTE
    _printf_widthprec                        0x00000000   Number         0  stubs.o ABSOLUTE
    _printf_x                                0x00000000   Number         0  stubs.o ABSOLUTE
    __arm_fini_                               - Undefined Weak Reference
    __cpp_initialize__aeabi_                  - Undefined Weak Reference
    __cxa_finalize                            - Undefined Weak Reference
    __decompress                              - Undefined Weak Reference
    _clock_init                               - Undefined Weak Reference
    _microlib_exit                            - Undefined Weak Reference
    __Vectors_Size                           0x00000194   Number         0  startup_stm32f401xe.o ABSOLUTE
    __Vectors                                0x08000000   Data           4  startup_stm32f401xe.o(RESET)
    __Vectors_End                            0x08000194   Data           0  startup_stm32f401xe.o(RESET)
    __main                                   0x08000195   Thumb Code     0  entry.o(.ARM.Collect$$$$00000000)
    _main_stk                                0x08000195   Thumb Code     0  entry2.o(.ARM.Collect$$$$00000001)
    _main_scatterload                        0x08000199   Thumb Code     0  entry5.o(.ARM.Collect$$$$00000004)
    __main_after_scatterload                 0x0800019d   Thumb Code     0  entry5.o(.ARM.Collect$$$$00000004)
    _main_clock                              0x0800019d   Thumb Code     0  entry7b.o(.ARM.Collect$$$$00000008)
    _main_cpp_init                           0x0800019d   Thumb Code     0  entry8b.o(.ARM.Collect$$$$0000000A)
    _main_init                               0x0800019d   Thumb Code     0  entry9a.o(.ARM.Collect$$$$0000000B)
    __rt_lib_shutdown_fini                   0x080001a5   Thumb Code     0  entry12b.o(.ARM.Collect$$$$0000000E)
    __rt_final_cpp                           0x080001a9   Thumb Code     0  entry10a.o(.ARM.Collect$$$$0000000F)
    __rt_final_exit                          0x080001a9   Thumb Code     0  entry11a.o(.ARM.Collect$$$$00000011)
    Reset_Handler                            0x080001ad   Thumb Code     8  startup_stm32f401xe.o(.text)
    ADC_IRQHandler                           0x080001c7   Thumb Code     0  startup_stm32f401xe.o(.text)
    DMA1_Stream0_IRQHandler                  0x080001c7   Thumb Code     0  startup_stm32f401xe.o(.text)
    DMA1_Stream1_IRQHandler                  0x080001c7   Thumb Code     0  startup_stm32f401xe.o(.text)
    DMA1_Stream2_IRQHandler                  0x080001c7   Thumb Code     0  startup_stm32f401xe.o(.text)
    DMA1_Stream3_IRQHandler                  0x080001c7   Thumb Code     0  startup_stm32f401xe.o(.text)
    DMA1_Stream4_IRQHandler                  0x080001c7   Thumb Code     0  startup_stm32f401xe.o(.text)
    DMA1_Stream5_IRQHandler                  0x080001c7   Thumb Code     0  startup_stm32f401xe.o(.text)
    DMA1_Stream7_IRQHandler                  0x080001c7   Thumb Code     0  startup_stm32f401xe.o(.text)
    DMA2_Stream0_IRQHandler                  0x080001c7   Thumb Code     0  startup_stm32f401xe.o(.text)
    DMA2_Stream1_IRQHandler                  0x080001c7   Thumb Code     0  startup_stm32f401xe.o(.text)
    DMA2_Stream2_IRQHandler                  0x080001c7   Thumb Code     0  startup_stm32f401xe.o(.text)
    DMA2_Stream3_IRQHandler                  0x080001c7   Thumb Code     0  startup_stm32f401xe.o(.text)
    DMA2_Stream4_IRQHandler                  0x080001c7   Thumb Code     0  startup_stm32f401xe.o(.text)
    DMA2_Stream5_IRQHandler                  0x080001c7   Thumb Code     0  startup_stm32f401xe.o(.text)
    DMA2_Stream6_IRQHandler                  0x080001c7   Thumb Code     0  startup_stm32f401xe.o(.text)
    DMA2_Stream7_IRQHandler                  0x080001c7   Thumb Code     0  startup_stm32f401xe.o(.text)
    EXTI0_IRQHandler                         0x080001c7   Thumb Code     0  startup_stm32f401xe.o(.text)
    EXTI15_10_IRQHandler                     0x080001c7   Thumb Code     0  startup_stm32f401xe.o(.text)
    EXTI1_IRQHandler                         0x080001c7   Thumb Code     0  startup_stm32f401xe.o(.text)
    EXTI2_IRQHandler                         0x080001c7   Thumb Code     0  startup_stm32f401xe.o(.text)
    EXTI3_IRQHandler                         0x080001c7   Thumb Code     0  startup_stm32f401xe.o(.text)
    EXTI4_IRQHandler                         0x080001c7   Thumb Code     0  startup_stm32f401xe.o(.text)
    EXTI9_5_IRQHandler                       0x080001c7   Thumb Code     0  startup_stm32f401xe.o(.text)
    FLASH_IRQHandler                         0x080001c7   Thumb Code     0  startup_stm32f401xe.o(.text)
    FPU_IRQHandler                           0x080001c7   Thumb Code     0  startup_stm32f401xe.o(.text)
    I2C1_ER_IRQHandler                       0x080001c7   Thumb Code     0  startup_stm32f401xe.o(.text)
    I2C1_EV_IRQHandler                       0x080001c7   Thumb Code     0  startup_stm32f401xe.o(.text)
    I2C2_ER_IRQHandler                       0x080001c7   Thumb Code     0  startup_stm32f401xe.o(.text)
    I2C2_EV_IRQHandler                       0x080001c7   Thumb Code     0  startup_stm32f401xe.o(.text)
    I2C3_ER_IRQHandler                       0x080001c7   Thumb Code     0  startup_stm32f401xe.o(.text)
    I2C3_EV_IRQHandler                       0x080001c7   Thumb Code     0  startup_stm32f401xe.o(.text)
    OTG_FS_IRQHandler                        0x080001c7   Thumb Code     0  startup_stm32f401xe.o(.text)
    OTG_FS_WKUP_IRQHandler                   0x080001c7   Thumb Code     0  startup_stm32f401xe.o(.text)
    PVD_IRQHandler                           0x080001c7   Thumb Code     0  startup_stm32f401xe.o(.text)
    RCC_IRQHandler                           0x080001c7   Thumb Code     0  startup_stm32f401xe.o(.text)
    RTC_Alarm_IRQHandler                     0x080001c7   Thumb Code     0  startup_stm32f401xe.o(.text)
    RTC_WKUP_IRQHandler                      0x080001c7   Thumb Code     0  startup_stm32f401xe.o(.text)
    SDIO_IRQHandler                          0x080001c7   Thumb Code     0  startup_stm32f401xe.o(.text)
    SPI1_IRQHandler                          0x080001c7   Thumb Code     0  startup_stm32f401xe.o(.text)
    SPI2_IRQHandler                          0x080001c7   Thumb Code     0  startup_stm32f401xe.o(.text)
    SPI3_IRQHandler                          0x080001c7   Thumb Code     0  startup_stm32f401xe.o(.text)
    SPI4_IRQHandler                          0x080001c7   Thumb Code     0  startup_stm32f401xe.o(.text)
    TAMP_STAMP_IRQHandler                    0x080001c7   Thumb Code     0  startup_stm32f401xe.o(.text)
    TIM1_BRK_TIM9_IRQHandler                 0x080001c7   Thumb Code     0  startup_stm32f401xe.o(.text)
    TIM1_TRG_COM_TIM11_IRQHandler            0x080001c7   Thumb Code     0  startup_stm32f401xe.o(.text)
    TIM3_IRQHandler                          0x080001c7   Thumb Code     0  startup_stm32f401xe.o(.text)
    TIM4_IRQHandler                          0x080001c7   Thumb Code     0  startup_stm32f401xe.o(.text)
    TIM5_IRQHandler                          0x080001c7   Thumb Code     0  startup_stm32f401xe.o(.text)
    USART1_IRQHandler                        0x080001c7   Thumb Code     0  startup_stm32f401xe.o(.text)
    USART6_IRQHandler                        0x080001c7   Thumb Code     0  startup_stm32f401xe.o(.text)
    WWDG_IRQHandler                          0x080001c7   Thumb Code     0  startup_stm32f401xe.o(.text)
    __aeabi_uldivmod                         0x080001d1   Thumb Code    98  uldiv.o(.text)
    __aeabi_memset                           0x08000233   Thumb Code    14  memseta.o(.text)
    __aeabi_memset4                          0x08000233   Thumb Code     0  memseta.o(.text)
    __aeabi_memset8                          0x08000233   Thumb Code     0  memseta.o(.text)
    __aeabi_memclr                           0x08000241   Thumb Code     4  memseta.o(.text)
    __aeabi_memclr4                          0x08000241   Thumb Code     0  memseta.o(.text)
    __aeabi_memclr8                          0x08000241   Thumb Code     0  memseta.o(.text)
    _memset$wrapper                          0x08000245   Thumb Code    18  memseta.o(.text)
    __aeabi_f2d                              0x08000257   Thumb Code    38  f2d.o(.text)
    __aeabi_uidiv                            0x0800027d   Thumb Code     0  uidiv.o(.text)
    __aeabi_uidivmod                         0x0800027d   Thumb Code    44  uidiv.o(.text)
    __aeabi_llsl                             0x080002a9   Thumb Code    30  llshl.o(.text)
    _ll_shift_l                              0x080002a9   Thumb Code     0  llshl.o(.text)
    __aeabi_llsr                             0x080002c7   Thumb Code    32  llushr.o(.text)
    _ll_ushift_r                             0x080002c7   Thumb Code     0  llushr.o(.text)
    __I$use$fp                               0x080002e7   Thumb Code     0  iusefp.o(.text)
    __aeabi_dadd                             0x080002e7   Thumb Code   322  dadd.o(.text)
    __aeabi_dsub                             0x08000429   Thumb Code     6  dadd.o(.text)
    __aeabi_drsub                            0x0800042f   Thumb Code     6  dadd.o(.text)
    __aeabi_dmul                             0x08000435   Thumb Code   228  dmul.o(.text)
    __aeabi_ddiv                             0x08000519   Thumb Code   222  ddiv.o(.text)
    __aeabi_d2ulz                            0x080005f7   Thumb Code    48  dfixul.o(.text)
    __aeabi_cdrcmple                         0x08000629   Thumb Code    48  cdrcmple.o(.text)
    __fp_status                              0x08000659   Thumb Code     4  fpstat.o(.text)
    __ieee_status                            0x08000659   Thumb Code     0  fpstat.o(.text)
    __scatterload                            0x0800065d   Thumb Code    28  init.o(.text)
    __scatterload_rt2                        0x0800065d   Thumb Code     0  init.o(.text)
    __aeabi_lasr                             0x08000681   Thumb Code    36  llsshr.o(.text)
    _ll_sshift_r                             0x08000681   Thumb Code     0  llsshr.o(.text)
    _double_round                            0x080006a5   Thumb Code    30  depilogue.o(.text)
    _double_epilogue                         0x080006c3   Thumb Code   156  depilogue.o(.text)
    ANO_Receive_Analyze                      0x080008fd   Thumb Code    54  ano.o(i.ANO_Receive_Analyze)
    ANO_Receive_Prepare                      0x0800093d   Thumb Code   226  ano.o(i.ANO_Receive_Prepare)
    ANO_Send_Param                           0x08000a2d   Thumb Code   116  ano.o(i.ANO_Send_Param)
    BusFault_Handler                         0x08000aa1   Thumb Code     4  stm32f4xx_it.o(i.BusFault_Handler)
    DMA1_Stream6_IRQHandler                  0x08000aa5   Thumb Code    10  stm32f4xx_it.o(i.DMA1_Stream6_IRQHandler)
    DebugMon_Handler                         0x08000bbf   Thumb Code     2  stm32f4xx_it.o(i.DebugMon_Handler)
    Error_Handler                            0x08000bc1   Thumb Code     6  sys.o(i.Error_Handler)
    HAL_ADC_ConfigChannel                    0x08000bc9   Thumb Code   480  stm32f4xx_hal_adc.o(i.HAL_ADC_ConfigChannel)
    HAL_ADC_Init                             0x08000dd9   Thumb Code   556  stm32f4xx_hal_adc.o(i.HAL_ADC_Init)
    HAL_ADC_MspInit                          0x0800102d   Thumb Code   114  adc.o(i.HAL_ADC_MspInit)
    HAL_DMA_Abort                            0x080010ad   Thumb Code   172  stm32f4xx_hal_dma.o(i.HAL_DMA_Abort)
    HAL_DMA_Abort_IT                         0x08001159   Thumb Code    40  stm32f4xx_hal_dma.o(i.HAL_DMA_Abort_IT)
    HAL_DMA_IRQHandler                       0x08001181   Thumb Code   570  stm32f4xx_hal_dma.o(i.HAL_DMA_IRQHandler)
    HAL_DMA_Init                             0x080013c1   Thumb Code   792  stm32f4xx_hal_dma.o(i.HAL_DMA_Init)
    HAL_DMA_Start_IT                         0x08001705   Thumb Code   166  stm32f4xx_hal_dma.o(i.HAL_DMA_Start_IT)
    HAL_Delay                                0x080017cd   Thumb Code    36  stm32f4xx_hal.o(i.HAL_Delay)
    HAL_GPIO_Init                            0x080017f5   Thumb Code   836  stm32f4xx_hal_gpio.o(i.HAL_GPIO_Init)
    HAL_GetTick                              0x08001b7d   Thumb Code     6  stm32f4xx_hal.o(i.HAL_GetTick)
    HAL_I2C_Init                             0x08001b89   Thumb Code   664  stm32f4xx_hal_i2c.o(i.HAL_I2C_Init)
    HAL_I2C_Master_Receive                   0x08001e61   Thumb Code   748  stm32f4xx_hal_i2c.o(i.HAL_I2C_Master_Receive)
    HAL_I2C_Master_Transmit                  0x08002159   Thumb Code   360  stm32f4xx_hal_i2c.o(i.HAL_I2C_Master_Transmit)
    HAL_I2C_Mem_Read                         0x080022c9   Thumb Code   764  stm32f4xx_hal_i2c.o(i.HAL_I2C_Mem_Read)
    HAL_I2C_Mem_Write                        0x080025f1   Thumb Code   368  stm32f4xx_hal_i2c.o(i.HAL_I2C_Mem_Write)
    HAL_I2C_MspInit                          0x08002789   Thumb Code   124  i2c.o(i.HAL_I2C_MspInit)
    HAL_IncTick                              0x08002811   Thumb Code    16  stm32f4xx_hal.o(i.HAL_IncTick)
    HAL_Init                                 0x08002829   Thumb Code    54  stm32f4xx_hal.o(i.HAL_Init)
    HAL_InitTick                             0x08002865   Thumb Code    64  stm32f4xx_hal.o(i.HAL_InitTick)
    HAL_MspInit                              0x080028b1   Thumb Code    74  stm32f4xx_hal_msp.o(i.HAL_MspInit)
    HAL_NVIC_EnableIRQ                       0x08002901   Thumb Code    48  stm32f4xx_hal_cortex.o(i.HAL_NVIC_EnableIRQ)
    HAL_NVIC_SetPriority                     0x08002955   Thumb Code   152  stm32f4xx_hal_cortex.o(i.HAL_NVIC_SetPriority)
    HAL_NVIC_SetPriorityGrouping             0x08002a11   Thumb Code    66  stm32f4xx_hal_cortex.o(i.HAL_NVIC_SetPriorityGrouping)
    HAL_RCC_ClockConfig                      0x08002a81   Thumb Code   628  stm32f4xx_hal_rcc.o(i.HAL_RCC_ClockConfig)
    HAL_RCC_GetHCLKFreq                      0x08002d29   Thumb Code     6  stm32f4xx_hal_rcc.o(i.HAL_RCC_GetHCLKFreq)
    HAL_RCC_GetPCLK1Freq                     0x08002d35   Thumb Code    22  stm32f4xx_hal_rcc.o(i.HAL_RCC_GetPCLK1Freq)
    HAL_RCC_GetPCLK2Freq                     0x08002d55   Thumb Code    22  stm32f4xx_hal_rcc.o(i.HAL_RCC_GetPCLK2Freq)
    HAL_RCC_GetSysClockFreq                  0x08002d75   Thumb Code   162  stm32f4xx_hal_rcc.o(i.HAL_RCC_GetSysClockFreq)
    HAL_RCC_OscConfig                        0x08002e25   Thumb Code  1518  stm32f4xx_hal_rcc.o(i.HAL_RCC_OscConfig)
    HAL_SYSTICK_Config                       0x0800341d   Thumb Code    52  stm32f4xx_hal_cortex.o(i.HAL_SYSTICK_Config)
    HAL_TIMEx_BreakCallback                  0x08003451   Thumb Code     2  stm32f4xx_hal_tim_ex.o(i.HAL_TIMEx_BreakCallback)
    HAL_TIMEx_CommutCallback                 0x08003453   Thumb Code     2  stm32f4xx_hal_tim_ex.o(i.HAL_TIMEx_CommutCallback)
    HAL_TIMEx_MasterConfigSynchronization    0x08003455   Thumb Code   270  stm32f4xx_hal_tim_ex.o(i.HAL_TIMEx_MasterConfigSynchronization)
    HAL_TIM_Base_Init                        0x0800359d   Thumb Code   272  stm32f4xx_hal_tim.o(i.HAL_TIM_Base_Init)
    HAL_TIM_Base_MspInit                     0x080036e9   Thumb Code   384  tim.o(i.HAL_TIM_Base_MspInit)
    HAL_TIM_ConfigClockSource                0x0800387d   Thumb Code  1216  stm32f4xx_hal_tim.o(i.HAL_TIM_ConfigClockSource)
    HAL_TIM_IC_CaptureCallback               0x08003d3d   Thumb Code     2  stm32f4xx_hal_tim.o(i.HAL_TIM_IC_CaptureCallback)
    HAL_TIM_IC_ConfigChannel                 0x08003d41   Thumb Code   572  stm32f4xx_hal_tim.o(i.HAL_TIM_IC_ConfigChannel)
    HAL_TIM_IC_Init                          0x08003fb9   Thumb Code   272  stm32f4xx_hal_tim.o(i.HAL_TIM_IC_Init)
    HAL_TIM_IC_MspInit                       0x08004105   Thumb Code     2  stm32f4xx_hal_tim.o(i.HAL_TIM_IC_MspInit)
    HAL_TIM_IC_Start_IT                      0x08004109   Thumb Code   514  stm32f4xx_hal_tim.o(i.HAL_TIM_IC_Start_IT)
    HAL_TIM_IRQHandler                       0x08004349   Thumb Code   406  stm32f4xx_hal_tim.o(i.HAL_TIM_IRQHandler)
    HAL_TIM_MspPostInit                      0x080044e1   Thumb Code   140  tim.o(i.HAL_TIM_MspPostInit)
    HAL_TIM_OC_DelayElapsedCallback          0x0800457d   Thumb Code     2  stm32f4xx_hal_tim.o(i.HAL_TIM_OC_DelayElapsedCallback)
    HAL_TIM_PWM_ConfigChannel                0x08004581   Thumb Code   602  stm32f4xx_hal_tim.o(i.HAL_TIM_PWM_ConfigChannel)
    HAL_TIM_PWM_Init                         0x08004819   Thumb Code   272  stm32f4xx_hal_tim.o(i.HAL_TIM_PWM_Init)
    HAL_TIM_PWM_MspInit                      0x08004965   Thumb Code     2  stm32f4xx_hal_tim.o(i.HAL_TIM_PWM_MspInit)
    HAL_TIM_PWM_PulseFinishedCallback        0x08004967   Thumb Code     2  stm32f4xx_hal_tim.o(i.HAL_TIM_PWM_PulseFinishedCallback)
    HAL_TIM_PWM_Start                        0x08004969   Thumb Code   372  stm32f4xx_hal_tim.o(i.HAL_TIM_PWM_Start)
    HAL_TIM_PeriodElapsedCallback            0x08004b19   Thumb Code     2  stm32f4xx_hal_tim.o(i.HAL_TIM_PeriodElapsedCallback)
    HAL_TIM_ReadCapturedValue                0x08004b1d   Thumb Code   298  stm32f4xx_hal_tim.o(i.HAL_TIM_ReadCapturedValue)
    HAL_TIM_TriggerCallback                  0x08004c85   Thumb Code     2  stm32f4xx_hal_tim.o(i.HAL_TIM_TriggerCallback)
    HAL_UARTEx_RxEventCallback               0x08004c87   Thumb Code     2  stm32f4xx_hal_uart.o(i.HAL_UARTEx_RxEventCallback)
    HAL_UART_ErrorCallback                   0x08004c89   Thumb Code     2  stm32f4xx_hal_uart.o(i.HAL_UART_ErrorCallback)
    HAL_UART_IRQHandler                      0x08004c8d   Thumb Code   732  stm32f4xx_hal_uart.o(i.HAL_UART_IRQHandler)
    HAL_UART_Init                            0x08004f6d   Thumb Code   274  stm32f4xx_hal_uart.o(i.HAL_UART_Init)
    HAL_UART_MspInit                         0x080050ad   Thumb Code   204  usart.o(i.HAL_UART_MspInit)
    HAL_UART_RxCpltCallback                  0x0800518d   Thumb Code     2  stm32f4xx_hal_uart.o(i.HAL_UART_RxCpltCallback)
    HAL_UART_Transmit                        0x0800518f   Thumb Code   210  stm32f4xx_hal_uart.o(i.HAL_UART_Transmit)
    HAL_UART_Transmit_DMA                    0x08005261   Thumb Code   160  stm32f4xx_hal_uart.o(i.HAL_UART_Transmit_DMA)
    HAL_UART_TxCpltCallback                  0x0800530d   Thumb Code     2  stm32f4xx_hal_uart.o(i.HAL_UART_TxCpltCallback)
    HAL_UART_TxHalfCpltCallback              0x0800530f   Thumb Code     2  stm32f4xx_hal_uart.o(i.HAL_UART_TxHalfCpltCallback)
    HMC_Connect                              0x08005311   Thumb Code   116  sensor.o(i.HMC_Connect)
    HMC_Init                                 0x080053e9   Thumb Code    44  sensor.o(i.HMC_Init)
    HMC_ReadMagRaw                           0x08005419   Thumb Code    66  sensor.o(i.HMC_ReadMagRaw)
    HMC_SelfTest                             0x0800545d   Thumb Code   188  sensor.o(i.HMC_SelfTest)
    HardFault_Handler                        0x08005555   Thumb Code     4  stm32f4xx_it.o(i.HardFault_Handler)
    MOTOR_Init                               0x08005c55   Thumb Code    36  motor.o(i.MOTOR_Init)
    MPU_Calibrate                            0x08005c7d   Thumb Code  1354  sensor.o(i.MPU_Calibrate)
    MPU_Connect                              0x08006211   Thumb Code    54  sensor.o(i.MPU_Connect)
    MPU_Init                                 0x080062a1   Thumb Code   188  sensor.o(i.MPU_Init)
    MPU_ReadAccelRaw                         0x0800636d   Thumb Code    66  sensor.o(i.MPU_ReadAccelRaw)
    MPU_ReadGyroRaw                          0x080063af   Thumb Code    66  sensor.o(i.MPU_ReadGyroRaw)
    MPU_SelfTest                             0x080063f1   Thumb Code  1276  sensor.o(i.MPU_SelfTest)
    MS_CheckCRC                              0x08006901   Thumb Code   126  sensor.o(i.MS_CheckCRC)
    MS_Init                                  0x080069a1   Thumb Code    90  sensor.o(i.MS_Init)
    MX_ADC1_Init                             0x080069fd   Thumb Code   100  adc.o(i.MX_ADC1_Init)
    MX_DMA_Init                              0x08006a6d   Thumb Code    52  dma.o(i.MX_DMA_Init)
    MX_GPIO_Init                             0x08006aa5   Thumb Code    96  gpio.o(i.MX_GPIO_Init)
    MX_I2C1_Init                             0x08006b09   Thumb Code    52  i2c.o(i.MX_I2C1_Init)
    MX_TIM1_Init                             0x08006b49   Thumb Code   202  tim.o(i.MX_TIM1_Init)
    MX_TIM2_Init                             0x08006c1d   Thumb Code   184  tim.o(i.MX_TIM2_Init)
    MX_TIM3_Init                             0x08006cd9   Thumb Code   208  tim.o(i.MX_TIM3_Init)
    MX_USART2_UART_Init                      0x08006db1   Thumb Code    46  usart.o(i.MX_USART2_UART_Init)
    MemManage_Handler                        0x08006de9   Thumb Code     4  stm32f4xx_it.o(i.MemManage_Handler)
    NMI_Handler                              0x08006ded   Thumb Code     4  stm32f4xx_it.o(i.NMI_Handler)
    PendSV_Handler                           0x08006df1   Thumb Code     2  stm32f4xx_it.o(i.PendSV_Handler)
    REMOTE_Init                              0x08006df5   Thumb Code    92  remote.o(i.REMOTE_Init)
    SENSOR_Init                              0x08006e59   Thumb Code    38  sensor.o(i.SENSOR_Init)
    SENSOR_Task                              0x08006f0d   Thumb Code   226  sensor.o(i.SENSOR_Task)
    SVC_Handler                              0x0800704d   Thumb Code     2  stm32f4xx_it.o(i.SVC_Handler)
    SYS_Init                                 0x08007051   Thumb Code    72  sys.o(i.SYS_Init)
    SysTick_Handler                          0x0800709d   Thumb Code     8  stm32f4xx_it.o(i.SysTick_Handler)
    SystemClock_Config                       0x080070a5   Thumb Code   172  sys.o(i.SystemClock_Config)
    SystemInit                               0x08007159   Thumb Code    14  system_stm32f4xx.o(i.SystemInit)
    TIM1_CC_IRQHandler                       0x0800716d   Thumb Code    86  remote.o(i.TIM1_CC_IRQHandler)
    TIM1_UP_TIM10_IRQHandler                 0x080071c9   Thumb Code    54  remote.o(i.TIM1_UP_TIM10_IRQHandler)
    TIM2_IRQHandler                          0x08007209   Thumb Code   116  remote.o(i.TIM2_IRQHandler)
    TIM_Base_SetConfig                       0x08007289   Thumb Code   134  stm32f4xx_hal_tim.o(i.TIM_Base_SetConfig)
    TIM_CCxChannelCmd                        0x080074e1   Thumb Code   134  stm32f4xx_hal_tim.o(i.TIM_CCxChannelCmd)
    TIM_ETR_SetConfig                        0x080075a5   Thumb Code    22  stm32f4xx_hal_tim.o(i.TIM_ETR_SetConfig)
    TIM_OC2_SetConfig                        0x080076a1   Thumb Code   182  stm32f4xx_hal_tim.o(i.TIM_OC2_SetConfig)
    TIM_TI1_SetConfig                        0x0800790d   Thumb Code   102  stm32f4xx_hal_tim.o(i.TIM_TI1_SetConfig)
    USART2_IRQHandler                        0x0800808d   Thumb Code    76  ano.o(i.USART2_IRQHandler)
    UsageFault_Handler                       0x080080dd   Thumb Code     4  stm32f4xx_it.o(i.UsageFault_Handler)
    __0printf                                0x080080e1   Thumb Code    22  printfa.o(i.__0printf)
    __1printf                                0x080080e1   Thumb Code     0  printfa.o(i.__0printf)
    __2printf                                0x080080e1   Thumb Code     0  printfa.o(i.__0printf)
    __c89printf                              0x080080e1   Thumb Code     0  printfa.o(i.__0printf)
    printf                                   0x080080e1   Thumb Code     0  printfa.o(i.__0printf)
    __ARM_fpclassifyf                        0x08008101   Thumb Code    38  fpclassifyf.o(i.__ARM_fpclassifyf)
    __hardfp_powf                            0x08008161   Thumb Code  1606  powf.o(i.__hardfp_powf)
    __mathlib_powf                           0x08008161   Thumb Code     0  powf.o(i.__hardfp_powf)
    __mathlib_flt_divzero                    0x080087c5   Thumb Code    14  funder.o(i.__mathlib_flt_divzero)
    __mathlib_flt_infnan2                    0x080087d9   Thumb Code     6  funder.o(i.__mathlib_flt_infnan2)
    __mathlib_flt_invalid                    0x080087e1   Thumb Code    10  funder.o(i.__mathlib_flt_invalid)
    __mathlib_flt_overflow                   0x080087f1   Thumb Code    10  funder.o(i.__mathlib_flt_overflow)
    __mathlib_flt_underflow                  0x08008801   Thumb Code    10  funder.o(i.__mathlib_flt_underflow)
    __scatterload_copy                       0x08008811   Thumb Code    14  handlers.o(i.__scatterload_copy)
    __scatterload_null                       0x0800881f   Thumb Code     2  handlers.o(i.__scatterload_null)
    __scatterload_zeroinit                   0x08008821   Thumb Code    14  handlers.o(i.__scatterload_zeroinit)
    __set_errno                              0x08008831   Thumb Code     6  errno.o(i.__set_errno)
    assert_failed                            0x08009131   Thumb Code    18  sys.o(i.assert_failed)
    fputc                                    0x08009175   Thumb Code    22  sys.o(i.fputc)
    main                                     0x08009191   Thumb Code    24  main.o(i.main)
    TIM_CHANNEL                              0x080091b0   Data           7  remote.o(.constdata)
    TIM_FLAG                                 0x080091b7   Data           7  remote.o(.constdata)
    AHBPrescTable                            0x080091be   Data          16  system_stm32f4xx.o(.constdata)
    APBPrescTable                            0x080091ce   Data           8  system_stm32f4xx.o(.constdata)
    Region$$Table$$Base                      0x08009320   Number         0  anon$$obj.o(Region$$Table)
    Region$$Table$$Limit                     0x08009340   Number         0  anon$$obj.o(Region$$Table)
    rstate                                   0x20000002   Data           7  remote.o(.data)
    ucount                                   0x20000009   Data           7  remote.o(.data)
    Gscale                                   0x20000010   Data           1  sensor.o(.data)
    Ascale                                   0x20000011   Data           1  sensor.o(.data)
    Mscale                                   0x20000012   Data           1  sensor.o(.data)
    aRes                                     0x20000014   Data          16  sensor.o(.data)
    gRes                                     0x20000024   Data          16  sensor.o(.data)
    mRes                                     0x20000034   Data          32  sensor.o(.data)
    magScale                                 0x20000054   Data          12  sensor.o(.data)
    SystemCoreClock                          0x20000060   Data           4  system_stm32f4xx.o(.data)
    uwTick                                   0x20000064   Data           4  stm32f4xx_hal.o(.data)
    uwTickPrio                               0x20000068   Data           4  stm32f4xx_hal.o(.data)
    uwTickFreq                               0x2000006c   Data           1  stm32f4xx_hal.o(.data)
    __stdout                                 0x20000070   Data           4  stdout.o(.data)
    rvalue                                   0x200000b8   Data          28  remote.o(.bss)
    pvalue                                   0x200000d4   Data          28  remote.o(.bss)
    accel                                    0x200000f0   Data          12  sensor.o(.bss)
    gyro                                     0x200000fc   Data          12  sensor.o(.bss)
    mag                                      0x20000108   Data          12  sensor.o(.bss)
    accelBias                                0x20000114   Data          12  sensor.o(.bss)
    gyroBias                                 0x20000120   Data          12  sensor.o(.bss)
    magBias                                  0x2000012c   Data          12  sensor.o(.bss)
    hadc1                                    0x20000138   Data          72  adc.o(.bss)
    hi2c1                                    0x20000180   Data          84  i2c.o(.bss)
    htim1                                    0x200001d4   Data          72  tim.o(.bss)
    htim2                                    0x2000021c   Data          72  tim.o(.bss)
    htim3                                    0x20000264   Data          72  tim.o(.bss)
    huart2                                   0x200002ac   Data          68  usart.o(.bss)
    hdma_usart2_tx                           0x200002f0   Data          96  usart.o(.bss)
    __initial_sp                             0x20000750   Data           0  startup_stm32f401xe.o(STACK)



==============================================================================

Memory Map of the image

  Image Entry point : 0x08000195

  Load Region LR_IROM1 (Base: 0x08000000, Size: 0x000093b8, Max: 0x00080000, ABSOLUTE)

    Execution Region ER_IROM1 (Exec base: 0x08000000, Load base: 0x08000000, Size: 0x00009340, Max: 0x00080000, ABSOLUTE)

    Exec Addr    Load Addr    Size         Type   Attr      Idx    E Section Name        Object

    0x08000000   0x08000000   0x00000194   Data   RO          961    RESET               startup_stm32f401xe.o
    0x08000194   0x08000194   0x00000000   Code   RO         4830  * .ARM.Collect$$$$00000000  mc_w.l(entry.o)
    0x08000194   0x08000194   0x00000004   Code   RO         5116    .ARM.Collect$$$$00000001  mc_w.l(entry2.o)
    0x08000198   0x08000198   0x00000004   Code   RO         5119    .ARM.Collect$$$$00000004  mc_w.l(entry5.o)
    0x0800019c   0x0800019c   0x00000000   Code   RO         5121    .ARM.Collect$$$$00000008  mc_w.l(entry7b.o)
    0x0800019c   0x0800019c   0x00000000   Code   RO         5123    .ARM.Collect$$$$0000000A  mc_w.l(entry8b.o)
    0x0800019c   0x0800019c   0x00000008   Code   RO         5124    .ARM.Collect$$$$0000000B  mc_w.l(entry9a.o)
    0x080001a4   0x080001a4   0x00000004   Code   RO         5131    .ARM.Collect$$$$0000000E  mc_w.l(entry12b.o)
    0x080001a8   0x080001a8   0x00000000   Code   RO         5126    .ARM.Collect$$$$0000000F  mc_w.l(entry10a.o)
    0x080001a8   0x080001a8   0x00000000   Code   RO         5128    .ARM.Collect$$$$00000011  mc_w.l(entry11a.o)
    0x080001a8   0x080001a8   0x00000004   Code   RO         5117    .ARM.Collect$$$$00002712  mc_w.l(entry2.o)
    0x080001ac   0x080001ac   0x00000024   Code   RO          962    .text               startup_stm32f401xe.o
    0x080001d0   0x080001d0   0x00000062   Code   RO         4833    .text               mc_w.l(uldiv.o)
    0x08000232   0x08000232   0x00000024   Code   RO         4835    .text               mc_w.l(memseta.o)
    0x08000256   0x08000256   0x00000026   Code   RO         5098    .text               mf_w.l(f2d.o)
    0x0800027c   0x0800027c   0x0000002c   Code   RO         5133    .text               mc_w.l(uidiv.o)
    0x080002a8   0x080002a8   0x0000001e   Code   RO         5135    .text               mc_w.l(llshl.o)
    0x080002c6   0x080002c6   0x00000020   Code   RO         5137    .text               mc_w.l(llushr.o)
    0x080002e6   0x080002e6   0x00000000   Code   RO         5146    .text               mc_w.l(iusefp.o)
    0x080002e6   0x080002e6   0x0000014e   Code   RO         5147    .text               mf_w.l(dadd.o)
    0x08000434   0x08000434   0x000000e4   Code   RO         5149    .text               mf_w.l(dmul.o)
    0x08000518   0x08000518   0x000000de   Code   RO         5151    .text               mf_w.l(ddiv.o)
    0x080005f6   0x080005f6   0x00000030   Code   RO         5153    .text               mf_w.l(dfixul.o)
    0x08000626   0x08000626   0x00000002   PAD
    0x08000628   0x08000628   0x00000030   Code   RO         5155    .text               mf_w.l(cdrcmple.o)
    0x08000658   0x08000658   0x00000004   Code   RO         5157    .text               mf_w.l(fpstat.o)
    0x0800065c   0x0800065c   0x00000024   Code   RO         5159    .text               mc_w.l(init.o)
    0x08000680   0x08000680   0x00000024   Code   RO         5161    .text               mc_w.l(llsshr.o)
    0x080006a4   0x080006a4   0x000000ba   Code   RO         5163    .text               mf_w.l(depilogue.o)
    0x0800075e   0x0800075e   0x00000002   PAD
    0x08000760   0x08000760   0x0000019c   Code   RO         1195    i.ADC_Init          stm32f4xx_hal_adc.o
    0x080008fc   0x080008fc   0x00000040   Code   RO          155    i.ANO_Receive_Analyze  ano.o
    0x0800093c   0x0800093c   0x000000f0   Code   RO          156    i.ANO_Receive_Prepare  ano.o
    0x08000a2c   0x08000a2c   0x00000074   Code   RO          162    i.ANO_Send_Param    ano.o
    0x08000aa0   0x08000aa0   0x00000004   Code   RO          880    i.BusFault_Handler  stm32f4xx_it.o
    0x08000aa4   0x08000aa4   0x00000010   Code   RO          881    i.DMA1_Stream6_IRQHandler  stm32f4xx_it.o
    0x08000ab4   0x08000ab4   0x00000034   Code   RO         1467    i.DMA_CalcBaseAndBitshift  stm32f4xx_hal_dma.o
    0x08000ae8   0x08000ae8   0x000000aa   Code   RO         1468    i.DMA_CheckFifoParam  stm32f4xx_hal_dma.o
    0x08000b92   0x08000b92   0x0000002c   Code   RO         1469    i.DMA_SetConfig     stm32f4xx_hal_dma.o
    0x08000bbe   0x08000bbe   0x00000002   Code   RO          882    i.DebugMon_Handler  stm32f4xx_it.o
    0x08000bc0   0x08000bc0   0x00000006   Code   RO          515    i.Error_Handler     sys.o
    0x08000bc6   0x08000bc6   0x00000002   PAD
    0x08000bc8   0x08000bc8   0x00000210   Code   RO         1197    i.HAL_ADC_ConfigChannel  stm32f4xx_hal_adc.o
    0x08000dd8   0x08000dd8   0x00000254   Code   RO         1206    i.HAL_ADC_Init      stm32f4xx_hal_adc.o
    0x0800102c   0x0800102c   0x00000080   Code   RO          647    i.HAL_ADC_MspInit   adc.o
    0x080010ac   0x080010ac   0x000000ac   Code   RO         1470    i.HAL_DMA_Abort     stm32f4xx_hal_dma.o
    0x08001158   0x08001158   0x00000028   Code   RO         1471    i.HAL_DMA_Abort_IT  stm32f4xx_hal_dma.o
    0x08001180   0x08001180   0x00000240   Code   RO         1475    i.HAL_DMA_IRQHandler  stm32f4xx_hal_dma.o
    0x080013c0   0x080013c0   0x00000344   Code   RO         1476    i.HAL_DMA_Init      stm32f4xx_hal_dma.o
    0x08001704   0x08001704   0x000000c8   Code   RO         1480    i.HAL_DMA_Start_IT  stm32f4xx_hal_dma.o
    0x080017cc   0x080017cc   0x00000028   Code   RO         1013    i.HAL_Delay         stm32f4xx_hal.o
    0x080017f4   0x080017f4   0x00000388   Code   RO         1617    i.HAL_GPIO_Init     stm32f4xx_hal_gpio.o
    0x08001b7c   0x08001b7c   0x0000000c   Code   RO         1019    i.HAL_GetTick       stm32f4xx_hal.o
    0x08001b88   0x08001b88   0x000002d8   Code   RO         1691    i.HAL_I2C_Init      stm32f4xx_hal_i2c.o
    0x08001e60   0x08001e60   0x000002f8   Code   RO         1697    i.HAL_I2C_Master_Receive  stm32f4xx_hal_i2c.o
    0x08002158   0x08002158   0x00000170   Code   RO         1704    i.HAL_I2C_Master_Transmit  stm32f4xx_hal_i2c.o
    0x080022c8   0x080022c8   0x00000328   Code   RO         1709    i.HAL_I2C_Mem_Read  stm32f4xx_hal_i2c.o
    0x080025f0   0x080025f0   0x00000198   Code   RO         1712    i.HAL_I2C_Mem_Write  stm32f4xx_hal_i2c.o
    0x08002788   0x08002788   0x00000088   Code   RO          737    i.HAL_I2C_MspInit   i2c.o
    0x08002810   0x08002810   0x00000018   Code   RO         1025    i.HAL_IncTick       stm32f4xx_hal.o
    0x08002828   0x08002828   0x0000003c   Code   RO         1026    i.HAL_Init          stm32f4xx_hal.o
    0x08002864   0x08002864   0x0000004c   Code   RO         1027    i.HAL_InitTick      stm32f4xx_hal.o
    0x080028b0   0x080028b0   0x00000050   Code   RO          622    i.HAL_MspInit       stm32f4xx_hal_msp.o
    0x08002900   0x08002900   0x00000054   Code   RO         3712    i.HAL_NVIC_EnableIRQ  stm32f4xx_hal_cortex.o
    0x08002954   0x08002954   0x000000bc   Code   RO         3718    i.HAL_NVIC_SetPriority  stm32f4xx_hal_cortex.o
    0x08002a10   0x08002a10   0x00000070   Code   RO         3719    i.HAL_NVIC_SetPriorityGrouping  stm32f4xx_hal_cortex.o
    0x08002a80   0x08002a80   0x000002a8   Code   RO         2183    i.HAL_RCC_ClockConfig  stm32f4xx_hal_rcc.o
    0x08002d28   0x08002d28   0x0000000c   Code   RO         2188    i.HAL_RCC_GetHCLKFreq  stm32f4xx_hal_rcc.o
    0x08002d34   0x08002d34   0x00000020   Code   RO         2190    i.HAL_RCC_GetPCLK1Freq  stm32f4xx_hal_rcc.o
    0x08002d54   0x08002d54   0x00000020   Code   RO         2191    i.HAL_RCC_GetPCLK2Freq  stm32f4xx_hal_rcc.o
    0x08002d74   0x08002d74   0x000000b0   Code   RO         2192    i.HAL_RCC_GetSysClockFreq  stm32f4xx_hal_rcc.o
    0x08002e24   0x08002e24   0x000005f8   Code   RO         2195    i.HAL_RCC_OscConfig  stm32f4xx_hal_rcc.o
    0x0800341c   0x0800341c   0x00000034   Code   RO         3723    i.HAL_SYSTICK_Config  stm32f4xx_hal_cortex.o
    0x08003450   0x08003450   0x00000002   Code   RO         3055    i.HAL_TIMEx_BreakCallback  stm32f4xx_hal_tim_ex.o
    0x08003452   0x08003452   0x00000002   Code   RO         3056    i.HAL_TIMEx_CommutCallback  stm32f4xx_hal_tim_ex.o
    0x08003454   0x08003454   0x00000148   Code   RO         3074    i.HAL_TIMEx_MasterConfigSynchronization  stm32f4xx_hal_tim_ex.o
    0x0800359c   0x0800359c   0x0000014c   Code   RO         2340    i.HAL_TIM_Base_Init  stm32f4xx_hal_tim.o
    0x080036e8   0x080036e8   0x00000194   Code   RO          779    i.HAL_TIM_Base_MspInit  tim.o
    0x0800387c   0x0800387c   0x000004c0   Code   RO         2349    i.HAL_TIM_ConfigClockSource  stm32f4xx_hal_tim.o
    0x08003d3c   0x08003d3c   0x00000002   Code   RO         2374    i.HAL_TIM_IC_CaptureCallback  stm32f4xx_hal_tim.o
    0x08003d3e   0x08003d3e   0x00000002   PAD
    0x08003d40   0x08003d40   0x00000278   Code   RO         2376    i.HAL_TIM_IC_ConfigChannel  stm32f4xx_hal_tim.o
    0x08003fb8   0x08003fb8   0x0000014c   Code   RO         2379    i.HAL_TIM_IC_Init   stm32f4xx_hal_tim.o
    0x08004104   0x08004104   0x00000002   Code   RO         2381    i.HAL_TIM_IC_MspInit  stm32f4xx_hal_tim.o
    0x08004106   0x08004106   0x00000002   PAD
    0x08004108   0x08004108   0x00000240   Code   RO         2384    i.HAL_TIM_IC_Start_IT  stm32f4xx_hal_tim.o
    0x08004348   0x08004348   0x00000196   Code   RO         2388    i.HAL_TIM_IRQHandler  stm32f4xx_hal_tim.o
    0x080044de   0x080044de   0x00000002   PAD
    0x080044e0   0x080044e0   0x0000009c   Code   RO          780    i.HAL_TIM_MspPostInit  tim.o
    0x0800457c   0x0800457c   0x00000002   Code   RO         2391    i.HAL_TIM_OC_DelayElapsedCallback  stm32f4xx_hal_tim.o
    0x0800457e   0x0800457e   0x00000002   PAD
    0x08004580   0x08004580   0x00000298   Code   RO         2412    i.HAL_TIM_PWM_ConfigChannel  stm32f4xx_hal_tim.o
    0x08004818   0x08004818   0x0000014c   Code   RO         2415    i.HAL_TIM_PWM_Init  stm32f4xx_hal_tim.o
    0x08004964   0x08004964   0x00000002   Code   RO         2417    i.HAL_TIM_PWM_MspInit  stm32f4xx_hal_tim.o
    0x08004966   0x08004966   0x00000002   Code   RO         2418    i.HAL_TIM_PWM_PulseFinishedCallback  stm32f4xx_hal_tim.o
    0x08004968   0x08004968   0x000001b0   Code   RO         2420    i.HAL_TIM_PWM_Start  stm32f4xx_hal_tim.o
    0x08004b18   0x08004b18   0x00000002   Code   RO         2426    i.HAL_TIM_PeriodElapsedCallback  stm32f4xx_hal_tim.o
    0x08004b1a   0x08004b1a   0x00000002   PAD
    0x08004b1c   0x08004b1c   0x00000168   Code   RO         2428    i.HAL_TIM_ReadCapturedValue  stm32f4xx_hal_tim.o
    0x08004c84   0x08004c84   0x00000002   Code   RO         2431    i.HAL_TIM_TriggerCallback  stm32f4xx_hal_tim.o
    0x08004c86   0x08004c86   0x00000002   Code   RO         3333    i.HAL_UARTEx_RxEventCallback  stm32f4xx_hal_uart.o
    0x08004c88   0x08004c88   0x00000002   Code   RO         3347    i.HAL_UART_ErrorCallback  stm32f4xx_hal_uart.o
    0x08004c8a   0x08004c8a   0x00000002   PAD
    0x08004c8c   0x08004c8c   0x000002e0   Code   RO         3350    i.HAL_UART_IRQHandler  stm32f4xx_hal_uart.o
    0x08004f6c   0x08004f6c   0x00000140   Code   RO         3351    i.HAL_UART_Init     stm32f4xx_hal_uart.o
    0x080050ac   0x080050ac   0x000000e0   Code   RO          839    i.HAL_UART_MspInit  usart.o
    0x0800518c   0x0800518c   0x00000002   Code   RO         3357    i.HAL_UART_RxCpltCallback  stm32f4xx_hal_uart.o
    0x0800518e   0x0800518e   0x000000d2   Code   RO         3359    i.HAL_UART_Transmit  stm32f4xx_hal_uart.o
    0x08005260   0x08005260   0x000000ac   Code   RO         3360    i.HAL_UART_Transmit_DMA  stm32f4xx_hal_uart.o
    0x0800530c   0x0800530c   0x00000002   Code   RO         3362    i.HAL_UART_TxCpltCallback  stm32f4xx_hal_uart.o
    0x0800530e   0x0800530e   0x00000002   Code   RO         3363    i.HAL_UART_TxHalfCpltCallback  stm32f4xx_hal_uart.o
    0x08005310   0x08005310   0x000000d8   Code   RO          369    i.HMC_Connect       sensor.o
    0x080053e8   0x080053e8   0x00000030   Code   RO          370    i.HMC_Init          sensor.o
    0x08005418   0x08005418   0x00000042   Code   RO          371    i.HMC_ReadMagRaw    sensor.o
    0x0800545a   0x0800545a   0x00000002   PAD
    0x0800545c   0x0800545c   0x000000f8   Code   RO          372    i.HMC_SelfTest      sensor.o
    0x08005554   0x08005554   0x00000004   Code   RO          883    i.HardFault_Handler  stm32f4xx_it.o
    0x08005558   0x08005558   0x0000003e   Code   RO         1734    i.I2C_IsAcknowledgeFailed  stm32f4xx_hal_i2c.o
    0x08005596   0x08005596   0x00000002   PAD
    0x08005598   0x08005598   0x00000138   Code   RO         1737    i.I2C_MasterRequestRead  stm32f4xx_hal_i2c.o
    0x080056d0   0x080056d0   0x000000c0   Code   RO         1738    i.I2C_MasterRequestWrite  stm32f4xx_hal_i2c.o
    0x08005790   0x08005790   0x00000160   Code   RO         1745    i.I2C_RequestMemoryRead  stm32f4xx_hal_i2c.o
    0x080058f0   0x080058f0   0x000000e0   Code   RO         1746    i.I2C_RequestMemoryWrite  stm32f4xx_hal_i2c.o
    0x080059d0   0x080059d0   0x0000005c   Code   RO         1754    i.I2C_WaitOnBTFFlagUntilTimeout  stm32f4xx_hal_i2c.o
    0x08005a2c   0x08005a2c   0x00000086   Code   RO         1755    i.I2C_WaitOnFlagUntilTimeout  stm32f4xx_hal_i2c.o
    0x08005ab2   0x08005ab2   0x000000c4   Code   RO         1756    i.I2C_WaitOnMasterAddressFlagUntilTimeout  stm32f4xx_hal_i2c.o
    0x08005b76   0x08005b76   0x00000080   Code   RO         1757    i.I2C_WaitOnRXNEFlagUntilTimeout  stm32f4xx_hal_i2c.o
    0x08005bf6   0x08005bf6   0x0000005c   Code   RO         1760    i.I2C_WaitOnTXEFlagUntilTimeout  stm32f4xx_hal_i2c.o
    0x08005c52   0x08005c52   0x00000002   PAD
    0x08005c54   0x08005c54   0x00000028   Code   RO          279    i.MOTOR_Init        motor.o
    0x08005c7c   0x08005c7c   0x00000594   Code   RO          373    i.MPU_Calibrate     sensor.o
    0x08006210   0x08006210   0x00000090   Code   RO          374    i.MPU_Connect       sensor.o
    0x080062a0   0x080062a0   0x000000cc   Code   RO          375    i.MPU_Init          sensor.o
    0x0800636c   0x0800636c   0x00000042   Code   RO          376    i.MPU_ReadAccelRaw  sensor.o
    0x080063ae   0x080063ae   0x00000042   Code   RO          377    i.MPU_ReadGyroRaw   sensor.o
    0x080063f0   0x080063f0   0x00000510   Code   RO          378    i.MPU_SelfTest      sensor.o
    0x08006900   0x08006900   0x000000a0   Code   RO          379    i.MS_CheckCRC       sensor.o
    0x080069a0   0x080069a0   0x0000005a   Code   RO          380    i.MS_Init           sensor.o
    0x080069fa   0x080069fa   0x00000002   PAD
    0x080069fc   0x080069fc   0x00000070   Code   RO          648    i.MX_ADC1_Init      adc.o
    0x08006a6c   0x08006a6c   0x00000038   Code   RO          688    i.MX_DMA_Init       dma.o
    0x08006aa4   0x08006aa4   0x00000064   Code   RO          712    i.MX_GPIO_Init      gpio.o
    0x08006b08   0x08006b08   0x00000040   Code   RO          738    i.MX_I2C1_Init      i2c.o
    0x08006b48   0x08006b48   0x000000d4   Code   RO          781    i.MX_TIM1_Init      tim.o
    0x08006c1c   0x08006c1c   0x000000bc   Code   RO          782    i.MX_TIM2_Init      tim.o
    0x08006cd8   0x08006cd8   0x000000d8   Code   RO          783    i.MX_TIM3_Init      tim.o
    0x08006db0   0x08006db0   0x00000038   Code   RO          840    i.MX_USART2_UART_Init  usart.o
    0x08006de8   0x08006de8   0x00000004   Code   RO          884    i.MemManage_Handler  stm32f4xx_it.o
    0x08006dec   0x08006dec   0x00000004   Code   RO          885    i.NMI_Handler       stm32f4xx_it.o
    0x08006df0   0x08006df0   0x00000002   Code   RO          886    i.PendSV_Handler    stm32f4xx_it.o
    0x08006df2   0x08006df2   0x00000002   PAD
    0x08006df4   0x08006df4   0x00000064   Code   RO          313    i.REMOTE_Init       remote.o
    0x08006e58   0x08006e58   0x00000026   Code   RO          381    i.SENSOR_Init       sensor.o
    0x08006e7e   0x08006e7e   0x00000002   PAD
    0x08006e80   0x08006e80   0x00000028   Code   RO          382    i.SENSOR_ReadBytes  sensor.o
    0x08006ea8   0x08006ea8   0x00000030   Code   RO          383    i.SENSOR_RegReadBytes  sensor.o
    0x08006ed8   0x08006ed8   0x00000034   Code   RO          384    i.SENSOR_RegWriteByte  sensor.o
    0x08006f0c   0x08006f0c   0x00000118   Code   RO          385    i.SENSOR_Task       sensor.o
    0x08007024   0x08007024   0x00000028   Code   RO          386    i.SENSOR_WriteByte  sensor.o
    0x0800704c   0x0800704c   0x00000002   Code   RO          887    i.SVC_Handler       stm32f4xx_it.o
    0x0800704e   0x0800704e   0x00000002   PAD
    0x08007050   0x08007050   0x0000004c   Code   RO          516    i.SYS_Init          sys.o
    0x0800709c   0x0800709c   0x00000008   Code   RO          888    i.SysTick_Handler   stm32f4xx_it.o
    0x080070a4   0x080070a4   0x000000b4   Code   RO          517    i.SystemClock_Config  sys.o
    0x08007158   0x08007158   0x00000014   Code   RO          970    i.SystemInit        system_stm32f4xx.o
    0x0800716c   0x0800716c   0x0000005c   Code   RO          314    i.TIM1_CC_IRQHandler  remote.o
    0x080071c8   0x080071c8   0x00000040   Code   RO          315    i.TIM1_UP_TIM10_IRQHandler  remote.o
    0x08007208   0x08007208   0x00000080   Code   RO          316    i.TIM2_IRQHandler   remote.o
    0x08007288   0x08007288   0x000000a4   Code   RO         2433    i.TIM_Base_SetConfig  stm32f4xx_hal_tim.o
    0x0800732c   0x0800732c   0x000001b4   Code   RO          317    i.TIM_CC_Handler    remote.o
    0x080074e0   0x080074e0   0x000000c4   Code   RO         2434    i.TIM_CCxChannelCmd  stm32f4xx_hal_tim.o
    0x080075a4   0x080075a4   0x00000016   Code   RO         2444    i.TIM_ETR_SetConfig  stm32f4xx_hal_tim.o
    0x080075ba   0x080075ba   0x00000012   Code   RO         2445    i.TIM_ITRx_SetConfig  stm32f4xx_hal_tim.o
    0x080075cc   0x080075cc   0x000000d4   Code   RO         2446    i.TIM_OC1_SetConfig  stm32f4xx_hal_tim.o
    0x080076a0   0x080076a0   0x000000dc   Code   RO         2447    i.TIM_OC2_SetConfig  stm32f4xx_hal_tim.o
    0x0800777c   0x0800777c   0x000000dc   Code   RO         2448    i.TIM_OC3_SetConfig  stm32f4xx_hal_tim.o
    0x08007858   0x08007858   0x0000008c   Code   RO         2449    i.TIM_OC4_SetConfig  stm32f4xx_hal_tim.o
    0x080078e4   0x080078e4   0x00000026   Code   RO         2451    i.TIM_TI1_ConfigInputStage  stm32f4xx_hal_tim.o
    0x0800790a   0x0800790a   0x00000002   PAD
    0x0800790c   0x0800790c   0x0000007c   Code   RO         2452    i.TIM_TI1_SetConfig  stm32f4xx_hal_tim.o
    0x08007988   0x08007988   0x00000028   Code   RO         2453    i.TIM_TI2_ConfigInputStage  stm32f4xx_hal_tim.o
    0x080079b0   0x080079b0   0x0000003a   Code   RO         2454    i.TIM_TI2_SetConfig  stm32f4xx_hal_tim.o
    0x080079ea   0x080079ea   0x00000038   Code   RO         2455    i.TIM_TI3_SetConfig  stm32f4xx_hal_tim.o
    0x08007a22   0x08007a22   0x0000003c   Code   RO         2456    i.TIM_TI4_SetConfig  stm32f4xx_hal_tim.o
    0x08007a5e   0x08007a5e   0x00000014   Code   RO         3364    i.UART_DMAAbortOnError  stm32f4xx_hal_uart.o
    0x08007a72   0x08007a72   0x00000050   Code   RO         3365    i.UART_DMAError     stm32f4xx_hal_uart.o
    0x08007ac2   0x08007ac2   0x00000058   Code   RO         3370    i.UART_DMATransmitCplt  stm32f4xx_hal_uart.o
    0x08007b1a   0x08007b1a   0x0000000e   Code   RO         3372    i.UART_DMATxHalfCplt  stm32f4xx_hal_uart.o
    0x08007b28   0x08007b28   0x0000006c   Code   RO         3374    i.UART_EndRxTransfer  stm32f4xx_hal_uart.o
    0x08007b94   0x08007b94   0x00000020   Code   RO         3375    i.UART_EndTransmit_IT  stm32f4xx_hal_uart.o
    0x08007bb4   0x08007bb4   0x00000026   Code   RO         3376    i.UART_EndTxTransfer  stm32f4xx_hal_uart.o
    0x08007bda   0x08007bda   0x000000f8   Code   RO         3377    i.UART_Receive_IT   stm32f4xx_hal_uart.o
    0x08007cd2   0x08007cd2   0x00000002   PAD
    0x08007cd4   0x08007cd4   0x000002c4   Code   RO         3378    i.UART_SetConfig    stm32f4xx_hal_uart.o
    0x08007f98   0x08007f98   0x00000060   Code   RO         3381    i.UART_Transmit_IT  stm32f4xx_hal_uart.o
    0x08007ff8   0x08007ff8   0x00000092   Code   RO         3382    i.UART_WaitOnFlagUntilTimeout  stm32f4xx_hal_uart.o
    0x0800808a   0x0800808a   0x00000002   PAD
    0x0800808c   0x0800808c   0x00000050   Code   RO          169    i.USART2_IRQHandler  ano.o
    0x080080dc   0x080080dc   0x00000004   Code   RO          889    i.UsageFault_Handler  stm32f4xx_it.o
    0x080080e0   0x080080e0   0x00000020   Code   RO         5070    i.__0printf         mc_w.l(printfa.o)
    0x08008100   0x08008100   0x00000026   Code   RO         5100    i.__ARM_fpclassifyf  m_wm.l(fpclassifyf.o)
    0x08008126   0x08008126   0x00000002   PAD
    0x08008128   0x08008128   0x00000010   Code   RO         3725    i.__NVIC_GetPriorityGrouping  stm32f4xx_hal_cortex.o
    0x08008138   0x08008138   0x00000028   Code   RO         3726    i.__NVIC_SetPriority  stm32f4xx_hal_cortex.o
    0x08008160   0x08008160   0x00000664   Code   RO         4816    i.__hardfp_powf     m_wm.l(powf.o)
    0x080087c4   0x080087c4   0x00000014   Code   RO         5102    i.__mathlib_flt_divzero  m_wm.l(funder.o)
    0x080087d8   0x080087d8   0x00000006   Code   RO         5104    i.__mathlib_flt_infnan2  m_wm.l(funder.o)
    0x080087de   0x080087de   0x00000002   PAD
    0x080087e0   0x080087e0   0x00000010   Code   RO         5105    i.__mathlib_flt_invalid  m_wm.l(funder.o)
    0x080087f0   0x080087f0   0x00000010   Code   RO         5106    i.__mathlib_flt_overflow  m_wm.l(funder.o)
    0x08008800   0x08008800   0x00000010   Code   RO         5108    i.__mathlib_flt_underflow  m_wm.l(funder.o)
    0x08008810   0x08008810   0x0000000e   Code   RO         5167    i.__scatterload_copy  mc_w.l(handlers.o)
    0x0800881e   0x0800881e   0x00000002   Code   RO         5168    i.__scatterload_null  mc_w.l(handlers.o)
    0x08008820   0x08008820   0x0000000e   Code   RO         5169    i.__scatterload_zeroinit  mc_w.l(handlers.o)
    0x0800882e   0x0800882e   0x00000002   PAD
    0x08008830   0x08008830   0x0000000c   Code   RO         5141    i.__set_errno       mc_w.l(errno.o)
    0x0800883c   0x0800883c   0x00000184   Code   RO         5077    i._fp_digits        mc_w.l(printfa.o)
    0x080089c0   0x080089c0   0x000006b4   Code   RO         5078    i._printf_core      mc_w.l(printfa.o)
    0x08009074   0x08009074   0x00000024   Code   RO         5079    i._printf_post_padding  mc_w.l(printfa.o)
    0x08009098   0x08009098   0x0000002e   Code   RO         5080    i._printf_pre_padding  mc_w.l(printfa.o)
    0x080090c6   0x080090c6   0x00000032   Code   RO          170    i.ano_addcheck      ano.o
    0x080090f8   0x080090f8   0x00000038   Code   RO          171    i.ano_check         ano.o
    0x08009130   0x08009130   0x00000044   Code   RO          518    i.assert_failed     sys.o
    0x08009174   0x08009174   0x0000001c   Code   RO          519    i.fputc             sys.o
    0x08009190   0x08009190   0x00000020   Code   RO            4    i.main              main.o
    0x080091b0   0x080091b0   0x0000000e   Data   RO          319    .constdata          remote.o
    0x080091be   0x080091be   0x00000018   Data   RO          971    .constdata          system_stm32f4xx.o
    0x080091d6   0x080091d6   0x00000008   Data   RO         1482    .constdata          stm32f4xx_hal_dma.o
    0x080091de   0x080091de   0x00000002   PAD
    0x080091e0   0x080091e0   0x00000140   Data   RO         4819    .constdata          m_wm.l(powf.o)
    0x08009320   0x08009320   0x00000020   Data   RO         5165    Region$$Table       anon$$obj.o


    Execution Region RW_IRAM1 (Exec base: 0x20000000, Load base: 0x08009340, Size: 0x00000750, Max: 0x00018000, ABSOLUTE)

    Exec Addr    Load Addr    Size         Type   Attr      Idx    E Section Name        Object

    0x20000000   0x08009340   0x00000002   Data   RW          173    .data               ano.o
    0x20000002   0x08009342   0x0000000e   Data   RW          320    .data               remote.o
    0x20000010   0x08009350   0x00000050   Data   RW          389    .data               sensor.o
    0x20000060   0x080093a0   0x00000004   Data   RW          972    .data               system_stm32f4xx.o
    0x20000064   0x080093a4   0x00000009   Data   RW         1033    .data               stm32f4xx_hal.o
    0x2000006d   0x080093ad   0x00000003   PAD
    0x20000070   0x080093b0   0x00000004   Data   RW         5132    .data               mc_w.l(stdout.o)
    0x20000074   0x080093b4   0x00000004   Data   RW         5142    .data               mc_w.l(errno.o)
    0x20000078        -       0x0000003e   Zero   RW          172    .bss                ano.o
    0x200000b6   0x080093b8   0x00000002   PAD
    0x200000b8        -       0x00000038   Zero   RW          318    .bss                remote.o
    0x200000f0        -       0x00000048   Zero   RW          387    .bss                sensor.o
    0x20000138        -       0x00000048   Zero   RW          649    .bss                adc.o
    0x20000180        -       0x00000054   Zero   RW          739    .bss                i2c.o
    0x200001d4        -       0x000000d8   Zero   RW          784    .bss                tim.o
    0x200002ac        -       0x000000a4   Zero   RW          841    .bss                usart.o
    0x20000350        -       0x00000400   Zero   RW          959    STACK               startup_stm32f401xe.o


==============================================================================

Image component sizes


      Code (inc. data)   RO Data    RW Data    ZI Data      Debug   Object Name

       240         26          0          0         72       1613   adc.o
       606         28          0          2         62       4337   ano.o
        56          4          0          0          0        710   dma.o
       100          4          0          0          0        787   gpio.o
       200         24          0          0         84       1561   i2c.o
        32          8          0          0          0     440743   main.o
        40          4          0          0          0        461   motor.o
       820         64         14         14         56       3743   remote.o
      4530        542          0         80         72      13543   sensor.o
        36          8        404          0       1024        804   startup_stm32f401xe.o
       212         36          0          9          0       8713   stm32f4xx_hal.o
      1536        130          0          0          0       2815   stm32f4xx_hal_adc.o
       492        132          0          0          0      34087   stm32f4xx_hal_cortex.o
      2090         90          8          0          0       6686   stm32f4xx_hal_dma.o
       904         68          0          0          0       1548   stm32f4xx_hal_gpio.o
      4856        186          0          0          0      15277   stm32f4xx_hal_i2c.o
        80          6          0          0          0        802   stm32f4xx_hal_msp.o
      2460        152          0          0          0       5436   stm32f4xx_hal_rcc.o
      6864        810          0          0          0      22960   stm32f4xx_hal_tim.o
       332         58          0          0          0       2265   stm32f4xx_hal_tim_ex.o
      3026        106          0          0          0      14342   stm32f4xx_hal_uart.o
        50          6          0          0          0       4468   stm32f4xx_it.o
       358         68          0          0          0       3124   sys.o
        20          6         24          4          0       1023   system_stm32f4xx.o
      1176         58          0          0        216       4210   tim.o
       280         30          0          0        164       1697   usart.o

    ----------------------------------------------------------------------
     31430       2654        484        112       1752     597755   Object Totals
         0          0         32          0          0          0   (incl. Generated)
        34          0          2          3          2          0   (incl. Padding)

    ----------------------------------------------------------------------

      Code (inc. data)   RO Data    RW Data    ZI Data      Debug   Library Member Name

        38          0          0          0          0        116   fpclassifyf.o
        74         24          0          0          0        580   funder.o
      1636        110        320          0          0        372   powf.o
         0          0          0          0          0          0   entry.o
         0          0          0          0          0          0   entry10a.o
         0          0          0          0          0          0   entry11a.o
         4          0          0          0          0          0   entry12b.o
         8          4          0          0          0          0   entry2.o
         4          0          0          0          0          0   entry5.o
         0          0          0          0          0          0   entry7b.o
         0          0          0          0          0          0   entry8b.o
         8          4          0          0          0          0   entry9a.o
        12          6          0          4          0         68   errno.o
        30          0          0          0          0          0   handlers.o
        36          8          0          0          0         68   init.o
         0          0          0          0          0          0   iusefp.o
        30          0          0          0          0         68   llshl.o
        36          0          0          0          0         68   llsshr.o
        32          0          0          0          0         68   llushr.o
        36          0          0          0          0        108   memseta.o
      2218         90          0          0          0        464   printfa.o
         0          0          0          4          0          0   stdout.o
        44          0          0          0          0         80   uidiv.o
        98          0          0          0          0         92   uldiv.o
        48          0          0          0          0         68   cdrcmple.o
       334          0          0          0          0        148   dadd.o
       222          0          0          0          0        100   ddiv.o
       186          0          0          0          0        176   depilogue.o
        48          0          0          0          0         68   dfixul.o
       228          0          0          0          0         96   dmul.o
        38          0          0          0          0         68   f2d.o
         4          0          0          0          0         68   fpstat.o

    ----------------------------------------------------------------------
      5462        246        320          8          0       2944   Library Totals
        10          0          0          0          0          0   (incl. Padding)

    ----------------------------------------------------------------------

      Code (inc. data)   RO Data    RW Data    ZI Data      Debug   Library Name

      1748        134        320          0          0       1068   m_wm.l
      2596        112          0          8          0       1084   mc_w.l
      1108          0          0          0          0        792   mf_w.l

    ----------------------------------------------------------------------
      5462        246        320          8          0       2944   Library Totals

    ----------------------------------------------------------------------

==============================================================================


      Code (inc. data)   RO Data    RW Data    ZI Data      Debug   

     36892       2900        804        120       1752     584119   Grand Totals
     36892       2900        804        120       1752     584119   ELF Image Totals
     36892       2900        804        120          0          0   ROM Totals

==============================================================================

    Total RO  Size (Code + RO Data)                37696 (  36.81kB)
    Total RW  Size (RW Data + ZI Data)              1872 (   1.83kB)
    Total ROM Size (Code + RO Data + RW Data)      37816 (  36.93kB)

==============================================================================

