Component: ARM Compiler 6.16 Tool: armlink [5dfeaa00]

==============================================================================

Section Cross References

    startup_stm32f401xe.o(RESET) refers to startup_stm32f401xe.o(STACK) for __initial_sp
    startup_stm32f401xe.o(RESET) refers to startup_stm32f401xe.o(.text) for Reset_Handler
    startup_stm32f401xe.o(RESET) refers to lto-llvm-933f50.o(.text.NMI_Handler) for NMI_Handler
    startup_stm32f401xe.o(RESET) refers to lto-llvm-933f50.o(.text.HardFault_Handler) for HardFault_Handler
    startup_stm32f401xe.o(RESET) refers to lto-llvm-933f50.o(.text.MemManage_Handler) for MemManage_Handler
    startup_stm32f401xe.o(RESET) refers to lto-llvm-933f50.o(.text.BusFault_Handler) for BusFault_Handler
    startup_stm32f401xe.o(RESET) refers to lto-llvm-933f50.o(.text.UsageFault_Handler) for UsageFault_Handler
    startup_stm32f401xe.o(RESET) refers to lto-llvm-933f50.o(.text.SVC_Handler) for SVC_Handler
    startup_stm32f401xe.o(RESET) refers to lto-llvm-933f50.o(.text.DebugMon_Handler) for DebugMon_Handler
    startup_stm32f401xe.o(RESET) refers to os_cpu_a.o(.text) for PendSV_Handler
    startup_stm32f401xe.o(RESET) refers to lto-llvm-933f50.o(.text.SysTick_Handler) for SysTick_Handler
    startup_stm32f401xe.o(RESET) refers to lto-llvm-933f50.o(.text.DMA1_Stream6_IRQHandler) for DMA1_Stream6_IRQHandler
    startup_stm32f401xe.o(RESET) refers to lto-llvm-933f50.o(.text.TIM1_UP_TIM10_IRQHandler) for TIM1_UP_TIM10_IRQHandler
    startup_stm32f401xe.o(RESET) refers to lto-llvm-933f50.o(.text.TIM1_CC_IRQHandler) for TIM1_CC_IRQHandler
    startup_stm32f401xe.o(RESET) refers to lto-llvm-933f50.o(.text.TIM2_IRQHandler) for TIM2_IRQHandler
    startup_stm32f401xe.o(RESET) refers to lto-llvm-933f50.o(.text.USART2_IRQHandler) for USART2_IRQHandler
    startup_stm32f401xe.o(.text) refers to lto-llvm-933f50.o(.text.SystemInit) for SystemInit
    startup_stm32f401xe.o(.text) refers to entry.o(.ARM.Collect$$$$00000000) for __main
    os_cpu_a.o(.text) refers to lto-llvm-933f50.o(.bss) for OS_KA_BASEPRI_Boundary
    os_cpu_a.o(.text) refers to lto-llvm-933f50.o(.text.OSTaskSwHook) for OSTaskSwHook
    arm_cos_f32.o(.text) refers to arm_common_tables.o(.constdata) for sinTable_f32
    arm_sin_f32.o(.text) refers to arm_common_tables.o(.constdata) for sinTable_f32
    asinf.o(i.__hardfp_asinf) refers (Special) to iusefp.o(.text) for __I$use$fp
    asinf.o(i.__hardfp_asinf) refers to sqrtf.o(i.sqrtf) for sqrtf
    asinf.o(i.__hardfp_asinf) refers to fpclassifyf.o(i.__ARM_fpclassifyf) for __ARM_fpclassifyf
    asinf.o(i.__hardfp_asinf) refers to funder.o(i.__mathlib_flt_underflow) for __mathlib_flt_underflow
    asinf.o(i.__hardfp_asinf) refers to funder.o(i.__mathlib_flt_infnan) for __mathlib_flt_infnan
    asinf.o(i.__hardfp_asinf) refers to errno.o(i.__set_errno) for __set_errno
    asinf.o(i.__hardfp_asinf) refers to funder.o(i.__mathlib_flt_invalid) for __mathlib_flt_invalid
    asinf.o(i.__softfp_asinf) refers (Special) to iusefp.o(.text) for __I$use$fp
    asinf.o(i.__softfp_asinf) refers to asinf.o(i.__hardfp_asinf) for __hardfp_asinf
    asinf.o(i.asinf) refers (Special) to iusefp.o(.text) for __I$use$fp
    asinf.o(i.asinf) refers to asinf.o(i.__hardfp_asinf) for __hardfp_asinf
    atan2f.o(i.__hardfp_atan2f) refers (Special) to iusefp.o(.text) for __I$use$fp
    atan2f.o(i.__hardfp_atan2f) refers to fpclassifyf.o(i.__ARM_fpclassifyf) for __ARM_fpclassifyf
    atan2f.o(i.__hardfp_atan2f) refers to funder.o(i.__mathlib_flt_underflow) for __mathlib_flt_underflow
    atan2f.o(i.__hardfp_atan2f) refers to errno.o(i.__set_errno) for __set_errno
    atan2f.o(i.__hardfp_atan2f) refers to funder.o(i.__mathlib_flt_infnan2) for __mathlib_flt_infnan2
    atan2f.o(i.__softfp_atan2f) refers (Special) to iusefp.o(.text) for __I$use$fp
    atan2f.o(i.__softfp_atan2f) refers to atan2f.o(i.__hardfp_atan2f) for __hardfp_atan2f
    atan2f.o(i.atan2f) refers (Special) to iusefp.o(.text) for __I$use$fp
    atan2f.o(i.atan2f) refers to atan2f.o(i.__hardfp_atan2f) for __hardfp_atan2f
    powf.o(i.__hardfp_powf) refers (Special) to iusefp.o(.text) for __I$use$fp
    powf.o(i.__hardfp_powf) refers to fpstat.o(.text) for __ieee_status
    powf.o(i.__hardfp_powf) refers to errno.o(i.__set_errno) for __set_errno
    powf.o(i.__hardfp_powf) refers to funder.o(i.__mathlib_flt_overflow) for __mathlib_flt_overflow
    powf.o(i.__hardfp_powf) refers to fpclassifyf.o(i.__ARM_fpclassifyf) for __ARM_fpclassifyf
    powf.o(i.__hardfp_powf) refers to funder.o(i.__mathlib_flt_underflow) for __mathlib_flt_underflow
    powf.o(i.__hardfp_powf) refers to funder.o(i.__mathlib_flt_invalid) for __mathlib_flt_invalid
    powf.o(i.__hardfp_powf) refers to powf.o(.constdata) for .constdata
    powf.o(i.__hardfp_powf) refers to funder.o(i.__mathlib_flt_infnan2) for __mathlib_flt_infnan2
    powf.o(i.__hardfp_powf) refers to funder.o(i.__mathlib_flt_divzero) for __mathlib_flt_divzero
[...]
    i._printf_post_padding                   0x0801379c   Section        0  printfa.o(i._printf_post_padding)
    _printf_pre_padding                      0x080137c1   Thumb Code    46  printfa.o(i._printf_pre_padding)
    i._printf_pre_padding                    0x080137c0   Section        0  printfa.o(i._printf_pre_padding)
    i.sqrtf                                  0x080137ee   Section        0  sqrtf.o(i.sqrtf)
    .constdata                               0x0801382c   Section     2052  arm_common_tables.o(.constdata)
    table                                    0x08014030   Data         128  powf.o(.constdata)
    .constdata                               0x08014030   Section      320  powf.o(.constdata)
    powersof2to1over16top                    0x080140b0   Data          64  powf.o(.constdata)
    powersof2to1over16bot                    0x080140f0   Data          64  powf.o(.constdata)
    powersof2to1over16all                    0x08014130   Data          64  powf.o(.constdata)
    TIM_CHANNEL                              0x08014170   Data          28  lto-llvm-933f50.o(.rodata)
    [Anonymous Symbol]                       0x08014170   Section        0  lto-llvm-933f50.o(.rodata)
    TIM_FLAG                                 0x0801418c   Data          28  lto-llvm-933f50.o(.rodata)
    .L__const.HMC_Calibration.mag_max        0x080141a8   Data           6  lto-llvm-933f50.o(.rodata)
    .L__const.HMC_Calibration.mag_min        0x080141ae   Data           6  lto-llvm-933f50.o(.rodata)
    OSDebugEn                                0x080141b4   Data           2  lto-llvm-933f50.o(.rodata)
    OSEndiannessTest                         0x080141b8   Data           4  lto-llvm-933f50.o(.rodata)
    OSEventEn                                0x080141bc   Data           2  lto-llvm-933f50.o(.rodata)
    OSEventMax                               0x080141be   Data           2  lto-llvm-933f50.o(.rodata)
    OSEventNameEn                            0x080141c0   Data           2  lto-llvm-933f50.o(.rodata)
    OSEventSize                              0x080141c2   Data           2  lto-llvm-933f50.o(.rodata)
    OSEventTblSize                           0x080141c4   Data           2  lto-llvm-933f50.o(.rodata)
    OSEventMultiEn                           0x080141c6   Data           2  lto-llvm-933f50.o(.rodata)
    OSFlagEn                                 0x080141c8   Data           2  lto-llvm-933f50.o(.rodata)
    OSFlagGrpSize                            0x080141ca   Data           2  lto-llvm-933f50.o(.rodata)
    OSFlagNodeSize                           0x080141cc   Data           2  lto-llvm-933f50.o(.rodata)
    OSFlagWidth                              0x080141ce   Data           2  lto-llvm-933f50.o(.rodata)
    OSFlagMax                                0x080141d0   Data           2  lto-llvm-933f50.o(.rodata)
    OSFlagNameEn                             0x080141d2   Data           2  lto-llvm-933f50.o(.rodata)
    OSLowestPrio                             0x080141d4   Data           2  lto-llvm-933f50.o(.rodata)
    OSMboxEn                                 0x080141d6   Data           2  lto-llvm-933f50.o(.rodata)
    OSMemEn                                  0x080141d8   Data           2  lto-llvm-933f50.o(.rodata)
    OSMemMax                                 0x080141da   Data           2  lto-llvm-933f50.o(.rodata)
    OSMemNameEn                              0x080141dc   Data           2  lto-llvm-933f50.o(.rodata)
    OSMemSize                                0x080141de   Data           2  lto-llvm-933f50.o(.rodata)
    OSMemTblSize                             0x080141e0   Data           2  lto-llvm-933f50.o(.rodata)
    OSMutexEn                                0x080141e2   Data           2  lto-llvm-933f50.o(.rodata)
    OSPtrSize                                0x080141e4   Data           2  lto-llvm-933f50.o(.rodata)
    OSQEn                                    0x080141e6   Data           2  lto-llvm-933f50.o(.rodata)
    OSQMax                                   0x080141e8   Data           2  lto-llvm-933f50.o(.rodata)
    OSQSize                                  0x080141ea   Data           2  lto-llvm-933f50.o(.rodata)
    OSRdyTblSize                             0x080141ec   Data           2  lto-llvm-933f50.o(.rodata)
    OSSemEn                                  0x080141ee   Data           2  lto-llvm-933f50.o(.rodata)
    OSStkWidth                               0x080141f0   Data           2  lto-llvm-933f50.o(.rodata)
    OSTaskCreateEn                           0x080141f2   Data           2  lto-llvm-933f50.o(.rodata)
    OSTaskCreateExtEn                        0x080141f4   Data           2  lto-llvm-933f50.o(.rodata)
    OSTaskDelEn                              0x080141f6   Data           2  lto-llvm-933f50.o(.rodata)
    OSTaskIdleStkSize                        0x080141f8   Data           2  lto-llvm-933f50.o(.rodata)
    OSTaskProfileEn                          0x080141fa   Data           2  lto-llvm-933f50.o(.rodata)
    OSTaskMax                                0x080141fc   Data           2  lto-llvm-933f50.o(.rodata)
    OSTaskNameEn                             0x080141fe   Data           2  lto-llvm-933f50.o(.rodata)
    OSTaskStatEn                             0x08014200   Data           2  lto-llvm-933f50.o(.rodata)
    OSTaskStatStkSize                        0x08014202   Data           2  lto-llvm-933f50.o(.rodata)
    OSTaskStatStkChkEn                       0x08014204   Data           2  lto-llvm-933f50.o(.rodata)
    OSTaskSwHookEn                           0x08014206   Data           2  lto-llvm-933f50.o(.rodata)
    OSTCBPrioTblMax                          0x08014208   Data           2  lto-llvm-933f50.o(.rodata)
    OSTCBSize                                0x0801420a   Data           2  lto-llvm-933f50.o(.rodata)
    OSTicksPerSec                            0x0801420c   Data           2  lto-llvm-933f50.o(.rodata)
    OSTimeTickHookEn                         0x0801420e   Data           2  lto-llvm-933f50.o(.rodata)
    OSVersionNbr                             0x08014210   Data           2  lto-llvm-933f50.o(.rodata)
    OSTmrEn                                  0x08014212   Data           2  lto-llvm-933f50.o(.rodata)
    OSTmrCfgMax                              0x08014214   Data           2  lto-llvm-933f50.o(.rodata)
    OSTmrCfgNameEn                           0x08014216   Data           2  lto-llvm-933f50.o(.rodata)
    OSTmrCfgWheelSize                        0x08014218   Data           2  lto-llvm-933f50.o(.rodata)
    OSTmrCfgTicksPerSec                      0x0801421a   Data           2  lto-llvm-933f50.o(.rodata)
    OSTmrSize                                0x0801421c   Data           2  lto-llvm-933f50.o(.rodata)
    OSTmrTblSize                             0x0801421e   Data           2  lto-llvm-933f50.o(.rodata)
    OSTmrWheelSize                           0x08014220   Data           2  lto-llvm-933f50.o(.rodata)
    OSTmrWheelTblSize                        0x08014222   Data           2  lto-llvm-933f50.o(.rodata)
    OSDataSize                               0x08014224   Data           2  lto-llvm-933f50.o(.rodata)
    OSUnMapTbl                               0x08014226   Data         256  lto-llvm-933f50.o(.rodata)
    AHBPrescTable                            0x08014326   Data          16  lto-llvm-933f50.o(.rodata.cst16)
    [Anonymous Symbol]                       0x08014326   Section        0  lto-llvm-933f50.o(.rodata.cst16)
    APBPrescTable                            0x08014336   Data           8  lto-llvm-933f50.o(.rodata.cst8)
    [Anonymous Symbol]                       0x08014336   Section        0  lto-llvm-933f50.o(.rodata.cst8)
    DMA_CalcBaseAndBitshift.flagBitshiftOffset 0x0801433e   Data           8  lto-llvm-933f50.o(.rodata.cst8)
    .L.str.1.46                              0x08014346   Data          45  lto-llvm-933f50.o(.rodata.str1.1)
    [Anonymous Symbol]                       0x08014346   Section        0  lto-llvm-933f50.o(.rodata.str1.1)
    .L.str.14                                0x08014373   Data          14  lto-llvm-933f50.o(.rodata.str1.1)
    .L.str.17                                0x08014381   Data          60  lto-llvm-933f50.o(.rodata.str1.1)
    .L.str.6                                 0x080143bd   Data          44  lto-llvm-933f50.o(.rodata.str1.1)
    .L.str.11                                0x080143e9   Data          20  lto-llvm-933f50.o(.rodata.str1.1)
    .L.str.12                                0x080143fd   Data          20  lto-llvm-933f50.o(.rodata.str1.1)
    .L.str.7                                 0x08014411   Data          20  lto-llvm-933f50.o(.rodata.str1.1)
    .L.str.1                                 0x08014425   Data          18  lto-llvm-933f50.o(.rodata.str1.1)
    .L.str.2                                 0x08014437   Data          40  lto-llvm-933f50.o(.rodata.str1.1)
    .L.str.10                                0x0801445f   Data          29  lto-llvm-933f50.o(.rodata.str1.1)
    .L.str.18                                0x0801447c   Data          24  lto-llvm-933f50.o(.rodata.str1.1)
    .L.str.19                                0x08014494   Data          24  lto-llvm-933f50.o(.rodata.str1.1)
    .L.str.20                                0x080144ac   Data          24  lto-llvm-933f50.o(.rodata.str1.1)
    .L.str.23                                0x080144c4   Data          23  lto-llvm-933f50.o(.rodata.str1.1)
    .L.str.21                                0x080144db   Data          25  lto-llvm-933f50.o(.rodata.str1.1)
    .L.str.45                                0x080144f4   Data          19  lto-llvm-933f50.o(.rodata.str1.1)
    .L.str.24                                0x08014507   Data           9  lto-llvm-933f50.o(.rodata.str1.1)
    .L.str.25                                0x08014510   Data           9  lto-llvm-933f50.o(.rodata.str1.1)
    .L.str.15                                0x08014519   Data          14  lto-llvm-933f50.o(.rodata.str1.1)
    .L.str.16                                0x08014527   Data          16  lto-llvm-933f50.o(.rodata.str1.1)
    .L.str.26                                0x08014537   Data          26  lto-llvm-933f50.o(.rodata.str1.1)
    .L.str.27                                0x08014551   Data          25  lto-llvm-933f50.o(.rodata.str1.1)
    .L.str.22                                0x0801456a   Data          22  lto-llvm-933f50.o(.rodata.str1.1)
    .L.str.13                                0x08014580   Data          14  lto-llvm-933f50.o(.rodata.str1.1)
    .L.str                                   0x0801458e   Data          26  lto-llvm-933f50.o(.rodata.str1.1)
    .L.str.233                               0x080145a8   Data           2  lto-llvm-933f50.o(.rodata.str1.1)
    .L.str.130                               0x080145aa   Data          31  lto-llvm-933f50.o(.rodata.str1.1)
    .L.str.149                               0x080145c9   Data          31  lto-llvm-933f50.o(.rodata.str1.1)
    .L.str.161                               0x080145e8   Data          31  lto-llvm-933f50.o(.rodata.str1.1)
    .L.str.118                               0x08014607   Data          31  lto-llvm-933f50.o(.rodata.str1.1)
    .L.str.171                               0x08014626   Data          31  lto-llvm-933f50.o(.rodata.str1.1)
    .L.str.142                               0x08014645   Data          32  lto-llvm-933f50.o(.rodata.str1.1)
    .L.str.203                               0x08014665   Data          32  lto-llvm-933f50.o(.rodata.str1.1)
    .L.str.190                               0x08014685   Data          34  lto-llvm-933f50.o(.rodata.str1.1)
    .L.str.212                               0x080146a7   Data          34  lto-llvm-933f50.o(.rodata.str1.1)
    .L.str.3.242                             0x080146c9   Data          14  lto-llvm-933f50.o(.rodata.str1.1)
    .L__const.ANO_Task.string                0x080146d7   Data          35  lto-llvm-933f50.o(.rodata.str1.1)
    .L.str.1.234                             0x080146fa   Data          17  lto-llvm-933f50.o(.rodata.str1.1)
    .L.str.2.235                             0x0801470b   Data          19  lto-llvm-933f50.o(.rodata.str1.1)
    .L.str.5.238                             0x0801471e   Data          13  lto-llvm-933f50.o(.rodata.str1.1)
    .L.str.4.239                             0x0801472b   Data          14  lto-llvm-933f50.o(.rodata.str1.1)
    .data                                    0x20000000   Section        4  stdout.o(.data)
    _errno                                   0x20000004   Data           4  errno.o(.data)
    .data                                    0x20000004   Section        4  errno.o(.data)
    magScale                                 0x20000008   Data          12  lto-llvm-933f50.o(.data)
    [Anonymous Symbol]                       0x20000008   Section        0  lto-llvm-933f50.o(.data)
    beta                                     0x20000014   Data           4  lto-llvm-933f50.o(.data)
    q0                                       0x20000018   Data           4  lto-llvm-933f50.o(.data)
    PID_angle_roll                           0x2000001c   Data          80  lto-llvm-933f50.o(.data)
    PID_angle_pitch                          0x2000006c   Data          80  lto-llvm-933f50.o(.data)
    PID_rate_roll                            0x200000bc   Data          80  lto-llvm-933f50.o(.data)
    PID_rate_pitch                           0x2000010c   Data          80  lto-llvm-933f50.o(.data)
    PID_rate_yaw                             0x2000015c   Data          80  lto-llvm-933f50.o(.data)
    PID_speed_altitude                       0x200001ac   Data          80  lto-llvm-933f50.o(.data)
    SystemCoreClock                          0x200001fc   Data           4  lto-llvm-933f50.o(.data)
    uwTickPrio                               0x20000200   Data           4  lto-llvm-933f50.o(.data)
    P.0.0                                    0x20000204   Data           4  lto-llvm-933f50.o(.data)
    P.1.1                                    0x20000208   Data           4  lto-llvm-933f50.o(.data)
    START_TASK_STK                           0x20000210   Data         512  lto-llvm-933f50.o(.bss)
    [Anonymous Symbol]                       0x20000210   Section        0  lto-llvm-933f50.o(.bss)
    ANO_TASK_STK                             0x20000410   Data         512  lto-llvm-933f50.o(.bss)
    FLIGHT_TASK_STK                          0x20000610   Data        1024  lto-llvm-933f50.o(.bss)
    deltaTick                                0x20000a10   Data           4  lto-llvm-933f50.o(.bss)
    FLIGHT_Task.tickstart                    0x20000a14   Data           4  lto-llvm-933f50.o(.bss)
    ANO_Task.count                           0x20000a18   Data           1  lto-llvm-933f50.o(.bss)
    ANO_Task.data                            0x20000a19   Data         300  lto-llvm-933f50.o(.bss)
    ParamList                                0x20000b48   Data         800  lto-llvm-933f50.o(.bss)
    ANO_Send_Verification.data               0x20000e68   Data           9  lto-llvm-933f50.o(.bss)
    ANO_Send_Param.data                      0x20000e71   Data          12  lto-llvm-933f50.o(.bss)
    ANO_Receive_Prepare.state                0x20000e7d   Data           1  lto-llvm-933f50.o(.bss)
    ANO_Receive_Prepare.data                 0x20000e7e   Data          50  lto-llvm-933f50.o(.bss)
    ANO_Receive_Prepare.cnt                  0x20000eb0   Data           1  lto-llvm-933f50.o(.bss)
    gyroFilterLPF                            0x20000eb4   Data          84  lto-llvm-933f50.o(.bss)
    accelFilterLPF                           0x20000f08   Data          84  lto-llvm-933f50.o(.bss)
    MOTOR_Control.M1                         0x20000f5c   Data           2  lto-llvm-933f50.o(.bss)
    MOTOR_Control.M2                         0x20000f5e   Data           2  lto-llvm-933f50.o(.bss)
    MOTOR_Control.M3                         0x20000f60   Data           2  lto-llvm-933f50.o(.bss)
    MOTOR_Control.M4                         0x20000f62   Data           2  lto-llvm-933f50.o(.bss)
    ucount                                   0x20000f64   Data          28  lto-llvm-933f50.o(.bss)
    rvalue                                   0x20000f80   Data          28  lto-llvm-933f50.o(.bss)
    flymode                                  0x20000f9c   Data           1  lto-llvm-933f50.o(.bss)
    rstate                                   0x20000f9d   Data           7  lto-llvm-933f50.o(.bss)
    pvalue                                   0x20000fa4   Data          28  lto-llvm-933f50.o(.bss)
    accelBias                                0x20000fc0   Data          12  lto-llvm-933f50.o(.bss)
    gyroBias                                 0x20000fcc   Data          12  lto-llvm-933f50.o(.bss)
    msPROM                                   0x20000fd8   Data          16  lto-llvm-933f50.o(.bss)
    accel                                    0x20000fe8   Data          12  lto-llvm-933f50.o(.bss)
    gyro                                     0x20000ff4   Data          12  lto-llvm-933f50.o(.bss)
    temperature                              0x20001000   Data           4  lto-llvm-933f50.o(.bss)
    altitude                                 0x20001004   Data           4  lto-llvm-933f50.o(.bss)
    initialAltitude                          0x20001008   Data           4  lto-llvm-933f50.o(.bss)
    voltage                                  0x2000100c   Data           4  lto-llvm-933f50.o(.bss)
    magBias                                  0x20001010   Data          12  lto-llvm-933f50.o(.bss)
    MPU_ReadAllRaw.rawData                   0x2000101c   Data          14  lto-llvm-933f50.o(.bss)
    HMC_ReadMagRaw.rawData                   0x2000102a   Data           6  lto-llvm-933f50.o(.bss)
    MS_ReadADC.rawData                       0x20001030   Data           3  lto-llvm-933f50.o(.bss)
    MS_CalculateAltitude.state               0x20001033   Data           1  lto-llvm-933f50.o(.bss)
    MS_CalculateAltitude.D1                  0x20001034   Data           4  lto-llvm-933f50.o(.bss)
    MS_CalculateAltitude.pressurebuffer      0x20001038   Data          60  lto-llvm-933f50.o(.bss)
    MS_CalculateAltitude.P                   0x20001074   Data           4  lto-llvm-933f50.o(.bss)
    MS_CalculateAltitude.ALT                 0x20001078   Data           4  lto-llvm-933f50.o(.bss)
    SENSOR_Update.accelCount                 0x2000107c   Data           6  lto-llvm-933f50.o(.bss)
    SENSOR_Update.temp                       0x20001082   Data           2  lto-llvm-933f50.o(.bss)
    SENSOR_Update.gyroCount                  0x20001084   Data           6  lto-llvm-933f50.o(.bss)
    SENSOR_Update.temperaturebuffer          0x2000108c   Data          80  lto-llvm-933f50.o(.bss)
    SENSOR_Update.count                      0x200010dc   Data           2  lto-llvm-933f50.o(.bss)
    SENSOR_Update.vlotagebuffer              0x200010e0   Data          80  lto-llvm-933f50.o(.bss)
    q1                                       0x20001130   Data           4  lto-llvm-933f50.o(.bss)
    q2                                       0x20001134   Data           4  lto-llvm-933f50.o(.bss)
    q3                                       0x20001138   Data           4  lto-llvm-933f50.o(.bss)
    sampleFreq                               0x2000113c   Data           4  lto-llvm-933f50.o(.bss)
    attitude                                 0x20001140   Data          12  lto-llvm-933f50.o(.bss)
    rate_out                                 0x2000114c   Data          16  lto-llvm-933f50.o(.bss)
    PID_Upadte.count                         0x2000115c   Data           1  lto-llvm-933f50.o(.bss)
    vel                                      0x20001160   Data          12  lto-llvm-933f50.o(.bss)
    accelEarth                               0x2000116c   Data          12  lto-llvm-933f50.o(.bss)
    pos                                      0x20001178   Data          12  lto-llvm-933f50.o(.bss)
    hadc1                                    0x20001184   Data          72  lto-llvm-933f50.o(.bss)
    hi2c1                                    0x200011cc   Data          84  lto-llvm-933f50.o(.bss)
    htim1                                    0x20001220   Data          72  lto-llvm-933f50.o(.bss)
    htim2                                    0x20001268   Data          72  lto-llvm-933f50.o(.bss)
    htim3                                    0x200012b0   Data          72  lto-llvm-933f50.o(.bss)
    huart2                                   0x200012f8   Data          68  lto-llvm-933f50.o(.bss)
    hdma_usart2_tx                           0x2000133c   Data          96  lto-llvm-933f50.o(.bss)
    uwTick                                   0x2000139c   Data           4  lto-llvm-933f50.o(.bss)
    OS_CPU_ExceptStk                         0x200013a0   Data        1024  lto-llvm-933f50.o(.bss)
    OSTmrCtr                                 0x200017a8   Data           2  lto-llvm-933f50.o(.bss)
    OSIntNesting                             0x200017aa   Data           1  lto-llvm-933f50.o(.bss)
    OSLockNesting                            0x200017ab   Data           1  lto-llvm-933f50.o(.bss)
    OSTCBPrioTbl                             0x200017b4   Data         256  lto-llvm-933f50.o(.bss)
    OSCtxSwCtr                               0x200018c0   Data           4  lto-llvm-933f50.o(.bss)
    OSIdleCtr                                0x200018c4   Data           4  lto-llvm-933f50.o(.bss)
    OSIdleCtrMax                             0x200018c8   Data           4  lto-llvm-933f50.o(.bss)
    OSStatRdy                                0x200018cc   Data           1  lto-llvm-933f50.o(.bss)
    OSTime                                   0x200018d0   Data           4  lto-llvm-933f50.o(.bss)
    OSTCBList                                0x200018d4   Data           4  lto-llvm-933f50.o(.bss)
    OSRdyGrp                                 0x200018d8   Data           1  lto-llvm-933f50.o(.bss)
    OSRdyTbl                                 0x200018d9   Data           8  lto-llvm-933f50.o(.bss)
    OSCPUUsage                               0x200018e1   Data           1  lto-llvm-933f50.o(.bss)
    OSIdleCtrRun                             0x200018e4   Data           4  lto-llvm-933f50.o(.bss)
    OSTCBFreeList                            0x200018e8   Data           4  lto-llvm-933f50.o(.bss)
    OSTaskCtr                                0x200018ec   Data           1  lto-llvm-933f50.o(.bss)
    OSFlagTbl                                0x200018f0   Data          80  lto-llvm-933f50.o(.bss)
    OSEventFreeList                          0x20001940   Data           4  lto-llvm-933f50.o(.bss)
    OSMemTbl                                 0x20001944   Data         120  lto-llvm-933f50.o(.bss)
    OSQTbl                                   0x200019bc   Data          96  lto-llvm-933f50.o(.bss)
    OSTmrTime                                0x20001a1c   Data           4  lto-llvm-933f50.o(.bss)
    OSTmrSemSignal                           0x20001a20   Data           4  lto-llvm-933f50.o(.bss)
    OSTmrTbl                                 0x20001a24   Data         640  lto-llvm-933f50.o(.bss)
    OSTmrWheelTbl                            0x20001ca4   Data          56  lto-llvm-933f50.o(.bss)
    OSTmrSem                                 0x20001cdc   Data           4  lto-llvm-933f50.o(.bss)
    OSEventTbl                               0x20001ce0   Data         240  lto-llvm-933f50.o(.bss)
    OSTaskStatStk                            0x20001dd0   Data         512  lto-llvm-933f50.o(.bss)
    OSTaskIdleStk                            0x20001fd0   Data         512  lto-llvm-933f50.o(.bss)
    OSTCBTbl                                 0x200021d0   Data        2024  lto-llvm-933f50.o(.bss)
    OSTmrTaskStk                             0x200029b8   Data         512  lto-llvm-933f50.o(.bss)
    set.0                                    0x20002bb8   Data           4  lto-llvm-933f50.o(.bss)
    set.1                                    0x20002bbc   Data           4  lto-llvm-933f50.o(.bss)
    set.2                                    0x20002bc0   Data           4  lto-llvm-933f50.o(.bss)
    set.3                                    0x20002bc4   Data           4  lto-llvm-933f50.o(.bss)
    angle_out.0                              0x20002bc8   Data           4  lto-llvm-933f50.o(.bss)
    angle_out.1                              0x20002bcc   Data           4  lto-llvm-933f50.o(.bss)
    P.0.1                                    0x20002bd0   Data           4  lto-llvm-933f50.o(.bss)
    P.1.0                                    0x20002bd4   Data           4  lto-llvm-933f50.o(.bss)
    rMat.0.0                                 0x20002bd8   Data           4  lto-llvm-933f50.o(.bss)
    rMat.0.1                                 0x20002bdc   Data           4  lto-llvm-933f50.o(.bss)
    rMat.0.2                                 0x20002be0   Data           4  lto-llvm-933f50.o(.bss)
    rMat.1.0                                 0x20002be4   Data           4  lto-llvm-933f50.o(.bss)
    rMat.1.1                                 0x20002be8   Data           4  lto-llvm-933f50.o(.bss)
    rMat.1.2                                 0x20002bec   Data           4  lto-llvm-933f50.o(.bss)
    rMat.2.0                                 0x20002bf0   Data           4  lto-llvm-933f50.o(.bss)
    rMat.2.1                                 0x20002bf4   Data           4  lto-llvm-933f50.o(.bss)
    rMat.2.2                                 0x20002bf8   Data           4  lto-llvm-933f50.o(.bss)
    STACK                                    0x20002c00   Section     1024  startup_stm32f401xe.o(STACK)

    Global Symbols

    Symbol Name                              Value     Ov Type        Size  Object(Section)

    BuildAttributes$$THM_ISAv4$E$P$D$K$B$S$7EM$VFPi3$EXTD16$VFPS$VFMA$PE$A:L22UL41UL21$X:L11$S22US41US21$IEEE1$IW$~IW$USESV6$~STKCKD$USESV7$~SHL$OTIME$ROPI$IEEEX$EBA8$MICROLIB$REQ8$PRES8$EABIv2 0x00000000   Number         0  anon$$obj.o ABSOLUTE
    __cpp_initialize__aeabi_                  - Undefined Weak Reference
    __cxa_finalize                            - Undefined Weak Reference
    _clock_init                               - Undefined Weak Reference
    _microlib_exit                            - Undefined Weak Reference
    __Vectors_Size                           0x00000194   Number         0  startup_stm32f401xe.o ABSOLUTE
    __Vectors                                0x08000000   Data           4  startup_stm32f401xe.o(RESET)
    __Vectors_End                            0x08000194   Data           0  startup_stm32f401xe.o(RESET)
    __main                                   0x08000195   Thumb Code     0  entry.o(.ARM.Collect$$$$00000000)
    _main_stk                                0x08000195   Thumb Code     0  entry2.o(.ARM.Collect$$$$00000001)
    _main_scatterload                        0x08000199   Thumb Code     0  entry5.o(.ARM.Collect$$$$00000004)
    __main_after_scatterload                 0x0800019d   Thumb Code     0  entry5.o(.ARM.Collect$$$$00000004)
    _main_clock                              0x0800019d   Thumb Code     0  entry7b.o(.ARM.Collect$$$$00000008)
    _main_cpp_init                           0x0800019d   Thumb Code     0  entry8b.o(.ARM.Collect$$$$0000000A)
    _main_init                               0x0800019d   Thumb Code     0  entry9a.o(.ARM.Collect$$$$0000000B)
    __rt_final_cpp                           0x080001a5   Thumb Code     0  entry10a.o(.ARM.Collect$$$$0000000D)
    __rt_final_exit                          0x080001a5   Thumb Code     0  entry11a.o(.ARM.Collect$$$$0000000F)
    Reset_Handler                            0x080001a9   Thumb Code     8  startup_stm32f401xe.o(.text)
    ADC_IRQHandler                           0x080001c3   Thumb Code     0  startup_stm32f401xe.o(.text)
    DMA1_Stream0_IRQHandler                  0x080001c3   Thumb Code     0  startup_stm32f401xe.o(.text)
    DMA1_Stream1_IRQHandler                  0x080001c3   Thumb Code     0  startup_stm32f401xe.o(.text)
    DMA1_Stream2_IRQHandler                  0x080001c3   Thumb Code     0  startup_stm32f401xe.o(.text)
    DMA1_Stream3_IRQHandler                  0x080001c3   Thumb Code     0  startup_stm32f401xe.o(.text)
    DMA1_Stream4_IRQHandler                  0x080001c3   Thumb Code     0  startup_stm32f401xe.o(.text)
    DMA1_Stream5_IRQHandler                  0x080001c3   Thumb Code     0  startup_stm32f401xe.o(.text)
    DMA1_Stream7_IRQHandler                  0x080001c3   Thumb Code     0  startup_stm32f401xe.o(.text)
    DMA2_Stream0_IRQHandler                  0x080001c3   Thumb Code     0  startup_stm32f401xe.o(.text)
    DMA2_Stream1_IRQHandler                  0x080001c3   Thumb Code     0  startup_stm32f401xe.o(.text)
    DMA2_Stream2_IRQHandler                  0x080001c3   Thumb Code     0  startup_stm32f401xe.o(.text)
    DMA2_Stream3_IRQHandler                  0x080001c3   Thumb Code     0  startup_stm32f401xe.o(.text)
    DMA2_Stream4_IRQHandler                  0x080001c3   Thumb Code     0  startup_stm32f401xe.o(.text)
    DMA2_Stream5_IRQHandler                  0x080001c3   Thumb Code     0  startup_stm32f401xe.o(.text)
    DMA2_Stream6_IRQHandler                  0x080001c3   Thumb Code     0  startup_stm32f401xe.o(.text)
    DMA2_Stream7_IRQHandler                  0x080001c3   Thumb Code     0  startup_stm32f401xe.o(.text)
    EXTI0_IRQHandler                         0x080001c3   Thumb Code     0  startup_stm32f401xe.o(.text)
    EXTI15_10_IRQHandler                     0x080001c3   Thumb Code     0  startup_stm32f401xe.o(.text)
    EXTI1_IRQHandler                         0x080001c3   Thumb Code     0  startup_stm32f401xe.o(.text)
    EXTI2_IRQHandler                         0x080001c3   Thumb Code     0  startup_stm32f401xe.o(.text)
    EXTI3_IRQHandler                         0x080001c3   Thumb Code     0  startup_stm32f401xe.o(.text)
    EXTI4_IRQHandler                         0x080001c3   Thumb Code     0  startup_stm32f401xe.o(.text)
    EXTI9_5_IRQHandler                       0x080001c3   Thumb Code     0  startup_stm32f401xe.o(.text)
    FLASH_IRQHandler                         0x080001c3   Thumb Code     0  startup_stm32f401xe.o(.text)
    FPU_IRQHandler                           0x080001c3   Thumb Code     0  startup_stm32f401xe.o(.text)
    I2C1_ER_IRQHandler                       0x080001c3   Thumb Code     0  startup_stm32f401xe.o(.text)
    I2C1_EV_IRQHandler                       0x080001c3   Thumb Code     0  startup_stm32f401xe.o(.text)
    I2C2_ER_IRQHandler                       0x080001c3   Thumb Code     0  startup_stm32f401xe.o(.text)
    I2C2_EV_IRQHandler                       0x080001c3   Thumb Code     0  startup_stm32f401xe.o(.text)
    I2C3_ER_IRQHandler                       0x080001c3   Thumb Code     0  startup_stm32f401xe.o(.text)
    I2C3_EV_IRQHandler                       0x080001c3   Thumb Code     0  startup_stm32f401xe.o(.text)
    OTG_FS_IRQHandler                        0x080001c3   Thumb Code     0  startup_stm32f401xe.o(.text)
    OTG_FS_WKUP_IRQHandler                   0x080001c3   Thumb Code     0  startup_stm32f401xe.o(.text)
    PVD_IRQHandler                           0x080001c3   Thumb Code     0  startup_stm32f401xe.o(.text)
    RCC_IRQHandler                           0x080001c3   Thumb Code     0  startup_stm32f401xe.o(.text)
    RTC_Alarm_IRQHandler                     0x080001c3   Thumb Code     0  startup_stm32f401xe.o(.text)
    RTC_WKUP_IRQHandler                      0x080001c3   Thumb Code     0  startup_stm32f401xe.o(.text)
    SDIO_IRQHandler                          0x080001c3   Thumb Code     0  startup_stm32f401xe.o(.text)
    SPI1_IRQHandler                          0x080001c3   Thumb Code     0  startup_stm32f401xe.o(.text)
    SPI2_IRQHandler                          0x080001c3   Thumb Code     0  startup_stm32f401xe.o(.text)
    SPI3_IRQHandler                          0x080001c3   Thumb Code     0  startup_stm32f401xe.o(.text)
    SPI4_IRQHandler                          0x080001c3   Thumb Code     0  startup_stm32f401xe.o(.text)
    TAMP_STAMP_IRQHandler                    0x080001c3   Thumb Code     0  startup_stm32f401xe.o(.text)
    TIM1_BRK_TIM9_IRQHandler                 0x080001c3   Thumb Code     0  startup_stm32f401xe.o(.text)
    TIM1_TRG_COM_TIM11_IRQHandler            0x080001c3   Thumb Code     0  startup_stm32f401xe.o(.text)
    TIM3_IRQHandler                          0x080001c3   Thumb Code     0  startup_stm32f401xe.o(.text)
    TIM4_IRQHandler                          0x080001c3   Thumb Code     0  startup_stm32f401xe.o(.text)
    TIM5_IRQHandler                          0x080001c3   Thumb Code     0  startup_stm32f401xe.o(.text)
    USART1_IRQHandler                        0x080001c3   Thumb Code     0  startup_stm32f401xe.o(.text)
    USART6_IRQHandler                        0x080001c3   Thumb Code     0  startup_stm32f401xe.o(.text)
    WWDG_IRQHandler                          0x080001c3   Thumb Code     0  startup_stm32f401xe.o(.text)
    OS_CPU_FP_Reg_Push                       0x080001cd   Thumb Code     0  os_cpu_a.o(.text)
    OS_CPU_FP_Reg_Pop                        0x080001df   Thumb Code     0  os_cpu_a.o(.text)
    OS_CPU_SR_Save                           0x080001eb   Thumb Code     0  os_cpu_a.o(.text)
    OS_CPU_SR_Restore                        0x08000207   Thumb Code     0  os_cpu_a.o(.text)
    OSStartHighRdy                           0x08000219   Thumb Code     0  os_cpu_a.o(.text)
    OSCtxSw                                  0x08000271   Thumb Code     0  os_cpu_a.o(.text)
    OSIntCtxSw                               0x08000271   Thumb Code     0  os_cpu_a.o(.text)
    PendSV_Handler                           0x0800027b   Thumb Code     0  os_cpu_a.o(.text)
    arm_cos_f32                              0x08000301   Thumb Code   108  arm_cos_f32.o(.text)
    arm_sin_f32                              0x08000379   Thumb Code   130  arm_sin_f32.o(.text)
    arm_rms_f32                              0x0800040d   Thumb Code   232  arm_rms_f32.o(.text)
    abs                                      0x080004f9   Thumb Code     8  siabs.o(.text)
    __aeabi_uidiv                            0x08000501   Thumb Code     0  uidiv.o(.text)
    __aeabi_uidivmod                         0x08000501   Thumb Code    44  uidiv.o(.text)
    __aeabi_uldivmod                         0x0800052d   Thumb Code    98  uldiv.o(.text)
    __I$use$fp                               0x0800058f   Thumb Code     0  iusefp.o(.text)
    __aeabi_dadd                             0x0800058f   Thumb Code   322  dadd.o(.text)
    __aeabi_dsub                             0x080006d1   Thumb Code     6  dadd.o(.text)
    __aeabi_drsub                            0x080006d7   Thumb Code     6  dadd.o(.text)
    __aeabi_dmul                             0x080006dd   Thumb Code   228  dmul.o(.text)
    __aeabi_ddiv                             0x080007c1   Thumb Code   222  ddiv.o(.text)
    __aeabi_d2ulz                            0x0800089f   Thumb Code    48  dfixul.o(.text)
    __aeabi_cdrcmple                         0x080008d1   Thumb Code    48  cdrcmple.o(.text)
    __fp_status                              0x08000901   Thumb Code     4  fpstat.o(.text)
    __ieee_status                            0x08000901   Thumb Code     0  fpstat.o(.text)
    __scatterload                            0x08000905   Thumb Code    28  init.o(.text)
    __scatterload_rt2                        0x08000905   Thumb Code     0  init.o(.text)
    __aeabi_llsl                             0x08000929   Thumb Code    30  llshl.o(.text)
    _ll_shift_l                              0x08000929   Thumb Code     0  llshl.o(.text)
    __aeabi_llsr                             0x08000947   Thumb Code    32  llushr.o(.text)
    _ll_ushift_r                             0x08000947   Thumb Code     0  llushr.o(.text)
    __aeabi_lasr                             0x08000967   Thumb Code    36  llsshr.o(.text)
    _ll_sshift_r                             0x08000967   Thumb Code     0  llsshr.o(.text)
    _double_round                            0x0800098b   Thumb Code    30  depilogue.o(.text)
    _double_epilogue                         0x080009a9   Thumb Code   156  depilogue.o(.text)
    __aeabi_ldivmod                          0x08000a45   Thumb Code    98  ldiv.o(.text)
    __aeabi_memcpy                           0x08000aa7   Thumb Code    36  memcpya.o(.text)
    __aeabi_memcpy4                          0x08000aa7   Thumb Code     0  memcpya.o(.text)
    __aeabi_memcpy8                          0x08000aa7   Thumb Code     0  memcpya.o(.text)
    __aeabi_memset                           0x08000acb   Thumb Code    14  memseta.o(.text)
    __aeabi_memset4                          0x08000acb   Thumb Code     0  memseta.o(.text)
    __aeabi_memset8                          0x08000acb   Thumb Code     0  memseta.o(.text)
    __aeabi_memclr                           0x08000ad9   Thumb Code     4  memseta.o(.text)
    __aeabi_memclr4                          0x08000ad9   Thumb Code     0  memseta.o(.text)
    __aeabi_memclr8                          0x08000ad9   Thumb Code     0  memseta.o(.text)
    _memset$wrapper                          0x08000add   Thumb Code    18  memseta.o(.text)
    __aeabi_i2d                              0x08000aef   Thumb Code    34  dflti.o(.text)
    __aeabi_d2iz                             0x08000b11   Thumb Code    62  dfixi.o(.text)
    __aeabi_f2d                              0x08000b4f   Thumb Code    38  f2d.o(.text)
    __aeabi_d2f                              0x08000b75   Thumb Code    56  d2f.o(.text)
    _float_round                             0x08000bad   Thumb Code    18  fepilogue.o(.text)
    _float_epilogue                          0x08000bbf   Thumb Code    92  fepilogue.o(.text)
    __decompress                             0x08000c1b   Thumb Code     0  __dczerorl.o(.text)
    __decompress0                            0x08000c1b   Thumb Code    58  __dczerorl.o(.text)
    BusFault_Handler                         0x080026e1   Thumb Code     4  lto-llvm-933f50.o(.text.BusFault_Handler)
    DMA1_Stream6_IRQHandler                  0x080026e5   Thumb Code    50  lto-llvm-933f50.o(.text.DMA1_Stream6_IRQHandler)
    DebugMon_Handler                         0x080028a5   Thumb Code     2  lto-llvm-933f50.o(.text.DebugMon_Handler)
    HardFault_Handler                        0x080099d1   Thumb Code     4  lto-llvm-933f50.o(.text.HardFault_Handler)
    MemManage_Handler                        0x0800cfb5   Thumb Code     4  lto-llvm-933f50.o(.text.MemManage_Handler)
    NMI_Handler                              0x0800cfb9   Thumb Code     4  lto-llvm-933f50.o(.text.NMI_Handler)
    OSTaskSwHook                             0x0800e445   Thumb Code    40  lto-llvm-933f50.o(.text.OSTaskSwHook)
    SVC_Handler                              0x080104a1   Thumb Code     2  lto-llvm-933f50.o(.text.SVC_Handler)
    SysTick_Handler                          0x08010549   Thumb Code    42  lto-llvm-933f50.o(.text.SysTick_Handler)
    SystemInit                               0x08010629   Thumb Code    18  lto-llvm-933f50.o(.text.SystemInit)
    TIM1_CC_IRQHandler                       0x0801063d   Thumb Code   216  lto-llvm-933f50.o(.text.TIM1_CC_IRQHandler)
    TIM1_UP_TIM10_IRQHandler                 0x08010715   Thumb Code   132  lto-llvm-933f50.o(.text.TIM1_UP_TIM10_IRQHandler)
    TIM2_IRQHandler                          0x08010799   Thumb Code   396  lto-llvm-933f50.o(.text.TIM2_IRQHandler)
    USART2_IRQHandler                        0x08011d0d   Thumb Code   150  lto-llvm-933f50.o(.text.USART2_IRQHandler)
    UsageFault_Handler                       0x08011da5   Thumb Code     4  lto-llvm-933f50.o(.text.UsageFault_Handler)
    fputc                                    0x080122f1   Thumb Code    24  lto-llvm-933f50.o(.text.fputc)
    main                                     0x08012309   Thumb Code    22  lto-llvm-933f50.o(.text.main)
    __0printf                                0x08012401   Thumb Code    22  printfa.o(i.__0printf)
    __1printf                                0x08012401   Thumb Code     0  printfa.o(i.__0printf)
    __2printf                                0x08012401   Thumb Code     0  printfa.o(i.__0printf)
    __c89printf                              0x08012401   Thumb Code     0  printfa.o(i.__0printf)
    printf                                   0x08012401   Thumb Code     0  printfa.o(i.__0printf)
    __ARM_fpclassifyf                        0x08012421   Thumb Code    38  fpclassifyf.o(i.__ARM_fpclassifyf)
    __hardfp_asinf                           0x08012449   Thumb Code   258  asinf.o(i.__hardfp_asinf)
    __hardfp_atan2f                          0x08012575   Thumb Code   594  atan2f.o(i.__hardfp_atan2f)
    __hardfp_powf                            0x08012821   Thumb Code  1606  powf.o(i.__hardfp_powf)
    __mathlib_powf                           0x08012821   Thumb Code     0  powf.o(i.__hardfp_powf)
    __hardfp_sqrtf                           0x08012e85   Thumb Code    58  sqrtf.o(i.__hardfp_sqrtf)
    __mathlib_flt_divzero                    0x08012ec1   Thumb Code    14  funder.o(i.__mathlib_flt_divzero)
    __mathlib_flt_infnan                     0x08012ed5   Thumb Code     6  funder.o(i.__mathlib_flt_infnan)
    __mathlib_flt_infnan2                    0x08012edb   Thumb Code     6  funder.o(i.__mathlib_flt_infnan2)
    __mathlib_flt_invalid                    0x08012ee1   Thumb Code    10  funder.o(i.__mathlib_flt_invalid)
    __mathlib_flt_overflow                   0x08012ef1   Thumb Code    10  funder.o(i.__mathlib_flt_overflow)
    __mathlib_flt_underflow                  0x08012f01   Thumb Code    10  funder.o(i.__mathlib_flt_underflow)
    __scatterload_copy                       0x08012f11   Thumb Code    14  handlers.o(i.__scatterload_copy)
    __scatterload_null                       0x08012f1f   Thumb Code     2  handlers.o(i.__scatterload_null)
    __scatterload_zeroinit                   0x08012f21   Thumb Code    14  handlers.o(i.__scatterload_zeroinit)
    __set_errno                              0x08012f31   Thumb Code     6  errno.o(i.__set_errno)
    sqrtf                                    0x080137ef   Thumb Code    62  sqrtf.o(i.sqrtf)
    sinTable_f32                             0x0801382c   Data        2052  arm_common_tables.o(.constdata)
    Region$$Table$$Base                      0x0801473c   Number         0  anon$$obj.o(Region$$Table)
    Region$$Table$$Limit                     0x0801475c   Number         0  anon$$obj.o(Region$$Table)
    __stdout                                 0x20000000   Data           4  stdout.o(.data)
    OS_CPU_ExceptStkBase                     0x200017a0   Data           4  lto-llvm-933f50.o(.bss)
    OS_KA_BASEPRI_Boundary                   0x200017a4   Data           4  lto-llvm-933f50.o(.bss)
    OSTCBCur                                 0x200017ac   Data           4  lto-llvm-933f50.o(.bss)
    OSRunning                                0x200017b0   Data           1  lto-llvm-933f50.o(.bss)
    OSPrioHighRdy                            0x200018b4   Data           1  lto-llvm-933f50.o(.bss)
    OSTCBHighRdy                             0x200018b8   Data           4  lto-llvm-933f50.o(.bss)
    OSPrioCur                                0x200018bc   Data           1  lto-llvm-933f50.o(.bss)
    __initial_sp                             0x20003000   Data           0  startup_stm32f401xe.o(STACK)



==============================================================================

Memory Map of the image

  Image Entry point : 0x08000195

  Load Region LR_IROM1 (Base: 0x08000000, Size: 0x00014970, Max: 0x00080000, ABSOLUTE, COMPRESSED[0x000147b0])

    Execution Region ER_IROM1 (Exec base: 0x08000000, Load base: 0x08000000, Size: 0x0001475c, Max: 0x00080000, ABSOLUTE)

    Exec Addr    Load Addr    Size         Type   Attr      Idx    E Section Name        Object

    0x08000000   0x08000000   0x00000194   Data   RO           21    RESET               startup_stm32f401xe.o
    0x08000194   0x08000194   0x00000000   Code   RO          260  * .ARM.Collect$$$$00000000  mc_w.l(entry.o)
    0x08000194   0x08000194   0x00000004   Code   RO          311    .ARM.Collect$$$$00000001  mc_w.l(entry2.o)
    0x08000198   0x08000198   0x00000004   Code   RO          314    .ARM.Collect$$$$00000004  mc_w.l(entry5.o)
    0x0800019c   0x0800019c   0x00000000   Code   RO          316    .ARM.Collect$$$$00000008  mc_w.l(entry7b.o)
    0x0800019c   0x0800019c   0x00000000   Code   RO          318    .ARM.Collect$$$$0000000A  mc_w.l(entry8b.o)
    0x0800019c   0x0800019c   0x00000008   Code   RO          319    .ARM.Collect$$$$0000000B  mc_w.l(entry9a.o)
    0x080001a4   0x080001a4   0x00000000   Code   RO          321    .ARM.Collect$$$$0000000D  mc_w.l(entry10a.o)
    0x080001a4   0x080001a4   0x00000000   Code   RO          323    .ARM.Collect$$$$0000000F  mc_w.l(entry11a.o)
    0x080001a4   0x080001a4   0x00000004   Code   RO          312    .ARM.Collect$$$$00002712  mc_w.l(entry2.o)
    0x080001a8   0x080001a8   0x00000024   Code   RO           22    .text               startup_stm32f401xe.o
    0x080001cc   0x080001cc   0x00000134   Code   RO           45    .text               os_cpu_a.o
    0x08000300   0x08000300   0x00000078   Code   RO           54    .text               arm_cortexM4lf_math.lib(arm_cos_f32.o)
    0x08000378   0x08000378   0x00000094   Code   RO          105    .text               arm_cortexM4lf_math.lib(arm_sin_f32.o)
    0x0800040c   0x0800040c   0x000000ec   Code   RO          129    .text               arm_cortexM4lf_math.lib(arm_rms_f32.o)
    0x080004f8   0x080004f8   0x00000008   Code   RO          263    .text               mc_w.l(siabs.o)
    0x08000500   0x08000500   0x0000002c   Code   RO          335    .text               mc_w.l(uidiv.o)
    0x0800052c   0x0800052c   0x00000062   Code   RO          337    .text               mc_w.l(uldiv.o)
    0x0800058e   0x0800058e   0x00000000   Code   RO          346    .text               mc_w.l(iusefp.o)
    0x0800058e   0x0800058e   0x0000014e   Code   RO          347    .text               mf_w.l(dadd.o)
    0x080006dc   0x080006dc   0x000000e4   Code   RO          349    .text               mf_w.l(dmul.o)
    0x080007c0   0x080007c0   0x000000de   Code   RO          351    .text               mf_w.l(ddiv.o)
    0x0800089e   0x0800089e   0x00000030   Code   RO          353    .text               mf_w.l(dfixul.o)
    0x080008ce   0x080008ce   0x00000002   PAD
    0x080008d0   0x080008d0   0x00000030   Code   RO          355    .text               mf_w.l(cdrcmple.o)
    0x08000900   0x08000900   0x00000004   Code   RO          357    .text               mf_w.l(fpstat.o)
    0x08000904   0x08000904   0x00000024   Code   RO          359    .text               mc_w.l(init.o)
    0x08000928   0x08000928   0x0000001e   Code   RO          361    .text               mc_w.l(llshl.o)
    0x08000946   0x08000946   0x00000020   Code   RO          363    .text               mc_w.l(llushr.o)
    0x08000966   0x08000966   0x00000024   Code   RO          365    .text               mc_w.l(llsshr.o)
    0x0800098a   0x0800098a   0x000000ba   Code   RO          367    .text               mf_w.l(depilogue.o)
    0x08000a44   0x08000a44   0x00000062   Code   RO          946    .text               mc_w.l(ldiv.o)
    0x08000aa6   0x08000aa6   0x00000024   Code   RO          948    .text               mc_w.l(memcpya.o)
    0x08000aca   0x08000aca   0x00000024   Code   RO          950    .text               mc_w.l(memseta.o)
    0x08000aee   0x08000aee   0x00000022   Code   RO          954    .text               mf_w.l(dflti.o)
    0x08000b10   0x08000b10   0x0000003e   Code   RO          956    .text               mf_w.l(dfixi.o)
    0x08000b4e   0x08000b4e   0x00000026   Code   RO          958    .text               mf_w.l(f2d.o)
    0x08000b74   0x08000b74   0x00000038   Code   RO          960    .text               mf_w.l(d2f.o)
    0x08000bac   0x08000bac   0x0000006e   Code   RO          962    .text               mf_w.l(fepilogue.o)
    0x08000c1a   0x08000c1a   0x0000003a   Code   RO          972    .text               mc_w.l(__dczerorl.o)
    0x08000c54   0x08000c54   0x000001b2   Code   RO          590    .text.ADC_Init      lto-llvm-933f50.o
    0x08000e06   0x08000e06   0x00000002   PAD
    0x08000e08   0x08000e08   0x00000068   Code   RO          496    .text.AHRS_Update   lto-llvm-933f50.o
    0x08000e70   0x08000e70   0x000000b2   Code   RO          378    .text.ANO_Init      lto-llvm-933f50.o
    0x08000f22   0x08000f22   0x00000002   PAD
    0x08000f24   0x08000f24   0x000000ec   Code   RO          402    .text.ANO_Receive_Analyze  lto-llvm-933f50.o
    0x08001010   0x08001010   0x000001ae   Code   RO          410    .text.ANO_Receive_Prepare  lto-llvm-933f50.o
    0x080011be   0x080011be   0x00000002   PAD
    0x080011c0   0x080011c0   0x000000e0   Code   RO          392    .text.ANO_Send_Battery  lto-llvm-933f50.o
    0x080012a0   0x080012a0   0x00000102   Code   RO          396    .text.ANO_Send_Control  lto-llvm-933f50.o
    0x080013a2   0x080013a2   0x00000002   PAD
    0x080013a4   0x080013a4   0x0000012c   Code   RO          386    .text.ANO_Send_Euler  lto-llvm-933f50.o
    0x080014d0   0x080014d0   0x0000008a   Code   RO          388    .text.ANO_Send_Mode  lto-llvm-933f50.o
    0x0800155a   0x0800155a   0x00000002   PAD
    0x0800155c   0x0800155c   0x00000102   Code   RO          394    .text.ANO_Send_PWM  lto-llvm-933f50.o
    0x0800165e   0x0800165e   0x00000002   PAD
    0x08001660   0x08001660   0x0000010c   Code   RO          406    .text.ANO_Send_Param  lto-llvm-933f50.o
    0x0800176c   0x0800176c   0x000001fa   Code   RO          398    .text.ANO_Send_Remote  lto-llvm-933f50.o
    0x08001966   0x08001966   0x00000002   PAD
    0x08001968   0x08001968   0x00000166   Code   RO          380    .text.ANO_Send_Sensor  lto-llvm-933f50.o
    0x08001ace   0x08001ace   0x00000002   PAD
    0x08001ad0   0x08001ad0   0x00000188   Code   RO          384    .text.ANO_Send_Sensor2  lto-llvm-933f50.o
    0x08001c58   0x08001c58   0x000000d8   Code   RO          400    .text.ANO_Send_String  lto-llvm-933f50.o
    0x08001d30   0x08001d30   0x0000011c   Code   RO          390    .text.ANO_Send_Target  lto-llvm-933f50.o
    0x08001e4c   0x08001e4c   0x00000098   Code   RO          408    .text.ANO_Send_Verification  lto-llvm-933f50.o
    0x08001ee4   0x08001ee4   0x00000488   Code   RO          374    .text.ANO_Task      lto-llvm-933f50.o
    0x0800236c   0x0800236c   0x000000c0   Code   RO          524    .text.AccelEarth_Cal  lto-llvm-933f50.o
    0x0800242c   0x0800242c   0x00000008   Code   RO          802    .text.App_TCBInitHook  lto-llvm-933f50.o
    0x08002434   0x08002434   0x00000008   Code   RO          790    .text.App_TaskCreateHook  lto-llvm-933f50.o
    0x0800243c   0x0800243c   0x00000008   Code   RO          792    .text.App_TaskDelHook  lto-llvm-933f50.o
    0x08002444   0x08002444   0x00000008   Code   RO          798    .text.App_TaskReturnHook  lto-llvm-933f50.o
    0x0800244c   0x0800244c   0x00000008   Code   RO          804    .text.App_TimeTickHook  lto-llvm-933f50.o
    0x08002454   0x08002454   0x0000028a   Code   RO          526    .text.BodyToEarth_Transform  lto-llvm-933f50.o
    0x080026de   0x080026de   0x00000002   PAD
    0x080026e0   0x080026e0   0x00000004   Code   RO          564    .text.BusFault_Handler  lto-llvm-933f50.o
    0x080026e4   0x080026e4   0x00000032   Code   RO          572    .text.DMA1_Stream6_IRQHandler  lto-llvm-933f50.o
    0x08002716   0x08002716   0x00000002   PAD
    0x08002718   0x08002718   0x00000056   Code   RO          602    .text.DMA_CalcBaseAndBitshift  lto-llvm-933f50.o
    0x0800276e   0x0800276e   0x00000002   PAD
    0x08002770   0x08002770   0x000000e4   Code   RO          600    .text.DMA_CheckFifoParam  lto-llvm-933f50.o
    0x08002854   0x08002854   0x00000050   Code   RO          604    .text.DMA_SetConfig  lto-llvm-933f50.o
    0x080028a4   0x080028a4   0x00000002   Code   RO          570    .text.DebugMon_Handler  lto-llvm-933f50.o
    0x080028a6   0x080028a6   0x00000002   PAD
    0x080028a8   0x080028a8   0x0000000e   Code   RO          490    .text.Error_Handler  lto-llvm-933f50.o
    0x080028b6   0x080028b6   0x00000002   PAD
    0x080028b8   0x080028b8   0x00000078   Code   RO          426    .text.FILTER_Init   lto-llvm-933f50.o
    0x08002930   0x08002930   0x0000004c   Code   RO          376    .text.FLIGHT_Task   lto-llvm-933f50.o
    0x0800297c   0x0800297c   0x000002cc   Code   RO          596    .text.HAL_ADC_ConfigChannel  lto-llvm-933f50.o
    0x08002c48   0x08002c48   0x00000016   Code   RO          594    .text.HAL_ADC_GetValue  lto-llvm-933f50.o
    0x08002c5e   0x08002c5e   0x00000002   PAD
    0x08002c60   0x08002c60   0x00000396   Code   RO          588    .text.HAL_ADC_Init  lto-llvm-933f50.o
    0x08002ff6   0x08002ff6   0x00000002   PAD
    0x08002ff8   0x08002ff8   0x00000086   Code   RO          530    .text.HAL_ADC_MspInit  lto-llvm-933f50.o
    0x0800307e   0x0800307e   0x00000002   PAD
    0x08003080   0x08003080   0x000001de   Code   RO          592    .text.HAL_ADC_Start  lto-llvm-933f50.o
    0x0800325e   0x0800325e   0x00000002   PAD
    0x08003260   0x08003260   0x000000ea   Code   RO          608    .text.HAL_DMA_Abort  lto-llvm-933f50.o
    0x0800334a   0x0800334a   0x00000002   PAD
    0x0800334c   0x0800334c   0x00000044   Code   RO          610    .text.HAL_DMA_Abort_IT  lto-llvm-933f50.o
    0x08003390   0x08003390   0x0000032c   Code   RO          612    .text.HAL_DMA_IRQHandler  lto-llvm-933f50.o
    0x080036bc   0x080036bc   0x0000053e   Code   RO          598    .text.HAL_DMA_Init  lto-llvm-933f50.o
    0x08003bfa   0x08003bfa   0x00000002   PAD
    0x08003bfc   0x08003bfc   0x000000e2   Code   RO          606    .text.HAL_DMA_Start_IT  lto-llvm-933f50.o
    0x08003cde   0x08003cde   0x00000002   PAD
    0x08003ce0   0x08003ce0   0x00000038   Code   RO          586    .text.HAL_Delay     lto-llvm-933f50.o
    0x08003d18   0x08003d18   0x00000248   Code   RO          616    .text.HAL_GPIO_DeInit  lto-llvm-933f50.o
    0x08003f60   0x08003f60   0x00000614   Code   RO          614    .text.HAL_GPIO_Init  lto-llvm-933f50.o
    0x08004574   0x08004574   0x00000080   Code   RO          618    .text.HAL_GPIO_WritePin  lto-llvm-933f50.o
    0x080045f4   0x080045f4   0x0000000c   Code   RO          584    .text.HAL_GetTick   lto-llvm-933f50.o
    0x08004600   0x08004600   0x000003f8   Code   RO          620    .text.HAL_I2C_Init  lto-llvm-933f50.o
    0x080049f8   0x080049f8   0x00000416   Code   RO          636    .text.HAL_I2C_Master_Receive  lto-llvm-933f50.o
    0x08004e0e   0x08004e0e   0x00000002   PAD
    0x08004e10   0x08004e10   0x00000210   Code   RO          622    .text.HAL_I2C_Master_Transmit  lto-llvm-933f50.o
    0x08005020   0x08005020   0x00000452   Code   RO          646    .text.HAL_I2C_Mem_Read  lto-llvm-933f50.o
    0x08005472   0x08005472   0x00000002   PAD
    0x08005474   0x08005474   0x0000023a   Code   RO          642    .text.HAL_I2C_Mem_Write  lto-llvm-933f50.o
    0x080056ae   0x080056ae   0x00000002   PAD
    0x080056b0   0x080056b0   0x00000046   Code   RO          540    .text.HAL_I2C_MspDeInit  lto-llvm-933f50.o
    0x080056f6   0x080056f6   0x00000002   PAD
    0x080056f8   0x080056f8   0x0000011a   Code   RO          538    .text.HAL_I2C_MspInit  lto-llvm-933f50.o
    0x08005812   0x08005812   0x00000002   PAD
    0x08005814   0x08005814   0x00000010   Code   RO          582    .text.HAL_IncTick   lto-llvm-933f50.o
    0x08005824   0x08005824   0x00000032   Code   RO          578    .text.HAL_Init      lto-llvm-933f50.o
    0x08005856   0x08005856   0x00000002   PAD
    0x08005858   0x08005858   0x00000062   Code   RO          580    .text.HAL_InitTick  lto-llvm-933f50.o
    0x080058ba   0x080058ba   0x00000002   PAD
    0x080058bc   0x080058bc   0x00000050   Code   RO          574    .text.HAL_MspInit   lto-llvm-933f50.o
    0x0800590c   0x0800590c   0x00000030   Code   RO          782    .text.HAL_NVIC_EnableIRQ  lto-llvm-933f50.o
    0x0800593c   0x0800593c   0x00000064   Code   RO          774    .text.HAL_NVIC_SetPriority  lto-llvm-933f50.o
    0x080059a0   0x080059a0   0x0000004c   Code   RO          770    .text.HAL_NVIC_SetPriorityGrouping  lto-llvm-933f50.o
    0x080059ec   0x080059ec   0x0000041c   Code   RO          652    .text.HAL_RCC_ClockConfig  lto-llvm-933f50.o
    0x08005e08   0x08005e08   0x0000000c   Code   RO          656    .text.HAL_RCC_GetHCLKFreq  lto-llvm-933f50.o
    0x08005e14   0x08005e14   0x00000022   Code   RO          658    .text.HAL_RCC_GetPCLK1Freq  lto-llvm-933f50.o
    0x08005e36   0x08005e36   0x00000002   PAD
    0x08005e38   0x08005e38   0x00000022   Code   RO          660    .text.HAL_RCC_GetPCLK2Freq  lto-llvm-933f50.o
    0x08005e5a   0x08005e5a   0x00000002   PAD
    0x08005e5c   0x08005e5c   0x000000de   Code   RO          654    .text.HAL_RCC_GetSysClockFreq  lto-llvm-933f50.o
    0x08005f3a   0x08005f3a   0x00000002   PAD
    0x08005f3c   0x08005f3c   0x000008ae   Code   RO          650    .text.HAL_RCC_OscConfig  lto-llvm-933f50.o
    0x080067ea   0x080067ea   0x00000002   PAD
    0x080067ec   0x080067ec   0x00000010   Code   RO          786    .text.HAL_SYSTICK_Config  lto-llvm-933f50.o
    0x080067fc   0x080067fc   0x00000008   Code   RO          728    .text.HAL_TIMEx_BreakCallback  lto-llvm-933f50.o
    0x08006804   0x08006804   0x00000008   Code   RO          724    .text.HAL_TIMEx_CommutCallback  lto-llvm-933f50.o
    0x0800680c   0x0800680c   0x000001ee   Code   RO          726    .text.HAL_TIMEx_MasterConfigSynchronization  lto-llvm-933f50.o
    0x080069fa   0x080069fa   0x00000002   PAD
    0x080069fc   0x080069fc   0x000001d6   Code   RO          662    .text.HAL_TIM_Base_Init  lto-llvm-933f50.o
    0x08006bd2   0x08006bd2   0x00000002   PAD
    0x08006bd4   0x08006bd4   0x000001a2   Code   RO          552    .text.HAL_TIM_Base_MspInit  lto-llvm-933f50.o
    0x08006d76   0x08006d76   0x00000002   PAD
    0x08006d78   0x08006d78   0x000007be   Code   RO          714    .text.HAL_TIM_ConfigClockSource  lto-llvm-933f50.o
    0x08007536   0x08007536   0x00000002   PAD
    0x08007538   0x08007538   0x00000008   Code   RO          684    .text.HAL_TIM_IC_CaptureCallback  lto-llvm-933f50.o
    0x08007540   0x08007540   0x000003ca   Code   RO          700    .text.HAL_TIM_IC_ConfigChannel  lto-llvm-933f50.o
    0x0800790a   0x0800790a   0x00000002   PAD
    0x0800790c   0x0800790c   0x000001d6   Code   RO          678    .text.HAL_TIM_IC_Init  lto-llvm-933f50.o
    0x08007ae2   0x08007ae2   0x00000002   PAD
    0x08007ae4   0x08007ae4   0x00000008   Code   RO          680    .text.HAL_TIM_IC_MspInit  lto-llvm-933f50.o
    0x08007aec   0x08007aec   0x00000398   Code   RO          682    .text.HAL_TIM_IC_Start_IT  lto-llvm-933f50.o
    0x08007e84   0x08007e84   0x0000027a   Code   RO          686    .text.HAL_TIM_IRQHandler  lto-llvm-933f50.o
    0x080080fe   0x080080fe   0x00000002   PAD
    0x08008100   0x08008100   0x000000ae   Code   RO          550    .text.HAL_TIM_MspPostInit  lto-llvm-933f50.o
    0x080081ae   0x080081ae   0x00000002   PAD
    0x080081b0   0x080081b0   0x00000008   Code   RO          688    .text.HAL_TIM_OC_DelayElapsedCallback  lto-llvm-933f50.o
    0x080081b8   0x080081b8   0x000003e0   Code   RO          710    .text.HAL_TIM_PWM_ConfigChannel  lto-llvm-933f50.o
    0x08008598   0x08008598   0x000001de   Code   RO          672    .text.HAL_TIM_PWM_Init  lto-llvm-933f50.o
    0x08008776   0x08008776   0x00000002   PAD
    0x08008778   0x08008778   0x00000008   Code   RO          674    .text.HAL_TIM_PWM_MspInit  lto-llvm-933f50.o
    0x08008780   0x08008780   0x00000008   Code   RO          670    .text.HAL_TIM_PWM_PulseFinishedCallback  lto-llvm-933f50.o
    0x08008788   0x08008788   0x000002c0   Code   RO          676    .text.HAL_TIM_PWM_Start  lto-llvm-933f50.o
    0x08008a48   0x08008a48   0x00000008   Code   RO          666    .text.HAL_TIM_PeriodElapsedCallback  lto-llvm-933f50.o
    0x08008a50   0x08008a50   0x00000242   Code   RO          722    .text.HAL_TIM_ReadCapturedValue  lto-llvm-933f50.o
    0x08008c92   0x08008c92   0x00000002   PAD
    0x08008c94   0x08008c94   0x00000008   Code   RO          690    .text.HAL_TIM_TriggerCallback  lto-llvm-933f50.o
    0x08008c9c   0x08008c9c   0x0000000c   Code   RO          756    .text.HAL_UARTEx_RxEventCallback  lto-llvm-933f50.o
    0x08008ca8   0x08008ca8   0x00000008   Code   RO          750    .text.HAL_UART_ErrorCallback  lto-llvm-933f50.o
    0x08008cb0   0x08008cb0   0x00000426   Code   RO          760    .text.HAL_UART_IRQHandler  lto-llvm-933f50.o
    0x080090d6   0x080090d6   0x00000002   PAD
    0x080090d8   0x080090d8   0x000001c8   Code   RO          730    .text.HAL_UART_Init  lto-llvm-933f50.o
    0x080092a0   0x080092a0   0x000000ee   Code   RO          556    .text.HAL_UART_MspInit  lto-llvm-933f50.o
    0x0800938e   0x0800938e   0x00000002   PAD
    0x08009390   0x08009390   0x00000008   Code   RO          758    .text.HAL_UART_RxCpltCallback  lto-llvm-933f50.o
    0x08009398   0x08009398   0x00000146   Code   RO          734    .text.HAL_UART_Transmit  lto-llvm-933f50.o
    0x080094de   0x080094de   0x00000002   PAD
    0x080094e0   0x080094e0   0x0000011c   Code   RO          738    .text.HAL_UART_Transmit_DMA  lto-llvm-933f50.o
    0x080095fc   0x080095fc   0x00000008   Code   RO          754    .text.HAL_UART_TxCpltCallback  lto-llvm-933f50.o
    0x08009604   0x08009604   0x00000008   Code   RO          752    .text.HAL_UART_TxHalfCpltCallback  lto-llvm-933f50.o
    0x0800960c   0x0800960c   0x00000004   PAD
    0x08009610   0x08009610   0x0000037c   Code   RO          476    .text.HMC_Calibration  lto-llvm-933f50.o
    0x0800998c   0x0800998c   0x00000042   Code   RO          450    .text.HMC_ReadMagRaw  lto-llvm-933f50.o
    0x080099ce   0x080099ce   0x00000002   PAD
    0x080099d0   0x080099d0   0x00000004   Code   RO          560    .text.HardFault_Handler  lto-llvm-933f50.o
    0x080099d4   0x080099d4   0x00000064   Code   RO          632    .text.I2C_IsAcknowledgeFailed  lto-llvm-933f50.o
    0x08009a38   0x08009a38   0x000001a6   Code   RO          638    .text.I2C_MasterRequestRead  lto-llvm-933f50.o
    0x08009bde   0x08009bde   0x00000002   PAD
    0x08009be0   0x08009be0   0x00000110   Code   RO          626    .text.I2C_MasterRequestWrite  lto-llvm-933f50.o
    0x08009cf0   0x08009cf0   0x000001de   Code   RO          648    .text.I2C_RequestMemoryRead  lto-llvm-933f50.o
    0x08009ece   0x08009ece   0x00000002   PAD
    0x08009ed0   0x08009ed0   0x00000138   Code   RO          644    .text.I2C_RequestMemoryWrite  lto-llvm-933f50.o
    0x0800a008   0x0800a008   0x0000001a   Code   RO          542    .text.I2C_Reset     lto-llvm-933f50.o
    0x0800a022   0x0800a022   0x00000002   PAD
    0x0800a024   0x0800a024   0x00000096   Code   RO          630    .text.I2C_WaitOnBTFFlagUntilTimeout  lto-llvm-933f50.o
    0x0800a0ba   0x0800a0ba   0x00000002   PAD
    0x0800a0bc   0x0800a0bc   0x000000b8   Code   RO          624    .text.I2C_WaitOnFlagUntilTimeout  lto-llvm-933f50.o
    0x0800a174   0x0800a174   0x0000010a   Code   RO          634    .text.I2C_WaitOnMasterAddressFlagUntilTimeout  lto-llvm-933f50.o
    0x0800a27e   0x0800a27e   0x00000002   PAD
    0x0800a280   0x0800a280   0x000000c6   Code   RO          640    .text.I2C_WaitOnRXNEFlagUntilTimeout  lto-llvm-933f50.o
    0x0800a346   0x0800a346   0x00000002   PAD
    0x0800a348   0x0800a348   0x00000094   Code   RO          628    .text.I2C_WaitOnTXEFlagUntilTimeout  lto-llvm-933f50.o
    0x0800a3dc   0x0800a3dc   0x000000fc   Code   RO          432    .text.MOTOR_Control  lto-llvm-933f50.o
    0x0800a4d8   0x0800a4d8   0x0000001c   Code   RO          428    .text.MOTOR_Init    lto-llvm-933f50.o
    0x0800a4f4   0x0800a4f4   0x00000018   Code   RO          434    .text.MOTOR_Locked  lto-llvm-933f50.o
    0x0800a50c   0x0800a50c   0x000000f6   Code   RO          430    .text.MOTOR_Set     lto-llvm-933f50.o
    0x0800a602   0x0800a602   0x00000002   PAD
    0x0800a604   0x0800a604   0x000003ba   Code   RO          474    .text.MPU_Calibrate  lto-llvm-933f50.o
    0x0800a9be   0x0800a9be   0x00000002   PAD
    0x0800a9c0   0x0800a9c0   0x0000005e   Code   RO          466    .text.MPU_Connect   lto-llvm-933f50.o
    0x0800aa1e   0x0800aa1e   0x00000002   PAD
    0x0800aa20   0x0800aa20   0x000001a0   Code   RO          478    .text.MPU_Init      lto-llvm-933f50.o
    0x0800abc0   0x0800abc0   0x0000008e   Code   RO          448    .text.MPU_ReadAllRaw  lto-llvm-933f50.o
    0x0800ac4e   0x0800ac4e   0x00000002   PAD
    0x0800ac50   0x0800ac50   0x0000050c   Code   RO          468    .text.MPU_SelfTest  lto-llvm-933f50.o
    0x0800b15c   0x0800b15c   0x000000c4   Code   RO          462    .text.MS_CalculateAltitude  lto-llvm-933f50.o
    0x0800b220   0x0800b220   0x00000240   Code   RO          464    .text.MS_CalculatePressure  lto-llvm-933f50.o
    0x0800b460   0x0800b460   0x00000110   Code   RO          472    .text.MS_CheckCRC   lto-llvm-933f50.o
    0x0800b570   0x0800b570   0x00000018   Code   RO          480    .text.MS_Init       lto-llvm-933f50.o
    0x0800b588   0x0800b588   0x00000028   Code   RO          460    .text.MS_ReadADC    lto-llvm-933f50.o
    0x0800b5b0   0x0800b5b0   0x00000062   Code   RO          452    .text.MS_ReadPROM   lto-llvm-933f50.o
    0x0800b612   0x0800b612   0x00000002   PAD
    0x0800b614   0x0800b614   0x00000016   Code   RO          458    .text.MS_WriteCMD   lto-llvm-933f50.o
    0x0800b62a   0x0800b62a   0x00000002   PAD
    0x0800b62c   0x0800b62c   0x00000070   Code   RO          528    .text.MX_ADC1_Init  lto-llvm-933f50.o
    0x0800b69c   0x0800b69c   0x00000038   Code   RO          532    .text.MX_DMA_Init   lto-llvm-933f50.o
    0x0800b6d4   0x0800b6d4   0x0000006c   Code   RO          534    .text.MX_GPIO_Init  lto-llvm-933f50.o
    0x0800b740   0x0800b740   0x00000040   Code   RO          536    .text.MX_I2C1_Init  lto-llvm-933f50.o
    0x0800b780   0x0800b780   0x00000108   Code   RO          544    .text.MX_TIM1_Init  lto-llvm-933f50.o
    0x0800b888   0x0800b888   0x000000ec   Code   RO          546    .text.MX_TIM2_Init  lto-llvm-933f50.o
    0x0800b974   0x0800b974   0x000000ec   Code   RO          548    .text.MX_TIM3_Init  lto-llvm-933f50.o
    0x0800ba60   0x0800ba60   0x00000038   Code   RO          554    .text.MX_USART2_UART_Init  lto-llvm-933f50.o
    0x0800ba98   0x0800ba98   0x00000e72   Code   RO          498    .text.MadgwickAHRSupdate  lto-llvm-933f50.o
    0x0800c90a   0x0800c90a   0x00000002   PAD
    0x0800c90c   0x0800c90c   0x000006a8   Code   RO          502    .text.MadgwickAHRSupdateIMU  lto-llvm-933f50.o
    0x0800cfb4   0x0800cfb4   0x00000004   Code   RO          562    .text.MemManage_Handler  lto-llvm-933f50.o
    0x0800cfb8   0x0800cfb8   0x00000004   Code   RO          558    .text.NMI_Handler   lto-llvm-933f50.o
    0x0800cfbc   0x0800cfbc   0x00000062   Code   RO          778    .text.NVIC_EncodePriority  lto-llvm-933f50.o
    0x0800d01e   0x0800d01e   0x00000002   PAD
    0x0800d020   0x0800d020   0x00000240   Code   RO          830    .text.OSDebugInit   lto-llvm-933f50.o
    0x0800d260   0x0800d260   0x0000007e   Code   RO          832    .text.OSEventNameSet  lto-llvm-933f50.o
    0x0800d2de   0x0800d2de   0x00000002   PAD
    0x0800d2e0   0x0800d2e0   0x00000038   Code   RO          840    .text.OSInit        lto-llvm-933f50.o
    0x0800d318   0x0800d318   0x00000084   Code   RO          806    .text.OSInitHookBegin  lto-llvm-933f50.o
    0x0800d39c   0x0800d39c   0x00000034   Code   RO          906    .text.OSIntEnter    lto-llvm-933f50.o
    0x0800d3d0   0x0800d3d0   0x000000d2   Code   RO          908    .text.OSIntExit     lto-llvm-933f50.o
    0x0800d4a2   0x0800d4a2   0x00000002   PAD
    0x0800d4a4   0x0800d4a4   0x00000064   Code   RO          880    .text.OSSchedLock   lto-llvm-933f50.o
    0x0800d508   0x0800d508   0x00000092   Code   RO          886    .text.OSSchedUnlock  lto-llvm-933f50.o
    0x0800d59a   0x0800d59a   0x00000002   PAD
    0x0800d59c   0x0800d59c   0x00000092   Code   RO          864    .text.OSSemCreate   lto-llvm-933f50.o
    0x0800d62e   0x0800d62e   0x00000002   PAD
    0x0800d630   0x0800d630   0x00000144   Code   RO          878    .text.OSSemPend     lto-llvm-933f50.o
    0x0800d774   0x0800d774   0x0000009c   Code   RO          922    .text.OSSemPost     lto-llvm-933f50.o
    0x0800d810   0x0800d810   0x00000054   Code   RO          910    .text.OSStart       lto-llvm-933f50.o
    0x0800d864   0x0800d864   0x00000070   Code   RO          912    .text.OSStatInit    lto-llvm-933f50.o
    0x0800d8d4   0x0800d8d4   0x00000010   Code   RO          824    .text.OSTCBInitHook  lto-llvm-933f50.o
    0x0800d8e4   0x0800d8e4   0x0000012a   Code   RO          924    .text.OSTaskCreate  lto-llvm-933f50.o
    0x0800da0e   0x0800da0e   0x00000002   PAD
    0x0800da10   0x0800da10   0x00000146   Code   RO          870    .text.OSTaskCreateExt  lto-llvm-933f50.o
    0x0800db56   0x0800db56   0x00000002   PAD
    0x0800db58   0x0800db58   0x00000010   Code   RO          810    .text.OSTaskCreateHook  lto-llvm-933f50.o
    0x0800db68   0x0800db68   0x00000242   Code   RO          926    .text.OSTaskDel     lto-llvm-933f50.o
    0x0800ddaa   0x0800ddaa   0x00000002   PAD
    0x0800ddac   0x0800ddac   0x00000010   Code   RO          812    .text.OSTaskDelHook  lto-llvm-933f50.o
    0x0800ddbc   0x0800ddbc   0x00000008   Code   RO          814    .text.OSTaskIdleHook  lto-llvm-933f50.o
    0x0800ddc4   0x0800ddc4   0x000000dc   Code   RO          872    .text.OSTaskNameSet  lto-llvm-933f50.o
    0x0800dea0   0x0800dea0   0x00000010   Code   RO          816    .text.OSTaskReturnHook  lto-llvm-933f50.o
    0x0800deb0   0x0800deb0   0x00000008   Code   RO          818    .text.OSTaskStatHook  lto-llvm-933f50.o
    0x0800deb8   0x0800deb8   0x0000011e   Code   RO          902    .text.OSTaskStkChk  lto-llvm-933f50.o
    0x0800dfd6   0x0800dfd6   0x00000002   PAD
    0x0800dfd8   0x0800dfd8   0x00000314   Code   RO          820    .text.OSTaskStkInit  lto-llvm-933f50.o
    0x0800e2ec   0x0800e2ec   0x00000156   Code   RO          898    .text.OSTaskSuspend  lto-llvm-933f50.o
    0x0800e442   0x0800e442   0x00000002   PAD
    0x0800e444   0x0800e444   0x00000028   Code   RO          822    .text.OSTaskSwHook  lto-llvm-933f50.o
    0x0800e46c   0x0800e46c   0x000000b6   Code   RO          896    .text.OSTimeDly     lto-llvm-933f50.o
    0x0800e522   0x0800e522   0x00000002   PAD
    0x0800e524   0x0800e524   0x0000011c   Code   RO          914    .text.OSTimeTick    lto-llvm-933f50.o
    0x0800e640   0x0800e640   0x00000030   Code   RO          826    .text.OSTimeTickHook  lto-llvm-933f50.o
    0x0800e670   0x0800e670   0x0000001a   Code   RO          930    .text.OSTmrSignal   lto-llvm-933f50.o
    0x0800e68a   0x0800e68a   0x00000002   PAD
    0x0800e68c   0x0800e68c   0x0000011a   Code   RO          860    .text.OSTmr_Init    lto-llvm-933f50.o
    0x0800e7a6   0x0800e7a6   0x00000002   PAD
    0x0800e7a8   0x0800e7a8   0x0000003e   Code   RO          866    .text.OSTmr_InitTask  lto-llvm-933f50.o
    0x0800e7e6   0x0800e7e6   0x00000002   PAD
    0x0800e7e8   0x0800e7e8   0x000000e0   Code   RO          884    .text.OSTmr_Link    lto-llvm-933f50.o
    0x0800e8c8   0x0800e8c8   0x000000ce   Code   RO          868    .text.OSTmr_Task    lto-llvm-933f50.o
    0x0800e996   0x0800e996   0x00000002   PAD
    0x0800e998   0x0800e998   0x000000a2   Code   RO          882    .text.OSTmr_Unlink  lto-llvm-933f50.o
    0x0800ea3a   0x0800ea3a   0x00000002   PAD
    0x0800ea3c   0x0800ea3c   0x000000e4   Code   RO          918    .text.OS_EventTaskRdy  lto-llvm-933f50.o
    0x0800eb20   0x0800eb20   0x00000050   Code   RO          890    .text.OS_EventTaskRemove  lto-llvm-933f50.o
    0x0800eb70   0x0800eb70   0x0000007a   Code   RO          836    .text.OS_EventTaskRemoveMulti  lto-llvm-933f50.o
    0x0800ebea   0x0800ebea   0x00000002   PAD
    0x0800ebec   0x0800ebec   0x00000086   Code   RO          888    .text.OS_EventTaskWait  lto-llvm-933f50.o
    0x0800ec72   0x0800ec72   0x00000002   PAD
    0x0800ec74   0x0800ec74   0x00000038   Code   RO          892    .text.OS_EventWaitListInit  lto-llvm-933f50.o
    0x0800ecac   0x0800ecac   0x0000009c   Code   RO          850    .text.OS_FlagInit   lto-llvm-933f50.o
    0x0800ed48   0x0800ed48   0x00000058   Code   RO          920    .text.OS_FlagUnlink  lto-llvm-933f50.o
    0x0800eda0   0x0800eda0   0x000000b2   Code   RO          848    .text.OS_InitEventList  lto-llvm-933f50.o
    0x0800ee52   0x0800ee52   0x00000002   PAD
    0x0800ee54   0x0800ee54   0x00000068   Code   RO          842    .text.OS_InitMisc   lto-llvm-933f50.o
    0x0800eebc   0x0800eebc   0x0000006a   Code   RO          844    .text.OS_InitRdyList  lto-llvm-933f50.o
    0x0800ef26   0x0800ef26   0x00000002   PAD
    0x0800ef28   0x0800ef28   0x000000bc   Code   RO          846    .text.OS_InitTCBList  lto-llvm-933f50.o
    0x0800efe4   0x0800efe4   0x0000003e   Code   RO          856    .text.OS_InitTaskIdle  lto-llvm-933f50.o
    0x0800f022   0x0800f022   0x00000002   PAD
    0x0800f024   0x0800f024   0x0000003e   Code   RO          858    .text.OS_InitTaskStat  lto-llvm-933f50.o
    0x0800f062   0x0800f062   0x00000002   PAD
    0x0800f064   0x0800f064   0x0000002c   Code   RO          862    .text.OS_MemClr     lto-llvm-933f50.o
    0x0800f090   0x0800f090   0x00000092   Code   RO          852    .text.OS_MemInit    lto-llvm-933f50.o
    0x0800f122   0x0800f122   0x00000002   PAD
    0x0800f124   0x0800f124   0x00000086   Code   RO          854    .text.OS_QInit      lto-llvm-933f50.o
    0x0800f1aa   0x0800f1aa   0x00000002   PAD
    0x0800f1ac   0x0800f1ac   0x0000009c   Code   RO          834    .text.OS_Sched      lto-llvm-933f50.o
    0x0800f248   0x0800f248   0x0000003c   Code   RO          838    .text.OS_SchedNew   lto-llvm-933f50.o
    0x0800f284   0x0800f284   0x0000021a   Code   RO          876    .text.OS_TCBInit    lto-llvm-933f50.o
    0x0800f49e   0x0800f49e   0x00000002   PAD
    0x0800f4a0   0x0800f4a0   0x00000034   Code   RO          904    .text.OS_TaskIdle   lto-llvm-933f50.o
    0x0800f4d4   0x0800f4d4   0x00000018   Code   RO          928    .text.OS_TaskReturn  lto-llvm-933f50.o
    0x0800f4ec   0x0800f4ec   0x0000014e   Code   RO          894    .text.OS_TaskStat   lto-llvm-933f50.o
    0x0800f63a   0x0800f63a   0x00000002   PAD
    0x0800f63c   0x0800f63c   0x00000076   Code   RO          900    .text.OS_TaskStatStkChk  lto-llvm-933f50.o
    0x0800f6b2   0x0800f6b2   0x00000002   PAD
    0x0800f6b4   0x0800f6b4   0x00000042   Code   RO          874    .text.OS_TaskStkClr  lto-llvm-933f50.o
    0x0800f6f6   0x0800f6f6   0x00000002   PAD
    0x0800f6f8   0x0800f6f8   0x0000014e   Code   RO          512    .text.PID_Calculate  lto-llvm-933f50.o
    0x0800f846   0x0800f846   0x00000002   PAD
    0x0800f848   0x0800f848   0x000000f0   Code   RO          506    .text.PID_Init      lto-llvm-933f50.o
    0x0800f938   0x0800f938   0x0000004c   Code   RO          510    .text.PID_Reset     lto-llvm-933f50.o
    0x0800f984   0x0800f984   0x00000080   Code   RO          504    .text.PID_Type_Init  lto-llvm-933f50.o
    0x0800fa04   0x0800fa04   0x00000012   Code   RO          508    .text.PID_Type_Reset  lto-llvm-933f50.o
    0x0800fa16   0x0800fa16   0x00000002   PAD
    0x0800fa18   0x0800fa18   0x00000238   Code   RO          514    .text.PID_Upadte    lto-llvm-933f50.o
    0x0800fc50   0x0800fc50   0x00000258   Code   RO          522    .text.POS_Update    lto-llvm-933f50.o
    0x0800fea8   0x0800fea8   0x00000030   Code   RO          516    .text.PWM_TO_ANGLE  lto-llvm-933f50.o
    0x0800fed8   0x0800fed8   0x00000034   Code   RO          518    .text.PWM_TO_RATE   lto-llvm-933f50.o
    0x0800ff0c   0x0800ff0c   0x00000098   Code   RO          520    .text.PWM_TO_SPEED  lto-llvm-933f50.o
    0x0800ffa4   0x0800ffa4   0x00000100   Code   RO          500    .text.QToEuler      lto-llvm-933f50.o
    0x080100a4   0x080100a4   0x00000060   Code   RO          436    .text.REMOTE_Init   lto-llvm-933f50.o
    0x08010104   0x08010104   0x00000024   Code   RO          482    .text.SENSOR_Init   lto-llvm-933f50.o
    0x08010128   0x08010128   0x0000003c   Code   RO          456    .text.SENSOR_ReadBytes  lto-llvm-933f50.o
    0x08010164   0x08010164   0x00000042   Code   RO          446    .text.SENSOR_RegReadBytes  lto-llvm-933f50.o
    0x080101a6   0x080101a6   0x00000002   PAD
    0x080101a8   0x080101a8   0x0000003c   Code   RO          470    .text.SENSOR_RegWriteByte  lto-llvm-933f50.o
    0x080101e4   0x080101e4   0x00000214   Code   RO          484    .text.SENSOR_Update  lto-llvm-933f50.o
    0x080103f8   0x080103f8   0x00000038   Code   RO          454    .text.SENSOR_WriteByte  lto-llvm-933f50.o
    0x08010430   0x08010430   0x00000070   Code   RO          372    .text.START_Task    lto-llvm-933f50.o
    0x080104a0   0x080104a0   0x00000002   Code   RO          568    .text.SVC_Handler   lto-llvm-933f50.o
    0x080104a2   0x080104a2   0x00000002   PAD
    0x080104a4   0x080104a4   0x00000050   Code   RO          486    .text.SYS_Init      lto-llvm-933f50.o
    0x080104f4   0x080104f4   0x00000052   Code   RO          788    .text.SysTick_Config  lto-llvm-933f50.o
    0x08010546   0x08010546   0x00000002   PAD
    0x08010548   0x08010548   0x0000002a   Code   RO          828    .text.SysTick_Handler  lto-llvm-933f50.o
    0x08010572   0x08010572   0x00000002   PAD
    0x08010574   0x08010574   0x000000b2   Code   RO          488    .text.SystemClock_Config  lto-llvm-933f50.o
    0x08010626   0x08010626   0x00000002   PAD
    0x08010628   0x08010628   0x00000012   Code   RO          576    .text.SystemInit    lto-llvm-933f50.o
    0x0801063a   0x0801063a   0x00000002   PAD
    0x0801063c   0x0801063c   0x000000d8   Code   RO          438    .text.TIM1_CC_IRQHandler  lto-llvm-933f50.o
    0x08010714   0x08010714   0x00000084   Code   RO          442    .text.TIM1_UP_TIM10_IRQHandler  lto-llvm-933f50.o
    0x08010798   0x08010798   0x0000018c   Code   RO          444    .text.TIM2_IRQHandler  lto-llvm-933f50.o
    0x08010924   0x08010924   0x0000013a   Code   RO          664    .text.TIM_Base_SetConfig  lto-llvm-933f50.o
    0x08010a5e   0x08010a5e   0x00000002   PAD
    0x08010a60   0x08010a60   0x00000326   Code   RO          440    .text.TIM_CC_Handler  lto-llvm-933f50.o
    0x08010d86   0x08010d86   0x00000002   PAD
    0x08010d88   0x08010d88   0x00000102   Code   RO          668    .text.TIM_CCxChannelCmd  lto-llvm-933f50.o
    0x08010e8a   0x08010e8a   0x00000002   PAD
    0x08010e8c   0x08010e8c   0x00000034   Code   RO          712    .text.TIM_ETR_SetConfig  lto-llvm-933f50.o
    0x08010ec0   0x08010ec0   0x0000002a   Code   RO          718    .text.TIM_ITRx_SetConfig  lto-llvm-933f50.o
    0x08010eea   0x08010eea   0x00000002   PAD
    0x08010eec   0x08010eec   0x00000142   Code   RO          692    .text.TIM_OC1_SetConfig  lto-llvm-933f50.o
    0x0801102e   0x0801102e   0x00000002   PAD
    0x08011030   0x08011030   0x0000014c   Code   RO          694    .text.TIM_OC2_SetConfig  lto-llvm-933f50.o
    0x0801117c   0x0801117c   0x0000014a   Code   RO          696    .text.TIM_OC3_SetConfig  lto-llvm-933f50.o
    0x080112c6   0x080112c6   0x00000002   PAD
    0x080112c8   0x080112c8   0x000000be   Code   RO          698    .text.TIM_OC4_SetConfig  lto-llvm-933f50.o
    0x08011386   0x08011386   0x00000002   PAD
    0x08011388   0x08011388   0x00000050   Code   RO          716    .text.TIM_TI1_ConfigInputStage  lto-llvm-933f50.o
    0x080113d8   0x080113d8   0x000000e0   Code   RO          702    .text.TIM_TI1_SetConfig  lto-llvm-933f50.o
    0x080114b8   0x080114b8   0x00000052   Code   RO          720    .text.TIM_TI2_ConfigInputStage  lto-llvm-933f50.o
    0x0801150a   0x0801150a   0x00000002   PAD
    0x0801150c   0x0801150c   0x0000006c   Code   RO          704    .text.TIM_TI2_SetConfig  lto-llvm-933f50.o
    0x08011578   0x08011578   0x0000006a   Code   RO          706    .text.TIM_TI3_SetConfig  lto-llvm-933f50.o
    0x080115e2   0x080115e2   0x00000002   PAD
    0x080115e4   0x080115e4   0x0000006c   Code   RO          708    .text.TIM_TI4_SetConfig  lto-llvm-933f50.o
    0x08011650   0x08011650   0x00000020   Code   RO          764    .text.UART_DMAAbortOnError  lto-llvm-933f50.o
    0x08011670   0x08011670   0x0000007c   Code   RO          744    .text.UART_DMAError  lto-llvm-933f50.o
    0x080116ec   0x080116ec   0x0000007a   Code   RO          740    .text.UART_DMATransmitCplt  lto-llvm-933f50.o
    0x08011766   0x08011766   0x00000002   PAD
    0x08011768   0x08011768   0x00000016   Code   RO          742    .text.UART_DMATxHalfCplt  lto-llvm-933f50.o
    0x0801177e   0x0801177e   0x00000002   PAD
    0x08011780   0x08011780   0x00000094   Code   RO          748    .text.UART_EndRxTransfer  lto-llvm-933f50.o
    0x08011814   0x08011814   0x00000024   Code   RO          768    .text.UART_EndTransmit_IT  lto-llvm-933f50.o
    0x08011838   0x08011838   0x00000036   Code   RO          746    .text.UART_EndTxTransfer  lto-llvm-933f50.o
    0x0801186e   0x0801186e   0x00000002   PAD
    0x08011870   0x08011870   0x00000160   Code   RO          762    .text.UART_Receive_IT  lto-llvm-933f50.o
    0x080119d0   0x080119d0   0x000001d8   Code   RO          732    .text.UART_SetConfig  lto-llvm-933f50.o
    0x08011ba8   0x08011ba8   0x00000090   Code   RO          766    .text.UART_Transmit_IT  lto-llvm-933f50.o
    0x08011c38   0x08011c38   0x000000d2   Code   RO          736    .text.UART_WaitOnFlagUntilTimeout  lto-llvm-933f50.o
    0x08011d0a   0x08011d0a   0x00000002   PAD
    0x08011d0c   0x08011d0c   0x00000096   Code   RO          412    .text.USART2_IRQHandler  lto-llvm-933f50.o
    0x08011da2   0x08011da2   0x00000002   PAD
    0x08011da4   0x08011da4   0x00000004   Code   RO          566    .text.UsageFault_Handler  lto-llvm-933f50.o
    0x08011da8   0x08011da8   0x00000032   Code   RO          784    .text.__NVIC_EnableIRQ  lto-llvm-933f50.o
    0x08011dda   0x08011dda   0x00000002   PAD
    0x08011ddc   0x08011ddc   0x00000010   Code   RO          776    .text.__NVIC_GetPriorityGrouping  lto-llvm-933f50.o
    0x08011dec   0x08011dec   0x00000042   Code   RO          780    .text.__NVIC_SetPriority  lto-llvm-933f50.o
    0x08011e2e   0x08011e2e   0x00000002   PAD
    0x08011e30   0x08011e30   0x0000003c   Code   RO          772    .text.__NVIC_SetPriorityGrouping  lto-llvm-933f50.o
    0x08011e6c   0x08011e6c   0x00000078   Code   RO          382    .text.ano_addcheck  lto-llvm-933f50.o
    0x08011ee4   0x08011ee4   0x0000008e   Code   RO          404    .text.ano_check     lto-llvm-933f50.o
    0x08011f72   0x08011f72   0x00000002   PAD
    0x08011f74   0x08011f74   0x0000001c   Code   RO          494    .text.assert_failed  lto-llvm-933f50.o
    0x08011f90   0x08011f90   0x00000076   Code   RO          422    .text.biquadFilterApply  lto-llvm-933f50.o
    0x08012006   0x08012006   0x00000002   PAD
    0x08012008   0x08012008   0x000001a0   Code   RO          424    .text.biquadFilterInit  lto-llvm-933f50.o
    0x080121a8   0x080121a8   0x0000004e   Code   RO          416    .text.deadBandApply  lto-llvm-933f50.o
    0x080121f6   0x080121f6   0x00000002   PAD
    0x080121f8   0x080121f8   0x000000a8   Code   RO          418    .text.fdeadBandApply  lto-llvm-933f50.o
    0x080122a0   0x080122a0   0x0000004e   Code   RO          414    .text.flimitApply   lto-llvm-933f50.o
    0x080122ee   0x080122ee   0x00000002   PAD
    0x080122f0   0x080122f0   0x00000018   Code   RO          492    .text.fputc         lto-llvm-933f50.o
    0x08012308   0x08012308   0x00000016   Code   RO          370    .text.main          lto-llvm-933f50.o
    0x0801231e   0x0801231e   0x00000002   PAD
    0x08012320   0x08012320   0x000000e0   Code   RO          420    .text.slidingFilterApply  lto-llvm-933f50.o
    0x08012400   0x08012400   0x00000020   Code   RO          268    i.__0printf         mc_w.l(printfa.o)
    0x08012420   0x08012420   0x00000026   Code   RO          295    i.__ARM_fpclassifyf  m_wm.l(fpclassifyf.o)
    0x08012446   0x08012446   0x00000002   PAD
    0x08012448   0x08012448   0x0000012c   Code   RO          235    i.__hardfp_asinf    m_wm.l(asinf.o)
    0x08012574   0x08012574   0x000002ac   Code   RO          241    i.__hardfp_atan2f   m_wm.l(atan2f.o)
    0x08012820   0x08012820   0x00000664   Code   RO          247    i.__hardfp_powf     m_wm.l(powf.o)
    0x08012e84   0x08012e84   0x0000003a   Code   RO          254    i.__hardfp_sqrtf    m_wm.l(sqrtf.o)
    0x08012ebe   0x08012ebe   0x00000002   PAD
    0x08012ec0   0x08012ec0   0x00000014   Code   RO          297    i.__mathlib_flt_divzero  m_wm.l(funder.o)
    0x08012ed4   0x08012ed4   0x00000006   Code   RO          298    i.__mathlib_flt_infnan  m_wm.l(funder.o)
    0x08012eda   0x08012eda   0x00000006   Code   RO          299    i.__mathlib_flt_infnan2  m_wm.l(funder.o)
    0x08012ee0   0x08012ee0   0x00000010   Code   RO          300    i.__mathlib_flt_invalid  m_wm.l(funder.o)
    0x08012ef0   0x08012ef0   0x00000010   Code   RO          301    i.__mathlib_flt_overflow  m_wm.l(funder.o)
    0x08012f00   0x08012f00   0x00000010   Code   RO          303    i.__mathlib_flt_underflow  m_wm.l(funder.o)
    0x08012f10   0x08012f10   0x0000000e   Code   RO          966    i.__scatterload_copy  mc_w.l(handlers.o)
    0x08012f1e   0x08012f1e   0x00000002   Code   RO          967    i.__scatterload_null  mc_w.l(handlers.o)
    0x08012f20   0x08012f20   0x0000000e   Code   RO          968    i.__scatterload_zeroinit  mc_w.l(handlers.o)
    0x08012f2e   0x08012f2e   0x00000002   PAD
    0x08012f30   0x08012f30   0x0000000c   Code   RO          341    i.__set_errno       mc_w.l(errno.o)
    0x08012f3c   0x08012f3c   0x00000184   Code   RO          275    i._fp_digits        mc_w.l(printfa.o)
    0x080130c0   0x080130c0   0x000006dc   Code   RO          276    i._printf_core      mc_w.l(printfa.o)
    0x0801379c   0x0801379c   0x00000024   Code   RO          277    i._printf_post_padding  mc_w.l(printfa.o)
    0x080137c0   0x080137c0   0x0000002e   Code   RO          278    i._printf_pre_padding  mc_w.l(printfa.o)
    0x080137ee   0x080137ee   0x0000003e   Code   RO          256    i.sqrtf             m_wm.l(sqrtf.o)
    0x0801382c   0x0801382c   0x00000804   Data   RO          212    .constdata          arm_cortexM4lf_math.lib(arm_common_tables.o)
    0x08014030   0x08014030   0x00000140   Data   RO          250    .constdata          m_wm.l(powf.o)
    0x08014170   0x08014170   0x000001b6   Data   RO          935    .rodata             lto-llvm-933f50.o
    0x08014326   0x08014326   0x00000010   Data   RO          937    .rodata.cst16       lto-llvm-933f50.o
    0x08014336   0x08014336   0x00000010   Data   RO          938    .rodata.cst8        lto-llvm-933f50.o
    0x08014346   0x08014346   0x000003f3   Data   RO          934    .rodata.str1.1      lto-llvm-933f50.o
    0x08014739   0x08014739   0x00000003   PAD
    0x0801473c   0x0801473c   0x00000020   Data   RO          965    Region$$Table       anon$$obj.o


    Execution Region RW_IRAM1 (Exec base: 0x20000000, Load base: 0x08014760, Size: 0x00003000, Max: 0x00018000, ABSOLUTE, COMPRESSED[0x00000050])

    Exec Addr    Load Addr    Size         Type   Attr      Idx    E Section Name        Object

    0x20000000   COMPRESSED   0x00000004   Data   RW          325    .data               mc_w.l(stdout.o)
    0x20000004   COMPRESSED   0x00000004   Data   RW          342    .data               mc_w.l(errno.o)
    0x20000008   COMPRESSED   0x00000204   Data   RW          936    .data               lto-llvm-933f50.o
    0x2000020c   COMPRESSED   0x00000004   PAD
    0x20000210        -       0x000029ec   Zero   RW          932    .bss                lto-llvm-933f50.o
    0x20002bfc   COMPRESSED   0x00000004   PAD
    0x20002c00        -       0x00000400   Zero   RW           19    STACK               startup_stm32f401xe.o


==============================================================================

Image component sizes


      Code (inc. data)   RO Data    RW Data    ZI Data      Debug   Object Name

     71362        302       1481        516      10732     133043   lto-llvm-933f50.o
       308         34          0          0          0        316   os_cpu_a.o
        36          8        404          0       1024        828   startup_stm32f401xe.o

    ----------------------------------------------------------------------
     71940        344       1920        516      11764     134187   Object Totals
         0          0         32          0          0          0   (incl. Generated)
       234          0          3          0          8          0   (incl. Padding)

    ----------------------------------------------------------------------

      Code (inc. data)   RO Data    RW Data    ZI Data      Debug   Library Member Name

         0          0       2052          0          0       4704   arm_common_tables.o
       120         12          0          0          0      18614   arm_cos_f32.o
       236          4          0          0          0      14626   arm_rms_f32.o
       148         18          0          0          0        814   arm_sin_f32.o
       300         42          0          0          0        176   asinf.o
       684         90          0          0          0        208   atan2f.o
        38          0          0          0          0        116   fpclassifyf.o
        80         24          0          0          0        696   funder.o
      1636        110        320          0          0        372   powf.o
       120          0          0          0          0        272   sqrtf.o
        58          0          0          0          0          0   __dczerorl.o
         0          0          0          0          0          0   entry.o
         0          0          0          0          0          0   entry10a.o
         0          0          0          0          0          0   entry11a.o
         8          4          0          0          0          0   entry2.o
         4          0          0          0          0          0   entry5.o
         0          0          0          0          0          0   entry7b.o
         0          0          0          0          0          0   entry8b.o
         8          4          0          0          0          0   entry9a.o
        12          6          0          4          0         68   errno.o
        30          0          0          0          0          0   handlers.o
        36          8          0          0          0         68   init.o
         0          0          0          0          0          0   iusefp.o
        98          0          0          0          0         84   ldiv.o
        30          0          0          0          0         68   llshl.o
        36          0          0          0          0         68   llsshr.o
        32          0          0          0          0         68   llushr.o
        36          0          0          0          0         68   memcpya.o
        36          0          0          0          0        108   memseta.o
      2258         90          0          0          0        452   printfa.o
         8          0          0          0          0         68   siabs.o
         0          0          0          4          0          0   stdout.o
        44          0          0          0          0         80   uidiv.o
        98          0          0          0          0         92   uldiv.o
        48          0          0          0          0         68   cdrcmple.o
        56          0          0          0          0         88   d2f.o
       334          0          0          0          0        148   dadd.o
       222          0          0          0          0        100   ddiv.o
       186          0          0          0          0        176   depilogue.o
        62          0          0          0          0         80   dfixi.o
        48          0          0          0          0         68   dfixul.o
        34          0          0          0          0         76   dflti.o
       228          0          0          0          0         96   dmul.o
        38          0          0          0          0         68   f2d.o
       110          0          0          0          0        168   fepilogue.o
         4          0          0          0          0         68   fpstat.o

    ----------------------------------------------------------------------
      7572        412       2372          8          0      43094   Library Totals
         8          0          0          0          0          0   (incl. Padding)

    ----------------------------------------------------------------------

      Code (inc. data)   RO Data    RW Data    ZI Data      Debug   Library Name

       504         34       2052          0          0      38758   arm_cortexM4lf_math.lib
      2858        266        320          0          0       1840   m_wm.l
      2832        112          0          8          0       1292   mc_w.l
      1370          0          0          0          0       1204   mf_w.l

    ----------------------------------------------------------------------
      7572        412       2372          8          0      43094   Library Totals

    ----------------------------------------------------------------------

==============================================================================


      Code (inc. data)   RO Data    RW Data    ZI Data      Debug   

     79512        756       4292        524      11764     175117   Grand Totals
     79512        756       4292         80      11764     175117   ELF Image Totals (compressed)
     79512        756       4292         80          0          0   ROM Totals

==============================================================================

    Total RO  Size (Code + RO Data)                83804 (  81.84kB)
    Total RW  Size (RW Data + ZI Data)             12288 (  12.00kB)
    Total ROM Size (Code + RO Data + RW Data)      83884 (  81.92kB)

==============================================================================

