Component: ARM Compiler 6.16 Tool: armlink [5dfeaa00]

==============================================================================

Section Cross References

    main.o(.text.main) refers to sys.o(.text.SYS_Init) for SYS_Init
    main.o(.text.main) refers to ucos_ii.o(.text.OSInit) for OSInit
    main.o(.text.main) refers to main.o(.bss.START_TASK_STK) for START_TASK_STK
    main.o(.text.main) refers to main.o(.text.START_Task) for START_Task
    main.o(.text.main) refers to ucos_ii.o(.text.OSTaskCreate) for OSTaskCreate
    main.o(.text.main) refers to ucos_ii.o(.text.OSStart) for OSStart
    main.o(.ARM.exidx.text.main) refers to main.o(.text.main) for [Anonymous Symbol]
    main.o(.text.START_Task) refers to ucos_ii.o(.text.OSStatInit) for OSStatInit
    main.o(.text.START_Task) refers to os_cpu_a.o(.text) for OS_CPU_SR_Save
    main.o(.text.START_Task) refers to main.o(.bss.ANO_TASK_STK) for ANO_TASK_STK
    main.o(.text.START_Task) refers to main.o(.text.ANO_Task) for ANO_Task
    main.o(.text.START_Task) refers to ucos_ii.o(.text.OSTaskCreate) for OSTaskCreate
    main.o(.text.START_Task) refers to main.o(.bss.FLIGHT_TASK_STK) for FLIGHT_TASK_STK
    main.o(.text.START_Task) refers to main.o(.text.FLIGHT_Task) for FLIGHT_Task
    main.o(.text.START_Task) refers to ucos_ii.o(.text.OSTaskDel) for OSTaskDel
    main.o(.ARM.exidx.text.START_Task) refers to main.o(.text.START_Task) for [Anonymous Symbol]
    main.o(.text.ANO_Task) refers to main.o(.bss.ANO_Task.count) for ANO_Task.count
    main.o(.text.ANO_Task) refers to main.o(.bss.ANO_Task.data) for ANO_Task.data
    main.o(.text.ANO_Task) refers to sensor.o(.bss.accel) for accel
    main.o(.text.ANO_Task) refers to sensor.o(.bss.gyro) for gyro
    main.o(.text.ANO_Task) refers to ano.o(.text.ANO_Send_Sensor) for ANO_Send_Sensor
    main.o(.text.ANO_Task) refers to ahrs.o(.bss.attitude) for attitude
    main.o(.text.ANO_Task) refers to ano.o(.text.ANO_Send_Euler) for ANO_Send_Euler
    main.o(.text.ANO_Task) refers to sensor.o(.bss.voltage) for voltage
    main.o(.text.ANO_Task) refers to ucos_ii.o(.bss.OSCPUUsage) for OSCPUUsage
    main.o(.text.ANO_Task) refers to ano.o(.text.ANO_Send_Battery) for ANO_Send_Battery
    main.o(.text.ANO_Task) refers to motor.o(.bss.mvalue) for mvalue
    main.o(.text.ANO_Task) refers to ano.o(.text.ANO_Send_PWM) for ANO_Send_PWM
    main.o(.text.ANO_Task) refers to remote.o(.bss.rvalue) for rvalue
    main.o(.text.ANO_Task) refers to ano.o(.text.ANO_Send_Remote) for ANO_Send_Remote
    main.o(.text.ANO_Task) refers to usart.o(.bss.huart2) for huart2
    main.o(.text.ANO_Task) refers to stm32f4xx_hal_uart.o(.text.HAL_UART_Transmit_DMA) for HAL_UART_Transmit_DMA
    main.o(.text.ANO_Task) refers to ano.o(.text.ANO_Send_String) for ANO_Send_String
    main.o(.text.ANO_Task) refers to ucos_ii.o(.text.OSTimeDly) for OSTimeDly
    main.o(.ARM.exidx.text.ANO_Task) refers to main.o(.text.ANO_Task) for [Anonymous Symbol]
    main.o(.text.FLIGHT_Task) refers to sensor.o(.text.SENSOR_Update) for SENSOR_Update
    main.o(.text.FLIGHT_Task) refers to ahrs.o(.text.AHRS_Update) for AHRS_Update
    main.o(.text.FLIGHT_Task) refers to ucos_ii.o(.text.OSTimeDly) for OSTimeDly
    main.o(.ARM.exidx.text.FLIGHT_Task) refers to main.o(.text.FLIGHT_Task) for [Anonymous Symbol]
    ano.o(.text.ANO_Send_Sensor) refers to ano.o(.text.ano_addcheck) for ano_addcheck
    ano.o(.ARM.exidx.text.ANO_Send_Sensor) refers to ano.o(.text.ANO_Send_Sensor) for [Anonymous Symbol]
    ano.o(.ARM.exidx.text.ano_addcheck) refers to ano.o(.text.ano_addcheck) for [Anonymous Symbol]
    ano.o(.text.ANO_Send_Sensor2) refers to ano.o(.text.ano_addcheck) for ano_addcheck
    ano.o(.ARM.exidx.text.ANO_Send_Sensor2) refers to ano.o(.text.ANO_Send_Sensor2) for [Anonymous Symbol]
    ano.o(.text.ANO_Send_Euler) refers to ano.o(.text.ano_addcheck) for ano_addcheck
    ano.o(.ARM.exidx.text.ANO_Send_Euler) refers to ano.o(.text.ANO_Send_Euler) for [Anonymous Symbol]
    ano.o(.text.ANO_Send_Quaternion) refers to ano.o(.text.ano_addcheck) for ano_addcheck
    ano.o(.ARM.exidx.text.ANO_Send_Quaternion) refers to ano.o(.text.ANO_Send_Quaternion) for [Anonymous Symbol]
    ano.o(.text.ANO_Send_Altitude) refers to ano.o(.text.ano_addcheck) for ano_addcheck
    ano.o(.ARM.exidx.text.ANO_Send_Altitude) refers to ano.o(.text.ANO_Send_Altitude) for [Anonymous Symbol]
    ano.o(.text.ANO_Send_Battery) refers to ano.o(.text.ano_addcheck) for ano_addcheck
    ano.o(.ARM.exidx.text.ANO_Send_Battery) refers to ano.o(.text.ANO_Send_Battery) for [Anonymous Symbol]
    ano.o(.text.ANO_Send_String) refers to ano.o(.bss.data) for data
    ano.o(.text.ANO_Send_String) refers to ano.o(.text.ano_addcheck) for ano_addcheck
    ano.o(.text.ANO_Send_String) refers to usart.o(.bss.huart2) for huart2
    ano.o(.text.ANO_Send_String) refers to stm32f4xx_hal_uart.o(.text.HAL_UART_Transmit) for HAL_UART_Transmit
[...]
    MOTOR_Set                                0x08008fcd   Thumb Code   294  motor.o(.text.MOTOR_Set)
    MPU_Calibrate                            0x080090f5   Thumb Code  1020  sensor.o(.text.MPU_Calibrate)
    MPU_Connect                              0x080094f1   Thumb Code    96  sensor.o(.text.MPU_Connect)
    MPU_Init                                 0x08009551   Thumb Code   228  sensor.o(.text.MPU_Init)
    MPU_ReadAccelRaw                         0x08009635   Thumb Code    72  sensor.o(.text.MPU_ReadAccelRaw)
    MPU_ReadGyroRaw                          0x0800967d   Thumb Code    72  sensor.o(.text.MPU_ReadGyroRaw)
    MPU_SelfTest                             0x080096c5   Thumb Code  1392  sensor.o(.text.MPU_SelfTest)
    MS_CheckCRC                              0x08009c35   Thumb Code   268  sensor.o(.text.MS_CheckCRC)
    MS_Init                                  0x08009d41   Thumb Code   128  sensor.o(.text.MS_Init)
    MS_ReadADC                               0x08009dc1   Thumb Code    50  sensor.o(.text.MS_ReadADC)
    MS_ReadPROM                              0x08009df5   Thumb Code    96  sensor.o(.text.MS_ReadPROM)
    MS_ReadPressure                          0x08009e55   Thumb Code   530  sensor.o(.text.MS_ReadPressure)
    MS_WriteCMD                              0x0800a069   Thumb Code    22  sensor.o(.text.MS_WriteCMD)
    MX_ADC1_Init                             0x0800a081   Thumb Code   128  adc.o(.text.MX_ADC1_Init)
    MX_DMA_Init                              0x0800a101   Thumb Code    60  dma.o(.text.MX_DMA_Init)
    MX_GPIO_Init                             0x0800a13d   Thumb Code   108  gpio.o(.text.MX_GPIO_Init)
    MX_I2C1_Init                             0x0800a1a9   Thumb Code    72  i2c.o(.text.MX_I2C1_Init)
    MX_TIM1_Init                             0x0800a1f1   Thumb Code   280  tim.o(.text.MX_TIM1_Init)
    MX_TIM2_Init                             0x0800a309   Thumb Code   248  tim.o(.text.MX_TIM2_Init)
    MX_TIM3_Init                             0x0800a401   Thumb Code   300  tim.o(.text.MX_TIM3_Init)
    MX_USART2_UART_Init                      0x0800a52d   Thumb Code    64  usart.o(.text.MX_USART2_UART_Init)
    MadgwickAHRSupdate                       0x0800a56d   Thumb Code  3640  ahrs.o(.text.MadgwickAHRSupdate)
    MadgwickAHRSupdateIMU                    0x0800b3a5   Thumb Code  1672  ahrs.o(.text.MadgwickAHRSupdateIMU)
    MemManage_Handler                        0x0800ba2d   Thumb Code     4  stm32f4xx_it.o(.text.MemManage_Handler)
    NMI_Handler                              0x0800ba31   Thumb Code     4  stm32f4xx_it.o(.text.NMI_Handler)
    OSDebugInit                              0x0800baa1   Thumb Code   576  os_dbg.o(.text.OSDebugInit)
    OSEventNameSet                           0x0800bce1   Thumb Code   126  ucos_ii.o(.text.OSEventNameSet)
    OSInit                                   0x0800bd61   Thumb Code    56  ucos_ii.o(.text.OSInit)
    OSInitHookBegin                          0x0800bd99   Thumb Code   132  os_cpu_c.o(.text.OSInitHookBegin)
    OSInitHookEnd                            0x0800be1d   Thumb Code     2  os_cpu_c.o(.text.OSInitHookEnd)
    OSIntEnter                               0x0800be21   Thumb Code    52  ucos_ii.o(.text.OSIntEnter)
    OSIntExit                                0x0800be55   Thumb Code   210  ucos_ii.o(.text.OSIntExit)
    OSSchedLock                              0x0800bf29   Thumb Code   100  ucos_ii.o(.text.OSSchedLock)
    OSSchedUnlock                            0x0800bf8d   Thumb Code   146  ucos_ii.o(.text.OSSchedUnlock)
    OSSemCreate                              0x0800c021   Thumb Code   146  ucos_ii.o(.text.OSSemCreate)
    OSSemPend                                0x0800c0b5   Thumb Code   332  ucos_ii.o(.text.OSSemPend)
    OSSemPost                                0x0800c201   Thumb Code   162  ucos_ii.o(.text.OSSemPost)
    OSStart                                  0x0800c2a5   Thumb Code    84  ucos_ii.o(.text.OSStart)
    OSStatInit                               0x0800c2f9   Thumb Code   112  ucos_ii.o(.text.OSStatInit)
    OSTCBInitHook                            0x0800c369   Thumb Code    16  os_cpu_c.o(.text.OSTCBInitHook)
    OSTaskCreate                             0x0800c379   Thumb Code   282  ucos_ii.o(.text.OSTaskCreate)
    OSTaskCreateExt                          0x0800c495   Thumb Code   338  ucos_ii.o(.text.OSTaskCreateExt)
    OSTaskCreateHook                         0x0800c5e9   Thumb Code    16  os_cpu_c.o(.text.OSTaskCreateHook)
    OSTaskDel                                0x0800c5f9   Thumb Code   578  ucos_ii.o(.text.OSTaskDel)
    OSTaskDelHook                            0x0800c83d   Thumb Code    16  os_cpu_c.o(.text.OSTaskDelHook)
    OSTaskIdleHook                           0x0800c84d   Thumb Code     8  os_cpu_c.o(.text.OSTaskIdleHook)
    OSTaskNameSet                            0x0800c855   Thumb Code   220  ucos_ii.o(.text.OSTaskNameSet)
    OSTaskReturnHook                         0x0800c931   Thumb Code    16  os_cpu_c.o(.text.OSTaskReturnHook)
    OSTaskStatHook                           0x0800c941   Thumb Code     8  os_cpu_c.o(.text.OSTaskStatHook)
    OSTaskStkChk                             0x0800c949   Thumb Code   286  ucos_ii.o(.text.OSTaskStkChk)
    OSTaskStkInit                            0x0800ca69   Thumb Code   788  os_cpu_c.o(.text.OSTaskStkInit)
    OSTaskSuspend                            0x0800cd7d   Thumb Code   340  ucos_ii.o(.text.OSTaskSuspend)
    OSTaskSwHook                             0x0800ced1   Thumb Code    40  os_cpu_c.o(.text.OSTaskSwHook)
    OSTimeDly                                0x0800cef9   Thumb Code   178  ucos_ii.o(.text.OSTimeDly)
    OSTimeTick                               0x0800cfad   Thumb Code   364  ucos_ii.o(.text.OSTimeTick)
    OSTimeTickHook                           0x0800d119   Thumb Code    48  os_cpu_c.o(.text.OSTimeTickHook)
    OSTmrSignal                              0x0800d149   Thumb Code    30  ucos_ii.o(.text.OSTmrSignal)
    OSTmr_Init                               0x0800d169   Thumb Code   328  ucos_ii.o(.text.OSTmr_Init)
    OS_Dummy                                 0x0800d555   Thumb Code     2  ucos_ii.o(.text.OS_Dummy)
    OS_EventTaskRdy                          0x0800d559   Thumb Code   228  ucos_ii.o(.text.OS_EventTaskRdy)
    OS_EventTaskRemove                       0x0800d63d   Thumb Code    76  ucos_ii.o(.text.OS_EventTaskRemove)
    OS_EventTaskRemoveMulti                  0x0800d689   Thumb Code   118  ucos_ii.o(.text.OS_EventTaskRemoveMulti)
    OS_EventTaskWait                         0x0800d701   Thumb Code   130  ucos_ii.o(.text.OS_EventTaskWait)
    OS_EventWaitListInit                     0x0800d785   Thumb Code    56  ucos_ii.o(.text.OS_EventWaitListInit)
    OS_FlagInit                              0x0800d7bd   Thumb Code   166  ucos_ii.o(.text.OS_FlagInit)
    OS_FlagUnlink                            0x0800d865   Thumb Code    88  ucos_ii.o(.text.OS_FlagUnlink)
    OS_MemClr                                0x0800dba5   Thumb Code    44  ucos_ii.o(.text.OS_MemClr)
    OS_MemInit                               0x0800dbd1   Thumb Code   156  ucos_ii.o(.text.OS_MemInit)
    OS_QInit                                 0x0800dc6d   Thumb Code   144  ucos_ii.o(.text.OS_QInit)
    OS_Sched                                 0x0800dcfd   Thumb Code   156  ucos_ii.o(.text.OS_Sched)
    OS_TCBInit                               0x0800ddd5   Thumb Code   538  ucos_ii.o(.text.OS_TCBInit)
    OS_TaskIdle                              0x0800dff1   Thumb Code    54  ucos_ii.o(.text.OS_TaskIdle)
    OS_TaskReturn                            0x0800e029   Thumb Code    24  ucos_ii.o(.text.OS_TaskReturn)
    OS_TaskStat                              0x0800e041   Thumb Code   338  ucos_ii.o(.text.OS_TaskStat)
    OS_TaskStatStkChk                        0x0800e195   Thumb Code   118  ucos_ii.o(.text.OS_TaskStatStkChk)
    OS_TaskStkClr                            0x0800e20d   Thumb Code    66  ucos_ii.o(.text.OS_TaskStkClr)
    PID_Init                                 0x0800e251   Thumb Code    38  pid.o(.text.PID_Init)
    REMOTE_Init                              0x0800e3a5   Thumb Code   106  remote.o(.text.REMOTE_Init)
    SENSOR_Init                              0x0800e411   Thumb Code    44  sensor.o(.text.SENSOR_Init)
    SENSOR_Update                            0x0800e53d   Thumb Code   628  sensor.o(.text.SENSOR_Update)
    START_Task                               0x0800e7f9   Thumb Code   100  main.o(.text.START_Task)
    SVC_Handler                              0x0800e85d   Thumb Code     2  stm32f4xx_it.o(.text.SVC_Handler)
    SYS_Init                                 0x0800e861   Thumb Code   102  sys.o(.text.SYS_Init)
    SysTick_Handler                          0x0800e91d   Thumb Code    42  os_cpu_c.o(.text.SysTick_Handler)
    SystemClock_Config                       0x0800e949   Thumb Code   182  sys.o(.text.SystemClock_Config)
    SystemInit                               0x0800ea01   Thumb Code    18  system_stm32f4xx.o(.text.SystemInit)
    TIM1_CC_IRQHandler                       0x0800ea15   Thumb Code   216  remote.o(.text.TIM1_CC_IRQHandler)
    TIM1_UP_TIM10_IRQHandler                 0x0800eaed   Thumb Code   128  remote.o(.text.TIM1_UP_TIM10_IRQHandler)
    TIM2_IRQHandler                          0x0800eb6d   Thumb Code   294  remote.o(.text.TIM2_IRQHandler)
    TIM_Base_SetConfig                       0x0800ec95   Thumb Code   314  stm32f4xx_hal_tim.o(.text.TIM_Base_SetConfig)
    TIM_CCxChannelCmd                        0x0800f0d9   Thumb Code   254  stm32f4xx_hal_tim.o(.text.TIM_CCxChannelCmd)
    TIM_ETR_SetConfig                        0x0800f1d9   Thumb Code    52  stm32f4xx_hal_tim.o(.text.TIM_ETR_SetConfig)
    TIM_OC2_SetConfig                        0x0800f37d   Thumb Code   332  stm32f4xx_hal_tim.o(.text.TIM_OC2_SetConfig)
    TIM_TI1_SetConfig                        0x0800f725   Thumb Code   238  stm32f4xx_hal_tim.o(.text.TIM_TI1_SetConfig)
    USART2_IRQHandler                        0x08010085   Thumb Code   158  ano.o(.text.USART2_IRQHandler)
    UsageFault_Handler                       0x08010125   Thumb Code     4  stm32f4xx_it.o(.text.UsageFault_Handler)
    assert_failed                            0x080102f1   Thumb Code    28  sys.o(.text.assert_failed)
    fputc                                    0x0801030d   Thumb Code    34  sys.o(.text.fputc)
    main                                     0x08010331   Thumb Code    52  main.o(.text.main)
    __0printf                                0x08010365   Thumb Code    22  printfa.o(i.__0printf)
    __1printf                                0x08010365   Thumb Code     0  printfa.o(i.__0printf)
    __2printf                                0x08010365   Thumb Code     0  printfa.o(i.__0printf)
    __c89printf                              0x08010365   Thumb Code     0  printfa.o(i.__0printf)
    printf                                   0x08010365   Thumb Code     0  printfa.o(i.__0printf)
    __ARM_fpclassifyf                        0x08010385   Thumb Code    38  fpclassifyf.o(i.__ARM_fpclassifyf)
    __hardfp_atan2f                          0x080103ad   Thumb Code   594  atan2f.o(i.__hardfp_atan2f)
    __hardfp_powf                            0x08010659   Thumb Code  1606  powf.o(i.__hardfp_powf)
    __mathlib_powf                           0x08010659   Thumb Code     0  powf.o(i.__hardfp_powf)
    __hardfp_sqrtf                           0x08010cbd   Thumb Code    58  sqrtf.o(i.__hardfp_sqrtf)
    __mathlib_flt_divzero                    0x08010cf9   Thumb Code    14  funder.o(i.__mathlib_flt_divzero)
    __mathlib_flt_infnan2                    0x08010d0d   Thumb Code     6  funder.o(i.__mathlib_flt_infnan2)
    __mathlib_flt_invalid                    0x08010d15   Thumb Code    10  funder.o(i.__mathlib_flt_invalid)
    __mathlib_flt_overflow                   0x08010d25   Thumb Code    10  funder.o(i.__mathlib_flt_overflow)
    __mathlib_flt_underflow                  0x08010d35   Thumb Code    10  funder.o(i.__mathlib_flt_underflow)
    __scatterload_copy                       0x08010d45   Thumb Code    14  handlers.o(i.__scatterload_copy)
    __scatterload_null                       0x08010d53   Thumb Code     2  handlers.o(i.__scatterload_null)
    __scatterload_zeroinit                   0x08010d55   Thumb Code    14  handlers.o(i.__scatterload_zeroinit)
    __set_errno                              0x08010d65   Thumb Code     6  errno.o(i.__set_errno)
    sinTable_f32                             0x08011624   Data        2052  arm_common_tables.o(.constdata)
    AHBPrescTable                            0x08011f68   Data          16  system_stm32f4xx.o(.rodata.AHBPrescTable)
    APBPrescTable                            0x08011f78   Data           8  system_stm32f4xx.o(.rodata.APBPrescTable)
    DegreeToRadian                           0x08011f88   Data           4  sensor.o(.rodata.DegreeToRadian)
    OSDataSize                               0x08011f8c   Data           2  os_dbg.o(.rodata.OSDataSize)
    OSDebugEn                                0x08011f8e   Data           2  os_dbg.o(.rodata.OSDebugEn)
    OSEndiannessTest                         0x08011f90   Data           4  os_dbg.o(.rodata.OSEndiannessTest)
    OSEventEn                                0x08011f94   Data           2  os_dbg.o(.rodata.OSEventEn)
    OSEventMax                               0x08011f96   Data           2  os_dbg.o(.rodata.OSEventMax)
    OSEventMultiEn                           0x08011f98   Data           2  os_dbg.o(.rodata.OSEventMultiEn)
    OSEventNameEn                            0x08011f9a   Data           2  os_dbg.o(.rodata.OSEventNameEn)
    OSEventSize                              0x08011f9c   Data           2  os_dbg.o(.rodata.OSEventSize)
    OSEventTblSize                           0x08011f9e   Data           2  os_dbg.o(.rodata.OSEventTblSize)
    OSFlagEn                                 0x08011fa0   Data           2  os_dbg.o(.rodata.OSFlagEn)
    OSFlagGrpSize                            0x08011fa2   Data           2  os_dbg.o(.rodata.OSFlagGrpSize)
    OSFlagMax                                0x08011fa4   Data           2  os_dbg.o(.rodata.OSFlagMax)
    OSFlagNameEn                             0x08011fa6   Data           2  os_dbg.o(.rodata.OSFlagNameEn)
    OSFlagNodeSize                           0x08011fa8   Data           2  os_dbg.o(.rodata.OSFlagNodeSize)
    OSFlagWidth                              0x08011faa   Data           2  os_dbg.o(.rodata.OSFlagWidth)
    OSLowestPrio                             0x08011fac   Data           2  os_dbg.o(.rodata.OSLowestPrio)
    OSMboxEn                                 0x08011fae   Data           2  os_dbg.o(.rodata.OSMboxEn)
    OSMemEn                                  0x08011fb0   Data           2  os_dbg.o(.rodata.OSMemEn)
    OSMemMax                                 0x08011fb2   Data           2  os_dbg.o(.rodata.OSMemMax)
    OSMemNameEn                              0x08011fb4   Data           2  os_dbg.o(.rodata.OSMemNameEn)
    OSMemSize                                0x08011fb6   Data           2  os_dbg.o(.rodata.OSMemSize)
    OSMemTblSize                             0x08011fb8   Data           2  os_dbg.o(.rodata.OSMemTblSize)
    OSMutexEn                                0x08011fba   Data           2  os_dbg.o(.rodata.OSMutexEn)
    OSPtrSize                                0x08011fbc   Data           2  os_dbg.o(.rodata.OSPtrSize)
    OSQEn                                    0x08011fbe   Data           2  os_dbg.o(.rodata.OSQEn)
    OSQMax                                   0x08011fc0   Data           2  os_dbg.o(.rodata.OSQMax)
    OSQSize                                  0x08011fc2   Data           2  os_dbg.o(.rodata.OSQSize)
    OSRdyTblSize                             0x08011fc4   Data           2  os_dbg.o(.rodata.OSRdyTblSize)
    OSSemEn                                  0x08011fc6   Data           2  os_dbg.o(.rodata.OSSemEn)
    OSStkWidth                               0x08011fc8   Data           2  os_dbg.o(.rodata.OSStkWidth)
    OSTCBPrioTblMax                          0x08011fca   Data           2  os_dbg.o(.rodata.OSTCBPrioTblMax)
    OSTCBSize                                0x08011fcc   Data           2  os_dbg.o(.rodata.OSTCBSize)
    OSTaskCreateEn                           0x08011fce   Data           2  os_dbg.o(.rodata.OSTaskCreateEn)
    OSTaskCreateExtEn                        0x08011fd0   Data           2  os_dbg.o(.rodata.OSTaskCreateExtEn)
    OSTaskDelEn                              0x08011fd2   Data           2  os_dbg.o(.rodata.OSTaskDelEn)
    OSTaskIdleStkSize                        0x08011fd4   Data           2  os_dbg.o(.rodata.OSTaskIdleStkSize)
    OSTaskMax                                0x08011fd6   Data           2  os_dbg.o(.rodata.OSTaskMax)
    OSTaskNameEn                             0x08011fd8   Data           2  os_dbg.o(.rodata.OSTaskNameEn)
    OSTaskProfileEn                          0x08011fda   Data           2  os_dbg.o(.rodata.OSTaskProfileEn)
    OSTaskStatEn                             0x08011fdc   Data           2  os_dbg.o(.rodata.OSTaskStatEn)
    OSTaskStatStkChkEn                       0x08011fde   Data           2  os_dbg.o(.rodata.OSTaskStatStkChkEn)
    OSTaskStatStkSize                        0x08011fe0   Data           2  os_dbg.o(.rodata.OSTaskStatStkSize)
    OSTaskSwHookEn                           0x08011fe2   Data           2  os_dbg.o(.rodata.OSTaskSwHookEn)
    OSTicksPerSec                            0x08011fe4   Data           2  os_dbg.o(.rodata.OSTicksPerSec)
    OSTimeTickHookEn                         0x08011fe6   Data           2  os_dbg.o(.rodata.OSTimeTickHookEn)
    OSTmrCfgMax                              0x08011fe8   Data           2  os_dbg.o(.rodata.OSTmrCfgMax)
    OSTmrCfgNameEn                           0x08011fea   Data           2  os_dbg.o(.rodata.OSTmrCfgNameEn)
    OSTmrCfgTicksPerSec                      0x08011fec   Data           2  os_dbg.o(.rodata.OSTmrCfgTicksPerSec)
    OSTmrCfgWheelSize                        0x08011fee   Data           2  os_dbg.o(.rodata.OSTmrCfgWheelSize)
    OSTmrEn                                  0x08011ff0   Data           2  os_dbg.o(.rodata.OSTmrEn)
    OSTmrSize                                0x08011ff2   Data           2  os_dbg.o(.rodata.OSTmrSize)
    OSTmrTblSize                             0x08011ff4   Data           2  os_dbg.o(.rodata.OSTmrTblSize)
    OSTmrWheelSize                           0x08011ff6   Data           2  os_dbg.o(.rodata.OSTmrWheelSize)
    OSTmrWheelTblSize                        0x08011ff8   Data           2  os_dbg.o(.rodata.OSTmrWheelTblSize)
    OSUnMapTbl                               0x08011ffa   Data         256  ucos_ii.o(.rodata.OSUnMapTbl)
    OSVersionNbr                             0x080120fa   Data           2  os_dbg.o(.rodata.OSVersionNbr)
    RadianToDegree                           0x080120fc   Data           4  sensor.o(.rodata.RadianToDegree)
    TIM_CHANNEL                              0x08012100   Data           7  remote.o(.rodata.TIM_CHANNEL)
    TIM_FLAG                                 0x08012107   Data           7  remote.o(.rodata.TIM_FLAG)
    aRes                                     0x08012110   Data          16  sensor.o(.rodata.aRes)
    gRes                                     0x08012120   Data          16  sensor.o(.rodata.gRes)
    mRes                                     0x08012130   Data          32  sensor.o(.rodata.mRes)
    Region$$Table$$Base                      0x080124d0   Number         0  anon$$obj.o(Region$$Table)
    Region$$Table$$Limit                     0x080124f0   Number         0  anon$$obj.o(Region$$Table)
    __stdout                                 0x20000000   Data           4  stdout.o(.data)
    Ascale                                   0x20000008   Data           1  sensor.o(.data.Ascale)
    Gscale                                   0x20000009   Data           1  sensor.o(.data.Gscale)
    Mscale                                   0x2000000a   Data           1  sensor.o(.data.Mscale)
    SystemCoreClock                          0x2000000c   Data           4  system_stm32f4xx.o(.data.SystemCoreClock)
    beta                                     0x20000010   Data           4  ahrs.o(.data.beta)
    initialPressure                          0x20000014   Data           4  sensor.o(.data.initialPressure)
    magScale                                 0x20000018   Data          12  sensor.o(.data.magScale)
    q0                                       0x20000024   Data           4  ahrs.o(.data.q0)
    uwTickFreq                               0x20000028   Data           1  stm32f4xx_hal.o(.data.uwTickFreq)
    uwTickPrio                               0x2000002c   Data           4  stm32f4xx_hal.o(.data.uwTickPrio)
    ANO_TASK_STK                             0x20000070   Data        1024  main.o(.bss.ANO_TASK_STK)
    FLIGHT_TASK_STK                          0x200005a0   Data        1024  main.o(.bss.FLIGHT_TASK_STK)
    OSCPUUsage                               0x200009a1   Data           1  ucos_ii.o(.bss.OSCPUUsage)
    OSCtxSwCtr                               0x200009a4   Data           4  ucos_ii.o(.bss.OSCtxSwCtr)
    OSEventFreeList                          0x200009a8   Data           4  ucos_ii.o(.bss.OSEventFreeList)
    OSEventTbl                               0x200009ac   Data         240  ucos_ii.o(.bss.OSEventTbl)
    OSFlagFreeList                           0x20000a9c   Data           4  ucos_ii.o(.bss.OSFlagFreeList)
    OSFlagTbl                                0x20000aa0   Data          80  ucos_ii.o(.bss.OSFlagTbl)
    OSIdleCtr                                0x20000af0   Data           4  ucos_ii.o(.bss.OSIdleCtr)
    OSIdleCtrMax                             0x20000af4   Data           4  ucos_ii.o(.bss.OSIdleCtrMax)
    OSIdleCtrRun                             0x20000af8   Data           4  ucos_ii.o(.bss.OSIdleCtrRun)
    OSIntNesting                             0x20000afc   Data           1  ucos_ii.o(.bss.OSIntNesting)
    OSLockNesting                            0x20000afd   Data           1  ucos_ii.o(.bss.OSLockNesting)
    OSMemFreeList                            0x20000b00   Data           4  ucos_ii.o(.bss.OSMemFreeList)
    OSMemTbl                                 0x20000b04   Data         120  ucos_ii.o(.bss.OSMemTbl)
    OSPrioCur                                0x20000b7c   Data           1  ucos_ii.o(.bss.OSPrioCur)
    OSPrioHighRdy                            0x20000b7d   Data           1  ucos_ii.o(.bss.OSPrioHighRdy)
    OSQFreeList                              0x20000b80   Data           4  ucos_ii.o(.bss.OSQFreeList)
    OSQTbl                                   0x20000b84   Data          96  ucos_ii.o(.bss.OSQTbl)
    OSRdyGrp                                 0x20000be4   Data           1  ucos_ii.o(.bss.OSRdyGrp)
    OSRdyTbl                                 0x20000be5   Data           8  ucos_ii.o(.bss.OSRdyTbl)
    OSRunning                                0x20000bed   Data           1  ucos_ii.o(.bss.OSRunning)
    OSStatRdy                                0x20000bee   Data           1  ucos_ii.o(.bss.OSStatRdy)
    OSTCBCur                                 0x20000bf0   Data           4  ucos_ii.o(.bss.OSTCBCur)
    OSTCBFreeList                            0x20000bf4   Data           4  ucos_ii.o(.bss.OSTCBFreeList)
    OSTCBHighRdy                             0x20000bf8   Data           4  ucos_ii.o(.bss.OSTCBHighRdy)
    OSTCBList                                0x20000bfc   Data           4  ucos_ii.o(.bss.OSTCBList)
    OSTCBPrioTbl                             0x20000c00   Data         256  ucos_ii.o(.bss.OSTCBPrioTbl)
    OSTCBTbl                                 0x20000d00   Data        2024  ucos_ii.o(.bss.OSTCBTbl)
    OSTaskCtr                                0x200014e8   Data           1  ucos_ii.o(.bss.OSTaskCtr)
    OSTaskIdleStk                            0x200014ec   Data         512  ucos_ii.o(.bss.OSTaskIdleStk)
    OSTaskRegNextAvailID                     0x200016ec   Data           1  ucos_ii.o(.bss.OSTaskRegNextAvailID)
    OSTaskStatStk                            0x200016f0   Data         512  ucos_ii.o(.bss.OSTaskStatStk)
    OSTickStepState                          0x200018f0   Data           1  ucos_ii.o(.bss.OSTickStepState)
    OSTime                                   0x200018f4   Data           4  ucos_ii.o(.bss.OSTime)
    OSTmrFree                                0x200018fa   Data           2  ucos_ii.o(.bss.OSTmrFree)
    OSTmrFreeList                            0x200018fc   Data           4  ucos_ii.o(.bss.OSTmrFreeList)
    OSTmrSem                                 0x20001900   Data           4  ucos_ii.o(.bss.OSTmrSem)
    OSTmrSemSignal                           0x20001904   Data           4  ucos_ii.o(.bss.OSTmrSemSignal)
    OSTmrTaskStk                             0x20001908   Data         512  ucos_ii.o(.bss.OSTmrTaskStk)
    OSTmrTbl                                 0x20001b08   Data         640  ucos_ii.o(.bss.OSTmrTbl)
    OSTmrTime                                0x20001d88   Data           4  ucos_ii.o(.bss.OSTmrTime)
    OSTmrUsed                                0x20001d8c   Data           2  ucos_ii.o(.bss.OSTmrUsed)
    OSTmrWheelTbl                            0x20001d90   Data          56  ucos_ii.o(.bss.OSTmrWheelTbl)
    OS_CPU_ExceptStk                         0x20001dc8   Data        1024  os_cpu_c.o(.bss.OS_CPU_ExceptStk)
    OS_CPU_ExceptStkBase                     0x200021c8   Data           4  os_cpu_c.o(.bss.OS_CPU_ExceptStkBase)
    OS_KA_BASEPRI_Boundary                   0x200021cc   Data           4  os_cpu_c.o(.bss.OS_KA_BASEPRI_Boundary)
    START_TASK_STK                           0x200021d0   Data         512  main.o(.bss.START_TASK_STK)
    accel                                    0x200023d0   Data          12  sensor.o(.bss.accel)
    accelBias                                0x200023dc   Data          12  sensor.o(.bss.accelBias)
    altitude                                 0x200023e8   Data           4  sensor.o(.bss.altitude)
    attitude                                 0x200023ec   Data          12  ahrs.o(.bss.attitude)
    data                                     0x200023f8   Data         100  ano.o(.bss.data)
    gyro                                     0x2000245c   Data          12  sensor.o(.bss.gyro)
    gyroBias                                 0x20002468   Data          12  sensor.o(.bss.gyroBias)
    hadc1                                    0x20002474   Data          72  adc.o(.bss.hadc1)
    hdma_usart2_tx                           0x200024bc   Data          96  usart.o(.bss.hdma_usart2_tx)
    hi2c1                                    0x2000251c   Data          84  i2c.o(.bss.hi2c1)
    htim1                                    0x20002570   Data          72  tim.o(.bss.htim1)
    htim2                                    0x200025b8   Data          72  tim.o(.bss.htim2)
    htim3                                    0x20002600   Data          72  tim.o(.bss.htim3)
    huart2                                   0x20002648   Data          68  usart.o(.bss.huart2)
    inner_roll                               0x2000268c   Data          36  pid.o(.bss.inner_roll)
    mag                                      0x200026b0   Data          12  sensor.o(.bss.mag)
    magBias                                  0x200026bc   Data          12  sensor.o(.bss.magBias)
    msPROM                                   0x200026c8   Data          16  sensor.o(.bss.msPROM)
    mvalue                                   0x200026d8   Data           8  motor.o(.bss.mvalue)
    outer_roll                               0x200026e0   Data          36  pid.o(.bss.outer_roll)
    pressure                                 0x20002704   Data           4  sensor.o(.bss.pressure)
    pvalue                                   0x20002708   Data          28  remote.o(.bss.pvalue)
    q1                                       0x20002724   Data           4  ahrs.o(.bss.q1)
    q2                                       0x20002728   Data           4  ahrs.o(.bss.q2)
    q3                                       0x2000272c   Data           4  ahrs.o(.bss.q3)
    rstate                                   0x20002730   Data           7  remote.o(.bss.rstate)
    rvalue                                   0x20002738   Data          28  remote.o(.bss.rvalue)
    ucount                                   0x20002754   Data           7  remote.o(.bss.ucount)
    uwTick                                   0x2000275c   Data           4  stm32f4xx_hal.o(.bss.uwTick)
    voltage                                  0x20002760   Data           4  sensor.o(.bss.voltage)
    __initial_sp                             0x20002b68   Data           0  startup_stm32f401xe.o(STACK)



==============================================================================

Memory Map of the image

  Image Entry point : 0x08000195

  Load Region LR_IROM1 (Base: 0x08000000, Size: 0x00012520, Max: 0x00080000, ABSOLUTE)

    Execution Region ER_IROM1 (Exec base: 0x08000000, Load base: 0x08000000, Size: 0x000124f0, Max: 0x00080000, ABSOLUTE)

    Exec Addr    Load Addr    Size         Type   Attr      Idx    E Section Name        Object

    0x08000000   0x08000000   0x00000194   Data   RO          349    RESET               startup_stm32f401xe.o
    0x08000194   0x08000194   0x00000000   Code   RO         1995  * .ARM.Collect$$$$00000000  mc_w.l(entry.o)
    0x08000194   0x08000194   0x00000004   Code   RO         2054    .ARM.Collect$$$$00000001  mc_w.l(entry2.o)
    0x08000198   0x08000198   0x00000004   Code   RO         2057    .ARM.Collect$$$$00000004  mc_w.l(entry5.o)
    0x0800019c   0x0800019c   0x00000000   Code   RO         2059    .ARM.Collect$$$$00000008  mc_w.l(entry7b.o)
    0x0800019c   0x0800019c   0x00000000   Code   RO         2061    .ARM.Collect$$$$0000000A  mc_w.l(entry8b.o)
    0x0800019c   0x0800019c   0x00000008   Code   RO         2062    .ARM.Collect$$$$0000000B  mc_w.l(entry9a.o)
    0x080001a4   0x080001a4   0x00000000   Code   RO         2064    .ARM.Collect$$$$0000000D  mc_w.l(entry10a.o)
    0x080001a4   0x080001a4   0x00000000   Code   RO         2066    .ARM.Collect$$$$0000000F  mc_w.l(entry11a.o)
    0x080001a4   0x080001a4   0x00000004   Code   RO         2055    .ARM.Collect$$$$00002712  mc_w.l(entry2.o)
    0x080001a8   0x080001a8   0x00000024   Code   RO          350    .text               startup_stm32f401xe.o
    0x080001cc   0x080001cc   0x00000134   Code   RO         1690    .text               os_cpu_a.o
    0x08000300   0x08000300   0x00000094   Code   RO         1822    .text               arm_cortexM4lf_math.lib(arm_sin_f32.o)
    0x08000394   0x08000394   0x00000038   Code   RO         1873    .text               arm_cortexM4lf_math.lib(arm_pid_init_f32.o)
    0x080003cc   0x080003cc   0x00000062   Code   RO         1998    .text               mc_w.l(uldiv.o)
    0x0800042e   0x0800042e   0x00000024   Code   RO         2000    .text               mc_w.l(memcpya.o)
    0x08000452   0x08000452   0x00000024   Code   RO         2002    .text               mc_w.l(memseta.o)
    0x08000476   0x08000476   0x0000002c   Code   RO         2034    .text               mf_w.l(ffltl.o)
    0x080004a2   0x080004a2   0x00000026   Code   RO         2036    .text               mf_w.l(f2d.o)
    0x080004c8   0x080004c8   0x0000002c   Code   RO         2078    .text               mc_w.l(uidiv.o)
    0x080004f4   0x080004f4   0x0000001e   Code   RO         2080    .text               mc_w.l(llshl.o)
    0x08000512   0x08000512   0x00000020   Code   RO         2082    .text               mc_w.l(llushr.o)
    0x08000532   0x08000532   0x00000000   Code   RO         2091    .text               mc_w.l(iusefp.o)
    0x08000532   0x08000532   0x0000006e   Code   RO         2092    .text               mf_w.l(fepilogue.o)
    0x080005a0   0x080005a0   0x0000014e   Code   RO         2094    .text               mf_w.l(dadd.o)
    0x080006ee   0x080006ee   0x000000e4   Code   RO         2096    .text               mf_w.l(dmul.o)
    0x080007d2   0x080007d2   0x000000de   Code   RO         2098    .text               mf_w.l(ddiv.o)
    0x080008b0   0x080008b0   0x00000030   Code   RO         2100    .text               mf_w.l(dfixul.o)
    0x080008e0   0x080008e0   0x00000030   Code   RO         2102    .text               mf_w.l(cdrcmple.o)
    0x08000910   0x08000910   0x00000004   Code   RO         2104    .text               mf_w.l(fpstat.o)
    0x08000914   0x08000914   0x00000024   Code   RO         2106    .text               mc_w.l(init.o)
    0x08000938   0x08000938   0x00000024   Code   RO         2108    .text               mc_w.l(llsshr.o)
    0x0800095c   0x0800095c   0x000000ba   Code   RO         2110    .text               mf_w.l(depilogue.o)
    0x08000a16   0x08000a16   0x00000002   PAD
    0x08000a18   0x08000a18   0x000001b2   Code   RO          440    .text.ADC_Init      stm32f4xx_hal_adc.o
    0x08000bca   0x08000bca   0x00000002   PAD
    0x08000bcc   0x08000bcc   0x00000064   Code   RO          201    .text.AHRS_Update   ahrs.o
    0x08000c30   0x08000c30   0x00000058   Code   RO           48    .text.ANO_Receive_Analyze  ano.o
    0x08000c88   0x08000c88   0x000001ae   Code   RO           52    .text.ANO_Receive_Prepare  ano.o
    0x08000e36   0x08000e36   0x00000002   PAD
    0x08000e38   0x08000e38   0x000000d8   Code   RO           36    .text.ANO_Send_Battery  ano.o
    0x08000f10   0x08000f10   0x00000130   Code   RO           30    .text.ANO_Send_Euler  ano.o
    0x08001040   0x08001040   0x00000104   Code   RO           40    .text.ANO_Send_PWM  ano.o
    0x08001144   0x08001144   0x000000d0   Code   RO           46    .text.ANO_Send_Param  ano.o
    0x08001214   0x08001214   0x000000a6   Code   RO           44    .text.ANO_Send_Remote  ano.o
    0x080012ba   0x080012ba   0x00000002   PAD
    0x080012bc   0x080012bc   0x00000180   Code   RO           24    .text.ANO_Send_Sensor  ano.o
    0x0800143c   0x0800143c   0x000000c2   Code   RO           38    .text.ANO_Send_String  ano.o
    0x080014fe   0x080014fe   0x00000002   PAD
    0x08001500   0x08001500   0x00000290   Code   RO            6    .text.ANO_Task      main.o
    0x08001790   0x08001790   0x00000008   Code   RO         1745    .text.App_TCBInitHook  app_hooks.o
    0x08001798   0x08001798   0x00000008   Code   RO         1733    .text.App_TaskCreateHook  app_hooks.o
    0x080017a0   0x080017a0   0x00000008   Code   RO         1735    .text.App_TaskDelHook  app_hooks.o
    0x080017a8   0x080017a8   0x00000002   Code   RO         1737    .text.App_TaskIdleHook  app_hooks.o
    0x080017aa   0x080017aa   0x00000002   PAD
    0x080017ac   0x080017ac   0x00000008   Code   RO         1741    .text.App_TaskReturnHook  app_hooks.o
    0x080017b4   0x080017b4   0x00000002   Code   RO         1739    .text.App_TaskStatHook  app_hooks.o
    0x080017b6   0x080017b6   0x00000002   PAD
    0x080017b8   0x080017b8   0x00000002   Code   RO         1743    .text.App_TaskSwHook  app_hooks.o
    0x080017ba   0x080017ba   0x00000002   PAD
    0x080017bc   0x080017bc   0x00000008   Code   RO         1747    .text.App_TimeTickHook  app_hooks.o
    0x080017c4   0x080017c4   0x00000004   Code   RO          331    .text.BusFault_Handler  stm32f4xx_it.o
    0x080017c8   0x080017c8   0x00000032   Code   RO          339    .text.DMA1_Stream6_IRQHandler  stm32f4xx_it.o
    0x080017fa   0x080017fa   0x00000002   PAD
    0x080017fc   0x080017fc   0x00000056   Code   RO          538    .text.DMA_CalcBaseAndBitshift  stm32f4xx_hal_dma.o
    0x08001852   0x08001852   0x00000002   PAD
    0x08001854   0x08001854   0x000000f0   Code   RO          536    .text.DMA_CheckFifoParam  stm32f4xx_hal_dma.o
    0x08001944   0x08001944   0x00000050   Code   RO          544    .text.DMA_SetConfig  stm32f4xx_hal_dma.o
    0x08001994   0x08001994   0x00000002   Code   RO          337    .text.DebugMon_Handler  stm32f4xx_it.o
    0x08001996   0x08001996   0x00000002   PAD
    0x08001998   0x08001998   0x0000000e   Code   RO          189    .text.Error_Handler  sys.o
    0x080019a6   0x080019a6   0x00000002   PAD
    0x080019a8   0x080019a8   0x00000018   Code   RO            8    .text.FLIGHT_Task   main.o
    0x080019c0   0x080019c0   0x000002c0   Code   RO          480    .text.HAL_ADC_ConfigChannel  stm32f4xx_hal_adc.o
    0x08001c80   0x08001c80   0x0000000e   Code   RO          476    .text.HAL_ADC_GetValue  stm32f4xx_hal_adc.o
    0x08001c8e   0x08001c8e   0x00000002   PAD
    0x08001c90   0x08001c90   0x0000038e   Code   RO          436    .text.HAL_ADC_Init  stm32f4xx_hal_adc.o
    0x0800201e   0x0800201e   0x00000002   PAD
    0x08002020   0x08002020   0x00000086   Code   RO          246    .text.HAL_ADC_MspInit  adc.o
    0x080020a6   0x080020a6   0x00000002   PAD
    0x080020a8   0x080020a8   0x000001da   Code   RO          446    .text.HAL_ADC_Start  stm32f4xx_hal_adc.o
    0x08002282   0x08002282   0x00000002   PAD
    0x08002284   0x08002284   0x000000ec   Code   RO          548    .text.HAL_DMA_Abort  stm32f4xx_hal_dma.o
    0x08002370   0x08002370   0x00000044   Code   RO          550    .text.HAL_DMA_Abort_IT  stm32f4xx_hal_dma.o
    0x080023b4   0x080023b4   0x0000031e   Code   RO          554    .text.HAL_DMA_IRQHandler  stm32f4xx_hal_dma.o
    0x080026d2   0x080026d2   0x00000002   PAD
    0x080026d4   0x080026d4   0x00000536   Code   RO          534    .text.HAL_DMA_Init  stm32f4xx_hal_dma.o
    0x08002c0a   0x08002c0a   0x00000002   PAD
    0x08002c0c   0x08002c0c   0x000000e4   Code   RO          546    .text.HAL_DMA_Start_IT  stm32f4xx_hal_dma.o
    0x08002cf0   0x08002cf0   0x00000042   Code   RO          391    .text.HAL_Delay     stm32f4xx_hal.o
    0x08002d32   0x08002d32   0x00000002   PAD
    0x08002d34   0x08002d34   0x00000622   Code   RO          589    .text.HAL_GPIO_Init  stm32f4xx_hal_gpio.o
    0x08003356   0x08003356   0x00000002   PAD
    0x08003358   0x08003358   0x0000000c   Code   RO          383    .text.HAL_GetTick   stm32f4xx_hal.o
    0x08003364   0x08003364   0x00000422   Code   RO          613    .text.HAL_I2C_Init  stm32f4xx_hal_i2c.o
    0x08003786   0x08003786   0x00000002   PAD
    0x08003788   0x08003788   0x00000416   Code   RO          631    .text.HAL_I2C_Master_Receive  stm32f4xx_hal_i2c.o
    0x08003b9e   0x08003b9e   0x00000002   PAD
    0x08003ba0   0x08003ba0   0x00000208   Code   RO          621    .text.HAL_I2C_Master_Transmit  stm32f4xx_hal_i2c.o
    0x08003da8   0x08003da8   0x00000454   Code   RO          667    .text.HAL_I2C_Mem_Read  stm32f4xx_hal_i2c.o
    0x080041fc   0x080041fc   0x00000238   Code   RO          663    .text.HAL_I2C_Mem_Write  stm32f4xx_hal_i2c.o
    0x08004434   0x08004434   0x00000092   Code   RO          276    .text.HAL_I2C_MspInit  i2c.o
    0x080044c6   0x080044c6   0x00000002   PAD
    0x080044c8   0x080044c8   0x0000001a   Code   RO          381    .text.HAL_IncTick   stm32f4xx_hal.o
    0x080044e2   0x080044e2   0x00000002   PAD
    0x080044e4   0x080044e4   0x0000003c   Code   RO          371    .text.HAL_Init      stm32f4xx_hal.o
    0x08004520   0x08004520   0x00000070   Code   RO          373    .text.HAL_InitTick  stm32f4xx_hal.o
    0x08004590   0x08004590   0x00000052   Code   RO          236    .text.HAL_MspInit   stm32f4xx_hal_msp.o
    0x080045e2   0x080045e2   0x00000002   PAD
    0x080045e4   0x080045e4   0x00000030   Code   RO         1332    .text.HAL_NVIC_EnableIRQ  stm32f4xx_hal_cortex.o
    0x08004614   0x08004614   0x00000066   Code   RO         1324    .text.HAL_NVIC_SetPriority  stm32f4xx_hal_cortex.o
    0x0800467a   0x0800467a   0x00000002   PAD
    0x0800467c   0x0800467c   0x0000004a   Code   RO         1320    .text.HAL_NVIC_SetPriorityGrouping  stm32f4xx_hal_cortex.o
    0x080046c6   0x080046c6   0x00000002   PAD
    0x080046c8   0x080046c8   0x0000041a   Code   RO          799    .text.HAL_RCC_ClockConfig  stm32f4xx_hal_rcc.o
    0x08004ae2   0x08004ae2   0x00000002   PAD
    0x08004ae4   0x08004ae4   0x0000000c   Code   RO          809    .text.HAL_RCC_GetHCLKFreq  stm32f4xx_hal_rcc.o
    0x08004af0   0x08004af0   0x00000022   Code   RO          811    .text.HAL_RCC_GetPCLK1Freq  stm32f4xx_hal_rcc.o
    0x08004b12   0x08004b12   0x00000002   PAD
    0x08004b14   0x08004b14   0x00000022   Code   RO          813    .text.HAL_RCC_GetPCLK2Freq  stm32f4xx_hal_rcc.o
    0x08004b36   0x08004b36   0x00000002   PAD
    0x08004b38   0x08004b38   0x000000e6   Code   RO          801    .text.HAL_RCC_GetSysClockFreq  stm32f4xx_hal_rcc.o
    0x08004c1e   0x08004c1e   0x00000002   PAD
    0x08004c20   0x08004c20   0x000008ae   Code   RO          797    .text.HAL_RCC_OscConfig  stm32f4xx_hal_rcc.o
    0x080054ce   0x080054ce   0x00000002   PAD
    0x080054d0   0x080054d0   0x00000010   Code   RO         1344    .text.HAL_SYSTICK_Config  stm32f4xx_hal_cortex.o
    0x080054e0   0x080054e0   0x00000008   Code   RO         1175    .text.HAL_TIMEx_BreakCallback  stm32f4xx_hal_tim_ex.o
    0x080054e8   0x080054e8   0x00000008   Code   RO         1171    .text.HAL_TIMEx_CommutCallback  stm32f4xx_hal_tim_ex.o
    0x080054f0   0x080054f0   0x000001ee   Code   RO         1165    .text.HAL_TIMEx_MasterConfigSynchronization  stm32f4xx_hal_tim_ex.o
    0x080056de   0x080056de   0x00000002   PAD
    0x080056e0   0x080056e0   0x000001d6   Code   RO          851    .text.HAL_TIM_Base_Init  stm32f4xx_hal_tim.o
    0x080058b6   0x080058b6   0x00000002   PAD
    0x080058b8   0x080058b8   0x000001be   Code   RO          296    .text.HAL_TIM_Base_MspInit  tim.o
    0x08005a76   0x08005a76   0x00000002   PAD
    0x08005a78   0x08005a78   0x000007d2   Code   RO         1043    .text.HAL_TIM_ConfigClockSource  stm32f4xx_hal_tim.o
    0x0800624a   0x0800624a   0x00000002   PAD
    0x0800624c   0x0800624c   0x00000008   Code   RO          987    .text.HAL_TIM_IC_CaptureCallback  stm32f4xx_hal_tim.o
    0x08006254   0x08006254   0x000003ca   Code   RO         1007    .text.HAL_TIM_IC_ConfigChannel  stm32f4xx_hal_tim.o
    0x0800661e   0x0800661e   0x00000002   PAD
    0x08006620   0x08006620   0x000001d6   Code   RO          925    .text.HAL_TIM_IC_Init  stm32f4xx_hal_tim.o
    0x080067f6   0x080067f6   0x00000002   PAD
    0x080067f8   0x080067f8   0x00000008   Code   RO          927    .text.HAL_TIM_IC_MspInit  stm32f4xx_hal_tim.o
    0x08006800   0x08006800   0x000003de   Code   RO          937    .text.HAL_TIM_IC_Start_IT  stm32f4xx_hal_tim.o
    0x08006bde   0x08006bde   0x00000002   PAD
    0x08006be0   0x08006be0   0x0000027a   Code   RO          985    .text.HAL_TIM_IRQHandler  stm32f4xx_hal_tim.o
    0x08006e5a   0x08006e5a   0x00000002   PAD
    0x08006e5c   0x08006e5c   0x000000ae   Code   RO          294    .text.HAL_TIM_MspPostInit  tim.o
    0x08006f0a   0x08006f0a   0x00000002   PAD
    0x08006f0c   0x08006f0c   0x00000008   Code   RO          989    .text.HAL_TIM_OC_DelayElapsedCallback  stm32f4xx_hal_tim.o
    0x08006f14   0x08006f14   0x000003dc   Code   RO         1017    .text.HAL_TIM_PWM_ConfigChannel  stm32f4xx_hal_tim.o
    0x080072f0   0x080072f0   0x000001d6   Code   RO          905    .text.HAL_TIM_PWM_Init  stm32f4xx_hal_tim.o
    0x080074c6   0x080074c6   0x00000002   PAD
    0x080074c8   0x080074c8   0x00000008   Code   RO          907    .text.HAL_TIM_PWM_MspInit  stm32f4xx_hal_tim.o
    0x080074d0   0x080074d0   0x00000008   Code   RO          991    .text.HAL_TIM_PWM_PulseFinishedCallback  stm32f4xx_hal_tim.o
    0x080074d8   0x080074d8   0x000002dc   Code   RO          913    .text.HAL_TIM_PWM_Start  stm32f4xx_hal_tim.o
    0x080077b4   0x080077b4   0x00000008   Code   RO          993    .text.HAL_TIM_PeriodElapsedCallback  stm32f4xx_hal_tim.o
    0x080077bc   0x080077bc   0x00000246   Code   RO         1059    .text.HAL_TIM_ReadCapturedValue  stm32f4xx_hal_tim.o
    0x08007a02   0x08007a02   0x00000002   PAD
    0x08007a04   0x08007a04   0x00000008   Code   RO          995    .text.HAL_TIM_TriggerCallback  stm32f4xx_hal_tim.o
    0x08007a0c   0x08007a0c   0x0000000c   Code   RO         1279    .text.HAL_UARTEx_RxEventCallback  stm32f4xx_hal_uart.o
    0x08007a18   0x08007a18   0x00000008   Code   RO         1277    .text.HAL_UART_ErrorCallback  stm32f4xx_hal_uart.o
    0x08007a20   0x08007a20   0x0000041e   Code   RO         1271    .text.HAL_UART_IRQHandler  stm32f4xx_hal_uart.o
    0x08007e3e   0x08007e3e   0x00000002   PAD
    0x08007e40   0x08007e40   0x000001c0   Code   RO         1189    .text.HAL_UART_Init  stm32f4xx_hal_uart.o
    0x08008000   0x08008000   0x000000fa   Code   RO          312    .text.HAL_UART_MspInit  usart.o
    0x080080fa   0x080080fa   0x00000002   PAD
    0x080080fc   0x080080fc   0x00000008   Code   RO         1289    .text.HAL_UART_RxCpltCallback  stm32f4xx_hal_uart.o
    0x08008104   0x08008104   0x0000014e   Code   RO         1205    .text.HAL_UART_Transmit  stm32f4xx_hal_uart.o
    0x08008252   0x08008252   0x00000002   PAD
    0x08008254   0x08008254   0x00000110   Code   RO         1217    .text.HAL_UART_Transmit_DMA  stm32f4xx_hal_uart.o
    0x08008364   0x08008364   0x00000008   Code   RO         1285    .text.HAL_UART_TxCpltCallback  stm32f4xx_hal_uart.o
    0x0800836c   0x0800836c   0x00000008   Code   RO         1287    .text.HAL_UART_TxHalfCpltCallback  stm32f4xx_hal_uart.o
    0x08008374   0x08008374   0x000000aa   Code   RO          111    .text.HMC_Connect   sensor.o
    0x0800841e   0x0800841e   0x00000002   PAD
    0x08008420   0x08008420   0x00000038   Code   RO          113    .text.HMC_Init      sensor.o
    0x08008458   0x08008458   0x00000048   Code   RO          123    .text.HMC_ReadMagRaw  sensor.o
    0x080084a0   0x080084a0   0x000000ee   Code   RO          143    .text.HMC_SelfTest  sensor.o
    0x0800858e   0x0800858e   0x00000002   PAD
    0x08008590   0x08008590   0x00000004   Code   RO          327    .text.HardFault_Handler  stm32f4xx_it.o
    0x08008594   0x08008594   0x00000064   Code   RO          773    .text.I2C_IsAcknowledgeFailed  stm32f4xx_hal_i2c.o
    0x080085f8   0x080085f8   0x000001aa   Code   RO          633    .text.I2C_MasterRequestRead  stm32f4xx_hal_i2c.o
    0x080087a2   0x080087a2   0x00000002   PAD
    0x080087a4   0x080087a4   0x00000112   Code   RO          625    .text.I2C_MasterRequestWrite  stm32f4xx_hal_i2c.o
    0x080088b6   0x080088b6   0x00000002   PAD
    0x080088b8   0x080088b8   0x000001e2   Code   RO          669    .text.I2C_RequestMemoryRead  stm32f4xx_hal_i2c.o
    0x08008a9a   0x08008a9a   0x00000002   PAD
    0x08008a9c   0x08008a9c   0x0000013a   Code   RO          665    .text.I2C_RequestMemoryWrite  stm32f4xx_hal_i2c.o
    0x08008bd6   0x08008bd6   0x00000002   PAD
    0x08008bd8   0x08008bd8   0x00000096   Code   RO          629    .text.I2C_WaitOnBTFFlagUntilTimeout  stm32f4xx_hal_i2c.o
    0x08008c6e   0x08008c6e   0x00000002   PAD
    0x08008c70   0x08008c70   0x000000be   Code   RO          623    .text.I2C_WaitOnFlagUntilTimeout  stm32f4xx_hal_i2c.o
    0x08008d2e   0x08008d2e   0x00000002   PAD
    0x08008d30   0x08008d30   0x00000110   Code   RO          771    .text.I2C_WaitOnMasterAddressFlagUntilTimeout  stm32f4xx_hal_i2c.o
    0x08008e40   0x08008e40   0x000000c6   Code   RO          635    .text.I2C_WaitOnRXNEFlagUntilTimeout  stm32f4xx_hal_i2c.o
    0x08008f06   0x08008f06   0x00000002   PAD
    0x08008f08   0x08008f08   0x00000094   Code   RO          627    .text.I2C_WaitOnTXEFlagUntilTimeout  stm32f4xx_hal_i2c.o
    0x08008f9c   0x08008f9c   0x00000030   Code   RO           68    .text.MOTOR_Init    motor.o
    0x08008fcc   0x08008fcc   0x00000126   Code   RO           70    .text.MOTOR_Set     motor.o
    0x080090f2   0x080090f2   0x00000002   PAD
    0x080090f4   0x080090f4   0x000003fc   Code   RO          147    .text.MPU_Calibrate  sensor.o
    0x080094f0   0x080094f0   0x00000060   Code   RO          107    .text.MPU_Connect   sensor.o
    0x08009550   0x08009550   0x000000e4   Code   RO          109    .text.MPU_Init      sensor.o
    0x08009634   0x08009634   0x00000048   Code   RO          119    .text.MPU_ReadAccelRaw  sensor.o
    0x0800967c   0x0800967c   0x00000048   Code   RO          121    .text.MPU_ReadGyroRaw  sensor.o
    0x080096c4   0x080096c4   0x00000570   Code   RO          139    .text.MPU_SelfTest  sensor.o
    0x08009c34   0x08009c34   0x0000010c   Code   RO          145    .text.MS_CheckCRC   sensor.o
    0x08009d40   0x08009d40   0x00000080   Code   RO          115    .text.MS_Init       sensor.o
    0x08009dc0   0x08009dc0   0x00000032   Code   RO          129    .text.MS_ReadADC    sensor.o
    0x08009df2   0x08009df2   0x00000002   PAD
    0x08009df4   0x08009df4   0x00000060   Code   RO          133    .text.MS_ReadPROM   sensor.o
    0x08009e54   0x08009e54   0x00000212   Code   RO          125    .text.MS_ReadPressure  sensor.o
    0x0800a066   0x0800a066   0x00000002   PAD
    0x0800a068   0x0800a068   0x00000016   Code   RO          127    .text.MS_WriteCMD   sensor.o
    0x0800a07e   0x0800a07e   0x00000002   PAD
    0x0800a080   0x0800a080   0x00000080   Code   RO          244    .text.MX_ADC1_Init  adc.o
    0x0800a100   0x0800a100   0x0000003c   Code   RO          258    .text.MX_DMA_Init   dma.o
    0x0800a13c   0x0800a13c   0x0000006c   Code   RO          266    .text.MX_GPIO_Init  gpio.o
    0x0800a1a8   0x0800a1a8   0x00000048   Code   RO          274    .text.MX_I2C1_Init  i2c.o
    0x0800a1f0   0x0800a1f0   0x00000118   Code   RO          288    .text.MX_TIM1_Init  tim.o
    0x0800a308   0x0800a308   0x000000f8   Code   RO          290    .text.MX_TIM2_Init  tim.o
    0x0800a400   0x0800a400   0x0000012c   Code   RO          292    .text.MX_TIM3_Init  tim.o
    0x0800a52c   0x0800a52c   0x00000040   Code   RO          310    .text.MX_USART2_UART_Init  usart.o
    0x0800a56c   0x0800a56c   0x00000e38   Code   RO          203    .text.MadgwickAHRSupdate  ahrs.o
    0x0800b3a4   0x0800b3a4   0x00000688   Code   RO          205    .text.MadgwickAHRSupdateIMU  ahrs.o
    0x0800ba2c   0x0800ba2c   0x00000004   Code   RO          329    .text.MemManage_Handler  stm32f4xx_it.o
    0x0800ba30   0x0800ba30   0x00000004   Code   RO          325    .text.NMI_Handler   stm32f4xx_it.o
    0x0800ba34   0x0800ba34   0x0000006c   Code   RO         1330    .text.NVIC_EncodePriority  stm32f4xx_hal_cortex.o
    0x0800baa0   0x0800baa0   0x00000240   Code   RO         1756    .text.OSDebugInit   os_dbg.o
    0x0800bce0   0x0800bce0   0x0000007e   Code   RO         1396    .text.OSEventNameSet  ucos_ii.o
    0x0800bd5e   0x0800bd5e   0x00000002   PAD
    0x0800bd60   0x0800bd60   0x00000038   Code   RO         1406    .text.OSInit        ucos_ii.o
    0x0800bd98   0x0800bd98   0x00000084   Code   RO         1694    .text.OSInitHookBegin  os_cpu_c.o
    0x0800be1c   0x0800be1c   0x00000002   Code   RO         1696    .text.OSInitHookEnd  os_cpu_c.o
    0x0800be1e   0x0800be1e   0x00000002   PAD
    0x0800be20   0x0800be20   0x00000034   Code   RO         1428    .text.OSIntEnter    ucos_ii.o
    0x0800be54   0x0800be54   0x000000d2   Code   RO         1430    .text.OSIntExit     ucos_ii.o
    0x0800bf26   0x0800bf26   0x00000002   PAD
    0x0800bf28   0x0800bf28   0x00000064   Code   RO         1434    .text.OSSchedLock   ucos_ii.o
    0x0800bf8c   0x0800bf8c   0x00000092   Code   RO         1436    .text.OSSchedUnlock  ucos_ii.o
    0x0800c01e   0x0800c01e   0x00000002   PAD
    0x0800c020   0x0800c020   0x00000092   Code   RO         1562    .text.OSSemCreate   ucos_ii.o
    0x0800c0b2   0x0800c0b2   0x00000002   PAD
    0x0800c0b4   0x0800c0b4   0x0000014c   Code   RO         1566    .text.OSSemPend     ucos_ii.o
    0x0800c200   0x0800c200   0x000000a2   Code   RO         1570    .text.OSSemPost     ucos_ii.o
    0x0800c2a2   0x0800c2a2   0x00000002   PAD
    0x0800c2a4   0x0800c2a4   0x00000054   Code   RO         1438    .text.OSStart       ucos_ii.o
    0x0800c2f8   0x0800c2f8   0x00000070   Code   RO         1440    .text.OSStatInit    ucos_ii.o
    0x0800c368   0x0800c368   0x00000010   Code   RO         1712    .text.OSTCBInitHook  os_cpu_c.o
    0x0800c378   0x0800c378   0x0000011a   Code   RO         1578    .text.OSTaskCreate  ucos_ii.o
    0x0800c492   0x0800c492   0x00000002   PAD
    0x0800c494   0x0800c494   0x00000152   Code   RO         1580    .text.OSTaskCreateExt  ucos_ii.o
    0x0800c5e6   0x0800c5e6   0x00000002   PAD
    0x0800c5e8   0x0800c5e8   0x00000010   Code   RO         1698    .text.OSTaskCreateHook  os_cpu_c.o
    0x0800c5f8   0x0800c5f8   0x00000242   Code   RO         1584    .text.OSTaskDel     ucos_ii.o
    0x0800c83a   0x0800c83a   0x00000002   PAD
    0x0800c83c   0x0800c83c   0x00000010   Code   RO         1700    .text.OSTaskDelHook  os_cpu_c.o
    0x0800c84c   0x0800c84c   0x00000008   Code   RO         1702    .text.OSTaskIdleHook  os_cpu_c.o
    0x0800c854   0x0800c854   0x000000dc   Code   RO         1590    .text.OSTaskNameSet  ucos_ii.o
    0x0800c930   0x0800c930   0x00000010   Code   RO         1704    .text.OSTaskReturnHook  os_cpu_c.o
    0x0800c940   0x0800c940   0x00000008   Code   RO         1706    .text.OSTaskStatHook  os_cpu_c.o
    0x0800c948   0x0800c948   0x0000011e   Code   RO         1470    .text.OSTaskStkChk  ucos_ii.o
    0x0800ca66   0x0800ca66   0x00000002   PAD
    0x0800ca68   0x0800ca68   0x00000314   Code   RO         1708    .text.OSTaskStkInit  os_cpu_c.o
    0x0800cd7c   0x0800cd7c   0x00000154   Code   RO         1466    .text.OSTaskSuspend  ucos_ii.o
    0x0800ced0   0x0800ced0   0x00000028   Code   RO         1710    .text.OSTaskSwHook  os_cpu_c.o
    0x0800cef8   0x0800cef8   0x000000b2   Code   RO         1442    .text.OSTimeDly     ucos_ii.o
    0x0800cfaa   0x0800cfaa   0x00000002   PAD
    0x0800cfac   0x0800cfac   0x0000016c   Code   RO         1444    .text.OSTimeTick    ucos_ii.o
    0x0800d118   0x0800d118   0x00000030   Code   RO         1714    .text.OSTimeTickHook  os_cpu_c.o
    0x0800d148   0x0800d148   0x0000001e   Code   RO         1634    .text.OSTmrSignal   ucos_ii.o
    0x0800d166   0x0800d166   0x00000002   PAD
    0x0800d168   0x0800d168   0x00000148   Code   RO         1426    .text.OSTmr_Init    ucos_ii.o
    0x0800d2b0   0x0800d2b0   0x0000004c   Code   RO         1636    .text.OSTmr_InitTask  ucos_ii.o
    0x0800d2fc   0x0800d2fc   0x000000de   Code   RO         1630    .text.OSTmr_Link    ucos_ii.o
    0x0800d3da   0x0800d3da   0x00000002   PAD
    0x0800d3dc   0x0800d3dc   0x000000d4   Code   RO         1638    .text.OSTmr_Task    ucos_ii.o
    0x0800d4b0   0x0800d4b0   0x000000a2   Code   RO         1618    .text.OSTmr_Unlink  ucos_ii.o
    0x0800d552   0x0800d552   0x00000002   PAD
    0x0800d554   0x0800d554   0x00000002   Code   RO         1448    .text.OS_Dummy      ucos_ii.o
    0x0800d556   0x0800d556   0x00000002   PAD
    0x0800d558   0x0800d558   0x000000e4   Code   RO         1450    .text.OS_EventTaskRdy  ucos_ii.o
    0x0800d63c   0x0800d63c   0x0000004c   Code   RO         1452    .text.OS_EventTaskRemove  ucos_ii.o
    0x0800d688   0x0800d688   0x00000076   Code   RO         1404    .text.OS_EventTaskRemoveMulti  ucos_ii.o
    0x0800d6fe   0x0800d6fe   0x00000002   PAD
    0x0800d700   0x0800d700   0x00000082   Code   RO         1454    .text.OS_EventTaskWait  ucos_ii.o
    0x0800d782   0x0800d782   0x00000002   PAD
    0x0800d784   0x0800d784   0x00000038   Code   RO         1456    .text.OS_EventWaitListInit  ucos_ii.o
    0x0800d7bc   0x0800d7bc   0x000000a6   Code   RO         1416    .text.OS_FlagInit   ucos_ii.o
    0x0800d862   0x0800d862   0x00000002   PAD
    0x0800d864   0x0800d864   0x00000058   Code   RO         1490    .text.OS_FlagUnlink  ucos_ii.o
    0x0800d8bc   0x0800d8bc   0x000000b2   Code   RO         1414    .text.OS_InitEventList  ucos_ii.o
    0x0800d96e   0x0800d96e   0x00000002   PAD
    0x0800d970   0x0800d970   0x00000072   Code   RO         1408    .text.OS_InitMisc   ucos_ii.o
    0x0800d9e2   0x0800d9e2   0x00000002   PAD
    0x0800d9e4   0x0800d9e4   0x0000006a   Code   RO         1410    .text.OS_InitRdyList  ucos_ii.o
    0x0800da4e   0x0800da4e   0x00000002   PAD
    0x0800da50   0x0800da50   0x000000bc   Code   RO         1412    .text.OS_InitTCBList  ucos_ii.o
    0x0800db0c   0x0800db0c   0x0000004c   Code   RO         1422    .text.OS_InitTaskIdle  ucos_ii.o
    0x0800db58   0x0800db58   0x0000004c   Code   RO         1424    .text.OS_InitTaskStat  ucos_ii.o
    0x0800dba4   0x0800dba4   0x0000002c   Code   RO         1458    .text.OS_MemClr     ucos_ii.o
    0x0800dbd0   0x0800dbd0   0x0000009c   Code   RO         1418    .text.OS_MemInit    ucos_ii.o
    0x0800dc6c   0x0800dc6c   0x00000090   Code   RO         1420    .text.OS_QInit      ucos_ii.o
    0x0800dcfc   0x0800dcfc   0x0000009c   Code   RO         1402    .text.OS_Sched      ucos_ii.o
    0x0800dd98   0x0800dd98   0x0000003c   Code   RO         1432    .text.OS_SchedNew   ucos_ii.o
    0x0800ddd4   0x0800ddd4   0x0000021a   Code   RO         1472    .text.OS_TCBInit    ucos_ii.o
    0x0800dfee   0x0800dfee   0x00000002   PAD
    0x0800dff0   0x0800dff0   0x00000036   Code   RO         1462    .text.OS_TaskIdle   ucos_ii.o
    0x0800e026   0x0800e026   0x00000002   PAD
    0x0800e028   0x0800e028   0x00000018   Code   RO         1602    .text.OS_TaskReturn  ucos_ii.o
    0x0800e040   0x0800e040   0x00000152   Code   RO         1464    .text.OS_TaskStat   ucos_ii.o
    0x0800e192   0x0800e192   0x00000002   PAD
    0x0800e194   0x0800e194   0x00000076   Code   RO         1468    .text.OS_TaskStatStkChk  ucos_ii.o
    0x0800e20a   0x0800e20a   0x00000002   PAD
    0x0800e20c   0x0800e20c   0x00000042   Code   RO         1582    .text.OS_TaskStkClr  ucos_ii.o
    0x0800e24e   0x0800e24e   0x00000002   PAD
    0x0800e250   0x0800e250   0x00000026   Code   RO          222    .text.PID_Init      pid.o
    0x0800e276   0x0800e276   0x00000002   PAD
    0x0800e278   0x0800e278   0x0000012c   Code   RO          207    .text.QToEuler      ahrs.o
    0x0800e3a4   0x0800e3a4   0x0000006a   Code   RO           82    .text.REMOTE_Init   remote.o
    0x0800e40e   0x0800e40e   0x00000002   PAD
    0x0800e410   0x0800e410   0x0000002c   Code   RO          105    .text.SENSOR_Init   sensor.o
    0x0800e43c   0x0800e43c   0x0000004c   Code   RO          137    .text.SENSOR_ReadBytes  sensor.o
    0x0800e488   0x0800e488   0x0000005c   Code   RO          131    .text.SENSOR_RegReadBytes  sensor.o
    0x0800e4e4   0x0800e4e4   0x00000058   Code   RO          141    .text.SENSOR_RegWriteByte  sensor.o
    0x0800e53c   0x0800e53c   0x00000274   Code   RO          117    .text.SENSOR_Update  sensor.o
    0x0800e7b0   0x0800e7b0   0x00000048   Code   RO          135    .text.SENSOR_WriteByte  sensor.o
    0x0800e7f8   0x0800e7f8   0x00000064   Code   RO            4    .text.START_Task    main.o
    0x0800e85c   0x0800e85c   0x00000002   Code   RO          335    .text.SVC_Handler   stm32f4xx_it.o
    0x0800e85e   0x0800e85e   0x00000002   PAD
    0x0800e860   0x0800e860   0x00000066   Code   RO          183    .text.SYS_Init      sys.o
    0x0800e8c6   0x0800e8c6   0x00000002   PAD
    0x0800e8c8   0x0800e8c8   0x00000052   Code   RO         1346    .text.SysTick_Config  stm32f4xx_hal_cortex.o
    0x0800e91a   0x0800e91a   0x00000002   PAD
    0x0800e91c   0x0800e91c   0x0000002a   Code   RO         1716    .text.SysTick_Handler  os_cpu_c.o
    0x0800e946   0x0800e946   0x00000002   PAD
    0x0800e948   0x0800e948   0x000000b6   Code   RO          185    .text.SystemClock_Config  sys.o
    0x0800e9fe   0x0800e9fe   0x00000002   PAD
    0x0800ea00   0x0800ea00   0x00000012   Code   RO          357    .text.SystemInit    system_stm32f4xx.o
    0x0800ea12   0x0800ea12   0x00000002   PAD
    0x0800ea14   0x0800ea14   0x000000d8   Code   RO           84    .text.TIM1_CC_IRQHandler  remote.o
    0x0800eaec   0x0800eaec   0x00000080   Code   RO           88    .text.TIM1_UP_TIM10_IRQHandler  remote.o
    0x0800eb6c   0x0800eb6c   0x00000126   Code   RO           90    .text.TIM2_IRQHandler  remote.o
    0x0800ec92   0x0800ec92   0x00000002   PAD
    0x0800ec94   0x0800ec94   0x0000013a   Code   RO          855    .text.TIM_Base_SetConfig  stm32f4xx_hal_tim.o
    0x0800edce   0x0800edce   0x00000002   PAD
    0x0800edd0   0x0800edd0   0x00000308   Code   RO           86    .text.TIM_CC_Handler  remote.o
    0x0800f0d8   0x0800f0d8   0x000000fe   Code   RO          889    .text.TIM_CCxChannelCmd  stm32f4xx_hal_tim.o
    0x0800f1d6   0x0800f1d6   0x00000002   PAD
    0x0800f1d8   0x0800f1d8   0x00000034   Code   RO         1041    .text.TIM_ETR_SetConfig  stm32f4xx_hal_tim.o
    0x0800f20c   0x0800f20c   0x0000002a   Code   RO         1047    .text.TIM_ITRx_SetConfig  stm32f4xx_hal_tim.o
    0x0800f236   0x0800f236   0x00000002   PAD
    0x0800f238   0x0800f238   0x00000142   Code   RO          999    .text.TIM_OC1_SetConfig  stm32f4xx_hal_tim.o
    0x0800f37a   0x0800f37a   0x00000002   PAD
    0x0800f37c   0x0800f37c   0x0000014c   Code   RO         1001    .text.TIM_OC2_SetConfig  stm32f4xx_hal_tim.o
    0x0800f4c8   0x0800f4c8   0x0000014a   Code   RO         1003    .text.TIM_OC3_SetConfig  stm32f4xx_hal_tim.o
    0x0800f612   0x0800f612   0x00000002   PAD
    0x0800f614   0x0800f614   0x000000be   Code   RO         1005    .text.TIM_OC4_SetConfig  stm32f4xx_hal_tim.o
    0x0800f6d2   0x0800f6d2   0x00000002   PAD
    0x0800f6d4   0x0800f6d4   0x00000050   Code   RO         1045    .text.TIM_TI1_ConfigInputStage  stm32f4xx_hal_tim.o
    0x0800f724   0x0800f724   0x000000ee   Code   RO         1009    .text.TIM_TI1_SetConfig  stm32f4xx_hal_tim.o
    0x0800f812   0x0800f812   0x00000002   PAD
    0x0800f814   0x0800f814   0x00000052   Code   RO         1049    .text.TIM_TI2_ConfigInputStage  stm32f4xx_hal_tim.o
    0x0800f866   0x0800f866   0x00000002   PAD
    0x0800f868   0x0800f868   0x0000006c   Code   RO         1011    .text.TIM_TI2_SetConfig  stm32f4xx_hal_tim.o
    0x0800f8d4   0x0800f8d4   0x0000006a   Code   RO         1013    .text.TIM_TI3_SetConfig  stm32f4xx_hal_tim.o
    0x0800f93e   0x0800f93e   0x00000002   PAD
    0x0800f940   0x0800f940   0x0000006c   Code   RO         1015    .text.TIM_TI4_SetConfig  stm32f4xx_hal_tim.o
    0x0800f9ac   0x0800f9ac   0x00000020   Code   RO         1275    .text.UART_DMAAbortOnError  stm32f4xx_hal_uart.o
    0x0800f9cc   0x0800f9cc   0x0000007c   Code   RO         1223    .text.UART_DMAError  stm32f4xx_hal_uart.o
    0x0800fa48   0x0800fa48   0x0000007a   Code   RO         1219    .text.UART_DMATransmitCplt  stm32f4xx_hal_uart.o
    0x0800fac2   0x0800fac2   0x00000002   PAD
    0x0800fac4   0x0800fac4   0x00000016   Code   RO         1221    .text.UART_DMATxHalfCplt  stm32f4xx_hal_uart.o
    0x0800fada   0x0800fada   0x00000002   PAD
    0x0800fadc   0x0800fadc   0x00000094   Code   RO         1237    .text.UART_EndRxTransfer  stm32f4xx_hal_uart.o
    0x0800fb70   0x0800fb70   0x00000026   Code   RO         1283    .text.UART_EndTransmit_IT  stm32f4xx_hal_uart.o
    0x0800fb96   0x0800fb96   0x00000002   PAD
    0x0800fb98   0x0800fb98   0x00000036   Code   RO         1235    .text.UART_EndTxTransfer  stm32f4xx_hal_uart.o
    0x0800fbce   0x0800fbce   0x00000002   PAD
    0x0800fbd0   0x0800fbd0   0x00000164   Code   RO         1273    .text.UART_Receive_IT  stm32f4xx_hal_uart.o
    0x0800fd34   0x0800fd34   0x000001e6   Code   RO         1193    .text.UART_SetConfig  stm32f4xx_hal_uart.o
    0x0800ff1a   0x0800ff1a   0x00000002   PAD
    0x0800ff1c   0x0800ff1c   0x00000094   Code   RO         1281    .text.UART_Transmit_IT  stm32f4xx_hal_uart.o
    0x0800ffb0   0x0800ffb0   0x000000d2   Code   RO         1207    .text.UART_WaitOnFlagUntilTimeout  stm32f4xx_hal_uart.o
    0x08010082   0x08010082   0x00000002   PAD
    0x08010084   0x08010084   0x0000009e   Code   RO           54    .text.USART2_IRQHandler  ano.o
    0x08010122   0x08010122   0x00000002   PAD
    0x08010124   0x08010124   0x00000004   Code   RO          333    .text.UsageFault_Handler  stm32f4xx_it.o
    0x08010128   0x08010128   0x00000030   Code   RO         1334    .text.__NVIC_EnableIRQ  stm32f4xx_hal_cortex.o
    0x08010158   0x08010158   0x00000010   Code   RO         1326    .text.__NVIC_GetPriorityGrouping  stm32f4xx_hal_cortex.o
    0x08010168   0x08010168   0x00000042   Code   RO         1328    .text.__NVIC_SetPriority  stm32f4xx_hal_cortex.o
    0x080101aa   0x080101aa   0x00000002   PAD
    0x080101ac   0x080101ac   0x0000003c   Code   RO         1322    .text.__NVIC_SetPriorityGrouping  stm32f4xx_hal_cortex.o
    0x080101e8   0x080101e8   0x00000078   Code   RO           26    .text.ano_addcheck  ano.o
    0x08010260   0x08010260   0x0000008e   Code   RO           50    .text.ano_check     ano.o
    0x080102ee   0x080102ee   0x00000002   PAD
    0x080102f0   0x080102f0   0x0000001c   Code   RO          191    .text.assert_failed  sys.o
    0x0801030c   0x0801030c   0x00000022   Code   RO          187    .text.fputc         sys.o
    0x0801032e   0x0801032e   0x00000002   PAD
    0x08010330   0x08010330   0x00000034   Code   RO            2    .text.main          main.o
    0x08010364   0x08010364   0x00000020   Code   RO         2007    i.__0printf         mc_w.l(printfa.o)
    0x08010384   0x08010384   0x00000026   Code   RO         2038    i.__ARM_fpclassifyf  m_wm.l(fpclassifyf.o)
    0x080103aa   0x080103aa   0x00000002   PAD
    0x080103ac   0x080103ac   0x000002ac   Code   RO         1976    i.__hardfp_atan2f   m_wm.l(atan2f.o)
    0x08010658   0x08010658   0x00000664   Code   RO         1982    i.__hardfp_powf     m_wm.l(powf.o)
    0x08010cbc   0x08010cbc   0x0000003a   Code   RO         1989    i.__hardfp_sqrtf    m_wm.l(sqrtf.o)
    0x08010cf6   0x08010cf6   0x00000002   PAD
    0x08010cf8   0x08010cf8   0x00000014   Code   RO         2040    i.__mathlib_flt_divzero  m_wm.l(funder.o)
    0x08010d0c   0x08010d0c   0x00000006   Code   RO         2042    i.__mathlib_flt_infnan2  m_wm.l(funder.o)
    0x08010d12   0x08010d12   0x00000002   PAD
    0x08010d14   0x08010d14   0x00000010   Code   RO         2043    i.__mathlib_flt_invalid  m_wm.l(funder.o)
    0x08010d24   0x08010d24   0x00000010   Code   RO         2044    i.__mathlib_flt_overflow  m_wm.l(funder.o)
    0x08010d34   0x08010d34   0x00000010   Code   RO         2046    i.__mathlib_flt_underflow  m_wm.l(funder.o)
    0x08010d44   0x08010d44   0x0000000e   Code   RO         2114    i.__scatterload_copy  mc_w.l(handlers.o)
    0x08010d52   0x08010d52   0x00000002   Code   RO         2115    i.__scatterload_null  mc_w.l(handlers.o)
    0x08010d54   0x08010d54   0x0000000e   Code   RO         2116    i.__scatterload_zeroinit  mc_w.l(handlers.o)
    0x08010d62   0x08010d62   0x00000002   PAD
    0x08010d64   0x08010d64   0x0000000c   Code   RO         2086    i.__set_errno       mc_w.l(errno.o)
    0x08010d70   0x08010d70   0x00000184   Code   RO         2014    i._fp_digits        mc_w.l(printfa.o)
    0x08010ef4   0x08010ef4   0x000006dc   Code   RO         2015    i._printf_core      mc_w.l(printfa.o)
    0x080115d0   0x080115d0   0x00000024   Code   RO         2016    i._printf_post_padding  mc_w.l(printfa.o)
    0x080115f4   0x080115f4   0x0000002e   Code   RO         2017    i._printf_pre_padding  mc_w.l(printfa.o)
    0x08011622   0x08011622   0x00000002   PAD
    0x08011624   0x08011624   0x00000804   Data   RO         1953    .constdata          arm_cortexM4lf_math.lib(arm_common_tables.o)
    0x08011e28   0x08011e28   0x00000140   Data   RO         1985    .constdata          m_wm.l(powf.o)
    0x08011f68   0x08011f68   0x00000010   Data   RO          362    .rodata.AHBPrescTable  system_stm32f4xx.o
    0x08011f78   0x08011f78   0x00000008   Data   RO          363    .rodata.APBPrescTable  system_stm32f4xx.o
    0x08011f80   0x08011f80   0x00000008   Data   RO          565    .rodata.DMA_CalcBaseAndBitshift.flagBitshiftOffset  stm32f4xx_hal_dma.o
    0x08011f88   0x08011f88   0x00000004   Data   RO          159    .rodata.DegreeToRadian  sensor.o
    0x08011f8c   0x08011f8c   0x00000002   Data   RO         1813    .rodata.OSDataSize  os_dbg.o
    0x08011f8e   0x08011f8e   0x00000002   Data   RO         1758    .rodata.OSDebugEn   os_dbg.o
    0x08011f90   0x08011f90   0x00000004   Data   RO         1759    .rodata.OSEndiannessTest  os_dbg.o
    0x08011f94   0x08011f94   0x00000002   Data   RO         1760    .rodata.OSEventEn   os_dbg.o
    0x08011f96   0x08011f96   0x00000002   Data   RO         1761    .rodata.OSEventMax  os_dbg.o
    0x08011f98   0x08011f98   0x00000002   Data   RO         1765    .rodata.OSEventMultiEn  os_dbg.o
    0x08011f9a   0x08011f9a   0x00000002   Data   RO         1762    .rodata.OSEventNameEn  os_dbg.o
    0x08011f9c   0x08011f9c   0x00000002   Data   RO         1763    .rodata.OSEventSize  os_dbg.o
    0x08011f9e   0x08011f9e   0x00000002   Data   RO         1764    .rodata.OSEventTblSize  os_dbg.o
    0x08011fa0   0x08011fa0   0x00000002   Data   RO         1766    .rodata.OSFlagEn    os_dbg.o
    0x08011fa2   0x08011fa2   0x00000002   Data   RO         1767    .rodata.OSFlagGrpSize  os_dbg.o
    0x08011fa4   0x08011fa4   0x00000002   Data   RO         1770    .rodata.OSFlagMax   os_dbg.o
    0x08011fa6   0x08011fa6   0x00000002   Data   RO         1771    .rodata.OSFlagNameEn  os_dbg.o
    0x08011fa8   0x08011fa8   0x00000002   Data   RO         1768    .rodata.OSFlagNodeSize  os_dbg.o
    0x08011faa   0x08011faa   0x00000002   Data   RO         1769    .rodata.OSFlagWidth  os_dbg.o
    0x08011fac   0x08011fac   0x00000002   Data   RO         1772    .rodata.OSLowestPrio  os_dbg.o
    0x08011fae   0x08011fae   0x00000002   Data   RO         1773    .rodata.OSMboxEn    os_dbg.o
    0x08011fb0   0x08011fb0   0x00000002   Data   RO         1774    .rodata.OSMemEn     os_dbg.o
    0x08011fb2   0x08011fb2   0x00000002   Data   RO         1775    .rodata.OSMemMax    os_dbg.o
    0x08011fb4   0x08011fb4   0x00000002   Data   RO         1776    .rodata.OSMemNameEn  os_dbg.o
    0x08011fb6   0x08011fb6   0x00000002   Data   RO         1777    .rodata.OSMemSize   os_dbg.o
    0x08011fb8   0x08011fb8   0x00000002   Data   RO         1778    .rodata.OSMemTblSize  os_dbg.o
    0x08011fba   0x08011fba   0x00000002   Data   RO         1779    .rodata.OSMutexEn   os_dbg.o
    0x08011fbc   0x08011fbc   0x00000002   Data   RO         1780    .rodata.OSPtrSize   os_dbg.o
    0x08011fbe   0x08011fbe   0x00000002   Data   RO         1781    .rodata.OSQEn       os_dbg.o
    0x08011fc0   0x08011fc0   0x00000002   Data   RO         1782    .rodata.OSQMax      os_dbg.o
    0x08011fc2   0x08011fc2   0x00000002   Data   RO         1783    .rodata.OSQSize     os_dbg.o
    0x08011fc4   0x08011fc4   0x00000002   Data   RO         1784    .rodata.OSRdyTblSize  os_dbg.o
    0x08011fc6   0x08011fc6   0x00000002   Data   RO         1785    .rodata.OSSemEn     os_dbg.o
    0x08011fc8   0x08011fc8   0x00000002   Data   RO         1786    .rodata.OSStkWidth  os_dbg.o
    0x08011fca   0x08011fca   0x00000002   Data   RO         1799    .rodata.OSTCBPrioTblMax  os_dbg.o
    0x08011fcc   0x08011fcc   0x00000002   Data   RO         1800    .rodata.OSTCBSize   os_dbg.o
    0x08011fce   0x08011fce   0x00000002   Data   RO         1787    .rodata.OSTaskCreateEn  os_dbg.o
    0x08011fd0   0x08011fd0   0x00000002   Data   RO         1788    .rodata.OSTaskCreateExtEn  os_dbg.o
    0x08011fd2   0x08011fd2   0x00000002   Data   RO         1789    .rodata.OSTaskDelEn  os_dbg.o
    0x08011fd4   0x08011fd4   0x00000002   Data   RO         1790    .rodata.OSTaskIdleStkSize  os_dbg.o
    0x08011fd6   0x08011fd6   0x00000002   Data   RO         1792    .rodata.OSTaskMax   os_dbg.o
    0x08011fd8   0x08011fd8   0x00000002   Data   RO         1793    .rodata.OSTaskNameEn  os_dbg.o
    0x08011fda   0x08011fda   0x00000002   Data   RO         1791    .rodata.OSTaskProfileEn  os_dbg.o
    0x08011fdc   0x08011fdc   0x00000002   Data   RO         1794    .rodata.OSTaskStatEn  os_dbg.o
    0x08011fde   0x08011fde   0x00000002   Data   RO         1796    .rodata.OSTaskStatStkChkEn  os_dbg.o
    0x08011fe0   0x08011fe0   0x00000002   Data   RO         1795    .rodata.OSTaskStatStkSize  os_dbg.o
    0x08011fe2   0x08011fe2   0x00000002   Data   RO         1797    .rodata.OSTaskSwHookEn  os_dbg.o
    0x08011fe4   0x08011fe4   0x00000002   Data   RO         1801    .rodata.OSTicksPerSec  os_dbg.o
    0x08011fe6   0x08011fe6   0x00000002   Data   RO         1802    .rodata.OSTimeTickHookEn  os_dbg.o
    0x08011fe8   0x08011fe8   0x00000002   Data   RO         1805    .rodata.OSTmrCfgMax  os_dbg.o
    0x08011fea   0x08011fea   0x00000002   Data   RO         1806    .rodata.OSTmrCfgNameEn  os_dbg.o
    0x08011fec   0x08011fec   0x00000002   Data   RO         1808    .rodata.OSTmrCfgTicksPerSec  os_dbg.o
    0x08011fee   0x08011fee   0x00000002   Data   RO         1807    .rodata.OSTmrCfgWheelSize  os_dbg.o
    0x08011ff0   0x08011ff0   0x00000002   Data   RO         1804    .rodata.OSTmrEn     os_dbg.o
    0x08011ff2   0x08011ff2   0x00000002   Data   RO         1809    .rodata.OSTmrSize   os_dbg.o
    0x08011ff4   0x08011ff4   0x00000002   Data   RO         1810    .rodata.OSTmrTblSize  os_dbg.o
    0x08011ff6   0x08011ff6   0x00000002   Data   RO         1811    .rodata.OSTmrWheelSize  os_dbg.o
    0x08011ff8   0x08011ff8   0x00000002   Data   RO         1812    .rodata.OSTmrWheelTblSize  os_dbg.o
    0x08011ffa   0x08011ffa   0x00000100   Data   RO         1640    .rodata.OSUnMapTbl  ucos_ii.o
    0x080120fa   0x080120fa   0x00000002   Data   RO         1803    .rodata.OSVersionNbr  os_dbg.o
    0x080120fc   0x080120fc   0x00000004   Data   RO          160    .rodata.RadianToDegree  sensor.o
    0x08012100   0x08012100   0x00000007   Data   RO           92    .rodata.TIM_CHANNEL  remote.o
    0x08012107   0x08012107   0x00000007   Data   RO           93    .rodata.TIM_FLAG    remote.o
    0x0801210e   0x0801210e   0x00000002   PAD
    0x08012110   0x08012110   0x00000010   Data   RO          154    .rodata.aRes        sensor.o
    0x08012120   0x08012120   0x00000010   Data   RO          155    .rodata.gRes        sensor.o
    0x08012130   0x08012130   0x00000020   Data   RO          156    .rodata.mRes        sensor.o
    0x08012150   0x08012150   0x000001d1   Data   RO          171    .rodata.str1.1      sensor.o
    0x08012321   0x08012321   0x00000040   Data   RO          193    .rodata.str1.1      sys.o
    0x08012361   0x08012361   0x0000001f   Data   RO          488    .rodata.str1.1      stm32f4xx_hal_adc.o
    0x08012380   0x08012380   0x0000001f   Data   RO          564    .rodata.str1.1      stm32f4xx_hal_dma.o
    0x0801239f   0x0801239f   0x00000020   Data   RO          605    .rodata.str1.1      stm32f4xx_hal_gpio.o
    0x080123bf   0x080123bf   0x0000001f   Data   RO          775    .rodata.str1.1      stm32f4xx_hal_i2c.o
    0x080123de   0x080123de   0x0000001f   Data   RO          823    .rodata.str1.1      stm32f4xx_hal_rcc.o
    0x080123fd   0x080123fd   0x0000001f   Data   RO         1089    .rodata.str1.1      stm32f4xx_hal_tim.o
    0x0801241c   0x0801241c   0x00000022   Data   RO         1181    .rodata.str1.1      stm32f4xx_hal_tim_ex.o
    0x0801243e   0x0801243e   0x00000020   Data   RO         1311    .rodata.str1.1      stm32f4xx_hal_uart.o
    0x0801245e   0x0801245e   0x00000022   Data   RO         1384    .rodata.str1.1      stm32f4xx_hal_cortex.o
    0x08012480   0x08012480   0x0000004f   Data   RO         1661    .rodata.str1.1      ucos_ii.o
    0x080124cf   0x080124cf   0x00000001   PAD
    0x080124d0   0x080124d0   0x00000020   Data   RO         2113    Region$$Table       anon$$obj.o


    Execution Region RW_IRAM1 (Exec base: 0x20000000, Load base: 0x080124f0, Size: 0x00002b68, Max: 0x00018000, ABSOLUTE)

    Exec Addr    Load Addr    Size         Type   Attr      Idx    E Section Name        Object

    0x20000000   0x080124f0   0x00000004   Data   RW         2068    .data               mc_w.l(stdout.o)
    0x20000004   0x080124f4   0x00000004   Data   RW         2087    .data               mc_w.l(errno.o)
    0x20000008   0x080124f8   0x00000001   Data   RW          152    .data.Ascale        sensor.o
    0x20000009   0x080124f9   0x00000001   Data   RW          151    .data.Gscale        sensor.o
    0x2000000a   0x080124fa   0x00000001   Data   RW          153    .data.Mscale        sensor.o
    0x2000000b   0x080124fb   0x00000001   PAD
    0x2000000c   0x080124fc   0x00000004   Data   RW          361    .data.SystemCoreClock  system_stm32f4xx.o
    0x20000010   0x08012500   0x00000004   Data   RW          209    .data.beta          ahrs.o
    0x20000014   0x08012504   0x00000004   Data   RW          158    .data.initialPressure  sensor.o
    0x20000018   0x08012508   0x0000000c   Data   RW          157    .data.magScale      sensor.o
    0x20000024   0x08012514   0x00000004   Data   RW          210    .data.q0            ahrs.o
    0x20000028   0x08012518   0x00000001   Data   RW          426    .data.uwTickFreq    stm32f4xx_hal.o
    0x20000029   0x08012519   0x00000003   PAD
    0x2000002c   0x0801251c   0x00000004   Data   RW          425    .data.uwTickPrio    stm32f4xx_hal.o
    0x20000030        -       0x0000000c   Zero   RW           57    .bss.ANO_Receive_Analyze.a  ano.o
    0x2000003c        -       0x00000001   Zero   RW           60    .bss.ANO_Receive_Prepare.cnt  ano.o
    0x2000003d        -       0x00000032   Zero   RW           58    .bss.ANO_Receive_Prepare.data  ano.o
    0x2000006f        -       0x00000001   Zero   RW           59    .bss.ANO_Receive_Prepare.state  ano.o
    0x20000070        -       0x00000400   Zero   RW           11    .bss.ANO_TASK_STK   main.o
    0x20000470        -       0x00000001   Zero   RW           13    .bss.ANO_Task.count  main.o
    0x20000471        -       0x0000012c   Zero   RW           14    .bss.ANO_Task.data  main.o
    0x2000059d   0x08012520   0x00000003   PAD
    0x200005a0        -       0x00000400   Zero   RW           12    .bss.FLIGHT_TASK_STK  main.o
    0x200009a0        -       0x00000001   Zero   RW          172    .bss.MS_ReadPressure.state  sensor.o
    0x200009a1        -       0x00000001   Zero   RW         1658    .bss.OSCPUUsage     ucos_ii.o
    0x200009a2   0x08012520   0x00000002   PAD
    0x200009a4        -       0x00000004   Zero   RW         1649    .bss.OSCtxSwCtr     ucos_ii.o
    0x200009a8        -       0x00000004   Zero   RW         1665    .bss.OSEventFreeList  ucos_ii.o
    0x200009ac        -       0x000000f0   Zero   RW         1679    .bss.OSEventTbl     ucos_ii.o
    0x20000a9c        -       0x00000004   Zero   RW         1663    .bss.OSFlagFreeList  ucos_ii.o
    0x20000aa0        -       0x00000050   Zero   RW         1664    .bss.OSFlagTbl      ucos_ii.o
    0x20000af0        -       0x00000004   Zero   RW         1650    .bss.OSIdleCtr      ucos_ii.o
    0x20000af4        -       0x00000004   Zero   RW         1651    .bss.OSIdleCtrMax   ucos_ii.o
    0x20000af8        -       0x00000004   Zero   RW         1659    .bss.OSIdleCtrRun   ucos_ii.o
    0x20000afc        -       0x00000001   Zero   RW         1641    .bss.OSIntNesting   ucos_ii.o
    0x20000afd        -       0x00000001   Zero   RW         1642    .bss.OSLockNesting  ucos_ii.o
    0x20000afe   0x08012520   0x00000002   PAD
    0x20000b00        -       0x00000004   Zero   RW         1666    .bss.OSMemFreeList  ucos_ii.o
    0x20000b04        -       0x00000078   Zero   RW         1667    .bss.OSMemTbl       ucos_ii.o
    0x20000b7c        -       0x00000001   Zero   RW         1648    .bss.OSPrioCur      ucos_ii.o
    0x20000b7d        -       0x00000001   Zero   RW         1646    .bss.OSPrioHighRdy  ucos_ii.o
    0x20000b7e   0x08012520   0x00000002   PAD
    0x20000b80        -       0x00000004   Zero   RW         1668    .bss.OSQFreeList    ucos_ii.o
    0x20000b84        -       0x00000060   Zero   RW         1669    .bss.OSQTbl         ucos_ii.o
    0x20000be4        -       0x00000001   Zero   RW         1656    .bss.OSRdyGrp       ucos_ii.o
    0x20000be5        -       0x00000008   Zero   RW         1657    .bss.OSRdyTbl       ucos_ii.o
    0x20000bed        -       0x00000001   Zero   RW         1644    .bss.OSRunning      ucos_ii.o
    0x20000bee        -       0x00000001   Zero   RW         1652    .bss.OSStatRdy      ucos_ii.o
    0x20000bef   0x08012520   0x00000001   PAD
    0x20000bf0        -       0x00000004   Zero   RW         1643    .bss.OSTCBCur       ucos_ii.o
    0x20000bf4        -       0x00000004   Zero   RW         1660    .bss.OSTCBFreeList  ucos_ii.o
    0x20000bf8        -       0x00000004   Zero   RW         1647    .bss.OSTCBHighRdy   ucos_ii.o
    0x20000bfc        -       0x00000004   Zero   RW         1655    .bss.OSTCBList      ucos_ii.o
    0x20000c00        -       0x00000100   Zero   RW         1645    .bss.OSTCBPrioTbl   ucos_ii.o
    0x20000d00        -       0x000007e8   Zero   RW         1682    .bss.OSTCBTbl       ucos_ii.o
    0x200014e8        -       0x00000001   Zero   RW         1662    .bss.OSTaskCtr      ucos_ii.o
    0x200014e9   0x08012520   0x00000003   PAD
    0x200014ec        -       0x00000200   Zero   RW         1681    .bss.OSTaskIdleStk  ucos_ii.o
    0x200016ec        -       0x00000001   Zero   RW         1670    .bss.OSTaskRegNextAvailID  ucos_ii.o
    0x200016ed   0x08012520   0x00000003   PAD
    0x200016f0        -       0x00000200   Zero   RW         1680    .bss.OSTaskStatStk  ucos_ii.o
    0x200018f0        -       0x00000001   Zero   RW         1654    .bss.OSTickStepState  ucos_ii.o
    0x200018f1   0x08012520   0x00000003   PAD
    0x200018f4        -       0x00000004   Zero   RW         1653    .bss.OSTime         ucos_ii.o
    0x200018f8        -       0x00000002   Zero   RW         1724    .bss.OSTmrCtr       os_cpu_c.o
    0x200018fa        -       0x00000002   Zero   RW         1676    .bss.OSTmrFree      ucos_ii.o
    0x200018fc        -       0x00000004   Zero   RW         1677    .bss.OSTmrFreeList  ucos_ii.o
    0x20001900        -       0x00000004   Zero   RW         1678    .bss.OSTmrSem       ucos_ii.o
    0x20001904        -       0x00000004   Zero   RW         1672    .bss.OSTmrSemSignal  ucos_ii.o
    0x20001908        -       0x00000200   Zero   RW         1683    .bss.OSTmrTaskStk   ucos_ii.o
    0x20001b08        -       0x00000280   Zero   RW         1673    .bss.OSTmrTbl       ucos_ii.o
    0x20001d88        -       0x00000004   Zero   RW         1671    .bss.OSTmrTime      ucos_ii.o
    0x20001d8c        -       0x00000002   Zero   RW         1675    .bss.OSTmrUsed      ucos_ii.o
    0x20001d8e   0x08012520   0x00000002   PAD
    0x20001d90        -       0x00000038   Zero   RW         1674    .bss.OSTmrWheelTbl  ucos_ii.o
    0x20001dc8        -       0x00000400   Zero   RW         1722    .bss.OS_CPU_ExceptStk  os_cpu_c.o
    0x200021c8        -       0x00000004   Zero   RW         1723    .bss.OS_CPU_ExceptStkBase  os_cpu_c.o
    0x200021cc        -       0x00000004   Zero   RW         1725    .bss.OS_KA_BASEPRI_Boundary  os_cpu_c.o
    0x200021d0        -       0x00000200   Zero   RW           10    .bss.START_TASK_STK  main.o
    0x200023d0        -       0x0000000c   Zero   RW          163    .bss.accel          sensor.o
    0x200023dc        -       0x0000000c   Zero   RW          162    .bss.accelBias      sensor.o
    0x200023e8        -       0x00000004   Zero   RW          169    .bss.altitude       sensor.o
    0x200023ec        -       0x0000000c   Zero   RW          214    .bss.attitude       ahrs.o
    0x200023f8        -       0x00000064   Zero   RW           56    .bss.data           ano.o
    0x2000245c        -       0x0000000c   Zero   RW          165    .bss.gyro           sensor.o
    0x20002468        -       0x0000000c   Zero   RW          164    .bss.gyroBias       sensor.o
    0x20002474        -       0x00000048   Zero   RW          250    .bss.hadc1          adc.o
    0x200024bc        -       0x00000060   Zero   RW          317    .bss.hdma_usart2_tx  usart.o
    0x2000251c        -       0x00000054   Zero   RW          280    .bss.hi2c1          i2c.o
    0x20002570        -       0x00000048   Zero   RW          300    .bss.htim1          tim.o
    0x200025b8        -       0x00000048   Zero   RW          301    .bss.htim2          tim.o
    0x20002600        -       0x00000048   Zero   RW          302    .bss.htim3          tim.o
    0x20002648        -       0x00000044   Zero   RW          316    .bss.huart2         usart.o
    0x2000268c        -       0x00000024   Zero   RW          228    .bss.inner_roll     pid.o
    0x200026b0        -       0x0000000c   Zero   RW          167    .bss.mag            sensor.o
    0x200026bc        -       0x0000000c   Zero   RW          166    .bss.magBias        sensor.o
    0x200026c8        -       0x00000010   Zero   RW          173    .bss.msPROM         sensor.o
    0x200026d8        -       0x00000008   Zero   RW           74    .bss.mvalue         motor.o
    0x200026e0        -       0x00000024   Zero   RW          227    .bss.outer_roll     pid.o
    0x20002704        -       0x00000004   Zero   RW          168    .bss.pressure       sensor.o
    0x20002708        -       0x0000001c   Zero   RW           97    .bss.pvalue         remote.o
    0x20002724        -       0x00000004   Zero   RW          211    .bss.q1             ahrs.o
    0x20002728        -       0x00000004   Zero   RW          212    .bss.q2             ahrs.o
    0x2000272c        -       0x00000004   Zero   RW          213    .bss.q3             ahrs.o
    0x20002730        -       0x00000007   Zero   RW           96    .bss.rstate         remote.o
    0x20002737   0x08012520   0x00000001   PAD
    0x20002738        -       0x0000001c   Zero   RW           95    .bss.rvalue         remote.o
    0x20002754        -       0x00000007   Zero   RW           94    .bss.ucount         remote.o
    0x2000275b   0x08012520   0x00000001   PAD
    0x2000275c        -       0x00000004   Zero   RW          427    .bss.uwTick         stm32f4xx_hal.o
    0x20002760        -       0x00000004   Zero   RW          170    .bss.voltage        sensor.o
    0x20002764   0x08012520   0x00000004   PAD
    0x20002768        -       0x00000400   Zero   RW          347    STACK               startup_stm32f401xe.o


==============================================================================

Image component sizes


      Code (inc. data)   RO Data    RW Data    ZI Data      Debug   Object Name

       262          0          0          0         72       4794   adc.o
      5712         12          0          8         24       7188   ahrs.o
      2670          0          0          0        164       6892   ano.o
        46          0          0          0          0       2608   app_hooks.o
        60          0          0          0          0       2746   dma.o
       108          0          0          0          0       1451   gpio.o
       218          0          0          0         84       5000   i2c.o
       832          8          0          0       2861       1825   main.o
       342          0          0          0          8       1365   motor.o
       308         34          0          0          0        308   os_cpu_a.o
      1132          0          0          0       1034       4513   os_cpu_c.o
       576          0        112          0          0       2241   os_dbg.o
        38          0          0          0         72        869   pid.o
      1520          0         14          0         70       5161   remote.o
      5510         44        537         19        101       9450   sensor.o
        36          8        404          0       1024        816   startup_stm32f401xe.o
       276          0          0          5          4       6512   stm32f4xx_hal.o
      2536          0         31          0          0       9754   stm32f4xx_hal_adc.o
       620          0         34          0          0       8859   stm32f4xx_hal_cortex.o
      3070          8         39          0          0       8301   stm32f4xx_hal_dma.o
      1570          0         32          0          0       5090   stm32f4xx_hal_gpio.o
      6854          0         31          0          0      37195   stm32f4xx_hal_i2c.o
        82          0          0          0          0       1463   stm32f4xx_hal_msp.o
      3582          0         31          0          0       7567   stm32f4xx_hal_rcc.o
     10922         66         31          0          0      36217   stm32f4xx_hal_tim.o
       510          0         34          0          0      15342   stm32f4xx_hal_tim_ex.o
      3892          0         32          0          0      19960   stm32f4xx_hal_uart.o
        74          0          0          0          0       1069   stm32f4xx_it.o
       360          0         64          0          0       3103   sys.o
        18          0         24          4          0       2468   system_stm32f4xx.o
      1448          0          0          0        216       8532   tim.o
      8442          0        335          0       5139      46616   ucos_ii.o
       314          0          0          0        164       6140   usart.o

    ----------------------------------------------------------------------
     64164        180       1820         40      11064     281415   Object Totals
         0          0         32          0          0          0   (incl. Generated)
       224          0          3          4         27          0   (incl. Padding)

    ----------------------------------------------------------------------

      Code (inc. data)   RO Data    RW Data    ZI Data      Debug   Library Member Name

         0          0       2052          0          0       4704   arm_common_tables.o
        56          0          0          0          0        643   arm_pid_init_f32.o
       148         18          0          0          0      18682   arm_sin_f32.o
       684         90          0          0          0        208   atan2f.o
        38          0          0          0          0        116   fpclassifyf.o
        74         24          0          0          0        580   funder.o
      1636        110        320          0          0        372   powf.o
        58          0          0          0          0        136   sqrtf.o
         0          0          0          0          0          0   entry.o
         0          0          0          0          0          0   entry10a.o
         0          0          0          0          0          0   entry11a.o
         8          4          0          0          0          0   entry2.o
         4          0          0          0          0          0   entry5.o
         0          0          0          0          0          0   entry7b.o
         0          0          0          0          0          0   entry8b.o
         8          4          0          0          0          0   entry9a.o
        12          6          0          4          0         68   errno.o
        30          0          0          0          0          0   handlers.o
        36          8          0          0          0         68   init.o
         0          0          0          0          0          0   iusefp.o
        30          0          0          0          0         68   llshl.o
        36          0          0          0          0         68   llsshr.o
        32          0          0          0          0         68   llushr.o
        36          0          0          0          0         68   memcpya.o
        36          0          0          0          0        108   memseta.o
      2258         90          0          0          0        452   printfa.o
         0          0          0          4          0          0   stdout.o
        44          0          0          0          0         80   uidiv.o
        98          0          0          0          0         92   uldiv.o
        48          0          0          0          0         68   cdrcmple.o
       334          0          0          0          0        148   dadd.o
       222          0          0          0          0        100   ddiv.o
       186          0          0          0          0        176   depilogue.o
        48          0          0          0          0         68   dfixul.o
       228          0          0          0          0         96   dmul.o
        38          0          0          0          0         68   f2d.o
       110          0          0          0          0        168   fepilogue.o
        44          0          0          0          0         92   ffltl.o
         4          0          0          0          0         68   fpstat.o

    ----------------------------------------------------------------------
      6636        354       2372          8          0      27633   Library Totals
        12          0          0          0          0          0   (incl. Padding)

    ----------------------------------------------------------------------

      Code (inc. data)   RO Data    RW Data    ZI Data      Debug   Library Name

       204         18       2052          0          0      24029   arm_cortexM4lf_math.lib
      2490        224        320          0          0       1412   m_wm.l
      2668        112          0          8          0       1140   mc_w.l
      1262          0          0          0          0       1052   mf_w.l

    ----------------------------------------------------------------------
      6636        354       2372          8          0      27633   Library Totals

    ----------------------------------------------------------------------

==============================================================================


      Code (inc. data)   RO Data    RW Data    ZI Data      Debug   

     70800        534       4192         48      11064     306660   Grand Totals
     70800        534       4192         48      11064     306660   ELF Image Totals
     70800        534       4192         48          0          0   ROM Totals

==============================================================================

    Total RO  Size (Code + RO Data)                74992 (  73.23kB)
    Total RW  Size (RW Data + ZI Data)             11112 (  10.85kB)
    Total ROM Size (Code + RO Data + RW Data)      75040 (  73.28kB)

==============================================================================

