Component: ARM Compiler 5.06 update 7 (build 960) Tool: armlink [4d3601]

==============================================================================

Section Cross References

    main.o(i.ANO_Task) refers to ano.o(i.ANO_Send_Sensor) for ANO_Send_Sensor
    main.o(i.ANO_Task) refers to ano.o(i.ANO_Send_Euler) for ANO_Send_Euler
    main.o(i.ANO_Task) refers to ano.o(i.ANO_Send_Battery) for ANO_Send_Battery
    main.o(i.ANO_Task) refers to ano.o(i.ANO_Send_PWM) for ANO_Send_PWM
    main.o(i.ANO_Task) refers to ano.o(i.ANO_Send_Remote) for ANO_Send_Remote
    main.o(i.ANO_Task) refers to stm32f4xx_hal_uart.o(i.HAL_UART_Transmit_DMA) for HAL_UART_Transmit_DMA
    main.o(i.ANO_Task) refers to ano.o(i.ANO_Send_String) for ANO_Send_String
    main.o(i.ANO_Task) refers to ucos_ii.o(i.OSTimeDly) for OSTimeDly
    main.o(i.ANO_Task) refers to main.o(.data) for count
    main.o(i.ANO_Task) refers to sensor.o(.bss) for gyro
    main.o(i.ANO_Task) refers to main.o(.bss) for data
    main.o(i.ANO_Task) refers to ahrs.o(.bss) for attitude
    main.o(i.ANO_Task) refers to ucos_ii.o(.data) for OSCPUUsage
    main.o(i.ANO_Task) refers to sensor.o(.data) for voltage
    main.o(i.ANO_Task) refers to motor.o(.data) for mvalue
    main.o(i.ANO_Task) refers to remote.o(.bss) for rvalue
    main.o(i.ANO_Task) refers to usart.o(.bss) for huart2
    main.o(i.FLIGHT_Task) refers to sensor.o(i.SENSOR_Update) for SENSOR_Update
    main.o(i.FLIGHT_Task) refers to ahrs.o(i.AHRS_Update) for AHRS_Update
    main.o(i.FLIGHT_Task) refers to ucos_ii.o(i.OSTimeDly) for OSTimeDly
    main.o(i.START_Task) refers to ucos_ii.o(i.OSStatInit) for OSStatInit
    main.o(i.START_Task) refers to os_cpu_a.o(.text) for OS_CPU_SR_Save
    main.o(i.START_Task) refers to ucos_ii.o(i.OSTaskCreate) for OSTaskCreate
    main.o(i.START_Task) refers to ucos_ii.o(i.OSTaskDel) for OSTaskDel
    main.o(i.START_Task) refers to main.o(.bss) for ANO_TASK_STK
    main.o(i.START_Task) refers to main.o(i.ANO_Task) for ANO_Task
    main.o(i.START_Task) refers to main.o(i.FLIGHT_Task) for FLIGHT_Task
    main.o(i.main) refers to sys.o(i.SYS_Init) for SYS_Init
    main.o(i.main) refers to ucos_ii.o(i.OSInit) for OSInit
    main.o(i.main) refers to ucos_ii.o(i.OSTaskCreate) for OSTaskCreate
    main.o(i.main) refers to ucos_ii.o(i.OSStart) for OSStart
    main.o(i.main) refers to main.o(.bss) for START_TASK_STK
    main.o(i.main) refers to main.o(i.START_Task) for START_Task
    ano.o(i.ANO_Receive_Analyze) refers to ano.o(i.ano_check) for ano_check
    ano.o(i.ANO_Receive_Analyze) refers to ano.o(i.ANO_Send_Param) for ANO_Send_Param
    ano.o(i.ANO_Receive_Analyze) refers to stm32f4xx_hal_uart.o(i.HAL_UART_Transmit) for HAL_UART_Transmit
    ano.o(i.ANO_Receive_Analyze) refers to ano.o(.bss) for a
    ano.o(i.ANO_Receive_Analyze) refers to usart.o(.bss) for huart2
    ano.o(i.ANO_Receive_Prepare) refers to ano.o(i.ANO_Receive_Analyze) for ANO_Receive_Analyze
    ano.o(i.ANO_Receive_Prepare) refers to ano.o(.data) for state
    ano.o(i.ANO_Receive_Prepare) refers to ano.o(.bss) for data
    ano.o(i.ANO_Send_Altitude) refers to ano.o(i.ano_addcheck) for ano_addcheck
    ano.o(i.ANO_Send_Battery) refers to ano.o(i.ano_addcheck) for ano_addcheck
    ano.o(i.ANO_Send_Control) refers to ano.o(i.ano_addcheck) for ano_addcheck
    ano.o(i.ANO_Send_Euler) refers to ano.o(i.ano_addcheck) for ano_addcheck
    ano.o(i.ANO_Send_PWM) refers to ano.o(i.ano_addcheck) for ano_addcheck
    ano.o(i.ANO_Send_Param) refers to ano.o(i.ano_addcheck) for ano_addcheck
    ano.o(i.ANO_Send_Quaternion) refers to ano.o(i.ano_addcheck) for ano_addcheck
    ano.o(i.ANO_Send_Remote) refers to ano.o(i.ano_addcheck) for ano_addcheck
    ano.o(i.ANO_Send_Sensor) refers to ano.o(i.ano_addcheck) for ano_addcheck
    ano.o(i.ANO_Send_Sensor2) refers to ano.o(i.ano_addcheck) for ano_addcheck
    ano.o(i.ANO_Send_String) refers to ano.o(i.ano_addcheck) for ano_addcheck
    ano.o(i.ANO_Send_String) refers to stm32f4xx_hal_uart.o(i.HAL_UART_Transmit) for HAL_UART_Transmit
    ano.o(i.ANO_Send_String) refers to ano.o(.bss) for data
    ano.o(i.ANO_Send_String) refers to usart.o(.bss) for huart2
    ano.o(i.USART2_IRQHandler) refers to os_cpu_a.o(.text) for OS_CPU_SR_Save
    ano.o(i.USART2_IRQHandler) refers to ucos_ii.o(i.OSIntEnter) for OSIntEnter
    ano.o(i.USART2_IRQHandler) refers to ano.o(i.ANO_Receive_Prepare) for ANO_Receive_Prepare
    ano.o(i.USART2_IRQHandler) refers to stm32f4xx_hal_uart.o(i.HAL_UART_IRQHandler) for HAL_UART_IRQHandler
    ano.o(i.USART2_IRQHandler) refers to ucos_ii.o(i.OSIntExit) for OSIntExit
    ano.o(i.USART2_IRQHandler) refers to usart.o(.bss) for huart2
    motor.o(i.MOTOR_Control) refers to motor.o(i.MOTOR_Set) for MOTOR_Set
    motor.o(i.MOTOR_Control) refers to motor.o(.data) for mvalue
    motor.o(i.MOTOR_Init) refers to stm32f4xx_hal_tim.o(i.HAL_TIM_PWM_Start) for HAL_TIM_PWM_Start
    motor.o(i.MOTOR_Init) refers to tim.o(.bss) for htim3
[...]
    __Vectors_End                            0x08000194   Data           0  startup_stm32f401xe.o(RESET)
    __main                                   0x08000195   Thumb Code     0  entry.o(.ARM.Collect$$$$00000000)
    _main_stk                                0x08000195   Thumb Code     0  entry2.o(.ARM.Collect$$$$00000001)
    _main_scatterload                        0x08000199   Thumb Code     0  entry5.o(.ARM.Collect$$$$00000004)
    __main_after_scatterload                 0x0800019d   Thumb Code     0  entry5.o(.ARM.Collect$$$$00000004)
    _main_clock                              0x0800019d   Thumb Code     0  entry7b.o(.ARM.Collect$$$$00000008)
    _main_cpp_init                           0x0800019d   Thumb Code     0  entry8b.o(.ARM.Collect$$$$0000000A)
    _main_init                               0x0800019d   Thumb Code     0  entry9a.o(.ARM.Collect$$$$0000000B)
    __rt_lib_shutdown_fini                   0x080001a5   Thumb Code     0  entry12b.o(.ARM.Collect$$$$0000000E)
    __rt_final_cpp                           0x080001a9   Thumb Code     0  entry10a.o(.ARM.Collect$$$$0000000F)
    __rt_final_exit                          0x080001a9   Thumb Code     0  entry11a.o(.ARM.Collect$$$$00000011)
    Reset_Handler                            0x080001ad   Thumb Code     8  startup_stm32f401xe.o(.text)
    ADC_IRQHandler                           0x080001c7   Thumb Code     0  startup_stm32f401xe.o(.text)
    DMA1_Stream0_IRQHandler                  0x080001c7   Thumb Code     0  startup_stm32f401xe.o(.text)
    DMA1_Stream1_IRQHandler                  0x080001c7   Thumb Code     0  startup_stm32f401xe.o(.text)
    DMA1_Stream2_IRQHandler                  0x080001c7   Thumb Code     0  startup_stm32f401xe.o(.text)
    DMA1_Stream3_IRQHandler                  0x080001c7   Thumb Code     0  startup_stm32f401xe.o(.text)
    DMA1_Stream4_IRQHandler                  0x080001c7   Thumb Code     0  startup_stm32f401xe.o(.text)
    DMA1_Stream5_IRQHandler                  0x080001c7   Thumb Code     0  startup_stm32f401xe.o(.text)
    DMA1_Stream7_IRQHandler                  0x080001c7   Thumb Code     0  startup_stm32f401xe.o(.text)
    DMA2_Stream0_IRQHandler                  0x080001c7   Thumb Code     0  startup_stm32f401xe.o(.text)
    DMA2_Stream1_IRQHandler                  0x080001c7   Thumb Code     0  startup_stm32f401xe.o(.text)
    DMA2_Stream2_IRQHandler                  0x080001c7   Thumb Code     0  startup_stm32f401xe.o(.text)
    DMA2_Stream3_IRQHandler                  0x080001c7   Thumb Code     0  startup_stm32f401xe.o(.text)
    DMA2_Stream4_IRQHandler                  0x080001c7   Thumb Code     0  startup_stm32f401xe.o(.text)
    DMA2_Stream5_IRQHandler                  0x080001c7   Thumb Code     0  startup_stm32f401xe.o(.text)
    DMA2_Stream6_IRQHandler                  0x080001c7   Thumb Code     0  startup_stm32f401xe.o(.text)
    DMA2_Stream7_IRQHandler                  0x080001c7   Thumb Code     0  startup_stm32f401xe.o(.text)
    EXTI0_IRQHandler                         0x080001c7   Thumb Code     0  startup_stm32f401xe.o(.text)
    EXTI15_10_IRQHandler                     0x080001c7   Thumb Code     0  startup_stm32f401xe.o(.text)
    EXTI1_IRQHandler                         0x080001c7   Thumb Code     0  startup_stm32f401xe.o(.text)
    EXTI2_IRQHandler                         0x080001c7   Thumb Code     0  startup_stm32f401xe.o(.text)
    EXTI3_IRQHandler                         0x080001c7   Thumb Code     0  startup_stm32f401xe.o(.text)
    EXTI4_IRQHandler                         0x080001c7   Thumb Code     0  startup_stm32f401xe.o(.text)
    EXTI9_5_IRQHandler                       0x080001c7   Thumb Code     0  startup_stm32f401xe.o(.text)
    FLASH_IRQHandler                         0x080001c7   Thumb Code     0  startup_stm32f401xe.o(.text)
    FPU_IRQHandler                           0x080001c7   Thumb Code     0  startup_stm32f401xe.o(.text)
    I2C1_ER_IRQHandler                       0x080001c7   Thumb Code     0  startup_stm32f401xe.o(.text)
    I2C1_EV_IRQHandler                       0x080001c7   Thumb Code     0  startup_stm32f401xe.o(.text)
    I2C2_ER_IRQHandler                       0x080001c7   Thumb Code     0  startup_stm32f401xe.o(.text)
    I2C2_EV_IRQHandler                       0x080001c7   Thumb Code     0  startup_stm32f401xe.o(.text)
    I2C3_ER_IRQHandler                       0x080001c7   Thumb Code     0  startup_stm32f401xe.o(.text)
    I2C3_EV_IRQHandler                       0x080001c7   Thumb Code     0  startup_stm32f401xe.o(.text)
    OTG_FS_IRQHandler                        0x080001c7   Thumb Code     0  startup_stm32f401xe.o(.text)
    OTG_FS_WKUP_IRQHandler                   0x080001c7   Thumb Code     0  startup_stm32f401xe.o(.text)
    PVD_IRQHandler                           0x080001c7   Thumb Code     0  startup_stm32f401xe.o(.text)
    RCC_IRQHandler                           0x080001c7   Thumb Code     0  startup_stm32f401xe.o(.text)
    RTC_Alarm_IRQHandler                     0x080001c7   Thumb Code     0  startup_stm32f401xe.o(.text)
    RTC_WKUP_IRQHandler                      0x080001c7   Thumb Code     0  startup_stm32f401xe.o(.text)
    SDIO_IRQHandler                          0x080001c7   Thumb Code     0  startup_stm32f401xe.o(.text)
    SPI1_IRQHandler                          0x080001c7   Thumb Code     0  startup_stm32f401xe.o(.text)
    SPI2_IRQHandler                          0x080001c7   Thumb Code     0  startup_stm32f401xe.o(.text)
    SPI3_IRQHandler                          0x080001c7   Thumb Code     0  startup_stm32f401xe.o(.text)
    SPI4_IRQHandler                          0x080001c7   Thumb Code     0  startup_stm32f401xe.o(.text)
    TAMP_STAMP_IRQHandler                    0x080001c7   Thumb Code     0  startup_stm32f401xe.o(.text)
    TIM1_BRK_TIM9_IRQHandler                 0x080001c7   Thumb Code     0  startup_stm32f401xe.o(.text)
    TIM1_TRG_COM_TIM11_IRQHandler            0x080001c7   Thumb Code     0  startup_stm32f401xe.o(.text)
    TIM3_IRQHandler                          0x080001c7   Thumb Code     0  startup_stm32f401xe.o(.text)
    TIM4_IRQHandler                          0x080001c7   Thumb Code     0  startup_stm32f401xe.o(.text)
    TIM5_IRQHandler                          0x080001c7   Thumb Code     0  startup_stm32f401xe.o(.text)
    USART1_IRQHandler                        0x080001c7   Thumb Code     0  startup_stm32f401xe.o(.text)
    USART6_IRQHandler                        0x080001c7   Thumb Code     0  startup_stm32f401xe.o(.text)
    WWDG_IRQHandler                          0x080001c7   Thumb Code     0  startup_stm32f401xe.o(.text)
    OS_CPU_FP_Reg_Push                       0x080001d1   Thumb Code     0  os_cpu_a.o(.text)
    OS_CPU_FP_Reg_Pop                        0x080001e3   Thumb Code     0  os_cpu_a.o(.text)
    OS_CPU_SR_Save                           0x080001ef   Thumb Code     0  os_cpu_a.o(.text)
    OS_CPU_SR_Restore                        0x0800020b   Thumb Code     0  os_cpu_a.o(.text)
    OSStartHighRdy                           0x0800021d   Thumb Code     0  os_cpu_a.o(.text)
    OSCtxSw                                  0x08000275   Thumb Code     0  os_cpu_a.o(.text)
    OSIntCtxSw                               0x08000275   Thumb Code     0  os_cpu_a.o(.text)
    PendSV_Handler                           0x0800027f   Thumb Code     0  os_cpu_a.o(.text)
    arm_sin_f32                              0x08000305   Thumb Code   130  arm_sin_f32.o(.text)
    arm_pid_init_f32                         0x08000399   Thumb Code    56  arm_pid_init_f32.o(.text)
    __aeabi_uldivmod                         0x080003d1   Thumb Code    98  uldiv.o(.text)
    __aeabi_ldivmod                          0x08000433   Thumb Code    98  ldiv.o(.text)
    __aeabi_memcpy                           0x08000495   Thumb Code    36  memcpya.o(.text)
    __aeabi_memcpy4                          0x08000495   Thumb Code     0  memcpya.o(.text)
    __aeabi_memcpy8                          0x08000495   Thumb Code     0  memcpya.o(.text)
    __aeabi_memset                           0x080004b9   Thumb Code    14  memseta.o(.text)
    __aeabi_memset4                          0x080004b9   Thumb Code     0  memseta.o(.text)
    __aeabi_memset8                          0x080004b9   Thumb Code     0  memseta.o(.text)
    __aeabi_memclr                           0x080004c7   Thumb Code     4  memseta.o(.text)
    __aeabi_memclr4                          0x080004c7   Thumb Code     0  memseta.o(.text)
    __aeabi_memclr8                          0x080004c7   Thumb Code     0  memseta.o(.text)
    _memset$wrapper                          0x080004cb   Thumb Code    18  memseta.o(.text)
    __aeabi_l2f                              0x080004dd   Thumb Code    44  ffltl.o(.text)
    __aeabi_f2d                              0x08000509   Thumb Code    38  f2d.o(.text)
    __aeabi_uidiv                            0x0800052f   Thumb Code     0  uidiv.o(.text)
    __aeabi_uidivmod                         0x0800052f   Thumb Code    44  uidiv.o(.text)
    __aeabi_llsl                             0x0800055b   Thumb Code    30  llshl.o(.text)
    _ll_shift_l                              0x0800055b   Thumb Code     0  llshl.o(.text)
    __aeabi_llsr                             0x08000579   Thumb Code    32  llushr.o(.text)
    _ll_ushift_r                             0x08000579   Thumb Code     0  llushr.o(.text)
    __I$use$fp                               0x08000599   Thumb Code     0  iusefp.o(.text)
    _float_round                             0x08000599   Thumb Code    18  fepilogue.o(.text)
    _float_epilogue                          0x080005ab   Thumb Code    92  fepilogue.o(.text)
    __aeabi_dadd                             0x08000607   Thumb Code   322  dadd.o(.text)
    __aeabi_dsub                             0x08000749   Thumb Code     6  dadd.o(.text)
    __aeabi_drsub                            0x0800074f   Thumb Code     6  dadd.o(.text)
    __aeabi_dmul                             0x08000755   Thumb Code   228  dmul.o(.text)
    __aeabi_ddiv                             0x08000839   Thumb Code   222  ddiv.o(.text)
    __aeabi_d2ulz                            0x08000917   Thumb Code    48  dfixul.o(.text)
    __aeabi_cdrcmple                         0x08000949   Thumb Code    48  cdrcmple.o(.text)
    __fp_status                              0x08000979   Thumb Code     4  fpstat.o(.text)
    __ieee_status                            0x08000979   Thumb Code     0  fpstat.o(.text)
    __scatterload                            0x0800097d   Thumb Code    28  init.o(.text)
    __scatterload_rt2                        0x0800097d   Thumb Code     0  init.o(.text)
    __aeabi_lasr                             0x080009a1   Thumb Code    36  llsshr.o(.text)
    _ll_sshift_r                             0x080009a1   Thumb Code     0  llsshr.o(.text)
    _double_round                            0x080009c5   Thumb Code    30  depilogue.o(.text)
    _double_epilogue                         0x080009e3   Thumb Code   156  depilogue.o(.text)
    AHRS_Update                              0x08000c1d   Thumb Code   126  ahrs.o(i.AHRS_Update)
    ANO_Receive_Analyze                      0x08000cad   Thumb Code    50  ano.o(i.ANO_Receive_Analyze)
    ANO_Receive_Prepare                      0x08000ce9   Thumb Code   226  ano.o(i.ANO_Receive_Prepare)
    ANO_Send_Battery                         0x08000dd9   Thumb Code   162  ano.o(i.ANO_Send_Battery)
    ANO_Send_Euler                           0x08000e7b   Thumb Code   226  ano.o(i.ANO_Send_Euler)
    ANO_Send_PWM                             0x08000f5d   Thumb Code   142  ano.o(i.ANO_Send_PWM)
    ANO_Send_Param                           0x08000feb   Thumb Code   116  ano.o(i.ANO_Send_Param)
    ANO_Send_Remote                          0x0800105f   Thumb Code    92  ano.o(i.ANO_Send_Remote)
    ANO_Send_Sensor                          0x080010bb   Thumb Code   200  ano.o(i.ANO_Send_Sensor)
    ANO_Send_String                          0x08001185   Thumb Code   102  ano.o(i.ANO_Send_String)
    ANO_Task                                 0x080011f5   Thumb Code   396  main.o(i.ANO_Task)
    App_TCBInitHook                          0x080013c1   Thumb Code     2  app_hooks.o(i.App_TCBInitHook)
    App_TaskCreateHook                       0x080013c3   Thumb Code     2  app_hooks.o(i.App_TaskCreateHook)
    App_TaskDelHook                          0x080013c5   Thumb Code     2  app_hooks.o(i.App_TaskDelHook)
    App_TaskIdleHook                         0x080013c7   Thumb Code     2  app_hooks.o(i.App_TaskIdleHook)
    App_TaskReturnHook                       0x080013c9   Thumb Code     2  app_hooks.o(i.App_TaskReturnHook)
    App_TaskStatHook                         0x080013cb   Thumb Code     2  app_hooks.o(i.App_TaskStatHook)
    App_TaskSwHook                           0x080013cd   Thumb Code     2  app_hooks.o(i.App_TaskSwHook)
    App_TimeTickHook                         0x080013cf   Thumb Code     8  app_hooks.o(i.App_TimeTickHook)
    BusFault_Handler                         0x080013d7   Thumb Code     4  stm32f4xx_it.o(i.BusFault_Handler)
    DMA1_Stream6_IRQHandler                  0x080013dd   Thumb Code    40  stm32f4xx_it.o(i.DMA1_Stream6_IRQHandler)
    DebugMon_Handler                         0x08001513   Thumb Code     2  stm32f4xx_it.o(i.DebugMon_Handler)
    Error_Handler                            0x08001515   Thumb Code     6  sys.o(i.Error_Handler)
    FLIGHT_Task                              0x0800151b   Thumb Code    18  main.o(i.FLIGHT_Task)
    HAL_ADC_ConfigChannel                    0x0800152d   Thumb Code   480  stm32f4xx_hal_adc.o(i.HAL_ADC_ConfigChannel)
    HAL_ADC_GetValue                         0x0800173d   Thumb Code     8  stm32f4xx_hal_adc.o(i.HAL_ADC_GetValue)
    HAL_ADC_Init                             0x08001745   Thumb Code   556  stm32f4xx_hal_adc.o(i.HAL_ADC_Init)
    HAL_ADC_MspInit                          0x08001999   Thumb Code   114  adc.o(i.HAL_ADC_MspInit)
    HAL_ADC_Start                            0x08001a19   Thumb Code   322  stm32f4xx_hal_adc.o(i.HAL_ADC_Start)
    HAL_DMA_Abort                            0x08001b8d   Thumb Code   172  stm32f4xx_hal_dma.o(i.HAL_DMA_Abort)
    HAL_DMA_Abort_IT                         0x08001c39   Thumb Code    40  stm32f4xx_hal_dma.o(i.HAL_DMA_Abort_IT)
    HAL_DMA_IRQHandler                       0x08001c61   Thumb Code   570  stm32f4xx_hal_dma.o(i.HAL_DMA_IRQHandler)
    HAL_DMA_Init                             0x08001ea1   Thumb Code   792  stm32f4xx_hal_dma.o(i.HAL_DMA_Init)
    HAL_DMA_Start_IT                         0x080021e5   Thumb Code   166  stm32f4xx_hal_dma.o(i.HAL_DMA_Start_IT)
    HAL_Delay                                0x080022ad   Thumb Code    36  stm32f4xx_hal.o(i.HAL_Delay)
    HAL_GPIO_Init                            0x080022d5   Thumb Code   836  stm32f4xx_hal_gpio.o(i.HAL_GPIO_Init)
    HAL_GetTick                              0x0800265d   Thumb Code     6  stm32f4xx_hal.o(i.HAL_GetTick)
    HAL_I2C_Init                             0x08002669   Thumb Code   664  stm32f4xx_hal_i2c.o(i.HAL_I2C_Init)
    HAL_I2C_Master_Receive                   0x08002941   Thumb Code   748  stm32f4xx_hal_i2c.o(i.HAL_I2C_Master_Receive)
    HAL_I2C_Master_Transmit                  0x08002c39   Thumb Code   360  stm32f4xx_hal_i2c.o(i.HAL_I2C_Master_Transmit)
    HAL_I2C_Mem_Read                         0x08002da9   Thumb Code   764  stm32f4xx_hal_i2c.o(i.HAL_I2C_Mem_Read)
    HAL_I2C_Mem_Write                        0x080030d1   Thumb Code   368  stm32f4xx_hal_i2c.o(i.HAL_I2C_Mem_Write)
    HAL_I2C_MspInit                          0x08003269   Thumb Code   124  i2c.o(i.HAL_I2C_MspInit)
    HAL_IncTick                              0x080032f1   Thumb Code    16  stm32f4xx_hal.o(i.HAL_IncTick)
    HAL_Init                                 0x08003309   Thumb Code    54  stm32f4xx_hal.o(i.HAL_Init)
    HAL_InitTick                             0x08003345   Thumb Code    64  stm32f4xx_hal.o(i.HAL_InitTick)
    HAL_MspInit                              0x08003391   Thumb Code    74  stm32f4xx_hal_msp.o(i.HAL_MspInit)
    HAL_NVIC_EnableIRQ                       0x080033e1   Thumb Code    48  stm32f4xx_hal_cortex.o(i.HAL_NVIC_EnableIRQ)
    HAL_NVIC_SetPriority                     0x08003435   Thumb Code   152  stm32f4xx_hal_cortex.o(i.HAL_NVIC_SetPriority)
    HAL_NVIC_SetPriorityGrouping             0x080034f1   Thumb Code    66  stm32f4xx_hal_cortex.o(i.HAL_NVIC_SetPriorityGrouping)
    HAL_RCC_ClockConfig                      0x08003561   Thumb Code   628  stm32f4xx_hal_rcc.o(i.HAL_RCC_ClockConfig)
    HAL_RCC_GetHCLKFreq                      0x08003809   Thumb Code     6  stm32f4xx_hal_rcc.o(i.HAL_RCC_GetHCLKFreq)
    HAL_RCC_GetPCLK1Freq                     0x08003815   Thumb Code    22  stm32f4xx_hal_rcc.o(i.HAL_RCC_GetPCLK1Freq)
    HAL_RCC_GetPCLK2Freq                     0x08003835   Thumb Code    22  stm32f4xx_hal_rcc.o(i.HAL_RCC_GetPCLK2Freq)
    HAL_RCC_GetSysClockFreq                  0x08003855   Thumb Code   162  stm32f4xx_hal_rcc.o(i.HAL_RCC_GetSysClockFreq)
    HAL_RCC_OscConfig                        0x08003905   Thumb Code  1518  stm32f4xx_hal_rcc.o(i.HAL_RCC_OscConfig)
    HAL_SYSTICK_Config                       0x08003efd   Thumb Code    52  stm32f4xx_hal_cortex.o(i.HAL_SYSTICK_Config)
    HAL_TIMEx_BreakCallback                  0x08003f31   Thumb Code     2  stm32f4xx_hal_tim_ex.o(i.HAL_TIMEx_BreakCallback)
    HAL_TIMEx_CommutCallback                 0x08003f33   Thumb Code     2  stm32f4xx_hal_tim_ex.o(i.HAL_TIMEx_CommutCallback)
    HAL_TIMEx_MasterConfigSynchronization    0x08003f35   Thumb Code   270  stm32f4xx_hal_tim_ex.o(i.HAL_TIMEx_MasterConfigSynchronization)
    HAL_TIM_Base_Init                        0x0800407d   Thumb Code   272  stm32f4xx_hal_tim.o(i.HAL_TIM_Base_Init)
    HAL_TIM_Base_MspInit                     0x080041c9   Thumb Code   384  tim.o(i.HAL_TIM_Base_MspInit)
    HAL_TIM_ConfigClockSource                0x0800435d   Thumb Code  1216  stm32f4xx_hal_tim.o(i.HAL_TIM_ConfigClockSource)
    HAL_TIM_IC_CaptureCallback               0x0800481d   Thumb Code     2  stm32f4xx_hal_tim.o(i.HAL_TIM_IC_CaptureCallback)
    HAL_TIM_IC_ConfigChannel                 0x08004821   Thumb Code   572  stm32f4xx_hal_tim.o(i.HAL_TIM_IC_ConfigChannel)
    HAL_TIM_IC_Init                          0x08004a99   Thumb Code   272  stm32f4xx_hal_tim.o(i.HAL_TIM_IC_Init)
    HAL_TIM_IC_MspInit                       0x08004be5   Thumb Code     2  stm32f4xx_hal_tim.o(i.HAL_TIM_IC_MspInit)
    HAL_TIM_IC_Start_IT                      0x08004be9   Thumb Code   514  stm32f4xx_hal_tim.o(i.HAL_TIM_IC_Start_IT)
    HAL_TIM_IRQHandler                       0x08004e29   Thumb Code   406  stm32f4xx_hal_tim.o(i.HAL_TIM_IRQHandler)
    HAL_TIM_MspPostInit                      0x08004fc1   Thumb Code   140  tim.o(i.HAL_TIM_MspPostInit)
    HAL_TIM_OC_DelayElapsedCallback          0x0800505d   Thumb Code     2  stm32f4xx_hal_tim.o(i.HAL_TIM_OC_DelayElapsedCallback)
    HAL_TIM_PWM_ConfigChannel                0x08005061   Thumb Code   602  stm32f4xx_hal_tim.o(i.HAL_TIM_PWM_ConfigChannel)
    HAL_TIM_PWM_Init                         0x080052f9   Thumb Code   272  stm32f4xx_hal_tim.o(i.HAL_TIM_PWM_Init)
    HAL_TIM_PWM_MspInit                      0x08005445   Thumb Code     2  stm32f4xx_hal_tim.o(i.HAL_TIM_PWM_MspInit)
    HAL_TIM_PWM_PulseFinishedCallback        0x08005447   Thumb Code     2  stm32f4xx_hal_tim.o(i.HAL_TIM_PWM_PulseFinishedCallback)
    HAL_TIM_PWM_Start                        0x08005449   Thumb Code   372  stm32f4xx_hal_tim.o(i.HAL_TIM_PWM_Start)
    HAL_TIM_PeriodElapsedCallback            0x080055f9   Thumb Code     2  stm32f4xx_hal_tim.o(i.HAL_TIM_PeriodElapsedCallback)
    HAL_TIM_ReadCapturedValue                0x080055fd   Thumb Code   298  stm32f4xx_hal_tim.o(i.HAL_TIM_ReadCapturedValue)
    HAL_TIM_TriggerCallback                  0x08005765   Thumb Code     2  stm32f4xx_hal_tim.o(i.HAL_TIM_TriggerCallback)
    HAL_UARTEx_RxEventCallback               0x08005767   Thumb Code     2  stm32f4xx_hal_uart.o(i.HAL_UARTEx_RxEventCallback)
    HAL_UART_ErrorCallback                   0x08005769   Thumb Code     2  stm32f4xx_hal_uart.o(i.HAL_UART_ErrorCallback)
    HAL_UART_IRQHandler                      0x0800576d   Thumb Code   732  stm32f4xx_hal_uart.o(i.HAL_UART_IRQHandler)
    HAL_UART_Init                            0x08005a4d   Thumb Code   274  stm32f4xx_hal_uart.o(i.HAL_UART_Init)
    HAL_UART_MspInit                         0x08005b8d   Thumb Code   204  usart.o(i.HAL_UART_MspInit)
    HAL_UART_RxCpltCallback                  0x08005c6d   Thumb Code     2  stm32f4xx_hal_uart.o(i.HAL_UART_RxCpltCallback)
    HAL_UART_Transmit                        0x08005c6f   Thumb Code   210  stm32f4xx_hal_uart.o(i.HAL_UART_Transmit)
    HAL_UART_Transmit_DMA                    0x08005d41   Thumb Code   160  stm32f4xx_hal_uart.o(i.HAL_UART_Transmit_DMA)
    HAL_UART_TxCpltCallback                  0x08005ded   Thumb Code     2  stm32f4xx_hal_uart.o(i.HAL_UART_TxCpltCallback)
    HAL_UART_TxHalfCpltCallback              0x08005def   Thumb Code     2  stm32f4xx_hal_uart.o(i.HAL_UART_TxHalfCpltCallback)
    HMC_Connect                              0x08005df1   Thumb Code   116  sensor.o(i.HMC_Connect)
    HMC_Init                                 0x08005ec9   Thumb Code    44  sensor.o(i.HMC_Init)
    HMC_ReadMagRaw                           0x08005ef9   Thumb Code    66  sensor.o(i.HMC_ReadMagRaw)
    HMC_SelfTest                             0x08005f3d   Thumb Code   188  sensor.o(i.HMC_SelfTest)
    HardFault_Handler                        0x08006035   Thumb Code     4  stm32f4xx_it.o(i.HardFault_Handler)
    MOTOR_Init                               0x08006735   Thumb Code    36  motor.o(i.MOTOR_Init)
    MOTOR_Set                                0x0800675d   Thumb Code   132  motor.o(i.MOTOR_Set)
    MPU_Calibrate                            0x080067e5   Thumb Code   840  sensor.o(i.MPU_Calibrate)
    MPU_Connect                              0x08006b75   Thumb Code    54  sensor.o(i.MPU_Connect)
    MPU_Init                                 0x08006c05   Thumb Code   188  sensor.o(i.MPU_Init)
    MPU_ReadAccelRaw                         0x08006cd1   Thumb Code    66  sensor.o(i.MPU_ReadAccelRaw)
    MPU_ReadGyroRaw                          0x08006d13   Thumb Code    66  sensor.o(i.MPU_ReadGyroRaw)
    MPU_SelfTest                             0x08006d55   Thumb Code  1276  sensor.o(i.MPU_SelfTest)
    MS_CheckCRC                              0x08007265   Thumb Code   156  sensor.o(i.MS_CheckCRC)
    MS_Init                                  0x08007349   Thumb Code    88  sensor.o(i.MS_Init)
    MS_ReadADC                               0x080073a9   Thumb Code    42  sensor.o(i.MS_ReadADC)
    MS_ReadPROM                              0x080073d3   Thumb Code    66  sensor.o(i.MS_ReadPROM)
    MS_ReadPressure                          0x08007415   Thumb Code   532  sensor.o(i.MS_ReadPressure)
    MS_WriteCMD                              0x08007635   Thumb Code    14  sensor.o(i.MS_WriteCMD)
    MX_ADC1_Init                             0x08007645   Thumb Code   104  adc.o(i.MX_ADC1_Init)
    MX_DMA_Init                              0x080076b9   Thumb Code    52  dma.o(i.MX_DMA_Init)
    MX_GPIO_Init                             0x080076f1   Thumb Code    96  gpio.o(i.MX_GPIO_Init)
    MX_I2C1_Init                             0x08007755   Thumb Code    52  i2c.o(i.MX_I2C1_Init)
    MX_TIM1_Init                             0x08007795   Thumb Code   202  tim.o(i.MX_TIM1_Init)
    MX_TIM2_Init                             0x08007869   Thumb Code   184  tim.o(i.MX_TIM2_Init)
    MX_TIM3_Init                             0x08007925   Thumb Code   208  tim.o(i.MX_TIM3_Init)
    MX_USART2_UART_Init                      0x080079fd   Thumb Code    46  usart.o(i.MX_USART2_UART_Init)
    MadgwickAHRSupdate                       0x08007a35   Thumb Code  2734  ahrs.o(i.MadgwickAHRSupdate)
    MadgwickAHRSupdateIMU                    0x08008501   Thumb Code  1090  ahrs.o(i.MadgwickAHRSupdateIMU)
    MemManage_Handler                        0x08008949   Thumb Code     4  stm32f4xx_it.o(i.MemManage_Handler)
    NMI_Handler                              0x0800894d   Thumb Code     4  stm32f4xx_it.o(i.NMI_Handler)
    OSDebugInit                              0x08008951   Thumb Code   118  os_dbg.o(i.OSDebugInit)
    OSEventNameSet                           0x08008aad   Thumb Code   110  ucos_ii.o(i.OSEventNameSet)
    OSInit                                   0x08008b21   Thumb Code    56  ucos_ii.o(i.OSInit)
    OSInitHookBegin                          0x08008b59   Thumb Code    68  os_cpu_c.o(i.OSInitHookBegin)
    OSInitHookEnd                            0x08008bb5   Thumb Code     2  os_cpu_c.o(i.OSInitHookEnd)
    OSIntEnter                               0x08008bb9   Thumb Code    28  ucos_ii.o(i.OSIntEnter)
    OSIntExit                                0x08008bdd   Thumb Code   122  ucos_ii.o(i.OSIntExit)
    OSSchedLock                              0x08008c79   Thumb Code    60  ucos_ii.o(i.OSSchedLock)
    OSSchedUnlock                            0x08008cc1   Thumb Code   100  ucos_ii.o(i.OSSchedUnlock)
    OSSemCreate                              0x08008d31   Thumb Code    82  ucos_ii.o(i.OSSemCreate)
    OSSemPend                                0x08008d91   Thumb Code   266  ucos_ii.o(i.OSSemPend)
    OSSemPost                                0x08008ea9   Thumb Code   112  ucos_ii.o(i.OSSemPost)
    OSStart                                  0x08008f19   Thumb Code    48  ucos_ii.o(i.OSStart)
    OSStatInit                               0x08008f61   Thumb Code    82  ucos_ii.o(i.OSStatInit)
    OSTCBInitHook                            0x08008fc1   Thumb Code    12  os_cpu_c.o(i.OSTCBInitHook)
    OSTaskCreate                             0x08008fcd   Thumb Code   186  ucos_ii.o(i.OSTaskCreate)
    OSTaskCreateExt                          0x08009095   Thumb Code   206  ucos_ii.o(i.OSTaskCreateExt)
    OSTaskCreateHook                         0x08009171   Thumb Code    12  os_cpu_c.o(i.OSTaskCreateHook)
    OSTaskDel                                0x0800917d   Thumb Code   346  ucos_ii.o(i.OSTaskDel)
    OSTaskDelHook                            0x08009305   Thumb Code    12  os_cpu_c.o(i.OSTaskDelHook)
    OSTaskIdleHook                           0x08009311   Thumb Code     8  os_cpu_c.o(i.OSTaskIdleHook)
    OSTaskNameSet                            0x08009319   Thumb Code   138  ucos_ii.o(i.OSTaskNameSet)
    OSTaskReturnHook                         0x080093b1   Thumb Code    12  os_cpu_c.o(i.OSTaskReturnHook)
    OSTaskStatHook                           0x080093bd   Thumb Code     8  os_cpu_c.o(i.OSTaskStatHook)
    OSTaskStkChk                             0x080093c5   Thumb Code   168  ucos_ii.o(i.OSTaskStkChk)
    OSTaskStkInit                            0x08009475   Thumb Code   446  os_cpu_c.o(i.OSTaskStkInit)
    OSTaskSuspend                            0x080096a1   Thumb Code   190  ucos_ii.o(i.OSTaskSuspend)
    OSTaskSwHook                             0x08009771   Thumb Code    28  os_cpu_c.o(i.OSTaskSwHook)
    OSTimeDly                                0x08009795   Thumb Code   110  ucos_ii.o(i.OSTimeDly)
    OSTimeTick                               0x08009819   Thumb Code   230  ucos_ii.o(i.OSTimeTick)
    OSTimeTickHook                           0x08009919   Thumb Code    34  os_cpu_c.o(i.OSTimeTickHook)
    OSTmrSignal                              0x08009941   Thumb Code    16  ucos_ii.o(i.OSTmrSignal)
    OSTmr_Init                               0x08009955   Thumb Code   168  ucos_ii.o(i.OSTmr_Init)
    OS_Dummy                                 0x08009bd9   Thumb Code     2  ucos_ii.o(i.OS_Dummy)
    OS_EventTaskRdy                          0x08009bdd   Thumb Code   132  ucos_ii.o(i.OS_EventTaskRdy)
    OS_EventTaskRemove                       0x08009c71   Thumb Code    46  ucos_ii.o(i.OS_EventTaskRemove)
    OS_EventTaskRemoveMulti                  0x08009c9f   Thumb Code    58  ucos_ii.o(i.OS_EventTaskRemoveMulti)
    OS_EventTaskWait                         0x08009cd9   Thumb Code   112  ucos_ii.o(i.OS_EventTaskWait)
    OS_EventWaitListInit                     0x08009d55   Thumb Code    28  ucos_ii.o(i.OS_EventWaitListInit)
    OS_FlagInit                              0x08009d71   Thumb Code    70  ucos_ii.o(i.OS_FlagInit)
    OS_FlagUnlink                            0x08009dc5   Thumb Code    36  ucos_ii.o(i.OS_FlagUnlink)
    OS_MemClr                                0x0800a009   Thumb Code    18  ucos_ii.o(i.OS_MemClr)
    OS_MemInit                               0x0800a01d   Thumb Code    74  ucos_ii.o(i.OS_MemInit)
    OS_QInit                                 0x0800a075   Thumb Code    68  ucos_ii.o(i.OS_QInit)
    OS_Sched                                 0x0800a0c1   Thumb Code    98  ucos_ii.o(i.OS_Sched)
    OS_TCBInit                               0x0800a16d   Thumb Code   330  ucos_ii.o(i.OS_TCBInit)
    OS_TaskIdle                              0x0800a2d5   Thumb Code    42  ucos_ii.o(i.OS_TaskIdle)
    OS_TaskReturn                            0x0800a305   Thumb Code    18  ucos_ii.o(i.OS_TaskReturn)
    OS_TaskStat                              0x0800a31d   Thumb Code   218  ucos_ii.o(i.OS_TaskStat)
    OS_TaskStatStkChk                        0x0800a40d   Thumb Code    54  ucos_ii.o(i.OS_TaskStatStkChk)
    OS_TaskStkClr                            0x0800a449   Thumb Code    26  ucos_ii.o(i.OS_TaskStkClr)
    PID_Init                                 0x0800a465   Thumb Code    20  pid.o(i.PID_Init)
    REMOTE_Init                              0x0800a5a1   Thumb Code    92  remote.o(i.REMOTE_Init)
    SENSOR_Init                              0x0800a605   Thumb Code    38  sensor.o(i.SENSOR_Init)
    SENSOR_Update                            0x0800a6b9   Thumb Code   412  sensor.o(i.SENSOR_Update)
    START_Task                               0x0800a8d9   Thumb Code    62  main.o(i.START_Task)
    SVC_Handler                              0x0800a929   Thumb Code     2  stm32f4xx_it.o(i.SVC_Handler)
    SYS_Init                                 0x0800a92d   Thumb Code    88  sys.o(i.SYS_Init)
    SysTick_Handler                          0x0800a9a1   Thumb Code    38  os_cpu_c.o(i.SysTick_Handler)
    SystemClock_Config                       0x0800a9c9   Thumb Code   172  sys.o(i.SystemClock_Config)
    SystemInit                               0x0800aa7d   Thumb Code    14  system_stm32f4xx.o(i.SystemInit)
    TIM1_CC_IRQHandler                       0x0800aa91   Thumb Code   116  remote.o(i.TIM1_CC_IRQHandler)
    TIM1_UP_TIM10_IRQHandler                 0x0800ab09   Thumb Code    84  remote.o(i.TIM1_UP_TIM10_IRQHandler)
    TIM2_IRQHandler                          0x0800ab65   Thumb Code   172  remote.o(i.TIM2_IRQHandler)
    TIM_Base_SetConfig                       0x0800ac1d   Thumb Code   134  stm32f4xx_hal_tim.o(i.TIM_Base_SetConfig)
    TIM_CCxChannelCmd                        0x0800ae75   Thumb Code   134  stm32f4xx_hal_tim.o(i.TIM_CCxChannelCmd)
    TIM_ETR_SetConfig                        0x0800af39   Thumb Code    22  stm32f4xx_hal_tim.o(i.TIM_ETR_SetConfig)
    TIM_OC2_SetConfig                        0x0800b035   Thumb Code   182  stm32f4xx_hal_tim.o(i.TIM_OC2_SetConfig)
    TIM_TI1_SetConfig                        0x0800b2a1   Thumb Code   102  stm32f4xx_hal_tim.o(i.TIM_TI1_SetConfig)
    USART2_IRQHandler                        0x0800ba21   Thumb Code   106  ano.o(i.USART2_IRQHandler)
    UsageFault_Handler                       0x0800ba91   Thumb Code     4  stm32f4xx_it.o(i.UsageFault_Handler)
    __0printf                                0x0800ba95   Thumb Code    22  printfa.o(i.__0printf)
    __1printf                                0x0800ba95   Thumb Code     0  printfa.o(i.__0printf)
    __2printf                                0x0800ba95   Thumb Code     0  printfa.o(i.__0printf)
    __c89printf                              0x0800ba95   Thumb Code     0  printfa.o(i.__0printf)
    printf                                   0x0800ba95   Thumb Code     0  printfa.o(i.__0printf)
    __ARM_fpclassifyf                        0x0800bab5   Thumb Code    38  fpclassifyf.o(i.__ARM_fpclassifyf)
    __hardfp_atan2f                          0x0800bb15   Thumb Code   594  atan2f.o(i.__hardfp_atan2f)
    __hardfp_powf                            0x0800bdc1   Thumb Code  1606  powf.o(i.__hardfp_powf)
    __mathlib_powf                           0x0800bdc1   Thumb Code     0  powf.o(i.__hardfp_powf)
    __mathlib_flt_divzero                    0x0800c425   Thumb Code    14  funder.o(i.__mathlib_flt_divzero)
    __mathlib_flt_infnan2                    0x0800c439   Thumb Code     6  funder.o(i.__mathlib_flt_infnan2)
    __mathlib_flt_invalid                    0x0800c441   Thumb Code    10  funder.o(i.__mathlib_flt_invalid)
    __mathlib_flt_overflow                   0x0800c451   Thumb Code    10  funder.o(i.__mathlib_flt_overflow)
    __mathlib_flt_underflow                  0x0800c461   Thumb Code    10  funder.o(i.__mathlib_flt_underflow)
    __scatterload_copy                       0x0800c471   Thumb Code    14  handlers.o(i.__scatterload_copy)
    __scatterload_null                       0x0800c47f   Thumb Code     2  handlers.o(i.__scatterload_null)
    __scatterload_zeroinit                   0x0800c481   Thumb Code    14  handlers.o(i.__scatterload_zeroinit)
    __set_errno                              0x0800c491   Thumb Code     6  errno.o(i.__set_errno)
    assert_failed                            0x0800cd91   Thumb Code    18  sys.o(i.assert_failed)
    fputc                                    0x0800cdd5   Thumb Code    22  sys.o(i.fputc)
    main                                     0x0800cdf1   Thumb Code    30  main.o(i.main)
    TIM_CHANNEL                              0x0800ce18   Data           7  remote.o(.constdata)
    TIM_FLAG                                 0x0800ce1f   Data           7  remote.o(.constdata)
    aRes                                     0x0800ce28   Data          16  sensor.o(.constdata)
    gRes                                     0x0800ce38   Data          16  sensor.o(.constdata)
    mRes                                     0x0800ce48   Data          32  sensor.o(.constdata)
    DegreeToRadian                           0x0800ce68   Data           4  sensor.o(.constdata)
    RadianToDegree                           0x0800ce6c   Data           4  sensor.o(.constdata)
    ADCToVoltage                             0x0800ce70   Data           4  sensor.o(.constdata)
    AHBPrescTable                            0x0800ce82   Data          16  system_stm32f4xx.o(.constdata)
    APBPrescTable                            0x0800ce92   Data           8  system_stm32f4xx.o(.constdata)
    OSUnMapTbl                               0x0800cea2   Data         256  ucos_ii.o(.constdata)
    OSDebugEn                                0x0800cfa4   Data           2  os_dbg.o(.constdata)
    OSEndiannessTest                         0x0800cfa8   Data           4  os_dbg.o(.constdata)
    OSEventEn                                0x0800cfac   Data           2  os_dbg.o(.constdata)
    OSEventMax                               0x0800cfae   Data           2  os_dbg.o(.constdata)
    OSEventNameEn                            0x0800cfb0   Data           2  os_dbg.o(.constdata)
    OSEventSize                              0x0800cfb2   Data           2  os_dbg.o(.constdata)
    OSEventTblSize                           0x0800cfb4   Data           2  os_dbg.o(.constdata)
    OSEventMultiEn                           0x0800cfb6   Data           2  os_dbg.o(.constdata)
    OSFlagEn                                 0x0800cfb8   Data           2  os_dbg.o(.constdata)
    OSFlagGrpSize                            0x0800cfba   Data           2  os_dbg.o(.constdata)
    OSFlagNodeSize                           0x0800cfbc   Data           2  os_dbg.o(.constdata)
    OSFlagWidth                              0x0800cfbe   Data           2  os_dbg.o(.constdata)
    OSFlagMax                                0x0800cfc0   Data           2  os_dbg.o(.constdata)
    OSFlagNameEn                             0x0800cfc2   Data           2  os_dbg.o(.constdata)
    OSLowestPrio                             0x0800cfc4   Data           2  os_dbg.o(.constdata)
    OSMboxEn                                 0x0800cfc6   Data           2  os_dbg.o(.constdata)
    OSMemEn                                  0x0800cfc8   Data           2  os_dbg.o(.constdata)
    OSMemMax                                 0x0800cfca   Data           2  os_dbg.o(.constdata)
    OSMemNameEn                              0x0800cfcc   Data           2  os_dbg.o(.constdata)
    OSMemSize                                0x0800cfce   Data           2  os_dbg.o(.constdata)
    OSMemTblSize                             0x0800cfd0   Data           2  os_dbg.o(.constdata)
    OSMutexEn                                0x0800cfd2   Data           2  os_dbg.o(.constdata)
    OSPtrSize                                0x0800cfd4   Data           2  os_dbg.o(.constdata)
    OSQEn                                    0x0800cfd6   Data           2  os_dbg.o(.constdata)
    OSQMax                                   0x0800cfd8   Data           2  os_dbg.o(.constdata)
    OSQSize                                  0x0800cfda   Data           2  os_dbg.o(.constdata)
    OSRdyTblSize                             0x0800cfdc   Data           2  os_dbg.o(.constdata)
    OSSemEn                                  0x0800cfde   Data           2  os_dbg.o(.constdata)
    OSStkWidth                               0x0800cfe0   Data           2  os_dbg.o(.constdata)
    OSTaskCreateEn                           0x0800cfe2   Data           2  os_dbg.o(.constdata)
    OSTaskCreateExtEn                        0x0800cfe4   Data           2  os_dbg.o(.constdata)
    OSTaskDelEn                              0x0800cfe6   Data           2  os_dbg.o(.constdata)
    OSTaskIdleStkSize                        0x0800cfe8   Data           2  os_dbg.o(.constdata)
    OSTaskProfileEn                          0x0800cfea   Data           2  os_dbg.o(.constdata)
    OSTaskMax                                0x0800cfec   Data           2  os_dbg.o(.constdata)
    OSTaskNameEn                             0x0800cfee   Data           2  os_dbg.o(.constdata)
    OSTaskStatEn                             0x0800cff0   Data           2  os_dbg.o(.constdata)
    OSTaskStatStkSize                        0x0800cff2   Data           2  os_dbg.o(.constdata)
    OSTaskStatStkChkEn                       0x0800cff4   Data           2  os_dbg.o(.constdata)
    OSTaskSwHookEn                           0x0800cff6   Data           2  os_dbg.o(.constdata)
    OSTaskRegTblSize                         0x0800cff8   Data           2  os_dbg.o(.constdata)
    OSTCBPrioTblMax                          0x0800cffa   Data           2  os_dbg.o(.constdata)
    OSTCBSize                                0x0800cffc   Data           2  os_dbg.o(.constdata)
    OSTicksPerSec                            0x0800cffe   Data           2  os_dbg.o(.constdata)
    OSTimeTickHookEn                         0x0800d000   Data           2  os_dbg.o(.constdata)
    OSVersionNbr                             0x0800d002   Data           2  os_dbg.o(.constdata)
    OSTmrEn                                  0x0800d004   Data           2  os_dbg.o(.constdata)
    OSTmrCfgMax                              0x0800d006   Data           2  os_dbg.o(.constdata)
    OSTmrCfgNameEn                           0x0800d008   Data           2  os_dbg.o(.constdata)
    OSTmrCfgWheelSize                        0x0800d00a   Data           2  os_dbg.o(.constdata)
    OSTmrCfgTicksPerSec                      0x0800d00c   Data           2  os_dbg.o(.constdata)
    OSTmrSize                                0x0800d00e   Data           2  os_dbg.o(.constdata)
    OSTmrTblSize                             0x0800d010   Data           2  os_dbg.o(.constdata)
    OSTmrWheelSize                           0x0800d012   Data           2  os_dbg.o(.constdata)
    OSTmrWheelTblSize                        0x0800d014   Data           2  os_dbg.o(.constdata)
    OSDataSize                               0x0800d016   Data           2  os_dbg.o(.constdata)
    sinTable_f32                             0x0800d018   Data        2052  arm_common_tables.o(.constdata)
    Region$$Table$$Base                      0x0800d980   Number         0  anon$$obj.o(Region$$Table)
    Region$$Table$$Limit                     0x0800d9a0   Number         0  anon$$obj.o(Region$$Table)
    mvalue                                   0x20000004   Data           8  motor.o(.data)
    rstate                                   0x2000000c   Data           7  remote.o(.data)
    ucount                                   0x20000013   Data           7  remote.o(.data)
    Gscale                                   0x2000001c   Data           1  sensor.o(.data)
    Ascale                                   0x2000001d   Data           1  sensor.o(.data)
    Mscale                                   0x2000001e   Data           1  sensor.o(.data)
    magScale                                 0x20000020   Data          12  sensor.o(.data)
    altitude                                 0x2000002c   Data           4  sensor.o(.data)
    voltage                                  0x20000030   Data           4  sensor.o(.data)
    pressure                                 0x20000034   Data           4  sensor.o(.data)
    initialPressure                          0x20000038   Data           4  sensor.o(.data)
    beta                                     0x20000040   Data           4  ahrs.o(.data)
    q0                                       0x20000044   Data           4  ahrs.o(.data)
    q1                                       0x20000048   Data           4  ahrs.o(.data)
    q2                                       0x2000004c   Data           4  ahrs.o(.data)
    q3                                       0x20000050   Data           4  ahrs.o(.data)
    SystemCoreClock                          0x20000054   Data           4  system_stm32f4xx.o(.data)
    uwTick                                   0x20000058   Data           4  stm32f4xx_hal.o(.data)
    uwTickPrio                               0x2000005c   Data           4  stm32f4xx_hal.o(.data)
    uwTickFreq                               0x20000060   Data           1  stm32f4xx_hal.o(.data)
    OSCtxSwCtr                               0x20000064   Data           4  ucos_ii.o(.data)
    OSEventFreeList                          0x20000068   Data           4  ucos_ii.o(.data)
    OSFlagFreeList                           0x2000006c   Data           4  ucos_ii.o(.data)
    OSCPUUsage                               0x20000070   Data           1  ucos_ii.o(.data)
    OSIdleCtrMax                             0x20000074   Data           4  ucos_ii.o(.data)
    OSIdleCtrRun                             0x20000078   Data           4  ucos_ii.o(.data)
    OSStatRdy                                0x2000007c   Data           1  ucos_ii.o(.data)
    OSIntNesting                             0x2000007d   Data           1  ucos_ii.o(.data)
    OSLockNesting                            0x2000007e   Data           1  ucos_ii.o(.data)
    OSPrioCur                                0x2000007f   Data           1  ucos_ii.o(.data)
    OSPrioHighRdy                            0x20000080   Data           1  ucos_ii.o(.data)
    OSRdyGrp                                 0x20000081   Data           1  ucos_ii.o(.data)
    OSRdyTbl                                 0x20000082   Data           8  ucos_ii.o(.data)
    OSRunning                                0x2000008a   Data           1  ucos_ii.o(.data)
    OSTaskCtr                                0x2000008b   Data           1  ucos_ii.o(.data)
    OSIdleCtr                                0x2000008c   Data           4  ucos_ii.o(.data)
    OSTCBCur                                 0x20000090   Data           4  ucos_ii.o(.data)
    OSTCBFreeList                            0x20000094   Data           4  ucos_ii.o(.data)
    OSTCBHighRdy                             0x20000098   Data           4  ucos_ii.o(.data)
    OSTCBList                                0x2000009c   Data           4  ucos_ii.o(.data)
    OSTickStepState                          0x200000a0   Data           1  ucos_ii.o(.data)
    OSMemFreeList                            0x200000a4   Data           4  ucos_ii.o(.data)
    OSQFreeList                              0x200000a8   Data           4  ucos_ii.o(.data)
    OSTaskRegNextAvailID                     0x200000ac   Data           1  ucos_ii.o(.data)
    OSTime                                   0x200000b0   Data           4  ucos_ii.o(.data)
    OSTmrFree                                0x200000b4   Data           2  ucos_ii.o(.data)
    OSTmrUsed                                0x200000b6   Data           2  ucos_ii.o(.data)
    OSTmrTime                                0x200000b8   Data           4  ucos_ii.o(.data)
    OSTmrSem                                 0x200000bc   Data           4  ucos_ii.o(.data)
    OSTmrSemSignal                           0x200000c0   Data           4  ucos_ii.o(.data)
    OSTmrFreeList                            0x200000c4   Data           4  ucos_ii.o(.data)
    OS_CPU_ExceptStkBase                     0x200000c8   Data           4  os_cpu_c.o(.data)
    OS_KA_BASEPRI_Boundary                   0x200000d0   Data           4  os_cpu_c.o(.data)
    __stdout                                 0x200000d4   Data           4  stdout.o(.data)
    START_TASK_STK                           0x200000dc   Data         512  main.o(.bss)
    ANO_TASK_STK                             0x200002dc   Data        1024  main.o(.bss)
    FLIGHT_TASK_STK                          0x200006dc   Data        1024  main.o(.bss)
    data                                     0x20000c08   Data         100  ano.o(.bss)
    rvalue                                   0x20000cac   Data          28  remote.o(.bss)
    pvalue                                   0x20000cc8   Data          28  remote.o(.bss)
    accel                                    0x20000ce4   Data          12  sensor.o(.bss)
    gyro                                     0x20000cf0   Data          12  sensor.o(.bss)
    mag                                      0x20000cfc   Data          12  sensor.o(.bss)
    accelBias                                0x20000d08   Data          12  sensor.o(.bss)
    gyroBias                                 0x20000d14   Data          12  sensor.o(.bss)
    magBias                                  0x20000d20   Data          12  sensor.o(.bss)
    msPROM                                   0x20000d2c   Data          16  sensor.o(.bss)
    attitude                                 0x20000d3c   Data          12  ahrs.o(.bss)
    outer_roll                               0x20000d48   Data          36  pid.o(.bss)
    inner_roll                               0x20000d6c   Data          36  pid.o(.bss)
    hadc1                                    0x20000d90   Data          72  adc.o(.bss)
    hi2c1                                    0x20000dd8   Data          84  i2c.o(.bss)
    htim1                                    0x20000e2c   Data          72  tim.o(.bss)
    htim2                                    0x20000e74   Data          72  tim.o(.bss)
    htim3                                    0x20000ebc   Data          72  tim.o(.bss)
    huart2                                   0x20000f04   Data          68  usart.o(.bss)
    hdma_usart2_tx                           0x20000f48   Data          96  usart.o(.bss)
    OSEventTbl                               0x20000fa8   Data         240  ucos_ii.o(.bss)
    OSFlagTbl                                0x20001098   Data          80  ucos_ii.o(.bss)
    OSTaskStatStk                            0x200010e8   Data         512  ucos_ii.o(.bss)
    OSTaskIdleStk                            0x200012e8   Data         512  ucos_ii.o(.bss)
    OSTCBPrioTbl                             0x200014e8   Data         256  ucos_ii.o(.bss)
    OSTCBTbl                                 0x200015e8   Data        2024  ucos_ii.o(.bss)
    OSMemTbl                                 0x20001dd0   Data         120  ucos_ii.o(.bss)
    OSQTbl                                   0x20001e48   Data          96  ucos_ii.o(.bss)
    OSTmrTbl                                 0x20001ea8   Data         640  ucos_ii.o(.bss)
    OSTmrTaskStk                             0x20002128   Data         512  ucos_ii.o(.bss)
    OSTmrWheelTbl                            0x20002328   Data          56  ucos_ii.o(.bss)
    OS_CPU_ExceptStk                         0x20002360   Data        1024  os_cpu_c.o(.bss)
    __initial_sp                             0x20002b60   Data           0  startup_stm32f401xe.o(STACK)



==============================================================================

Memory Map of the image

  Image Entry point : 0x08000195

  Load Region LR_IROM1 (Base: 0x08000000, Size: 0x0000da7c, Max: 0x00080000, ABSOLUTE)

    Execution Region ER_IROM1 (Exec base: 0x08000000, Load base: 0x08000000, Size: 0x0000d9a0, Max: 0x00080000, ABSOLUTE)

    Exec Addr    Load Addr    Size         Type   Attr      Idx    E Section Name        Object

    0x08000000   0x08000000   0x00000194   Data   RO         1080    RESET               startup_stm32f401xe.o
    0x08000194   0x08000194   0x00000000   Code   RO         5109  * .ARM.Collect$$$$00000000  mc_w.l(entry.o)
    0x08000194   0x08000194   0x00000004   Code   RO         5403    .ARM.Collect$$$$00000001  mc_w.l(entry2.o)
    0x08000198   0x08000198   0x00000004   Code   RO         5406    .ARM.Collect$$$$00000004  mc_w.l(entry5.o)
    0x0800019c   0x0800019c   0x00000000   Code   RO         5408    .ARM.Collect$$$$00000008  mc_w.l(entry7b.o)
    0x0800019c   0x0800019c   0x00000000   Code   RO         5410    .ARM.Collect$$$$0000000A  mc_w.l(entry8b.o)
    0x0800019c   0x0800019c   0x00000008   Code   RO         5411    .ARM.Collect$$$$0000000B  mc_w.l(entry9a.o)
    0x080001a4   0x080001a4   0x00000004   Code   RO         5418    .ARM.Collect$$$$0000000E  mc_w.l(entry12b.o)
    0x080001a8   0x080001a8   0x00000000   Code   RO         5413    .ARM.Collect$$$$0000000F  mc_w.l(entry10a.o)
    0x080001a8   0x080001a8   0x00000000   Code   RO         5415    .ARM.Collect$$$$00000011  mc_w.l(entry11a.o)
    0x080001a8   0x080001a8   0x00000004   Code   RO         5404    .ARM.Collect$$$$00002712  mc_w.l(entry2.o)
    0x080001ac   0x080001ac   0x00000024   Code   RO         1081    .text               startup_stm32f401xe.o
    0x080001d0   0x080001d0   0x00000134   Code   RO         4739    .text               os_cpu_a.o
    0x08000304   0x08000304   0x00000094   Code   RO         4930    .text               arm_cortexM4lf_math.lib(arm_sin_f32.o)
    0x08000398   0x08000398   0x00000038   Code   RO         4980    .text               arm_cortexM4lf_math.lib(arm_pid_init_f32.o)
    0x080003d0   0x080003d0   0x00000062   Code   RO         5112    .text               mc_w.l(uldiv.o)
    0x08000432   0x08000432   0x00000062   Code   RO         5114    .text               mc_w.l(ldiv.o)
    0x08000494   0x08000494   0x00000024   Code   RO         5116    .text               mc_w.l(memcpya.o)
    0x080004b8   0x080004b8   0x00000024   Code   RO         5118    .text               mc_w.l(memseta.o)
    0x080004dc   0x080004dc   0x0000002c   Code   RO         5383    .text               mf_w.l(ffltl.o)
    0x08000508   0x08000508   0x00000026   Code   RO         5385    .text               mf_w.l(f2d.o)
    0x0800052e   0x0800052e   0x0000002c   Code   RO         5420    .text               mc_w.l(uidiv.o)
    0x0800055a   0x0800055a   0x0000001e   Code   RO         5422    .text               mc_w.l(llshl.o)
    0x08000578   0x08000578   0x00000020   Code   RO         5424    .text               mc_w.l(llushr.o)
    0x08000598   0x08000598   0x00000000   Code   RO         5433    .text               mc_w.l(iusefp.o)
    0x08000598   0x08000598   0x0000006e   Code   RO         5434    .text               mf_w.l(fepilogue.o)
    0x08000606   0x08000606   0x0000014e   Code   RO         5436    .text               mf_w.l(dadd.o)
    0x08000754   0x08000754   0x000000e4   Code   RO         5438    .text               mf_w.l(dmul.o)
    0x08000838   0x08000838   0x000000de   Code   RO         5440    .text               mf_w.l(ddiv.o)
    0x08000916   0x08000916   0x00000030   Code   RO         5442    .text               mf_w.l(dfixul.o)
    0x08000946   0x08000946   0x00000002   PAD
    0x08000948   0x08000948   0x00000030   Code   RO         5444    .text               mf_w.l(cdrcmple.o)
    0x08000978   0x08000978   0x00000004   Code   RO         5446    .text               mf_w.l(fpstat.o)
    0x0800097c   0x0800097c   0x00000024   Code   RO         5448    .text               mc_w.l(init.o)
    0x080009a0   0x080009a0   0x00000024   Code   RO         5450    .text               mc_w.l(llsshr.o)
    0x080009c4   0x080009c4   0x000000ba   Code   RO         5452    .text               mf_w.l(depilogue.o)
    0x08000a7e   0x08000a7e   0x00000002   PAD
    0x08000a80   0x08000a80   0x0000019c   Code   RO         1314    i.ADC_Init          stm32f4xx_hal_adc.o
    0x08000c1c   0x08000c1c   0x00000090   Code   RO          667    i.AHRS_Update       ahrs.o
    0x08000cac   0x08000cac   0x0000003c   Code   RO          217    i.ANO_Receive_Analyze  ano.o
    0x08000ce8   0x08000ce8   0x000000f0   Code   RO          218    i.ANO_Receive_Prepare  ano.o
    0x08000dd8   0x08000dd8   0x000000a2   Code   RO          220    i.ANO_Send_Battery  ano.o
    0x08000e7a   0x08000e7a   0x000000e2   Code   RO          222    i.ANO_Send_Euler    ano.o
    0x08000f5c   0x08000f5c   0x0000008e   Code   RO          223    i.ANO_Send_PWM      ano.o
    0x08000fea   0x08000fea   0x00000074   Code   RO          224    i.ANO_Send_Param    ano.o
    0x0800105e   0x0800105e   0x0000005c   Code   RO          226    i.ANO_Send_Remote   ano.o
    0x080010ba   0x080010ba   0x000000c8   Code   RO          227    i.ANO_Send_Sensor   ano.o
    0x08001182   0x08001182   0x00000002   PAD
    0x08001184   0x08001184   0x00000070   Code   RO          229    i.ANO_Send_String   ano.o
    0x080011f4   0x080011f4   0x000001cc   Code   RO            4    i.ANO_Task          main.o
    0x080013c0   0x080013c0   0x00000002   Code   RO         4846    i.App_TCBInitHook   app_hooks.o
    0x080013c2   0x080013c2   0x00000002   Code   RO         4847    i.App_TaskCreateHook  app_hooks.o
    0x080013c4   0x080013c4   0x00000002   Code   RO         4848    i.App_TaskDelHook   app_hooks.o
    0x080013c6   0x080013c6   0x00000002   Code   RO         4849    i.App_TaskIdleHook  app_hooks.o
    0x080013c8   0x080013c8   0x00000002   Code   RO         4850    i.App_TaskReturnHook  app_hooks.o
    0x080013ca   0x080013ca   0x00000002   Code   RO         4851    i.App_TaskStatHook  app_hooks.o
    0x080013cc   0x080013cc   0x00000002   Code   RO         4852    i.App_TaskSwHook    app_hooks.o
    0x080013ce   0x080013ce   0x00000008   Code   RO         4853    i.App_TimeTickHook  app_hooks.o
    0x080013d6   0x080013d6   0x00000004   Code   RO         1011    i.BusFault_Handler  stm32f4xx_it.o
    0x080013da   0x080013da   0x00000002   PAD
    0x080013dc   0x080013dc   0x0000002c   Code   RO         1012    i.DMA1_Stream6_IRQHandler  stm32f4xx_it.o
    0x08001408   0x08001408   0x00000034   Code   RO         1586    i.DMA_CalcBaseAndBitshift  stm32f4xx_hal_dma.o
    0x0800143c   0x0800143c   0x000000aa   Code   RO         1587    i.DMA_CheckFifoParam  stm32f4xx_hal_dma.o
    0x080014e6   0x080014e6   0x0000002c   Code   RO         1588    i.DMA_SetConfig     stm32f4xx_hal_dma.o
    0x08001512   0x08001512   0x00000002   Code   RO         1013    i.DebugMon_Handler  stm32f4xx_it.o
    0x08001514   0x08001514   0x00000006   Code   RO          610    i.Error_Handler     sys.o
    0x0800151a   0x0800151a   0x00000012   Code   RO            5    i.FLIGHT_Task       main.o
    0x0800152c   0x0800152c   0x00000210   Code   RO         1316    i.HAL_ADC_ConfigChannel  stm32f4xx_hal_adc.o
    0x0800173c   0x0800173c   0x00000008   Code   RO         1323    i.HAL_ADC_GetValue  stm32f4xx_hal_adc.o
    0x08001744   0x08001744   0x00000254   Code   RO         1325    i.HAL_ADC_Init      stm32f4xx_hal_adc.o
    0x08001998   0x08001998   0x00000080   Code   RO          778    i.HAL_ADC_MspInit   adc.o
    0x08001a18   0x08001a18   0x00000174   Code   RO         1331    i.HAL_ADC_Start     stm32f4xx_hal_adc.o
    0x08001b8c   0x08001b8c   0x000000ac   Code   RO         1589    i.HAL_DMA_Abort     stm32f4xx_hal_dma.o
    0x08001c38   0x08001c38   0x00000028   Code   RO         1590    i.HAL_DMA_Abort_IT  stm32f4xx_hal_dma.o
    0x08001c60   0x08001c60   0x00000240   Code   RO         1594    i.HAL_DMA_IRQHandler  stm32f4xx_hal_dma.o
    0x08001ea0   0x08001ea0   0x00000344   Code   RO         1595    i.HAL_DMA_Init      stm32f4xx_hal_dma.o
    0x080021e4   0x080021e4   0x000000c8   Code   RO         1599    i.HAL_DMA_Start_IT  stm32f4xx_hal_dma.o
    0x080022ac   0x080022ac   0x00000028   Code   RO         1132    i.HAL_Delay         stm32f4xx_hal.o
    0x080022d4   0x080022d4   0x00000388   Code   RO         1736    i.HAL_GPIO_Init     stm32f4xx_hal_gpio.o
    0x0800265c   0x0800265c   0x0000000c   Code   RO         1138    i.HAL_GetTick       stm32f4xx_hal.o
    0x08002668   0x08002668   0x000002d8   Code   RO         1810    i.HAL_I2C_Init      stm32f4xx_hal_i2c.o
    0x08002940   0x08002940   0x000002f8   Code   RO         1816    i.HAL_I2C_Master_Receive  stm32f4xx_hal_i2c.o
    0x08002c38   0x08002c38   0x00000170   Code   RO         1823    i.HAL_I2C_Master_Transmit  stm32f4xx_hal_i2c.o
    0x08002da8   0x08002da8   0x00000328   Code   RO         1828    i.HAL_I2C_Mem_Read  stm32f4xx_hal_i2c.o
    0x080030d0   0x080030d0   0x00000198   Code   RO         1831    i.HAL_I2C_Mem_Write  stm32f4xx_hal_i2c.o
    0x08003268   0x08003268   0x00000088   Code   RO          868    i.HAL_I2C_MspInit   i2c.o
    0x080032f0   0x080032f0   0x00000018   Code   RO         1144    i.HAL_IncTick       stm32f4xx_hal.o
    0x08003308   0x08003308   0x0000003c   Code   RO         1145    i.HAL_Init          stm32f4xx_hal.o
    0x08003344   0x08003344   0x0000004c   Code   RO         1146    i.HAL_InitTick      stm32f4xx_hal.o
    0x08003390   0x08003390   0x00000050   Code   RO          753    i.HAL_MspInit       stm32f4xx_hal_msp.o
    0x080033e0   0x080033e0   0x00000054   Code   RO         3831    i.HAL_NVIC_EnableIRQ  stm32f4xx_hal_cortex.o
    0x08003434   0x08003434   0x000000bc   Code   RO         3837    i.HAL_NVIC_SetPriority  stm32f4xx_hal_cortex.o
    0x080034f0   0x080034f0   0x00000070   Code   RO         3838    i.HAL_NVIC_SetPriorityGrouping  stm32f4xx_hal_cortex.o
    0x08003560   0x08003560   0x000002a8   Code   RO         2302    i.HAL_RCC_ClockConfig  stm32f4xx_hal_rcc.o
    0x08003808   0x08003808   0x0000000c   Code   RO         2307    i.HAL_RCC_GetHCLKFreq  stm32f4xx_hal_rcc.o
    0x08003814   0x08003814   0x00000020   Code   RO         2309    i.HAL_RCC_GetPCLK1Freq  stm32f4xx_hal_rcc.o
    0x08003834   0x08003834   0x00000020   Code   RO         2310    i.HAL_RCC_GetPCLK2Freq  stm32f4xx_hal_rcc.o
    0x08003854   0x08003854   0x000000b0   Code   RO         2311    i.HAL_RCC_GetSysClockFreq  stm32f4xx_hal_rcc.o
    0x08003904   0x08003904   0x000005f8   Code   RO         2314    i.HAL_RCC_OscConfig  stm32f4xx_hal_rcc.o
    0x08003efc   0x08003efc   0x00000034   Code   RO         3842    i.HAL_SYSTICK_Config  stm32f4xx_hal_cortex.o
    0x08003f30   0x08003f30   0x00000002   Code   RO         3174    i.HAL_TIMEx_BreakCallback  stm32f4xx_hal_tim_ex.o
    0x08003f32   0x08003f32   0x00000002   Code   RO         3175    i.HAL_TIMEx_CommutCallback  stm32f4xx_hal_tim_ex.o
    0x08003f34   0x08003f34   0x00000148   Code   RO         3193    i.HAL_TIMEx_MasterConfigSynchronization  stm32f4xx_hal_tim_ex.o
    0x0800407c   0x0800407c   0x0000014c   Code   RO         2459    i.HAL_TIM_Base_Init  stm32f4xx_hal_tim.o
    0x080041c8   0x080041c8   0x00000194   Code   RO          910    i.HAL_TIM_Base_MspInit  tim.o
    0x0800435c   0x0800435c   0x000004c0   Code   RO         2468    i.HAL_TIM_ConfigClockSource  stm32f4xx_hal_tim.o
    0x0800481c   0x0800481c   0x00000002   Code   RO         2493    i.HAL_TIM_IC_CaptureCallback  stm32f4xx_hal_tim.o
    0x0800481e   0x0800481e   0x00000002   PAD
    0x08004820   0x08004820   0x00000278   Code   RO         2495    i.HAL_TIM_IC_ConfigChannel  stm32f4xx_hal_tim.o
    0x08004a98   0x08004a98   0x0000014c   Code   RO         2498    i.HAL_TIM_IC_Init   stm32f4xx_hal_tim.o
    0x08004be4   0x08004be4   0x00000002   Code   RO         2500    i.HAL_TIM_IC_MspInit  stm32f4xx_hal_tim.o
    0x08004be6   0x08004be6   0x00000002   PAD
    0x08004be8   0x08004be8   0x00000240   Code   RO         2503    i.HAL_TIM_IC_Start_IT  stm32f4xx_hal_tim.o
    0x08004e28   0x08004e28   0x00000196   Code   RO         2507    i.HAL_TIM_IRQHandler  stm32f4xx_hal_tim.o
    0x08004fbe   0x08004fbe   0x00000002   PAD
    0x08004fc0   0x08004fc0   0x0000009c   Code   RO          911    i.HAL_TIM_MspPostInit  tim.o
    0x0800505c   0x0800505c   0x00000002   Code   RO         2510    i.HAL_TIM_OC_DelayElapsedCallback  stm32f4xx_hal_tim.o
    0x0800505e   0x0800505e   0x00000002   PAD
    0x08005060   0x08005060   0x00000298   Code   RO         2531    i.HAL_TIM_PWM_ConfigChannel  stm32f4xx_hal_tim.o
    0x080052f8   0x080052f8   0x0000014c   Code   RO         2534    i.HAL_TIM_PWM_Init  stm32f4xx_hal_tim.o
    0x08005444   0x08005444   0x00000002   Code   RO         2536    i.HAL_TIM_PWM_MspInit  stm32f4xx_hal_tim.o
    0x08005446   0x08005446   0x00000002   Code   RO         2537    i.HAL_TIM_PWM_PulseFinishedCallback  stm32f4xx_hal_tim.o
    0x08005448   0x08005448   0x000001b0   Code   RO         2539    i.HAL_TIM_PWM_Start  stm32f4xx_hal_tim.o
    0x080055f8   0x080055f8   0x00000002   Code   RO         2545    i.HAL_TIM_PeriodElapsedCallback  stm32f4xx_hal_tim.o
    0x080055fa   0x080055fa   0x00000002   PAD
    0x080055fc   0x080055fc   0x00000168   Code   RO         2547    i.HAL_TIM_ReadCapturedValue  stm32f4xx_hal_tim.o
    0x08005764   0x08005764   0x00000002   Code   RO         2550    i.HAL_TIM_TriggerCallback  stm32f4xx_hal_tim.o
    0x08005766   0x08005766   0x00000002   Code   RO         3452    i.HAL_UARTEx_RxEventCallback  stm32f4xx_hal_uart.o
    0x08005768   0x08005768   0x00000002   Code   RO         3466    i.HAL_UART_ErrorCallback  stm32f4xx_hal_uart.o
    0x0800576a   0x0800576a   0x00000002   PAD
    0x0800576c   0x0800576c   0x000002e0   Code   RO         3469    i.HAL_UART_IRQHandler  stm32f4xx_hal_uart.o
    0x08005a4c   0x08005a4c   0x00000140   Code   RO         3470    i.HAL_UART_Init     stm32f4xx_hal_uart.o
    0x08005b8c   0x08005b8c   0x000000e0   Code   RO          970    i.HAL_UART_MspInit  usart.o
    0x08005c6c   0x08005c6c   0x00000002   Code   RO         3476    i.HAL_UART_RxCpltCallback  stm32f4xx_hal_uart.o
    0x08005c6e   0x08005c6e   0x000000d2   Code   RO         3478    i.HAL_UART_Transmit  stm32f4xx_hal_uart.o
    0x08005d40   0x08005d40   0x000000ac   Code   RO         3479    i.HAL_UART_Transmit_DMA  stm32f4xx_hal_uart.o
    0x08005dec   0x08005dec   0x00000002   Code   RO         3481    i.HAL_UART_TxCpltCallback  stm32f4xx_hal_uart.o
    0x08005dee   0x08005dee   0x00000002   Code   RO         3482    i.HAL_UART_TxHalfCpltCallback  stm32f4xx_hal_uart.o
    0x08005df0   0x08005df0   0x000000d8   Code   RO          432    i.HMC_Connect       sensor.o
    0x08005ec8   0x08005ec8   0x00000030   Code   RO          433    i.HMC_Init          sensor.o
    0x08005ef8   0x08005ef8   0x00000042   Code   RO          434    i.HMC_ReadMagRaw    sensor.o
    0x08005f3a   0x08005f3a   0x00000002   PAD
    0x08005f3c   0x08005f3c   0x000000f8   Code   RO          435    i.HMC_SelfTest      sensor.o
    0x08006034   0x08006034   0x00000004   Code   RO         1014    i.HardFault_Handler  stm32f4xx_it.o
    0x08006038   0x08006038   0x0000003e   Code   RO         1853    i.I2C_IsAcknowledgeFailed  stm32f4xx_hal_i2c.o
    0x08006076   0x08006076   0x00000002   PAD
    0x08006078   0x08006078   0x00000138   Code   RO         1856    i.I2C_MasterRequestRead  stm32f4xx_hal_i2c.o
    0x080061b0   0x080061b0   0x000000c0   Code   RO         1857    i.I2C_MasterRequestWrite  stm32f4xx_hal_i2c.o
    0x08006270   0x08006270   0x00000160   Code   RO         1864    i.I2C_RequestMemoryRead  stm32f4xx_hal_i2c.o
    0x080063d0   0x080063d0   0x000000e0   Code   RO         1865    i.I2C_RequestMemoryWrite  stm32f4xx_hal_i2c.o
    0x080064b0   0x080064b0   0x0000005c   Code   RO         1873    i.I2C_WaitOnBTFFlagUntilTimeout  stm32f4xx_hal_i2c.o
    0x0800650c   0x0800650c   0x00000086   Code   RO         1874    i.I2C_WaitOnFlagUntilTimeout  stm32f4xx_hal_i2c.o
    0x08006592   0x08006592   0x000000c4   Code   RO         1875    i.I2C_WaitOnMasterAddressFlagUntilTimeout  stm32f4xx_hal_i2c.o
    0x08006656   0x08006656   0x00000080   Code   RO         1876    i.I2C_WaitOnRXNEFlagUntilTimeout  stm32f4xx_hal_i2c.o
    0x080066d6   0x080066d6   0x0000005c   Code   RO         1879    i.I2C_WaitOnTXEFlagUntilTimeout  stm32f4xx_hal_i2c.o
    0x08006732   0x08006732   0x00000002   PAD
    0x08006734   0x08006734   0x00000028   Code   RO          334    i.MOTOR_Init        motor.o
    0x0800675c   0x0800675c   0x00000088   Code   RO          335    i.MOTOR_Set         motor.o
    0x080067e4   0x080067e4   0x00000390   Code   RO          436    i.MPU_Calibrate     sensor.o
    0x08006b74   0x08006b74   0x00000090   Code   RO          437    i.MPU_Connect       sensor.o
    0x08006c04   0x08006c04   0x000000cc   Code   RO          438    i.MPU_Init          sensor.o
    0x08006cd0   0x08006cd0   0x00000042   Code   RO          439    i.MPU_ReadAccelRaw  sensor.o
    0x08006d12   0x08006d12   0x00000042   Code   RO          440    i.MPU_ReadGyroRaw   sensor.o
    0x08006d54   0x08006d54   0x00000510   Code   RO          441    i.MPU_SelfTest      sensor.o
    0x08007264   0x08007264   0x000000e4   Code   RO          442    i.MS_CheckCRC       sensor.o
    0x08007348   0x08007348   0x00000060   Code   RO          443    i.MS_Init           sensor.o
    0x080073a8   0x080073a8   0x0000002a   Code   RO          444    i.MS_ReadADC        sensor.o
    0x080073d2   0x080073d2   0x00000042   Code   RO          445    i.MS_ReadPROM       sensor.o
    0x08007414   0x08007414   0x00000220   Code   RO          446    i.MS_ReadPressure   sensor.o
    0x08007634   0x08007634   0x0000000e   Code   RO          447    i.MS_WriteCMD       sensor.o
    0x08007642   0x08007642   0x00000002   PAD
    0x08007644   0x08007644   0x00000074   Code   RO          779    i.MX_ADC1_Init      adc.o
    0x080076b8   0x080076b8   0x00000038   Code   RO          819    i.MX_DMA_Init       dma.o
    0x080076f0   0x080076f0   0x00000064   Code   RO          843    i.MX_GPIO_Init      gpio.o
    0x08007754   0x08007754   0x00000040   Code   RO          869    i.MX_I2C1_Init      i2c.o
    0x08007794   0x08007794   0x000000d4   Code   RO          912    i.MX_TIM1_Init      tim.o
    0x08007868   0x08007868   0x000000bc   Code   RO          913    i.MX_TIM2_Init      tim.o
    0x08007924   0x08007924   0x000000d8   Code   RO          914    i.MX_TIM3_Init      tim.o
    0x080079fc   0x080079fc   0x00000038   Code   RO          971    i.MX_USART2_UART_Init  usart.o
    0x08007a34   0x08007a34   0x00000acc   Code   RO          668    i.MadgwickAHRSupdate  ahrs.o
    0x08008500   0x08008500   0x00000448   Code   RO          669    i.MadgwickAHRSupdateIMU  ahrs.o
    0x08008948   0x08008948   0x00000004   Code   RO         1015    i.MemManage_Handler  stm32f4xx_it.o
    0x0800894c   0x0800894c   0x00000004   Code   RO         1016    i.NMI_Handler       stm32f4xx_it.o
    0x08008950   0x08008950   0x0000015c   Code   RO         4912    i.OSDebugInit       os_dbg.o
    0x08008aac   0x08008aac   0x00000074   Code   RO         3964    i.OSEventNameSet    ucos_ii.o
    0x08008b20   0x08008b20   0x00000038   Code   RO         3975    i.OSInit            ucos_ii.o
    0x08008b58   0x08008b58   0x0000005c   Code   RO         4742    i.OSInitHookBegin   os_cpu_c.o
    0x08008bb4   0x08008bb4   0x00000002   Code   RO         4743    i.OSInitHookEnd     os_cpu_c.o
    0x08008bb6   0x08008bb6   0x00000002   PAD
    0x08008bb8   0x08008bb8   0x00000024   Code   RO         3976    i.OSIntEnter        ucos_ii.o
    0x08008bdc   0x08008bdc   0x0000009c   Code   RO         3977    i.OSIntExit         ucos_ii.o
    0x08008c78   0x08008c78   0x00000048   Code   RO         4009    i.OSSchedLock       ucos_ii.o
    0x08008cc0   0x08008cc0   0x00000070   Code   RO         4010    i.OSSchedUnlock     ucos_ii.o
    0x08008d30   0x08008d30   0x00000060   Code   RO         4012    i.OSSemCreate       ucos_ii.o
    0x08008d90   0x08008d90   0x00000118   Code   RO         4014    i.OSSemPend         ucos_ii.o
    0x08008ea8   0x08008ea8   0x00000070   Code   RO         4016    i.OSSemPost         ucos_ii.o
    0x08008f18   0x08008f18   0x00000048   Code   RO         4019    i.OSStart           ucos_ii.o
    0x08008f60   0x08008f60   0x00000060   Code   RO         4020    i.OSStatInit        ucos_ii.o
    0x08008fc0   0x08008fc0   0x0000000c   Code   RO         4744    i.OSTCBInitHook     os_cpu_c.o
    0x08008fcc   0x08008fcc   0x000000c8   Code   RO         4022    i.OSTaskCreate      ucos_ii.o
    0x08009094   0x08009094   0x000000dc   Code   RO         4023    i.OSTaskCreateExt   ucos_ii.o
    0x08009170   0x08009170   0x0000000c   Code   RO         4745    i.OSTaskCreateHook  os_cpu_c.o
    0x0800917c   0x0800917c   0x00000188   Code   RO         4024    i.OSTaskDel         ucos_ii.o
    0x08009304   0x08009304   0x0000000c   Code   RO         4746    i.OSTaskDelHook     os_cpu_c.o
    0x08009310   0x08009310   0x00000008   Code   RO         4747    i.OSTaskIdleHook    os_cpu_c.o
    0x08009318   0x08009318   0x00000098   Code   RO         4027    i.OSTaskNameSet     ucos_ii.o
    0x080093b0   0x080093b0   0x0000000c   Code   RO         4748    i.OSTaskReturnHook  os_cpu_c.o
    0x080093bc   0x080093bc   0x00000008   Code   RO         4749    i.OSTaskStatHook    os_cpu_c.o
    0x080093c4   0x080093c4   0x000000b0   Code   RO         4033    i.OSTaskStkChk      ucos_ii.o
    0x08009474   0x08009474   0x0000022c   Code   RO         4750    i.OSTaskStkInit     os_cpu_c.o
    0x080096a0   0x080096a0   0x000000d0   Code   RO         4034    i.OSTaskSuspend     ucos_ii.o
    0x08009770   0x08009770   0x00000024   Code   RO         4751    i.OSTaskSwHook      os_cpu_c.o
    0x08009794   0x08009794   0x00000084   Code   RO         4035    i.OSTimeDly         ucos_ii.o
    0x08009818   0x08009818   0x00000100   Code   RO         4040    i.OSTimeTick        ucos_ii.o
    0x08009918   0x08009918   0x00000028   Code   RO         4752    i.OSTimeTickHook    os_cpu_c.o
    0x08009940   0x08009940   0x00000014   Code   RO         4045    i.OSTmrSignal       ucos_ii.o
    0x08009954   0x08009954   0x000000f4   Code   RO         4051    i.OSTmr_Init        ucos_ii.o
    0x08009a48   0x08009a48   0x00000050   Code   RO         4052    i.OSTmr_InitTask    ucos_ii.o
    0x08009a98   0x08009a98   0x00000074   Code   RO         4053    i.OSTmr_Link        ucos_ii.o
    0x08009b0c   0x08009b0c   0x00000084   Code   RO         4054    i.OSTmr_Task        ucos_ii.o
    0x08009b90   0x08009b90   0x00000048   Code   RO         4055    i.OSTmr_Unlink      ucos_ii.o
    0x08009bd8   0x08009bd8   0x00000002   Code   RO         4057    i.OS_Dummy          ucos_ii.o
    0x08009bda   0x08009bda   0x00000002   PAD
    0x08009bdc   0x08009bdc   0x00000094   Code   RO         4058    i.OS_EventTaskRdy   ucos_ii.o
    0x08009c70   0x08009c70   0x0000002e   Code   RO         4059    i.OS_EventTaskRemove  ucos_ii.o
    0x08009c9e   0x08009c9e   0x0000003a   Code   RO         4060    i.OS_EventTaskRemoveMulti  ucos_ii.o
    0x08009cd8   0x08009cd8   0x0000007c   Code   RO         4061    i.OS_EventTaskWait  ucos_ii.o
    0x08009d54   0x08009d54   0x0000001c   Code   RO         4063    i.OS_EventWaitListInit  ucos_ii.o
    0x08009d70   0x08009d70   0x00000054   Code   RO         4065    i.OS_FlagInit       ucos_ii.o
    0x08009dc4   0x08009dc4   0x00000024   Code   RO         4067    i.OS_FlagUnlink     ucos_ii.o
    0x08009de8   0x08009de8   0x00000060   Code   RO         4068    i.OS_InitEventList  ucos_ii.o
    0x08009e48   0x08009e48   0x0000005c   Code   RO         4069    i.OS_InitMisc       ucos_ii.o
    0x08009ea4   0x08009ea4   0x00000044   Code   RO         4070    i.OS_InitRdyList    ucos_ii.o
    0x08009ee8   0x08009ee8   0x00000080   Code   RO         4071    i.OS_InitTCBList    ucos_ii.o
    0x08009f68   0x08009f68   0x00000050   Code   RO         4072    i.OS_InitTaskIdle   ucos_ii.o
    0x08009fb8   0x08009fb8   0x00000050   Code   RO         4073    i.OS_InitTaskStat   ucos_ii.o
    0x0800a008   0x0800a008   0x00000012   Code   RO         4074    i.OS_MemClr         ucos_ii.o
    0x0800a01a   0x0800a01a   0x00000002   PAD
    0x0800a01c   0x0800a01c   0x00000058   Code   RO         4076    i.OS_MemInit        ucos_ii.o
    0x0800a074   0x0800a074   0x0000004c   Code   RO         4077    i.OS_QInit          ucos_ii.o
    0x0800a0c0   0x0800a0c0   0x00000080   Code   RO         4078    i.OS_Sched          ucos_ii.o
    0x0800a140   0x0800a140   0x0000002c   Code   RO         4079    i.OS_SchedNew       ucos_ii.o
    0x0800a16c   0x0800a16c   0x00000168   Code   RO         4081    i.OS_TCBInit        ucos_ii.o
    0x0800a2d4   0x0800a2d4   0x00000030   Code   RO         4082    i.OS_TaskIdle       ucos_ii.o
    0x0800a304   0x0800a304   0x00000018   Code   RO         4083    i.OS_TaskReturn     ucos_ii.o
    0x0800a31c   0x0800a31c   0x000000f0   Code   RO         4084    i.OS_TaskStat       ucos_ii.o
    0x0800a40c   0x0800a40c   0x0000003c   Code   RO         4085    i.OS_TaskStatStkChk  ucos_ii.o
    0x0800a448   0x0800a448   0x0000001a   Code   RO         4086    i.OS_TaskStkClr     ucos_ii.o
    0x0800a462   0x0800a462   0x00000002   PAD
    0x0800a464   0x0800a464   0x0000001c   Code   RO          718    i.PID_Init          pid.o
    0x0800a480   0x0800a480   0x00000120   Code   RO          670    i.QToEuler          ahrs.o
    0x0800a5a0   0x0800a5a0   0x00000064   Code   RO          376    i.REMOTE_Init       remote.o
    0x0800a604   0x0800a604   0x00000026   Code   RO          448    i.SENSOR_Init       sensor.o
    0x0800a62a   0x0800a62a   0x00000002   PAD
    0x0800a62c   0x0800a62c   0x00000028   Code   RO          449    i.SENSOR_ReadBytes  sensor.o
    0x0800a654   0x0800a654   0x00000030   Code   RO          450    i.SENSOR_RegReadBytes  sensor.o
    0x0800a684   0x0800a684   0x00000034   Code   RO          451    i.SENSOR_RegWriteByte  sensor.o
    0x0800a6b8   0x0800a6b8   0x000001f8   Code   RO          577    i.SENSOR_Update     sensor.o
    0x0800a8b0   0x0800a8b0   0x00000028   Code   RO          452    i.SENSOR_WriteByte  sensor.o
    0x0800a8d8   0x0800a8d8   0x00000050   Code   RO            6    i.START_Task        main.o
    0x0800a928   0x0800a928   0x00000002   Code   RO         1017    i.SVC_Handler       stm32f4xx_it.o
    0x0800a92a   0x0800a92a   0x00000002   PAD
    0x0800a92c   0x0800a92c   0x00000074   Code   RO          611    i.SYS_Init          sys.o
    0x0800a9a0   0x0800a9a0   0x00000026   Code   RO         4755    i.SysTick_Handler   os_cpu_c.o
    0x0800a9c6   0x0800a9c6   0x00000002   PAD
    0x0800a9c8   0x0800a9c8   0x000000b4   Code   RO          612    i.SystemClock_Config  sys.o
    0x0800aa7c   0x0800aa7c   0x00000014   Code   RO         1089    i.SystemInit        system_stm32f4xx.o
    0x0800aa90   0x0800aa90   0x00000078   Code   RO          377    i.TIM1_CC_IRQHandler  remote.o
    0x0800ab08   0x0800ab08   0x0000005c   Code   RO          378    i.TIM1_UP_TIM10_IRQHandler  remote.o
    0x0800ab64   0x0800ab64   0x000000b8   Code   RO          379    i.TIM2_IRQHandler   remote.o
    0x0800ac1c   0x0800ac1c   0x000000a4   Code   RO         2552    i.TIM_Base_SetConfig  stm32f4xx_hal_tim.o
    0x0800acc0   0x0800acc0   0x000001b4   Code   RO          380    i.TIM_CC_Handler    remote.o
    0x0800ae74   0x0800ae74   0x000000c4   Code   RO         2553    i.TIM_CCxChannelCmd  stm32f4xx_hal_tim.o
    0x0800af38   0x0800af38   0x00000016   Code   RO         2563    i.TIM_ETR_SetConfig  stm32f4xx_hal_tim.o
    0x0800af4e   0x0800af4e   0x00000012   Code   RO         2564    i.TIM_ITRx_SetConfig  stm32f4xx_hal_tim.o
    0x0800af60   0x0800af60   0x000000d4   Code   RO         2565    i.TIM_OC1_SetConfig  stm32f4xx_hal_tim.o
    0x0800b034   0x0800b034   0x000000dc   Code   RO         2566    i.TIM_OC2_SetConfig  stm32f4xx_hal_tim.o
    0x0800b110   0x0800b110   0x000000dc   Code   RO         2567    i.TIM_OC3_SetConfig  stm32f4xx_hal_tim.o
    0x0800b1ec   0x0800b1ec   0x0000008c   Code   RO         2568    i.TIM_OC4_SetConfig  stm32f4xx_hal_tim.o
    0x0800b278   0x0800b278   0x00000026   Code   RO         2570    i.TIM_TI1_ConfigInputStage  stm32f4xx_hal_tim.o
    0x0800b29e   0x0800b29e   0x00000002   PAD
    0x0800b2a0   0x0800b2a0   0x0000007c   Code   RO         2571    i.TIM_TI1_SetConfig  stm32f4xx_hal_tim.o
    0x0800b31c   0x0800b31c   0x00000028   Code   RO         2572    i.TIM_TI2_ConfigInputStage  stm32f4xx_hal_tim.o
    0x0800b344   0x0800b344   0x0000003a   Code   RO         2573    i.TIM_TI2_SetConfig  stm32f4xx_hal_tim.o
    0x0800b37e   0x0800b37e   0x00000038   Code   RO         2574    i.TIM_TI3_SetConfig  stm32f4xx_hal_tim.o
    0x0800b3b6   0x0800b3b6   0x0000003c   Code   RO         2575    i.TIM_TI4_SetConfig  stm32f4xx_hal_tim.o
    0x0800b3f2   0x0800b3f2   0x00000014   Code   RO         3483    i.UART_DMAAbortOnError  stm32f4xx_hal_uart.o
    0x0800b406   0x0800b406   0x00000050   Code   RO         3484    i.UART_DMAError     stm32f4xx_hal_uart.o
    0x0800b456   0x0800b456   0x00000058   Code   RO         3489    i.UART_DMATransmitCplt  stm32f4xx_hal_uart.o
    0x0800b4ae   0x0800b4ae   0x0000000e   Code   RO         3491    i.UART_DMATxHalfCplt  stm32f4xx_hal_uart.o
    0x0800b4bc   0x0800b4bc   0x0000006c   Code   RO         3493    i.UART_EndRxTransfer  stm32f4xx_hal_uart.o
    0x0800b528   0x0800b528   0x00000020   Code   RO         3494    i.UART_EndTransmit_IT  stm32f4xx_hal_uart.o
    0x0800b548   0x0800b548   0x00000026   Code   RO         3495    i.UART_EndTxTransfer  stm32f4xx_hal_uart.o
    0x0800b56e   0x0800b56e   0x000000f8   Code   RO         3496    i.UART_Receive_IT   stm32f4xx_hal_uart.o
    0x0800b666   0x0800b666   0x00000002   PAD
    0x0800b668   0x0800b668   0x000002c4   Code   RO         3497    i.UART_SetConfig    stm32f4xx_hal_uart.o
    0x0800b92c   0x0800b92c   0x00000060   Code   RO         3500    i.UART_Transmit_IT  stm32f4xx_hal_uart.o
    0x0800b98c   0x0800b98c   0x00000092   Code   RO         3501    i.UART_WaitOnFlagUntilTimeout  stm32f4xx_hal_uart.o
    0x0800ba1e   0x0800ba1e   0x00000002   PAD
    0x0800ba20   0x0800ba20   0x00000070   Code   RO          230    i.USART2_IRQHandler  ano.o
    0x0800ba90   0x0800ba90   0x00000004   Code   RO         1018    i.UsageFault_Handler  stm32f4xx_it.o
    0x0800ba94   0x0800ba94   0x00000020   Code   RO         5355    i.__0printf         mc_w.l(printfa.o)
    0x0800bab4   0x0800bab4   0x00000026   Code   RO         5387    i.__ARM_fpclassifyf  m_wm.l(fpclassifyf.o)
    0x0800bada   0x0800bada   0x00000002   PAD
    0x0800badc   0x0800badc   0x00000010   Code   RO         3844    i.__NVIC_GetPriorityGrouping  stm32f4xx_hal_cortex.o
    0x0800baec   0x0800baec   0x00000028   Code   RO         3845    i.__NVIC_SetPriority  stm32f4xx_hal_cortex.o
    0x0800bb14   0x0800bb14   0x000002ac   Code   RO         5083    i.__hardfp_atan2f   m_wm.l(atan2f.o)
    0x0800bdc0   0x0800bdc0   0x00000664   Code   RO         5095    i.__hardfp_powf     m_wm.l(powf.o)
    0x0800c424   0x0800c424   0x00000014   Code   RO         5389    i.__mathlib_flt_divzero  m_wm.l(funder.o)
    0x0800c438   0x0800c438   0x00000006   Code   RO         5391    i.__mathlib_flt_infnan2  m_wm.l(funder.o)
    0x0800c43e   0x0800c43e   0x00000002   PAD
    0x0800c440   0x0800c440   0x00000010   Code   RO         5392    i.__mathlib_flt_invalid  m_wm.l(funder.o)
    0x0800c450   0x0800c450   0x00000010   Code   RO         5393    i.__mathlib_flt_overflow  m_wm.l(funder.o)
    0x0800c460   0x0800c460   0x00000010   Code   RO         5395    i.__mathlib_flt_underflow  m_wm.l(funder.o)
    0x0800c470   0x0800c470   0x0000000e   Code   RO         5456    i.__scatterload_copy  mc_w.l(handlers.o)
    0x0800c47e   0x0800c47e   0x00000002   Code   RO         5457    i.__scatterload_null  mc_w.l(handlers.o)
    0x0800c480   0x0800c480   0x0000000e   Code   RO         5458    i.__scatterload_zeroinit  mc_w.l(handlers.o)
    0x0800c48e   0x0800c48e   0x00000002   PAD
    0x0800c490   0x0800c490   0x0000000c   Code   RO         5428    i.__set_errno       mc_w.l(errno.o)
    0x0800c49c   0x0800c49c   0x00000184   Code   RO         5362    i._fp_digits        mc_w.l(printfa.o)
    0x0800c620   0x0800c620   0x000006b4   Code   RO         5363    i._printf_core      mc_w.l(printfa.o)
    0x0800ccd4   0x0800ccd4   0x00000024   Code   RO         5364    i._printf_post_padding  mc_w.l(printfa.o)
    0x0800ccf8   0x0800ccf8   0x0000002e   Code   RO         5365    i._printf_pre_padding  mc_w.l(printfa.o)
    0x0800cd26   0x0800cd26   0x00000032   Code   RO          231    i.ano_addcheck      ano.o
    0x0800cd58   0x0800cd58   0x00000038   Code   RO          232    i.ano_check         ano.o
    0x0800cd90   0x0800cd90   0x00000044   Code   RO          613    i.assert_failed     sys.o
    0x0800cdd4   0x0800cdd4   0x0000001c   Code   RO          614    i.fputc             sys.o
    0x0800cdf0   0x0800cdf0   0x00000028   Code   RO            7    i.main              main.o
    0x0800ce18   0x0800ce18   0x0000000e   Data   RO          382    .constdata          remote.o
    0x0800ce26   0x0800ce26   0x00000002   PAD
    0x0800ce28   0x0800ce28   0x0000005a   Data   RO          454    .constdata          sensor.o
    0x0800ce82   0x0800ce82   0x00000018   Data   RO         1090    .constdata          system_stm32f4xx.o
    0x0800ce9a   0x0800ce9a   0x00000008   Data   RO         1601    .constdata          stm32f4xx_hal_dma.o
    0x0800cea2   0x0800cea2   0x00000100   Data   RO         4088    .constdata          ucos_ii.o
    0x0800cfa2   0x0800cfa2   0x00000002   PAD
    0x0800cfa4   0x0800cfa4   0x00000074   Data   RO         4913    .constdata          os_dbg.o
    0x0800d018   0x0800d018   0x00000804   Data   RO         5060    .constdata          arm_cortexM4lf_math.lib(arm_common_tables.o)
    0x0800d81c   0x0800d81c   0x00000140   Data   RO         5098    .constdata          m_wm.l(powf.o)
    0x0800d95c   0x0800d95c   0x00000023   Data   RO          455    .conststring        sensor.o
    0x0800d97f   0x0800d97f   0x00000001   PAD
    0x0800d980   0x0800d980   0x00000020   Data   RO         5454    Region$$Table       anon$$obj.o


    Execution Region RW_IRAM1 (Exec base: 0x20000000, Load base: 0x0800d9a0, Size: 0x00002b60, Max: 0x00018000, ABSOLUTE)

    Exec Addr    Load Addr    Size         Type   Attr      Idx    E Section Name        Object

    0x20000000   0x0800d9a0   0x00000001   Data   RW            9    .data               main.o
    0x20000001   0x0800d9a1   0x00000002   Data   RW          234    .data               ano.o
    0x20000003   0x0800d9a3   0x00000001   PAD
    0x20000004   0x0800d9a4   0x00000008   Data   RW          336    .data               motor.o
    0x2000000c   0x0800d9ac   0x0000000e   Data   RW          383    .data               remote.o
    0x2000001a   0x0800d9ba   0x00000002   PAD
    0x2000001c   0x0800d9bc   0x00000021   Data   RW          456    .data               sensor.o
    0x2000003d   0x0800d9dd   0x00000003   PAD
    0x20000040   0x0800d9e0   0x00000014   Data   RW          672    .data               ahrs.o
    0x20000054   0x0800d9f4   0x00000004   Data   RW         1091    .data               system_stm32f4xx.o
    0x20000058   0x0800d9f8   0x00000009   Data   RW         1152    .data               stm32f4xx_hal.o
    0x20000061   0x0800da01   0x00000003   PAD
    0x20000064   0x0800da04   0x00000064   Data   RW         4089    .data               ucos_ii.o
    0x200000c8   0x0800da68   0x0000000c   Data   RW         4757    .data               os_cpu_c.o
    0x200000d4   0x0800da74   0x00000004   Data   RW         5419    .data               mc_w.l(stdout.o)
    0x200000d8   0x0800da78   0x00000004   Data   RW         5429    .data               mc_w.l(errno.o)
    0x200000dc        -       0x00000b2c   Zero   RW            8    .bss                main.o
    0x20000c08        -       0x000000a2   Zero   RW          233    .bss                ano.o
    0x20000caa   0x0800da7c   0x00000002   PAD
    0x20000cac        -       0x00000038   Zero   RW          381    .bss                remote.o
    0x20000ce4        -       0x00000058   Zero   RW          453    .bss                sensor.o
    0x20000d3c        -       0x0000000c   Zero   RW          671    .bss                ahrs.o
    0x20000d48        -       0x00000048   Zero   RW          720    .bss                pid.o
    0x20000d90        -       0x00000048   Zero   RW          780    .bss                adc.o
    0x20000dd8        -       0x00000054   Zero   RW          870    .bss                i2c.o
    0x20000e2c        -       0x000000d8   Zero   RW          915    .bss                tim.o
    0x20000f04        -       0x000000a4   Zero   RW          972    .bss                usart.o
    0x20000fa8        -       0x000013b8   Zero   RW         4087    .bss                ucos_ii.o
    0x20002360        -       0x00000400   Zero   RW         4756    .bss                os_cpu_c.o
    0x20002760        -       0x00000400   Zero   RW         1078    STACK               startup_stm32f401xe.o


==============================================================================

Image component sizes


      Code (inc. data)   RO Data    RW Data    ZI Data      Debug   Object Name

       244         26          0          0         72       1617   adc.o
      4292        146          0         20         12      20723   ahrs.o
      1568         40          0          2        162       9137   ano.o
        22          0          0          0          0       3644   app_hooks.o
        56          4          0          0          0        710   dma.o
       100          4          0          0          0        787   gpio.o
       200         24          0          0         84       1561   i2c.o
       598         92          0          1       2860     453923   main.o
       176          8          0          8          0       1698   motor.o
       308         34          0          0          0        324   os_cpu_a.o
       828        148          0         12       1024      16299   os_cpu_c.o
       348        230        116          0          0       3314   os_dbg.o
        28          8          0          0         72        713   pid.o
       932         60         14         14         56       3911   remote.o
      4978        636        125         33         88      29940   sensor.o
        36          8        404          0       1024        804   startup_stm32f401xe.o
       212         36          0          9          0       8713   stm32f4xx_hal.o
      1916        180          0          0          0       4190   stm32f4xx_hal_adc.o
       492        132          0          0          0      34087   stm32f4xx_hal_cortex.o
      2090         90          8          0          0       6686   stm32f4xx_hal_dma.o
       904         68          0          0          0       1548   stm32f4xx_hal_gpio.o
      4856        186          0          0          0      15277   stm32f4xx_hal_i2c.o
        80          6          0          0          0        802   stm32f4xx_hal_msp.o
      2460        152          0          0          0       5436   stm32f4xx_hal_rcc.o
      6864        810          0          0          0      22960   stm32f4xx_hal_tim.o
       332         58          0          0          0       2265   stm32f4xx_hal_tim_ex.o
      3026        106          0          0          0      14342   stm32f4xx_hal_uart.o
        68          4          0          0          0       3601   stm32f4xx_it.o
       398         92          0          0          0       3164   sys.o
        20          6         24          4          0       1023   system_stm32f4xx.o
      1176         58          0          0        216       4210   tim.o
      5786        782        256        100       5048      41322   ucos_ii.o
       280         30          0          0        164       1697   usart.o

    ----------------------------------------------------------------------
     45718       4264        984        212      10884     720428   Object Totals
         0          0         32          0          0          0   (incl. Generated)
        44          0          5          9          2          0   (incl. Padding)

    ----------------------------------------------------------------------

      Code (inc. data)   RO Data    RW Data    ZI Data      Debug   Library Member Name

         0          0       2052          0          0       4704   arm_common_tables.o
        56          0          0          0          0        643   arm_pid_init_f32.o
       148         18          0          0          0      17238   arm_sin_f32.o
       684         90          0          0          0        208   atan2f.o
        38          0          0          0          0        116   fpclassifyf.o
        74         24          0          0          0        580   funder.o
      1636        110        320          0          0        372   powf.o
         0          0          0          0          0          0   entry.o
         0          0          0          0          0          0   entry10a.o
         0          0          0          0          0          0   entry11a.o
         4          0          0          0          0          0   entry12b.o
         8          4          0          0          0          0   entry2.o
         4          0          0          0          0          0   entry5.o
         0          0          0          0          0          0   entry7b.o
         0          0          0          0          0          0   entry8b.o
         8          4          0          0          0          0   entry9a.o
        12          6          0          4          0         68   errno.o
        30          0          0          0          0          0   handlers.o
        36          8          0          0          0         68   init.o
         0          0          0          0          0          0   iusefp.o
        98          0          0          0          0         84   ldiv.o
        30          0          0          0          0         68   llshl.o
        36          0          0          0          0         68   llsshr.o
        32          0          0          0          0         68   llushr.o
        36          0          0          0          0         68   memcpya.o
        36          0          0          0          0        108   memseta.o
      2218         90          0          0          0        464   printfa.o
         0          0          0          4          0          0   stdout.o
        44          0          0          0          0         80   uidiv.o
        98          0          0          0          0         92   uldiv.o
        48          0          0          0          0         68   cdrcmple.o
       334          0          0          0          0        148   dadd.o
       222          0          0          0          0        100   ddiv.o
       186          0          0          0          0        176   depilogue.o
        48          0          0          0          0         68   dfixul.o
       228          0          0          0          0         96   dmul.o
        38          0          0          0          0         68   f2d.o
       110          0          0          0          0        168   fepilogue.o
        44          0          0          0          0         92   ffltl.o
         4          0          0          0          0         68   fpstat.o

    ----------------------------------------------------------------------
      6638        354       2372          8          0      26149   Library Totals
        10          0          0          0          0          0   (incl. Padding)

    ----------------------------------------------------------------------

      Code (inc. data)   RO Data    RW Data    ZI Data      Debug   Library Name

       204         18       2052          0          0      22585   arm_cortexM4lf_math.lib
      2432        224        320          0          0       1276   m_wm.l
      2730        112          0          8          0       1236   mc_w.l
      1262          0          0          0          0       1052   mf_w.l

    ----------------------------------------------------------------------
      6638        354       2372          8          0      26149   Library Totals

    ----------------------------------------------------------------------

==============================================================================


      Code (inc. data)   RO Data    RW Data    ZI Data      Debug   

     52356       4618       3356        220      10884     720637   Grand Totals
     52356       4618       3356        220      10884     720637   ELF Image Totals
     52356       4618       3356        220          0          0   ROM Totals

==============================================================================

    Total RO  Size (Code + RO Data)                55712 (  54.41kB)
    Total RW  Size (RW Data + ZI Data)             11104 (  10.84kB)
    Total ROM Size (Code + RO Data + RW Data)      55932 (  54.62kB)

==============================================================================

