Component: ARM Compiler 5.06 update 7 (build 960) Tool: armlink [4d3601]

==============================================================================

Section Cross References

    main.o(i.ANO_Task) refers to ano.o(i.ANO_Send_Sensor) for ANO_Send_Sensor
    main.o(i.ANO_Task) refers to ano.o(i.ANO_Send_Euler) for ANO_Send_Euler
    main.o(i.ANO_Task) refers to stm32f4xx_hal_adc.o(i.HAL_ADC_GetState) for HAL_ADC_GetState
    main.o(i.ANO_Task) refers to stm32f4xx_hal_adc.o(i.HAL_ADC_GetValue) for HAL_ADC_GetValue
    main.o(i.ANO_Task) refers to ano.o(i.ANO_Send_Battery) for ANO_Send_Battery
    main.o(i.ANO_Task) refers to stm32f4xx_hal_adc.o(i.HAL_ADC_Start) for HAL_ADC_Start
    main.o(i.ANO_Task) refers to ano.o(i.ANO_Send_PWM) for ANO_Send_PWM
    main.o(i.ANO_Task) refers to ano.o(i.ANO_Send_Remote) for ANO_Send_Remote
    main.o(i.ANO_Task) refers to stm32f4xx_hal_uart.o(i.HAL_UART_Transmit_DMA) for HAL_UART_Transmit_DMA
    main.o(i.ANO_Task) refers to ucos_ii.o(i.OSTimeDly) for OSTimeDly
    main.o(i.ANO_Task) refers to main.o(.data) for cnt
    main.o(i.ANO_Task) refers to sensor.o(.bss) for gyro
    main.o(i.ANO_Task) refers to main.o(.bss) for data
    main.o(i.ANO_Task) refers to ahrs.o(.bss) for attitude
    main.o(i.ANO_Task) refers to adc.o(.bss) for hadc1
    main.o(i.ANO_Task) refers to ucos_ii.o(.data) for OSCPUUsage
    main.o(i.ANO_Task) refers to motor.o(.data) for mvalue
    main.o(i.ANO_Task) refers to remote.o(.bss) for rvalue
    main.o(i.ANO_Task) refers to usart.o(.bss) for huart2
    main.o(i.FLIGHT_Task) refers to sensor.o(i.MPU_ReadAccelRaw) for MPU_ReadAccelRaw
    main.o(i.FLIGHT_Task) refers to sensor.o(i.MPU_ReadGyroRaw) for MPU_ReadGyroRaw
    main.o(i.FLIGHT_Task) refers to ahrs.o(i.MadgwickAHRSupdate) for MadgwickAHRSupdate
    main.o(i.FLIGHT_Task) refers to ucos_ii.o(i.OSTimeDly) for OSTimeDly
    main.o(i.FLIGHT_Task) refers to sensor.o(.bss) for accelBias
    main.o(i.FLIGHT_Task) refers to sensor.o(.constdata) for aRes
    main.o(i.FLIGHT_Task) refers to sensor.o(.data) for Ascale
    main.o(i.START_Task) refers to ucos_ii.o(i.OSStatInit) for OSStatInit
    main.o(i.START_Task) refers to os_cpu_a.o(.text) for OS_CPU_SR_Save
    main.o(i.START_Task) refers to ucos_ii.o(i.OSTaskCreate) for OSTaskCreate
    main.o(i.START_Task) refers to ucos_ii.o(i.OSTaskDel) for OSTaskDel
    main.o(i.START_Task) refers to main.o(.bss) for ANO_TASK_STK
    main.o(i.START_Task) refers to main.o(i.ANO_Task) for ANO_Task
    main.o(i.START_Task) refers to main.o(i.FLIGHT_Task) for FLIGHT_Task
    main.o(i.main) refers to sys.o(i.SYS_Init) for SYS_Init
    main.o(i.main) refers to sensor.o(i.MPU_ReadAccelRaw) for MPU_ReadAccelRaw
    main.o(i.main) refers to sensor.o(i.MPU_ReadGyroRaw) for MPU_ReadGyroRaw
    main.o(i.main) refers to ahrs.o(i.MadgwickAHRSupdate) for MadgwickAHRSupdate
    main.o(i.main) refers to ano.o(i.ANO_Send_Euler) for ANO_Send_Euler
    main.o(i.main) refers to stm32f4xx_hal_uart.o(i.HAL_UART_Transmit_DMA) for HAL_UART_Transmit_DMA
    main.o(i.main) refers to stm32f4xx_hal.o(i.HAL_Delay) for HAL_Delay
    main.o(i.main) refers to sensor.o(.bss) for accelBias
    main.o(i.main) refers to sensor.o(.constdata) for aRes
    main.o(i.main) refers to sensor.o(.data) for Ascale
    main.o(i.main) refers to ahrs.o(.bss) for attitude
    main.o(i.main) refers to main.o(.bss) for sh
    main.o(i.main) refers to usart.o(.bss) for huart2
    ano.o(i.ANO_Receive_Analyze) refers to ano.o(i.ano_check) for ano_check
    ano.o(i.ANO_Receive_Analyze) refers to ano.o(i.ANO_Send_Param) for ANO_Send_Param
    ano.o(i.ANO_Receive_Analyze) refers to stm32f4xx_hal_uart.o(i.HAL_UART_Transmit_DMA) for HAL_UART_Transmit_DMA
    ano.o(i.ANO_Receive_Analyze) refers to ano.o(.bss) for a
    ano.o(i.ANO_Receive_Analyze) refers to usart.o(.bss) for huart2
    ano.o(i.ANO_Receive_Prepare) refers to ano.o(i.ANO_Receive_Analyze) for ANO_Receive_Analyze
    ano.o(i.ANO_Receive_Prepare) refers to ano.o(.data) for state
    ano.o(i.ANO_Receive_Prepare) refers to ano.o(.bss) for data
    ano.o(i.ANO_Send_Altitude) refers to ano.o(i.ano_addcheck) for ano_addcheck
    ano.o(i.ANO_Send_Battery) refers to ano.o(i.ano_addcheck) for ano_addcheck
    ano.o(i.ANO_Send_Control) refers to ano.o(i.ano_addcheck) for ano_addcheck
    ano.o(i.ANO_Send_Euler) refers to ano.o(i.ano_addcheck) for ano_addcheck
    ano.o(i.ANO_Send_PWM) refers to ano.o(i.ano_addcheck) for ano_addcheck
    ano.o(i.ANO_Send_Param) refers to ano.o(i.ano_addcheck) for ano_addcheck
    ano.o(i.ANO_Send_Quaternion) refers to ano.o(i.ano_addcheck) for ano_addcheck
    ano.o(i.ANO_Send_Remote) refers to ano.o(i.ano_addcheck) for ano_addcheck
    ano.o(i.ANO_Send_Sensor) refers to ano.o(i.ano_addcheck) for ano_addcheck
    ano.o(i.ANO_Send_Sensor2) refers to ano.o(i.ano_addcheck) for ano_addcheck
    ano.o(i.ANO_Send_String) refers to ano.o(i.ano_addcheck) for ano_addcheck
[...]
    I2C_WaitOnRXNEFlagUntilTimeout           0x08005547   Thumb Code   128  stm32f4xx_hal_i2c.o(i.I2C_WaitOnRXNEFlagUntilTimeout)
    i.I2C_WaitOnTXEFlagUntilTimeout          0x080055c6   Section        0  stm32f4xx_hal_i2c.o(i.I2C_WaitOnTXEFlagUntilTimeout)
    I2C_WaitOnTXEFlagUntilTimeout            0x080055c7   Thumb Code    92  stm32f4xx_hal_i2c.o(i.I2C_WaitOnTXEFlagUntilTimeout)
    i.MOTOR_Init                             0x08005624   Section        0  motor.o(i.MOTOR_Init)
    i.MOTOR_Set                              0x0800564c   Section        0  motor.o(i.MOTOR_Set)
    i.MPU_Calibrate                          0x080056d4   Section        0  sensor.o(i.MPU_Calibrate)
    i.MPU_Connect                            0x08005c68   Section        0  sensor.o(i.MPU_Connect)
    i.MPU_Init                               0x08005cf8   Section        0  sensor.o(i.MPU_Init)
    i.MPU_ReadAccelRaw                       0x08005dc4   Section        0  sensor.o(i.MPU_ReadAccelRaw)
    i.MPU_ReadGyroRaw                        0x08005e06   Section        0  sensor.o(i.MPU_ReadGyroRaw)
    i.MPU_SelfTest                           0x08005e48   Section        0  sensor.o(i.MPU_SelfTest)
    i.MX_ADC1_Init                           0x08006358   Section        0  adc.o(i.MX_ADC1_Init)
    i.MX_DMA_Init                            0x080063cc   Section        0  dma.o(i.MX_DMA_Init)
    i.MX_GPIO_Init                           0x08006404   Section        0  gpio.o(i.MX_GPIO_Init)
    i.MX_I2C1_Init                           0x08006468   Section        0  i2c.o(i.MX_I2C1_Init)
    i.MX_TIM1_Init                           0x080064a8   Section        0  tim.o(i.MX_TIM1_Init)
    i.MX_TIM2_Init                           0x0800657c   Section        0  tim.o(i.MX_TIM2_Init)
    i.MX_TIM3_Init                           0x08006638   Section        0  tim.o(i.MX_TIM3_Init)
    i.MX_USART2_UART_Init                    0x08006710   Section        0  usart.o(i.MX_USART2_UART_Init)
    i.MadgwickAHRSupdate                     0x08006748   Section        0  ahrs.o(i.MadgwickAHRSupdate)
    i.MadgwickAHRSupdateIMU                  0x08007218   Section        0  ahrs.o(i.MadgwickAHRSupdateIMU)
    i.MemManage_Handler                      0x080076ec   Section        0  stm32f4xx_it.o(i.MemManage_Handler)
    i.NMI_Handler                            0x080076f0   Section        0  stm32f4xx_it.o(i.NMI_Handler)
    i.OSIntEnter                             0x080076f4   Section        0  ucos_ii.o(i.OSIntEnter)
    i.OSIntExit                              0x08007718   Section        0  ucos_ii.o(i.OSIntExit)
    i.OSSemPost                              0x080077b4   Section        0  ucos_ii.o(i.OSSemPost)
    i.OSTaskSwHook                           0x08007824   Section        0  os_cpu_c.o(i.OSTaskSwHook)
    i.OSTimeTick                             0x08007848   Section        0  ucos_ii.o(i.OSTimeTick)
    i.OSTimeTickHook                         0x08007948   Section        0  os_cpu_c.o(i.OSTimeTickHook)
    i.OSTmrSignal                            0x08007970   Section        0  ucos_ii.o(i.OSTmrSignal)
    i.OS_EventTaskRdy                        0x08007984   Section        0  ucos_ii.o(i.OS_EventTaskRdy)
    i.OS_EventTaskRemove                     0x08007a18   Section        0  ucos_ii.o(i.OS_EventTaskRemove)
    i.OS_EventTaskRemoveMulti                0x08007a46   Section        0  ucos_ii.o(i.OS_EventTaskRemoveMulti)
    i.OS_Sched                               0x08007a80   Section        0  ucos_ii.o(i.OS_Sched)
    i.OS_SchedNew                            0x08007b00   Section        0  ucos_ii.o(i.OS_SchedNew)
    OS_SchedNew                              0x08007b01   Thumb Code    26  ucos_ii.o(i.OS_SchedNew)
    i.PID_Init                               0x08007b2c   Section        0  pid.o(i.PID_Init)
    i.QToEuler                               0x08007b48   Section        0  ahrs.o(i.QToEuler)
    QToEuler                                 0x08007b49   Thumb Code   262  ahrs.o(i.QToEuler)
    i.REMOTE_Init                            0x08007c68   Section        0  remote.o(i.REMOTE_Init)
    i.SENSOR_Init                            0x08007ccc   Section        0  sensor.o(i.SENSOR_Init)
    i.SENSOR_RegReadBytes                    0x08007ce4   Section        0  sensor.o(i.SENSOR_RegReadBytes)
    SENSOR_RegReadBytes                      0x08007ce5   Thumb Code    42  sensor.o(i.SENSOR_RegReadBytes)
    i.SENSOR_RegWriteByte                    0x08007d14   Section        0  sensor.o(i.SENSOR_RegWriteByte)
    SENSOR_RegWriteByte                      0x08007d15   Thumb Code    46  sensor.o(i.SENSOR_RegWriteByte)
    i.SVC_Handler                            0x08007d48   Section        0  stm32f4xx_it.o(i.SVC_Handler)
    i.SYS_Init                               0x08007d4c   Section        0  sys.o(i.SYS_Init)
    i.SysTick_Handler                        0x08007db8   Section        0  os_cpu_c.o(i.SysTick_Handler)
    i.SystemClock_Config                     0x08007de0   Section        0  sys.o(i.SystemClock_Config)
    i.SystemInit                             0x08007e94   Section        0  system_stm32f4xx.o(i.SystemInit)
    i.TIM1_CC_IRQHandler                     0x08007ea8   Section        0  remote.o(i.TIM1_CC_IRQHandler)
    i.TIM1_UP_TIM10_IRQHandler               0x08007f20   Section        0  remote.o(i.TIM1_UP_TIM10_IRQHandler)
    i.TIM2_IRQHandler                        0x08007f7c   Section        0  remote.o(i.TIM2_IRQHandler)
    i.TIM_Base_SetConfig                     0x08008034   Section        0  stm32f4xx_hal_tim.o(i.TIM_Base_SetConfig)
    i.TIM_CC_Handler                         0x080080d8   Section        0  remote.o(i.TIM_CC_Handler)
    TIM_CC_Handler                           0x080080d9   Thumb Code   408  remote.o(i.TIM_CC_Handler)
    i.TIM_CCxChannelCmd                      0x0800828c   Section        0  stm32f4xx_hal_tim.o(i.TIM_CCxChannelCmd)
    i.TIM_ETR_SetConfig                      0x08008350   Section        0  stm32f4xx_hal_tim.o(i.TIM_ETR_SetConfig)
    i.TIM_ITRx_SetConfig                     0x08008366   Section        0  stm32f4xx_hal_tim.o(i.TIM_ITRx_SetConfig)
    TIM_ITRx_SetConfig                       0x08008367   Thumb Code    18  stm32f4xx_hal_tim.o(i.TIM_ITRx_SetConfig)
    i.TIM_OC1_SetConfig                      0x08008378   Section        0  stm32f4xx_hal_tim.o(i.TIM_OC1_SetConfig)
    TIM_OC1_SetConfig                        0x08008379   Thumb Code   174  stm32f4xx_hal_tim.o(i.TIM_OC1_SetConfig)
    i.TIM_OC2_SetConfig                      0x0800844c   Section        0  stm32f4xx_hal_tim.o(i.TIM_OC2_SetConfig)
    i.TIM_OC3_SetConfig                      0x08008528   Section        0  stm32f4xx_hal_tim.o(i.TIM_OC3_SetConfig)
    TIM_OC3_SetConfig                        0x08008529   Thumb Code   182  stm32f4xx_hal_tim.o(i.TIM_OC3_SetConfig)
    i.TIM_OC4_SetConfig                      0x08008604   Section        0  stm32f4xx_hal_tim.o(i.TIM_OC4_SetConfig)
    TIM_OC4_SetConfig                        0x08008605   Thumb Code   104  stm32f4xx_hal_tim.o(i.TIM_OC4_SetConfig)
    i.TIM_TI1_ConfigInputStage               0x08008690   Section        0  stm32f4xx_hal_tim.o(i.TIM_TI1_ConfigInputStage)
    TIM_TI1_ConfigInputStage                 0x08008691   Thumb Code    38  stm32f4xx_hal_tim.o(i.TIM_TI1_ConfigInputStage)
    i.TIM_TI1_SetConfig                      0x080086b8   Section        0  stm32f4xx_hal_tim.o(i.TIM_TI1_SetConfig)
    i.TIM_TI2_ConfigInputStage               0x08008734   Section        0  stm32f4xx_hal_tim.o(i.TIM_TI2_ConfigInputStage)
    TIM_TI2_ConfigInputStage                 0x08008735   Thumb Code    40  stm32f4xx_hal_tim.o(i.TIM_TI2_ConfigInputStage)
    i.TIM_TI2_SetConfig                      0x0800875c   Section        0  stm32f4xx_hal_tim.o(i.TIM_TI2_SetConfig)
    TIM_TI2_SetConfig                        0x0800875d   Thumb Code    58  stm32f4xx_hal_tim.o(i.TIM_TI2_SetConfig)
    i.TIM_TI3_SetConfig                      0x08008796   Section        0  stm32f4xx_hal_tim.o(i.TIM_TI3_SetConfig)
    TIM_TI3_SetConfig                        0x08008797   Thumb Code    56  stm32f4xx_hal_tim.o(i.TIM_TI3_SetConfig)
    i.TIM_TI4_SetConfig                      0x080087ce   Section        0  stm32f4xx_hal_tim.o(i.TIM_TI4_SetConfig)
    TIM_TI4_SetConfig                        0x080087cf   Thumb Code    60  stm32f4xx_hal_tim.o(i.TIM_TI4_SetConfig)
    i.UART_DMAAbortOnError                   0x0800880a   Section        0  stm32f4xx_hal_uart.o(i.UART_DMAAbortOnError)
    UART_DMAAbortOnError                     0x0800880b   Thumb Code    20  stm32f4xx_hal_uart.o(i.UART_DMAAbortOnError)
    i.UART_DMAError                          0x0800881e   Section        0  stm32f4xx_hal_uart.o(i.UART_DMAError)
    UART_DMAError                            0x0800881f   Thumb Code    80  stm32f4xx_hal_uart.o(i.UART_DMAError)
    i.UART_DMATransmitCplt                   0x0800886e   Section        0  stm32f4xx_hal_uart.o(i.UART_DMATransmitCplt)
    UART_DMATransmitCplt                     0x0800886f   Thumb Code    88  stm32f4xx_hal_uart.o(i.UART_DMATransmitCplt)
    i.UART_DMATxHalfCplt                     0x080088c6   Section        0  stm32f4xx_hal_uart.o(i.UART_DMATxHalfCplt)
    UART_DMATxHalfCplt                       0x080088c7   Thumb Code    14  stm32f4xx_hal_uart.o(i.UART_DMATxHalfCplt)
    i.UART_EndRxTransfer                     0x080088d4   Section        0  stm32f4xx_hal_uart.o(i.UART_EndRxTransfer)
    UART_EndRxTransfer                       0x080088d5   Thumb Code   108  stm32f4xx_hal_uart.o(i.UART_EndRxTransfer)
    i.UART_EndTransmit_IT                    0x08008940   Section        0  stm32f4xx_hal_uart.o(i.UART_EndTransmit_IT)
    UART_EndTransmit_IT                      0x08008941   Thumb Code    32  stm32f4xx_hal_uart.o(i.UART_EndTransmit_IT)
    i.UART_EndTxTransfer                     0x08008960   Section        0  stm32f4xx_hal_uart.o(i.UART_EndTxTransfer)
    UART_EndTxTransfer                       0x08008961   Thumb Code    38  stm32f4xx_hal_uart.o(i.UART_EndTxTransfer)
    i.UART_Receive_IT                        0x08008986   Section        0  stm32f4xx_hal_uart.o(i.UART_Receive_IT)
    UART_Receive_IT                          0x08008987   Thumb Code   248  stm32f4xx_hal_uart.o(i.UART_Receive_IT)
    i.UART_SetConfig                         0x08008a80   Section        0  stm32f4xx_hal_uart.o(i.UART_SetConfig)
    UART_SetConfig                           0x08008a81   Thumb Code   664  stm32f4xx_hal_uart.o(i.UART_SetConfig)
    i.UART_Transmit_IT                       0x08008d44   Section        0  stm32f4xx_hal_uart.o(i.UART_Transmit_IT)
    UART_Transmit_IT                         0x08008d45   Thumb Code    96  stm32f4xx_hal_uart.o(i.UART_Transmit_IT)
    i.UART_WaitOnFlagUntilTimeout            0x08008da4   Section        0  stm32f4xx_hal_uart.o(i.UART_WaitOnFlagUntilTimeout)
    UART_WaitOnFlagUntilTimeout              0x08008da5   Thumb Code   146  stm32f4xx_hal_uart.o(i.UART_WaitOnFlagUntilTimeout)
    i.USART2_IRQHandler                      0x08008e38   Section        0  ano.o(i.USART2_IRQHandler)
    i.UsageFault_Handler                     0x08008ea8   Section        0  stm32f4xx_it.o(i.UsageFault_Handler)
    i.__0printf                              0x08008eac   Section        0  printfa.o(i.__0printf)
    i.__ARM_fpclassifyf                      0x08008ecc   Section        0  fpclassifyf.o(i.__ARM_fpclassifyf)
    i.__NVIC_GetPriorityGrouping             0x08008ef4   Section        0  stm32f4xx_hal_cortex.o(i.__NVIC_GetPriorityGrouping)
    __NVIC_GetPriorityGrouping               0x08008ef5   Thumb Code    10  stm32f4xx_hal_cortex.o(i.__NVIC_GetPriorityGrouping)
    i.__NVIC_SetPriority                     0x08008f04   Section        0  stm32f4xx_hal_cortex.o(i.__NVIC_SetPriority)
    __NVIC_SetPriority                       0x08008f05   Thumb Code    32  stm32f4xx_hal_cortex.o(i.__NVIC_SetPriority)
    i.__hardfp_atan2f                        0x08008f2c   Section        0  atan2f.o(i.__hardfp_atan2f)
    i.__hardfp_powf                          0x080091d8   Section        0  powf.o(i.__hardfp_powf)
    i.__hardfp_sinf                          0x0800983c   Section        0  sinf.o(i.__hardfp_sinf)
    i.__mathlib_flt_divzero                  0x080099cc   Section        0  funder.o(i.__mathlib_flt_divzero)
    i.__mathlib_flt_infnan                   0x080099e0   Section        0  funder.o(i.__mathlib_flt_infnan)
    i.__mathlib_flt_infnan2                  0x080099e6   Section        0  funder.o(i.__mathlib_flt_infnan2)
    i.__mathlib_flt_invalid                  0x080099ec   Section        0  funder.o(i.__mathlib_flt_invalid)
    i.__mathlib_flt_overflow                 0x080099fc   Section        0  funder.o(i.__mathlib_flt_overflow)
    i.__mathlib_flt_underflow                0x08009a0c   Section        0  funder.o(i.__mathlib_flt_underflow)
    i.__mathlib_rredf2                       0x08009a1c   Section        0  rredf.o(i.__mathlib_rredf2)
    i.__scatterload_copy                     0x08009b70   Section       14  handlers.o(i.__scatterload_copy)
    i.__scatterload_null                     0x08009b7e   Section        2  handlers.o(i.__scatterload_null)
    i.__scatterload_zeroinit                 0x08009b80   Section       14  handlers.o(i.__scatterload_zeroinit)
    i.__set_errno                            0x08009b90   Section        0  errno.o(i.__set_errno)
    i._fp_digits                             0x08009b9c   Section        0  printfa.o(i._fp_digits)
    _fp_digits                               0x08009b9d   Thumb Code   366  printfa.o(i._fp_digits)
    i._printf_core                           0x08009d20   Section        0  printfa.o(i._printf_core)
    _printf_core                             0x08009d21   Thumb Code  1704  printfa.o(i._printf_core)
    i._printf_post_padding                   0x0800a3d4   Section        0  printfa.o(i._printf_post_padding)
    _printf_post_padding                     0x0800a3d5   Thumb Code    36  printfa.o(i._printf_post_padding)
    i._printf_pre_padding                    0x0800a3f8   Section        0  printfa.o(i._printf_pre_padding)
    _printf_pre_padding                      0x0800a3f9   Thumb Code    46  printfa.o(i._printf_pre_padding)
    i.ano_addcheck                           0x0800a426   Section        0  ano.o(i.ano_addcheck)
    ano_addcheck                             0x0800a427   Thumb Code    50  ano.o(i.ano_addcheck)
    i.ano_check                              0x0800a458   Section        0  ano.o(i.ano_check)
    ano_check                                0x0800a459   Thumb Code    56  ano.o(i.ano_check)
    i.assert_failed                          0x0800a490   Section        0  sys.o(i.assert_failed)
    i.fputc                                  0x0800a4d4   Section        0  sys.o(i.fputc)
    i.main                                   0x0800a4f0   Section        0  main.o(i.main)
    .constdata                               0x0800a660   Section       14  remote.o(.constdata)
    .constdata                               0x0800a670   Section       86  sensor.o(.constdata)
    .constdata                               0x0800a6c6   Section       24  system_stm32f4xx.o(.constdata)
    .constdata                               0x0800a6de   Section        8  stm32f4xx_hal_dma.o(.constdata)
    flagBitshiftOffset                       0x0800a6de   Data           8  stm32f4xx_hal_dma.o(.constdata)
    .constdata                               0x0800a6e6   Section      256  ucos_ii.o(.constdata)
    .constdata                               0x0800a7e8   Section      320  powf.o(.constdata)
    table                                    0x0800a7e8   Data         128  powf.o(.constdata)
    powersof2to1over16top                    0x0800a868   Data          64  powf.o(.constdata)
    powersof2to1over16bot                    0x0800a8a8   Data          64  powf.o(.constdata)
    powersof2to1over16all                    0x0800a8e8   Data          64  powf.o(.constdata)
    .constdata                               0x0800a928   Section       32  rredf.o(.constdata)
    twooverpi                                0x0800a928   Data          32  rredf.o(.constdata)
    .data                                    0x20000000   Section        2  ano.o(.data)
    state                                    0x20000000   Data           1  ano.o(.data)
    cnt                                      0x20000001   Data           1  ano.o(.data)
    .data                                    0x20000002   Section       14  remote.o(.data)
    .data                                    0x20000010   Section       24  sensor.o(.data)
    .data                                    0x20000028   Section       20  ahrs.o(.data)
    .data                                    0x2000003c   Section        4  system_stm32f4xx.o(.data)
    .data                                    0x20000040   Section        9  stm32f4xx_hal.o(.data)
    .data                                    0x2000004c   Section      100  ucos_ii.o(.data)
    .data                                    0x200000b0   Section       12  os_cpu_c.o(.data)
    OSTmrCtr                                 0x200000b4   Data           2  os_cpu_c.o(.data)
    .data                                    0x200000bc   Section        4  stdout.o(.data)
    .data                                    0x200000c0   Section        4  errno.o(.data)
    _errno                                   0x200000c0   Data           4  errno.o(.data)
    .bss                                     0x200000c4   Section     2910  main.o(.bss)
    sh                                       0x20000ac4   Data          50  main.o(.bss)
    data                                     0x20000af6   Data         300  main.o(.bss)
    .bss                                     0x20000c22   Section       62  ano.o(.bss)
    a                                        0x20000c22   Data          12  ano.o(.bss)
    data                                     0x20000c2e   Data          50  ano.o(.bss)
    .bss                                     0x20000c60   Section       56  remote.o(.bss)
    .bss                                     0x20000c98   Section       88  sensor.o(.bss)
    .bss                                     0x20000cf0   Section       12  ahrs.o(.bss)
    .bss                                     0x20000cfc   Section       72  pid.o(.bss)
    .bss                                     0x20000d44   Section       72  adc.o(.bss)
    .bss                                     0x20000d8c   Section       84  i2c.o(.bss)
    .bss                                     0x20000de0   Section      216  tim.o(.bss)
    .bss                                     0x20000eb8   Section      164  usart.o(.bss)
    .bss                                     0x20000f5c   Section     5048  ucos_ii.o(.bss)
    STACK                                    0x20002318   Section     1024  startup_stm32f401xe.o(STACK)

    Global Symbols

    Symbol Name                              Value     Ov Type        Size  Object(Section)

    BuildAttributes$$THM_ISAv4$E$P$D$K$B$S$7EM$VFPi3$EXTD16$VFPS$VFMA$PE$A:L22UL41UL21$X:L11$S22US41US21$IEEE1$IW$USESV6$~STKCKD$USESV7$~SHL$OTIME$ROPI$IEEEX$EBA8$MICROLIB$REQ8$PRES8$EABIv2 0x00000000   Number         0  anon$$obj.o ABSOLUTE
    __ARM_use_no_argv                        0x00000000   Number         0  main.o ABSOLUTE
    _printf_a                                0x00000000   Number         0  stubs.o ABSOLUTE
    _printf_c                                0x00000000   Number         0  stubs.o ABSOLUTE
    _printf_charcount                        0x00000000   Number         0  stubs.o ABSOLUTE
    _printf_d                                0x00000000   Number         0  stubs.o ABSOLUTE
    _printf_e                                0x00000000   Number         0  stubs.o ABSOLUTE
    _printf_f                                0x00000000   Number         0  stubs.o ABSOLUTE
    _printf_flags                            0x00000000   Number         0  stubs.o ABSOLUTE
    _printf_fp_dec                           0x00000000   Number         0  stubs.o ABSOLUTE
    _printf_fp_hex                           0x00000000   Number         0  stubs.o ABSOLUTE
    _printf_g                                0x00000000   Number         0  stubs.o ABSOLUTE
    _printf_i                                0x00000000   Number         0  stubs.o ABSOLUTE
    _printf_int_dec                          0x00000000   Number         0  stubs.o ABSOLUTE
    _printf_l                                0x00000000   Number         0  stubs.o ABSOLUTE
    _printf_lc                               0x00000000   Number         0  stubs.o ABSOLUTE
    _printf_ll                               0x00000000   Number         0  stubs.o ABSOLUTE
    _printf_lld                              0x00000000   Number         0  stubs.o ABSOLUTE
    _printf_lli                              0x00000000   Number         0  stubs.o ABSOLUTE
    _printf_llo                              0x00000000   Number         0  stubs.o ABSOLUTE
    _printf_llu                              0x00000000   Number         0  stubs.o ABSOLUTE
    _printf_llx                              0x00000000   Number         0  stubs.o ABSOLUTE
    _printf_longlong_dec                     0x00000000   Number         0  stubs.o ABSOLUTE
    _printf_longlong_hex                     0x00000000   Number         0  stubs.o ABSOLUTE
    _printf_longlong_oct                     0x00000000   Number         0  stubs.o ABSOLUTE
    _printf_ls                               0x00000000   Number         0  stubs.o ABSOLUTE
    _printf_mbtowc                           0x00000000   Number         0  stubs.o ABSOLUTE
    _printf_n                                0x00000000   Number         0  stubs.o ABSOLUTE
    _printf_o                                0x00000000   Number         0  stubs.o ABSOLUTE
    _printf_p                                0x00000000   Number         0  stubs.o ABSOLUTE
    _printf_percent                          0x00000000   Number         0  stubs.o ABSOLUTE
    _printf_pre_padding                      0x00000000   Number         0  stubs.o ABSOLUTE
    _printf_return_value                     0x00000000   Number         0  stubs.o ABSOLUTE
    _printf_s                                0x00000000   Number         0  stubs.o ABSOLUTE
    _printf_sizespec                         0x00000000   Number         0  stubs.o ABSOLUTE
    _printf_str                              0x00000000   Number         0  stubs.o ABSOLUTE
    _printf_truncate_signed                  0x00000000   Number         0  stubs.o ABSOLUTE
    _printf_truncate_unsigned                0x00000000   Number         0  stubs.o ABSOLUTE
    _printf_u                                0x00000000   Number         0  stubs.o ABSOLUTE
    _printf_wc                               0x00000000   Number         0  stubs.o ABSOLUTE
    _printf_wctomb                           0x00000000   Number         0  stubs.o ABSOLUTE
    _printf_widthprec                        0x00000000   Number         0  stubs.o ABSOLUTE
    _printf_x                                0x00000000   Number         0  stubs.o ABSOLUTE
    __arm_fini_                               - Undefined Weak Reference
    __cpp_initialize__aeabi_                  - Undefined Weak Reference
    __cxa_finalize                            - Undefined Weak Reference
    __decompress                              - Undefined Weak Reference
    _clock_init                               - Undefined Weak Reference
    _microlib_exit                            - Undefined Weak Reference
    __Vectors_Size                           0x00000194   Number         0  startup_stm32f401xe.o ABSOLUTE
    __Vectors                                0x08000000   Data           4  startup_stm32f401xe.o(RESET)
    __Vectors_End                            0x08000194   Data           0  startup_stm32f401xe.o(RESET)
    __main                                   0x08000195   Thumb Code     0  entry.o(.ARM.Collect$$$$00000000)
    _main_stk                                0x08000195   Thumb Code     0  entry2.o(.ARM.Collect$$$$00000001)
    _main_scatterload                        0x08000199   Thumb Code     0  entry5.o(.ARM.Collect$$$$00000004)
    __main_after_scatterload                 0x0800019d   Thumb Code     0  entry5.o(.ARM.Collect$$$$00000004)
    _main_clock                              0x0800019d   Thumb Code     0  entry7b.o(.ARM.Collect$$$$00000008)
    _main_cpp_init                           0x0800019d   Thumb Code     0  entry8b.o(.ARM.Collect$$$$0000000A)
    _main_init                               0x0800019d   Thumb Code     0  entry9a.o(.ARM.Collect$$$$0000000B)
    __rt_lib_shutdown_fini                   0x080001a5   Thumb Code     0  entry12b.o(.ARM.Collect$$$$0000000E)
    __rt_final_cpp                           0x080001a9   Thumb Code     0  entry10a.o(.ARM.Collect$$$$0000000F)
    __rt_final_exit                          0x080001a9   Thumb Code     0  entry11a.o(.ARM.Collect$$$$00000011)
    Reset_Handler                            0x080001ad   Thumb Code     8  startup_stm32f401xe.o(.text)
    ADC_IRQHandler                           0x080001c7   Thumb Code     0  startup_stm32f401xe.o(.text)
    DMA1_Stream0_IRQHandler                  0x080001c7   Thumb Code     0  startup_stm32f401xe.o(.text)
    DMA1_Stream1_IRQHandler                  0x080001c7   Thumb Code     0  startup_stm32f401xe.o(.text)
    DMA1_Stream2_IRQHandler                  0x080001c7   Thumb Code     0  startup_stm32f401xe.o(.text)
    DMA1_Stream3_IRQHandler                  0x080001c7   Thumb Code     0  startup_stm32f401xe.o(.text)
    DMA1_Stream4_IRQHandler                  0x080001c7   Thumb Code     0  startup_stm32f401xe.o(.text)
    DMA1_Stream5_IRQHandler                  0x080001c7   Thumb Code     0  startup_stm32f401xe.o(.text)
    DMA1_Stream7_IRQHandler                  0x080001c7   Thumb Code     0  startup_stm32f401xe.o(.text)
    DMA2_Stream0_IRQHandler                  0x080001c7   Thumb Code     0  startup_stm32f401xe.o(.text)
    DMA2_Stream1_IRQHandler                  0x080001c7   Thumb Code     0  startup_stm32f401xe.o(.text)
    DMA2_Stream2_IRQHandler                  0x080001c7   Thumb Code     0  startup_stm32f401xe.o(.text)
    DMA2_Stream3_IRQHandler                  0x080001c7   Thumb Code     0  startup_stm32f401xe.o(.text)
    DMA2_Stream4_IRQHandler                  0x080001c7   Thumb Code     0  startup_stm32f401xe.o(.text)
    DMA2_Stream5_IRQHandler                  0x080001c7   Thumb Code     0  startup_stm32f401xe.o(.text)
    DMA2_Stream6_IRQHandler                  0x080001c7   Thumb Code     0  startup_stm32f401xe.o(.text)
    DMA2_Stream7_IRQHandler                  0x080001c7   Thumb Code     0  startup_stm32f401xe.o(.text)
    EXTI0_IRQHandler                         0x080001c7   Thumb Code     0  startup_stm32f401xe.o(.text)
    EXTI15_10_IRQHandler                     0x080001c7   Thumb Code     0  startup_stm32f401xe.o(.text)
    EXTI1_IRQHandler                         0x080001c7   Thumb Code     0  startup_stm32f401xe.o(.text)
    EXTI2_IRQHandler                         0x080001c7   Thumb Code     0  startup_stm32f401xe.o(.text)
    EXTI3_IRQHandler                         0x080001c7   Thumb Code     0  startup_stm32f401xe.o(.text)
    EXTI4_IRQHandler                         0x080001c7   Thumb Code     0  startup_stm32f401xe.o(.text)
    EXTI9_5_IRQHandler                       0x080001c7   Thumb Code     0  startup_stm32f401xe.o(.text)
    FLASH_IRQHandler                         0x080001c7   Thumb Code     0  startup_stm32f401xe.o(.text)
    FPU_IRQHandler                           0x080001c7   Thumb Code     0  startup_stm32f401xe.o(.text)
    I2C1_ER_IRQHandler                       0x080001c7   Thumb Code     0  startup_stm32f401xe.o(.text)
    I2C1_EV_IRQHandler                       0x080001c7   Thumb Code     0  startup_stm32f401xe.o(.text)
    I2C2_ER_IRQHandler                       0x080001c7   Thumb Code     0  startup_stm32f401xe.o(.text)
    I2C2_EV_IRQHandler                       0x080001c7   Thumb Code     0  startup_stm32f401xe.o(.text)
    I2C3_ER_IRQHandler                       0x080001c7   Thumb Code     0  startup_stm32f401xe.o(.text)
    I2C3_EV_IRQHandler                       0x080001c7   Thumb Code     0  startup_stm32f401xe.o(.text)
    OTG_FS_IRQHandler                        0x080001c7   Thumb Code     0  startup_stm32f401xe.o(.text)
    OTG_FS_WKUP_IRQHandler                   0x080001c7   Thumb Code     0  startup_stm32f401xe.o(.text)
    PVD_IRQHandler                           0x080001c7   Thumb Code     0  startup_stm32f401xe.o(.text)
    RCC_IRQHandler                           0x080001c7   Thumb Code     0  startup_stm32f401xe.o(.text)
    RTC_Alarm_IRQHandler                     0x080001c7   Thumb Code     0  startup_stm32f401xe.o(.text)
    RTC_WKUP_IRQHandler                      0x080001c7   Thumb Code     0  startup_stm32f401xe.o(.text)
    SDIO_IRQHandler                          0x080001c7   Thumb Code     0  startup_stm32f401xe.o(.text)
    SPI1_IRQHandler                          0x080001c7   Thumb Code     0  startup_stm32f401xe.o(.text)
    SPI2_IRQHandler                          0x080001c7   Thumb Code     0  startup_stm32f401xe.o(.text)
    SPI3_IRQHandler                          0x080001c7   Thumb Code     0  startup_stm32f401xe.o(.text)
    SPI4_IRQHandler                          0x080001c7   Thumb Code     0  startup_stm32f401xe.o(.text)
    TAMP_STAMP_IRQHandler                    0x080001c7   Thumb Code     0  startup_stm32f401xe.o(.text)
    TIM1_BRK_TIM9_IRQHandler                 0x080001c7   Thumb Code     0  startup_stm32f401xe.o(.text)
    TIM1_TRG_COM_TIM11_IRQHandler            0x080001c7   Thumb Code     0  startup_stm32f401xe.o(.text)
    TIM3_IRQHandler                          0x080001c7   Thumb Code     0  startup_stm32f401xe.o(.text)
    TIM4_IRQHandler                          0x080001c7   Thumb Code     0  startup_stm32f401xe.o(.text)
    TIM5_IRQHandler                          0x080001c7   Thumb Code     0  startup_stm32f401xe.o(.text)
    USART1_IRQHandler                        0x080001c7   Thumb Code     0  startup_stm32f401xe.o(.text)
    USART6_IRQHandler                        0x080001c7   Thumb Code     0  startup_stm32f401xe.o(.text)
    WWDG_IRQHandler                          0x080001c7   Thumb Code     0  startup_stm32f401xe.o(.text)
    OS_CPU_FP_Reg_Push                       0x080001d1   Thumb Code     0  os_cpu_a.o(.text)
    OS_CPU_FP_Reg_Pop                        0x080001e3   Thumb Code     0  os_cpu_a.o(.text)
    OS_CPU_SR_Save                           0x080001ef   Thumb Code     0  os_cpu_a.o(.text)
    OS_CPU_SR_Restore                        0x0800020b   Thumb Code     0  os_cpu_a.o(.text)
    OSStartHighRdy                           0x0800021d   Thumb Code     0  os_cpu_a.o(.text)
    OSCtxSw                                  0x08000275   Thumb Code     0  os_cpu_a.o(.text)
    OSIntCtxSw                               0x08000275   Thumb Code     0  os_cpu_a.o(.text)
    PendSV_Handler                           0x0800027f   Thumb Code     0  os_cpu_a.o(.text)
    arm_pid_init_f32                         0x08000305   Thumb Code    56  arm_pid_init_f32.o(.text)
    __aeabi_uldivmod                         0x0800033d   Thumb Code    98  uldiv.o(.text)
    __aeabi_memset                           0x0800039f   Thumb Code    14  memseta.o(.text)
    __aeabi_memset4                          0x0800039f   Thumb Code     0  memseta.o(.text)
    __aeabi_memset8                          0x0800039f   Thumb Code     0  memseta.o(.text)
    __aeabi_memclr                           0x080003ad   Thumb Code     4  memseta.o(.text)
    __aeabi_memclr4                          0x080003ad   Thumb Code     0  memseta.o(.text)
    __aeabi_memclr8                          0x080003ad   Thumb Code     0  memseta.o(.text)
    _memset$wrapper                          0x080003b1   Thumb Code    18  memseta.o(.text)
    __aeabi_f2d                              0x080003c3   Thumb Code    38  f2d.o(.text)
    __aeabi_uidiv                            0x080003e9   Thumb Code     0  uidiv.o(.text)
    __aeabi_uidivmod                         0x080003e9   Thumb Code    44  uidiv.o(.text)
    __aeabi_llsl                             0x08000415   Thumb Code    30  llshl.o(.text)
    _ll_shift_l                              0x08000415   Thumb Code     0  llshl.o(.text)
    __aeabi_llsr                             0x08000433   Thumb Code    32  llushr.o(.text)
    _ll_ushift_r                             0x08000433   Thumb Code     0  llushr.o(.text)
    __I$use$fp                               0x08000453   Thumb Code     0  iusefp.o(.text)
    __aeabi_dadd                             0x08000453   Thumb Code   322  dadd.o(.text)
    __aeabi_dsub                             0x08000595   Thumb Code     6  dadd.o(.text)
    __aeabi_drsub                            0x0800059b   Thumb Code     6  dadd.o(.text)
    __aeabi_dmul                             0x080005a1   Thumb Code   228  dmul.o(.text)
    __aeabi_ddiv                             0x08000685   Thumb Code   222  ddiv.o(.text)
    __aeabi_d2ulz                            0x08000763   Thumb Code    48  dfixul.o(.text)
    __aeabi_cdrcmple                         0x08000795   Thumb Code    48  cdrcmple.o(.text)
    __fp_status                              0x080007c5   Thumb Code     4  fpstat.o(.text)
    __ieee_status                            0x080007c5   Thumb Code     0  fpstat.o(.text)
    __scatterload                            0x080007c9   Thumb Code    28  init.o(.text)
    __scatterload_rt2                        0x080007c9   Thumb Code     0  init.o(.text)
    __aeabi_lasr                             0x080007ed   Thumb Code    36  llsshr.o(.text)
    _ll_sshift_r                             0x080007ed   Thumb Code     0  llsshr.o(.text)
    _double_round                            0x08000811   Thumb Code    30  depilogue.o(.text)
    _double_epilogue                         0x0800082f   Thumb Code   156  depilogue.o(.text)
    ANO_Receive_Analyze                      0x08000a69   Thumb Code    54  ano.o(i.ANO_Receive_Analyze)
    ANO_Receive_Prepare                      0x08000aa9   Thumb Code   226  ano.o(i.ANO_Receive_Prepare)
    ANO_Send_Euler                           0x08000b99   Thumb Code   226  ano.o(i.ANO_Send_Euler)
    ANO_Send_Param                           0x08000c7b   Thumb Code   116  ano.o(i.ANO_Send_Param)
    App_TaskSwHook                           0x08000cef   Thumb Code     2  app_hooks.o(i.App_TaskSwHook)
    App_TimeTickHook                         0x08000cf1   Thumb Code     8  app_hooks.o(i.App_TimeTickHook)
    BusFault_Handler                         0x08000cf9   Thumb Code     4  stm32f4xx_it.o(i.BusFault_Handler)
    DMA1_Stream6_IRQHandler                  0x08000cfd   Thumb Code    40  stm32f4xx_it.o(i.DMA1_Stream6_IRQHandler)
    DebugMon_Handler                         0x08000e33   Thumb Code     2  stm32f4xx_it.o(i.DebugMon_Handler)
    Error_Handler                            0x08000e35   Thumb Code     6  sys.o(i.Error_Handler)
    HAL_ADC_ConfigChannel                    0x08000e3d   Thumb Code   480  stm32f4xx_hal_adc.o(i.HAL_ADC_ConfigChannel)
    HAL_ADC_Init                             0x0800104d   Thumb Code   556  stm32f4xx_hal_adc.o(i.HAL_ADC_Init)
    HAL_ADC_MspInit                          0x080012a1   Thumb Code   114  adc.o(i.HAL_ADC_MspInit)
    HAL_DMA_Abort                            0x08001321   Thumb Code   172  stm32f4xx_hal_dma.o(i.HAL_DMA_Abort)
    HAL_DMA_Abort_IT                         0x080013cd   Thumb Code    40  stm32f4xx_hal_dma.o(i.HAL_DMA_Abort_IT)
    HAL_DMA_IRQHandler                       0x080013f5   Thumb Code   570  stm32f4xx_hal_dma.o(i.HAL_DMA_IRQHandler)
    HAL_DMA_Init                             0x08001635   Thumb Code   792  stm32f4xx_hal_dma.o(i.HAL_DMA_Init)
    HAL_DMA_Start_IT                         0x08001979   Thumb Code   166  stm32f4xx_hal_dma.o(i.HAL_DMA_Start_IT)
    HAL_Delay                                0x08001a41   Thumb Code    36  stm32f4xx_hal.o(i.HAL_Delay)
    HAL_GPIO_Init                            0x08001a69   Thumb Code   836  stm32f4xx_hal_gpio.o(i.HAL_GPIO_Init)
    HAL_GetTick                              0x08001df1   Thumb Code     6  stm32f4xx_hal.o(i.HAL_GetTick)
    HAL_I2C_Init                             0x08001dfd   Thumb Code   664  stm32f4xx_hal_i2c.o(i.HAL_I2C_Init)
    HAL_I2C_Mem_Read                         0x080020d5   Thumb Code   764  stm32f4xx_hal_i2c.o(i.HAL_I2C_Mem_Read)
    HAL_I2C_Mem_Write                        0x080023fd   Thumb Code   368  stm32f4xx_hal_i2c.o(i.HAL_I2C_Mem_Write)
    HAL_I2C_MspInit                          0x08002595   Thumb Code   124  i2c.o(i.HAL_I2C_MspInit)
    HAL_IncTick                              0x0800261d   Thumb Code    16  stm32f4xx_hal.o(i.HAL_IncTick)
    HAL_Init                                 0x08002635   Thumb Code    54  stm32f4xx_hal.o(i.HAL_Init)
    HAL_InitTick                             0x08002671   Thumb Code    64  stm32f4xx_hal.o(i.HAL_InitTick)
    HAL_MspInit                              0x080026bd   Thumb Code    74  stm32f4xx_hal_msp.o(i.HAL_MspInit)
    HAL_NVIC_EnableIRQ                       0x0800270d   Thumb Code    48  stm32f4xx_hal_cortex.o(i.HAL_NVIC_EnableIRQ)
    HAL_NVIC_SetPriority                     0x08002761   Thumb Code   152  stm32f4xx_hal_cortex.o(i.HAL_NVIC_SetPriority)
    HAL_NVIC_SetPriorityGrouping             0x0800281d   Thumb Code    66  stm32f4xx_hal_cortex.o(i.HAL_NVIC_SetPriorityGrouping)
    HAL_RCC_ClockConfig                      0x0800288d   Thumb Code   628  stm32f4xx_hal_rcc.o(i.HAL_RCC_ClockConfig)
    HAL_RCC_GetHCLKFreq                      0x08002b35   Thumb Code     6  stm32f4xx_hal_rcc.o(i.HAL_RCC_GetHCLKFreq)
    HAL_RCC_GetPCLK1Freq                     0x08002b41   Thumb Code    22  stm32f4xx_hal_rcc.o(i.HAL_RCC_GetPCLK1Freq)
    HAL_RCC_GetPCLK2Freq                     0x08002b61   Thumb Code    22  stm32f4xx_hal_rcc.o(i.HAL_RCC_GetPCLK2Freq)
    HAL_RCC_GetSysClockFreq                  0x08002b81   Thumb Code   162  stm32f4xx_hal_rcc.o(i.HAL_RCC_GetSysClockFreq)
    HAL_RCC_OscConfig                        0x08002c31   Thumb Code  1518  stm32f4xx_hal_rcc.o(i.HAL_RCC_OscConfig)
    HAL_SYSTICK_Config                       0x08003229   Thumb Code    52  stm32f4xx_hal_cortex.o(i.HAL_SYSTICK_Config)
    HAL_TIMEx_BreakCallback                  0x0800325d   Thumb Code     2  stm32f4xx_hal_tim_ex.o(i.HAL_TIMEx_BreakCallback)
    HAL_TIMEx_CommutCallback                 0x0800325f   Thumb Code     2  stm32f4xx_hal_tim_ex.o(i.HAL_TIMEx_CommutCallback)
    HAL_TIMEx_MasterConfigSynchronization    0x08003261   Thumb Code   270  stm32f4xx_hal_tim_ex.o(i.HAL_TIMEx_MasterConfigSynchronization)
    HAL_TIM_Base_Init                        0x080033a9   Thumb Code   272  stm32f4xx_hal_tim.o(i.HAL_TIM_Base_Init)
    HAL_TIM_Base_MspInit                     0x080034f5   Thumb Code   384  tim.o(i.HAL_TIM_Base_MspInit)
    HAL_TIM_ConfigClockSource                0x08003689   Thumb Code  1216  stm32f4xx_hal_tim.o(i.HAL_TIM_ConfigClockSource)
    HAL_TIM_IC_CaptureCallback               0x08003b49   Thumb Code     2  stm32f4xx_hal_tim.o(i.HAL_TIM_IC_CaptureCallback)
    HAL_TIM_IC_ConfigChannel                 0x08003b4d   Thumb Code   572  stm32f4xx_hal_tim.o(i.HAL_TIM_IC_ConfigChannel)
    HAL_TIM_IC_Init                          0x08003dc5   Thumb Code   272  stm32f4xx_hal_tim.o(i.HAL_TIM_IC_Init)
    HAL_TIM_IC_MspInit                       0x08003f11   Thumb Code     2  stm32f4xx_hal_tim.o(i.HAL_TIM_IC_MspInit)
    HAL_TIM_IC_Start_IT                      0x08003f15   Thumb Code   514  stm32f4xx_hal_tim.o(i.HAL_TIM_IC_Start_IT)
    HAL_TIM_IRQHandler                       0x08004155   Thumb Code   406  stm32f4xx_hal_tim.o(i.HAL_TIM_IRQHandler)
    HAL_TIM_MspPostInit                      0x080042ed   Thumb Code   140  tim.o(i.HAL_TIM_MspPostInit)
    HAL_TIM_OC_DelayElapsedCallback          0x08004389   Thumb Code     2  stm32f4xx_hal_tim.o(i.HAL_TIM_OC_DelayElapsedCallback)
    HAL_TIM_PWM_ConfigChannel                0x0800438d   Thumb Code   602  stm32f4xx_hal_tim.o(i.HAL_TIM_PWM_ConfigChannel)
    HAL_TIM_PWM_Init                         0x08004625   Thumb Code   272  stm32f4xx_hal_tim.o(i.HAL_TIM_PWM_Init)
    HAL_TIM_PWM_MspInit                      0x08004771   Thumb Code     2  stm32f4xx_hal_tim.o(i.HAL_TIM_PWM_MspInit)
    HAL_TIM_PWM_PulseFinishedCallback        0x08004773   Thumb Code     2  stm32f4xx_hal_tim.o(i.HAL_TIM_PWM_PulseFinishedCallback)
    HAL_TIM_PWM_Start                        0x08004775   Thumb Code   372  stm32f4xx_hal_tim.o(i.HAL_TIM_PWM_Start)
    HAL_TIM_PeriodElapsedCallback            0x08004925   Thumb Code     2  stm32f4xx_hal_tim.o(i.HAL_TIM_PeriodElapsedCallback)
    HAL_TIM_ReadCapturedValue                0x08004929   Thumb Code   298  stm32f4xx_hal_tim.o(i.HAL_TIM_ReadCapturedValue)
    HAL_TIM_TriggerCallback                  0x08004a91   Thumb Code     2  stm32f4xx_hal_tim.o(i.HAL_TIM_TriggerCallback)
    HAL_UARTEx_RxEventCallback               0x08004a93   Thumb Code     2  stm32f4xx_hal_uart.o(i.HAL_UARTEx_RxEventCallback)
    HAL_UART_ErrorCallback                   0x08004a95   Thumb Code     2  stm32f4xx_hal_uart.o(i.HAL_UART_ErrorCallback)
    HAL_UART_IRQHandler                      0x08004a99   Thumb Code   732  stm32f4xx_hal_uart.o(i.HAL_UART_IRQHandler)
    HAL_UART_Init                            0x08004d79   Thumb Code   274  stm32f4xx_hal_uart.o(i.HAL_UART_Init)
    HAL_UART_MspInit                         0x08004eb9   Thumb Code   204  usart.o(i.HAL_UART_MspInit)
    HAL_UART_RxCpltCallback                  0x08004f99   Thumb Code     2  stm32f4xx_hal_uart.o(i.HAL_UART_RxCpltCallback)
    HAL_UART_Transmit                        0x08004f9b   Thumb Code   210  stm32f4xx_hal_uart.o(i.HAL_UART_Transmit)
    HAL_UART_Transmit_DMA                    0x0800506d   Thumb Code   160  stm32f4xx_hal_uart.o(i.HAL_UART_Transmit_DMA)
    HAL_UART_TxCpltCallback                  0x08005119   Thumb Code     2  stm32f4xx_hal_uart.o(i.HAL_UART_TxCpltCallback)
    HAL_UART_TxHalfCpltCallback              0x0800511b   Thumb Code     2  stm32f4xx_hal_uart.o(i.HAL_UART_TxHalfCpltCallback)
    HardFault_Handler                        0x0800511d   Thumb Code     4  stm32f4xx_it.o(i.HardFault_Handler)
    MOTOR_Init                               0x08005625   Thumb Code    36  motor.o(i.MOTOR_Init)
    MOTOR_Set                                0x0800564d   Thumb Code   132  motor.o(i.MOTOR_Set)
    MPU_Calibrate                            0x080056d5   Thumb Code  1354  sensor.o(i.MPU_Calibrate)
    MPU_Connect                              0x08005c69   Thumb Code    54  sensor.o(i.MPU_Connect)
    MPU_Init                                 0x08005cf9   Thumb Code   188  sensor.o(i.MPU_Init)
    MPU_ReadAccelRaw                         0x08005dc5   Thumb Code    66  sensor.o(i.MPU_ReadAccelRaw)
    MPU_ReadGyroRaw                          0x08005e07   Thumb Code    66  sensor.o(i.MPU_ReadGyroRaw)
    MPU_SelfTest                             0x08005e49   Thumb Code  1276  sensor.o(i.MPU_SelfTest)
    MX_ADC1_Init                             0x08006359   Thumb Code   104  adc.o(i.MX_ADC1_Init)
    MX_DMA_Init                              0x080063cd   Thumb Code    52  dma.o(i.MX_DMA_Init)
    MX_GPIO_Init                             0x08006405   Thumb Code    96  gpio.o(i.MX_GPIO_Init)
    MX_I2C1_Init                             0x08006469   Thumb Code    52  i2c.o(i.MX_I2C1_Init)
    MX_TIM1_Init                             0x080064a9   Thumb Code   202  tim.o(i.MX_TIM1_Init)
    MX_TIM2_Init                             0x0800657d   Thumb Code   184  tim.o(i.MX_TIM2_Init)
    MX_TIM3_Init                             0x08006639   Thumb Code   208  tim.o(i.MX_TIM3_Init)
    MX_USART2_UART_Init                      0x08006711   Thumb Code    46  usart.o(i.MX_USART2_UART_Init)
    MadgwickAHRSupdate                       0x08006749   Thumb Code  2738  ahrs.o(i.MadgwickAHRSupdate)
    MadgwickAHRSupdateIMU                    0x08007219   Thumb Code  1220  ahrs.o(i.MadgwickAHRSupdateIMU)
    MemManage_Handler                        0x080076ed   Thumb Code     4  stm32f4xx_it.o(i.MemManage_Handler)
    NMI_Handler                              0x080076f1   Thumb Code     4  stm32f4xx_it.o(i.NMI_Handler)
    OSIntEnter                               0x080076f5   Thumb Code    28  ucos_ii.o(i.OSIntEnter)
    OSIntExit                                0x08007719   Thumb Code   122  ucos_ii.o(i.OSIntExit)
    OSSemPost                                0x080077b5   Thumb Code   112  ucos_ii.o(i.OSSemPost)
    OSTaskSwHook                             0x08007825   Thumb Code    28  os_cpu_c.o(i.OSTaskSwHook)
    OSTimeTick                               0x08007849   Thumb Code   230  ucos_ii.o(i.OSTimeTick)
    OSTimeTickHook                           0x08007949   Thumb Code    34  os_cpu_c.o(i.OSTimeTickHook)
    OSTmrSignal                              0x08007971   Thumb Code    16  ucos_ii.o(i.OSTmrSignal)
    OS_EventTaskRdy                          0x08007985   Thumb Code   132  ucos_ii.o(i.OS_EventTaskRdy)
    OS_EventTaskRemove                       0x08007a19   Thumb Code    46  ucos_ii.o(i.OS_EventTaskRemove)
    OS_EventTaskRemoveMulti                  0x08007a47   Thumb Code    58  ucos_ii.o(i.OS_EventTaskRemoveMulti)
    OS_Sched                                 0x08007a81   Thumb Code    98  ucos_ii.o(i.OS_Sched)
    PID_Init                                 0x08007b2d   Thumb Code    20  pid.o(i.PID_Init)
    REMOTE_Init                              0x08007c69   Thumb Code    92  remote.o(i.REMOTE_Init)
    SENSOR_Init                              0x08007ccd   Thumb Code    24  sensor.o(i.SENSOR_Init)
    SVC_Handler                              0x08007d49   Thumb Code     2  stm32f4xx_it.o(i.SVC_Handler)
    SYS_Init                                 0x08007d4d   Thumb Code    82  sys.o(i.SYS_Init)
    SysTick_Handler                          0x08007db9   Thumb Code    38  os_cpu_c.o(i.SysTick_Handler)
    SystemClock_Config                       0x08007de1   Thumb Code   172  sys.o(i.SystemClock_Config)
    SystemInit                               0x08007e95   Thumb Code    14  system_stm32f4xx.o(i.SystemInit)
    TIM1_CC_IRQHandler                       0x08007ea9   Thumb Code   116  remote.o(i.TIM1_CC_IRQHandler)
    TIM1_UP_TIM10_IRQHandler                 0x08007f21   Thumb Code    84  remote.o(i.TIM1_UP_TIM10_IRQHandler)
    TIM2_IRQHandler                          0x08007f7d   Thumb Code   172  remote.o(i.TIM2_IRQHandler)
    TIM_Base_SetConfig                       0x08008035   Thumb Code   134  stm32f4xx_hal_tim.o(i.TIM_Base_SetConfig)
    TIM_CCxChannelCmd                        0x0800828d   Thumb Code   134  stm32f4xx_hal_tim.o(i.TIM_CCxChannelCmd)
    TIM_ETR_SetConfig                        0x08008351   Thumb Code    22  stm32f4xx_hal_tim.o(i.TIM_ETR_SetConfig)
    TIM_OC2_SetConfig                        0x0800844d   Thumb Code   182  stm32f4xx_hal_tim.o(i.TIM_OC2_SetConfig)
    TIM_TI1_SetConfig                        0x080086b9   Thumb Code   102  stm32f4xx_hal_tim.o(i.TIM_TI1_SetConfig)
    USART2_IRQHandler                        0x08008e39   Thumb Code   106  ano.o(i.USART2_IRQHandler)
    UsageFault_Handler                       0x08008ea9   Thumb Code     4  stm32f4xx_it.o(i.UsageFault_Handler)
    __0printf                                0x08008ead   Thumb Code    22  printfa.o(i.__0printf)
    __1printf                                0x08008ead   Thumb Code     0  printfa.o(i.__0printf)
    __2printf                                0x08008ead   Thumb Code     0  printfa.o(i.__0printf)
    __c89printf                              0x08008ead   Thumb Code     0  printfa.o(i.__0printf)
    printf                                   0x08008ead   Thumb Code     0  printfa.o(i.__0printf)
    __ARM_fpclassifyf                        0x08008ecd   Thumb Code    38  fpclassifyf.o(i.__ARM_fpclassifyf)
    __hardfp_atan2f                          0x08008f2d   Thumb Code   594  atan2f.o(i.__hardfp_atan2f)
    __hardfp_powf                            0x080091d9   Thumb Code  1606  powf.o(i.__hardfp_powf)
    __mathlib_powf                           0x080091d9   Thumb Code     0  powf.o(i.__hardfp_powf)
    __hardfp_sinf                            0x0800983d   Thumb Code   344  sinf.o(i.__hardfp_sinf)
    __mathlib_flt_divzero                    0x080099cd   Thumb Code    14  funder.o(i.__mathlib_flt_divzero)
    __mathlib_flt_infnan                     0x080099e1   Thumb Code     6  funder.o(i.__mathlib_flt_infnan)
    __mathlib_flt_infnan2                    0x080099e7   Thumb Code     6  funder.o(i.__mathlib_flt_infnan2)
    __mathlib_flt_invalid                    0x080099ed   Thumb Code    10  funder.o(i.__mathlib_flt_invalid)
    __mathlib_flt_overflow                   0x080099fd   Thumb Code    10  funder.o(i.__mathlib_flt_overflow)
    __mathlib_flt_underflow                  0x08009a0d   Thumb Code    10  funder.o(i.__mathlib_flt_underflow)
    __mathlib_rredf2                         0x08009a1d   Thumb Code   316  rredf.o(i.__mathlib_rredf2)
    __scatterload_copy                       0x08009b71   Thumb Code    14  handlers.o(i.__scatterload_copy)
    __scatterload_null                       0x08009b7f   Thumb Code     2  handlers.o(i.__scatterload_null)
    __scatterload_zeroinit                   0x08009b81   Thumb Code    14  handlers.o(i.__scatterload_zeroinit)
    __set_errno                              0x08009b91   Thumb Code     6  errno.o(i.__set_errno)
    assert_failed                            0x0800a491   Thumb Code    18  sys.o(i.assert_failed)
    fputc                                    0x0800a4d5   Thumb Code    22  sys.o(i.fputc)
    main                                     0x0800a4f1   Thumb Code   314  main.o(i.main)
    TIM_CHANNEL                              0x0800a660   Data           7  remote.o(.constdata)
    TIM_FLAG                                 0x0800a667   Data           7  remote.o(.constdata)
    aRes                                     0x0800a670   Data          16  sensor.o(.constdata)
    gRes                                     0x0800a680   Data          16  sensor.o(.constdata)
    mRes                                     0x0800a690   Data          32  sensor.o(.constdata)
    degreeToradian                           0x0800a6b0   Data           4  sensor.o(.constdata)
    radianTodegree                           0x0800a6b4   Data           4  sensor.o(.constdata)
    AHBPrescTable                            0x0800a6c6   Data          16  system_stm32f4xx.o(.constdata)
    APBPrescTable                            0x0800a6d6   Data           8  system_stm32f4xx.o(.constdata)
    OSUnMapTbl                               0x0800a6e6   Data         256  ucos_ii.o(.constdata)
    Region$$Table$$Base                      0x0800a948   Number         0  anon$$obj.o(Region$$Table)
    Region$$Table$$Limit                     0x0800a968   Number         0  anon$$obj.o(Region$$Table)
    rstate                                   0x20000002   Data           7  remote.o(.data)
    ucount                                   0x20000009   Data           7  remote.o(.data)
    Gscale                                   0x20000010   Data           1  sensor.o(.data)
    Ascale                                   0x20000011   Data           1  sensor.o(.data)
    Mscale                                   0x20000012   Data           1  sensor.o(.data)
    magScale                                 0x20000014   Data          12  sensor.o(.data)
    altitude                                 0x20000020   Data           4  sensor.o(.data)
    initialPressure                          0x20000024   Data           4  sensor.o(.data)
    beta                                     0x20000028   Data           4  ahrs.o(.data)
    q0                                       0x2000002c   Data           4  ahrs.o(.data)
    q1                                       0x20000030   Data           4  ahrs.o(.data)
    q2                                       0x20000034   Data           4  ahrs.o(.data)
    q3                                       0x20000038   Data           4  ahrs.o(.data)
    SystemCoreClock                          0x2000003c   Data           4  system_stm32f4xx.o(.data)
    uwTick                                   0x20000040   Data           4  stm32f4xx_hal.o(.data)
    uwTickPrio                               0x20000044   Data           4  stm32f4xx_hal.o(.data)
    uwTickFreq                               0x20000048   Data           1  stm32f4xx_hal.o(.data)
    OSCtxSwCtr                               0x2000004c   Data           4  ucos_ii.o(.data)
    OSEventFreeList                          0x20000050   Data           4  ucos_ii.o(.data)
    OSFlagFreeList                           0x20000054   Data           4  ucos_ii.o(.data)
    OSCPUUsage                               0x20000058   Data           1  ucos_ii.o(.data)
    OSIdleCtrMax                             0x2000005c   Data           4  ucos_ii.o(.data)
    OSIdleCtrRun                             0x20000060   Data           4  ucos_ii.o(.data)
    OSStatRdy                                0x20000064   Data           1  ucos_ii.o(.data)
    OSIntNesting                             0x20000065   Data           1  ucos_ii.o(.data)
    OSLockNesting                            0x20000066   Data           1  ucos_ii.o(.data)
    OSPrioCur                                0x20000067   Data           1  ucos_ii.o(.data)
    OSPrioHighRdy                            0x20000068   Data           1  ucos_ii.o(.data)
    OSRdyGrp                                 0x20000069   Data           1  ucos_ii.o(.data)
    OSRdyTbl                                 0x2000006a   Data           8  ucos_ii.o(.data)
    OSRunning                                0x20000072   Data           1  ucos_ii.o(.data)
    OSTaskCtr                                0x20000073   Data           1  ucos_ii.o(.data)
    OSIdleCtr                                0x20000074   Data           4  ucos_ii.o(.data)
    OSTCBCur                                 0x20000078   Data           4  ucos_ii.o(.data)
    OSTCBFreeList                            0x2000007c   Data           4  ucos_ii.o(.data)
    OSTCBHighRdy                             0x20000080   Data           4  ucos_ii.o(.data)
    OSTCBList                                0x20000084   Data           4  ucos_ii.o(.data)
    OSTickStepState                          0x20000088   Data           1  ucos_ii.o(.data)
    OSMemFreeList                            0x2000008c   Data           4  ucos_ii.o(.data)
    OSQFreeList                              0x20000090   Data           4  ucos_ii.o(.data)
    OSTaskRegNextAvailID                     0x20000094   Data           1  ucos_ii.o(.data)
    OSTime                                   0x20000098   Data           4  ucos_ii.o(.data)
    OSTmrFree                                0x2000009c   Data           2  ucos_ii.o(.data)
    OSTmrUsed                                0x2000009e   Data           2  ucos_ii.o(.data)
    OSTmrTime                                0x200000a0   Data           4  ucos_ii.o(.data)
    OSTmrSem                                 0x200000a4   Data           4  ucos_ii.o(.data)
    OSTmrSemSignal                           0x200000a8   Data           4  ucos_ii.o(.data)
    OSTmrFreeList                            0x200000ac   Data           4  ucos_ii.o(.data)
    OS_CPU_ExceptStkBase                     0x200000b0   Data           4  os_cpu_c.o(.data)
    OS_KA_BASEPRI_Boundary                   0x200000b8   Data           4  os_cpu_c.o(.data)
    __stdout                                 0x200000bc   Data           4  stdout.o(.data)
    START_TASK_STK                           0x200000c4   Data         512  main.o(.bss)
    ANO_TASK_STK                             0x200002c4   Data        1024  main.o(.bss)
    FLIGHT_TASK_STK                          0x200006c4   Data        1024  main.o(.bss)
    rvalue                                   0x20000c60   Data          28  remote.o(.bss)
    pvalue                                   0x20000c7c   Data          28  remote.o(.bss)
    accel                                    0x20000c98   Data          12  sensor.o(.bss)
    gyro                                     0x20000ca4   Data          12  sensor.o(.bss)
    mag                                      0x20000cb0   Data          12  sensor.o(.bss)
    accelBias                                0x20000cbc   Data          12  sensor.o(.bss)
    gyroBias                                 0x20000cc8   Data          12  sensor.o(.bss)
    magBias                                  0x20000cd4   Data          12  sensor.o(.bss)
    msPROM                                   0x20000ce0   Data          16  sensor.o(.bss)
    attitude                                 0x20000cf0   Data          12  ahrs.o(.bss)
    outer_roll                               0x20000cfc   Data          36  pid.o(.bss)
    inner_roll                               0x20000d20   Data          36  pid.o(.bss)
    hadc1                                    0x20000d44   Data          72  adc.o(.bss)
    hi2c1                                    0x20000d8c   Data          84  i2c.o(.bss)
    htim1                                    0x20000de0   Data          72  tim.o(.bss)
    htim2                                    0x20000e28   Data          72  tim.o(.bss)
    htim3                                    0x20000e70   Data          72  tim.o(.bss)
    huart2                                   0x20000eb8   Data          68  usart.o(.bss)
    hdma_usart2_tx                           0x20000efc   Data          96  usart.o(.bss)
    OSEventTbl                               0x20000f5c   Data         240  ucos_ii.o(.bss)
    OSFlagTbl                                0x2000104c   Data          80  ucos_ii.o(.bss)
    OSTaskStatStk                            0x2000109c   Data         512  ucos_ii.o(.bss)
    OSTaskIdleStk                            0x2000129c   Data         512  ucos_ii.o(.bss)
    OSTCBPrioTbl                             0x2000149c   Data         256  ucos_ii.o(.bss)
    OSTCBTbl                                 0x2000159c   Data        2024  ucos_ii.o(.bss)
    OSMemTbl                                 0x20001d84   Data         120  ucos_ii.o(.bss)
    OSQTbl                                   0x20001dfc   Data          96  ucos_ii.o(.bss)
    OSTmrTbl                                 0x20001e5c   Data         640  ucos_ii.o(.bss)
    OSTmrTaskStk                             0x200020dc   Data         512  ucos_ii.o(.bss)
    OSTmrWheelTbl                            0x200022dc   Data          56  ucos_ii.o(.bss)
    __initial_sp                             0x20002718   Data           0  startup_stm32f401xe.o(STACK)



==============================================================================

Memory Map of the image

  Image Entry point : 0x08000195

  Load Region LR_IROM1 (Base: 0x08000000, Size: 0x0000aa2c, Max: 0x00080000, ABSOLUTE)

    Execution Region ER_IROM1 (Exec base: 0x08000000, Load base: 0x08000000, Size: 0x0000a968, Max: 0x00080000, ABSOLUTE)

    Exec Addr    Load Addr    Size         Type   Attr      Idx    E Section Name        Object

    0x08000000   0x08000000   0x00000194   Data   RO         1065    RESET               startup_stm32f401xe.o
    0x08000194   0x08000194   0x00000000   Code   RO         4996  * .ARM.Collect$$$$00000000  mc_w.l(entry.o)
    0x08000194   0x08000194   0x00000004   Code   RO         5289    .ARM.Collect$$$$00000001  mc_w.l(entry2.o)
    0x08000198   0x08000198   0x00000004   Code   RO         5292    .ARM.Collect$$$$00000004  mc_w.l(entry5.o)
    0x0800019c   0x0800019c   0x00000000   Code   RO         5294    .ARM.Collect$$$$00000008  mc_w.l(entry7b.o)
    0x0800019c   0x0800019c   0x00000000   Code   RO         5296    .ARM.Collect$$$$0000000A  mc_w.l(entry8b.o)
    0x0800019c   0x0800019c   0x00000008   Code   RO         5297    .ARM.Collect$$$$0000000B  mc_w.l(entry9a.o)
    0x080001a4   0x080001a4   0x00000004   Code   RO         5304    .ARM.Collect$$$$0000000E  mc_w.l(entry12b.o)
    0x080001a8   0x080001a8   0x00000000   Code   RO         5299    .ARM.Collect$$$$0000000F  mc_w.l(entry10a.o)
    0x080001a8   0x080001a8   0x00000000   Code   RO         5301    .ARM.Collect$$$$00000011  mc_w.l(entry11a.o)
    0x080001a8   0x080001a8   0x00000004   Code   RO         5290    .ARM.Collect$$$$00002712  mc_w.l(entry2.o)
    0x080001ac   0x080001ac   0x00000024   Code   RO         1066    .text               startup_stm32f401xe.o
    0x080001d0   0x080001d0   0x00000134   Code   RO         4724    .text               os_cpu_a.o
    0x08000304   0x08000304   0x00000038   Code   RO         4915    .text               arm_cortexM4lf_math.lib(arm_pid_init_f32.o)
    0x0800033c   0x0800033c   0x00000062   Code   RO         4999    .text               mc_w.l(uldiv.o)
    0x0800039e   0x0800039e   0x00000024   Code   RO         5003    .text               mc_w.l(memseta.o)
    0x080003c2   0x080003c2   0x00000026   Code   RO         5268    .text               mf_w.l(f2d.o)
    0x080003e8   0x080003e8   0x0000002c   Code   RO         5306    .text               mc_w.l(uidiv.o)
    0x08000414   0x08000414   0x0000001e   Code   RO         5308    .text               mc_w.l(llshl.o)
    0x08000432   0x08000432   0x00000020   Code   RO         5310    .text               mc_w.l(llushr.o)
    0x08000452   0x08000452   0x00000000   Code   RO         5319    .text               mc_w.l(iusefp.o)
    0x08000452   0x08000452   0x0000014e   Code   RO         5322    .text               mf_w.l(dadd.o)
    0x080005a0   0x080005a0   0x000000e4   Code   RO         5324    .text               mf_w.l(dmul.o)
    0x08000684   0x08000684   0x000000de   Code   RO         5326    .text               mf_w.l(ddiv.o)
    0x08000762   0x08000762   0x00000030   Code   RO         5328    .text               mf_w.l(dfixul.o)
    0x08000792   0x08000792   0x00000002   PAD
    0x08000794   0x08000794   0x00000030   Code   RO         5330    .text               mf_w.l(cdrcmple.o)
    0x080007c4   0x080007c4   0x00000004   Code   RO         5332    .text               mf_w.l(fpstat.o)
    0x080007c8   0x080007c8   0x00000024   Code   RO         5334    .text               mc_w.l(init.o)
    0x080007ec   0x080007ec   0x00000024   Code   RO         5336    .text               mc_w.l(llsshr.o)
    0x08000810   0x08000810   0x000000ba   Code   RO         5338    .text               mf_w.l(depilogue.o)
    0x080008ca   0x080008ca   0x00000002   PAD
    0x080008cc   0x080008cc   0x0000019c   Code   RO         1299    i.ADC_Init          stm32f4xx_hal_adc.o
    0x08000a68   0x08000a68   0x00000040   Code   RO          221    i.ANO_Receive_Analyze  ano.o
    0x08000aa8   0x08000aa8   0x000000f0   Code   RO          222    i.ANO_Receive_Prepare  ano.o
    0x08000b98   0x08000b98   0x000000e2   Code   RO          226    i.ANO_Send_Euler    ano.o
    0x08000c7a   0x08000c7a   0x00000074   Code   RO          228    i.ANO_Send_Param    ano.o
    0x08000cee   0x08000cee   0x00000002   Code   RO         4837    i.App_TaskSwHook    app_hooks.o
    0x08000cf0   0x08000cf0   0x00000008   Code   RO         4838    i.App_TimeTickHook  app_hooks.o
    0x08000cf8   0x08000cf8   0x00000004   Code   RO          996    i.BusFault_Handler  stm32f4xx_it.o
    0x08000cfc   0x08000cfc   0x0000002c   Code   RO          997    i.DMA1_Stream6_IRQHandler  stm32f4xx_it.o
    0x08000d28   0x08000d28   0x00000034   Code   RO         1571    i.DMA_CalcBaseAndBitshift  stm32f4xx_hal_dma.o
    0x08000d5c   0x08000d5c   0x000000aa   Code   RO         1572    i.DMA_CheckFifoParam  stm32f4xx_hal_dma.o
    0x08000e06   0x08000e06   0x0000002c   Code   RO         1573    i.DMA_SetConfig     stm32f4xx_hal_dma.o
    0x08000e32   0x08000e32   0x00000002   Code   RO          998    i.DebugMon_Handler  stm32f4xx_it.o
    0x08000e34   0x08000e34   0x00000006   Code   RO          601    i.Error_Handler     sys.o
    0x08000e3a   0x08000e3a   0x00000002   PAD
    0x08000e3c   0x08000e3c   0x00000210   Code   RO         1301    i.HAL_ADC_ConfigChannel  stm32f4xx_hal_adc.o
    0x0800104c   0x0800104c   0x00000254   Code   RO         1310    i.HAL_ADC_Init      stm32f4xx_hal_adc.o
    0x080012a0   0x080012a0   0x00000080   Code   RO          763    i.HAL_ADC_MspInit   adc.o
    0x08001320   0x08001320   0x000000ac   Code   RO         1574    i.HAL_DMA_Abort     stm32f4xx_hal_dma.o
    0x080013cc   0x080013cc   0x00000028   Code   RO         1575    i.HAL_DMA_Abort_IT  stm32f4xx_hal_dma.o
    0x080013f4   0x080013f4   0x00000240   Code   RO         1579    i.HAL_DMA_IRQHandler  stm32f4xx_hal_dma.o
    0x08001634   0x08001634   0x00000344   Code   RO         1580    i.HAL_DMA_Init      stm32f4xx_hal_dma.o
    0x08001978   0x08001978   0x000000c8   Code   RO         1584    i.HAL_DMA_Start_IT  stm32f4xx_hal_dma.o
    0x08001a40   0x08001a40   0x00000028   Code   RO         1117    i.HAL_Delay         stm32f4xx_hal.o
    0x08001a68   0x08001a68   0x00000388   Code   RO         1721    i.HAL_GPIO_Init     stm32f4xx_hal_gpio.o
    0x08001df0   0x08001df0   0x0000000c   Code   RO         1123    i.HAL_GetTick       stm32f4xx_hal.o
    0x08001dfc   0x08001dfc   0x000002d8   Code   RO         1795    i.HAL_I2C_Init      stm32f4xx_hal_i2c.o
    0x080020d4   0x080020d4   0x00000328   Code   RO         1813    i.HAL_I2C_Mem_Read  stm32f4xx_hal_i2c.o
    0x080023fc   0x080023fc   0x00000198   Code   RO         1816    i.HAL_I2C_Mem_Write  stm32f4xx_hal_i2c.o
    0x08002594   0x08002594   0x00000088   Code   RO          853    i.HAL_I2C_MspInit   i2c.o
    0x0800261c   0x0800261c   0x00000018   Code   RO         1129    i.HAL_IncTick       stm32f4xx_hal.o
    0x08002634   0x08002634   0x0000003c   Code   RO         1130    i.HAL_Init          stm32f4xx_hal.o
    0x08002670   0x08002670   0x0000004c   Code   RO         1131    i.HAL_InitTick      stm32f4xx_hal.o
    0x080026bc   0x080026bc   0x00000050   Code   RO          738    i.HAL_MspInit       stm32f4xx_hal_msp.o
    0x0800270c   0x0800270c   0x00000054   Code   RO         3816    i.HAL_NVIC_EnableIRQ  stm32f4xx_hal_cortex.o
    0x08002760   0x08002760   0x000000bc   Code   RO         3822    i.HAL_NVIC_SetPriority  stm32f4xx_hal_cortex.o
    0x0800281c   0x0800281c   0x00000070   Code   RO         3823    i.HAL_NVIC_SetPriorityGrouping  stm32f4xx_hal_cortex.o
    0x0800288c   0x0800288c   0x000002a8   Code   RO         2287    i.HAL_RCC_ClockConfig  stm32f4xx_hal_rcc.o
    0x08002b34   0x08002b34   0x0000000c   Code   RO         2292    i.HAL_RCC_GetHCLKFreq  stm32f4xx_hal_rcc.o
    0x08002b40   0x08002b40   0x00000020   Code   RO         2294    i.HAL_RCC_GetPCLK1Freq  stm32f4xx_hal_rcc.o
    0x08002b60   0x08002b60   0x00000020   Code   RO         2295    i.HAL_RCC_GetPCLK2Freq  stm32f4xx_hal_rcc.o
    0x08002b80   0x08002b80   0x000000b0   Code   RO         2296    i.HAL_RCC_GetSysClockFreq  stm32f4xx_hal_rcc.o
    0x08002c30   0x08002c30   0x000005f8   Code   RO         2299    i.HAL_RCC_OscConfig  stm32f4xx_hal_rcc.o
    0x08003228   0x08003228   0x00000034   Code   RO         3827    i.HAL_SYSTICK_Config  stm32f4xx_hal_cortex.o
    0x0800325c   0x0800325c   0x00000002   Code   RO         3159    i.HAL_TIMEx_BreakCallback  stm32f4xx_hal_tim_ex.o
    0x0800325e   0x0800325e   0x00000002   Code   RO         3160    i.HAL_TIMEx_CommutCallback  stm32f4xx_hal_tim_ex.o
    0x08003260   0x08003260   0x00000148   Code   RO         3178    i.HAL_TIMEx_MasterConfigSynchronization  stm32f4xx_hal_tim_ex.o
    0x080033a8   0x080033a8   0x0000014c   Code   RO         2444    i.HAL_TIM_Base_Init  stm32f4xx_hal_tim.o
    0x080034f4   0x080034f4   0x00000194   Code   RO          895    i.HAL_TIM_Base_MspInit  tim.o
    0x08003688   0x08003688   0x000004c0   Code   RO         2453    i.HAL_TIM_ConfigClockSource  stm32f4xx_hal_tim.o
    0x08003b48   0x08003b48   0x00000002   Code   RO         2478    i.HAL_TIM_IC_CaptureCallback  stm32f4xx_hal_tim.o
    0x08003b4a   0x08003b4a   0x00000002   PAD
    0x08003b4c   0x08003b4c   0x00000278   Code   RO         2480    i.HAL_TIM_IC_ConfigChannel  stm32f4xx_hal_tim.o
    0x08003dc4   0x08003dc4   0x0000014c   Code   RO         2483    i.HAL_TIM_IC_Init   stm32f4xx_hal_tim.o
    0x08003f10   0x08003f10   0x00000002   Code   RO         2485    i.HAL_TIM_IC_MspInit  stm32f4xx_hal_tim.o
    0x08003f12   0x08003f12   0x00000002   PAD
    0x08003f14   0x08003f14   0x00000240   Code   RO         2488    i.HAL_TIM_IC_Start_IT  stm32f4xx_hal_tim.o
    0x08004154   0x08004154   0x00000196   Code   RO         2492    i.HAL_TIM_IRQHandler  stm32f4xx_hal_tim.o
    0x080042ea   0x080042ea   0x00000002   PAD
    0x080042ec   0x080042ec   0x0000009c   Code   RO          896    i.HAL_TIM_MspPostInit  tim.o
    0x08004388   0x08004388   0x00000002   Code   RO         2495    i.HAL_TIM_OC_DelayElapsedCallback  stm32f4xx_hal_tim.o
    0x0800438a   0x0800438a   0x00000002   PAD
    0x0800438c   0x0800438c   0x00000298   Code   RO         2516    i.HAL_TIM_PWM_ConfigChannel  stm32f4xx_hal_tim.o
    0x08004624   0x08004624   0x0000014c   Code   RO         2519    i.HAL_TIM_PWM_Init  stm32f4xx_hal_tim.o
    0x08004770   0x08004770   0x00000002   Code   RO         2521    i.HAL_TIM_PWM_MspInit  stm32f4xx_hal_tim.o
    0x08004772   0x08004772   0x00000002   Code   RO         2522    i.HAL_TIM_PWM_PulseFinishedCallback  stm32f4xx_hal_tim.o
    0x08004774   0x08004774   0x000001b0   Code   RO         2524    i.HAL_TIM_PWM_Start  stm32f4xx_hal_tim.o
    0x08004924   0x08004924   0x00000002   Code   RO         2530    i.HAL_TIM_PeriodElapsedCallback  stm32f4xx_hal_tim.o
    0x08004926   0x08004926   0x00000002   PAD
    0x08004928   0x08004928   0x00000168   Code   RO         2532    i.HAL_TIM_ReadCapturedValue  stm32f4xx_hal_tim.o
    0x08004a90   0x08004a90   0x00000002   Code   RO         2535    i.HAL_TIM_TriggerCallback  stm32f4xx_hal_tim.o
    0x08004a92   0x08004a92   0x00000002   Code   RO         3437    i.HAL_UARTEx_RxEventCallback  stm32f4xx_hal_uart.o
    0x08004a94   0x08004a94   0x00000002   Code   RO         3451    i.HAL_UART_ErrorCallback  stm32f4xx_hal_uart.o
    0x08004a96   0x08004a96   0x00000002   PAD
    0x08004a98   0x08004a98   0x000002e0   Code   RO         3454    i.HAL_UART_IRQHandler  stm32f4xx_hal_uart.o
    0x08004d78   0x08004d78   0x00000140   Code   RO         3455    i.HAL_UART_Init     stm32f4xx_hal_uart.o
    0x08004eb8   0x08004eb8   0x000000e0   Code   RO          955    i.HAL_UART_MspInit  usart.o
    0x08004f98   0x08004f98   0x00000002   Code   RO         3461    i.HAL_UART_RxCpltCallback  stm32f4xx_hal_uart.o
    0x08004f9a   0x08004f9a   0x000000d2   Code   RO         3463    i.HAL_UART_Transmit  stm32f4xx_hal_uart.o
    0x0800506c   0x0800506c   0x000000ac   Code   RO         3464    i.HAL_UART_Transmit_DMA  stm32f4xx_hal_uart.o
    0x08005118   0x08005118   0x00000002   Code   RO         3466    i.HAL_UART_TxCpltCallback  stm32f4xx_hal_uart.o
    0x0800511a   0x0800511a   0x00000002   Code   RO         3467    i.HAL_UART_TxHalfCpltCallback  stm32f4xx_hal_uart.o
    0x0800511c   0x0800511c   0x00000004   Code   RO          999    i.HardFault_Handler  stm32f4xx_it.o
    0x08005120   0x08005120   0x0000003e   Code   RO         1838    i.I2C_IsAcknowledgeFailed  stm32f4xx_hal_i2c.o
    0x0800515e   0x0800515e   0x00000002   PAD
    0x08005160   0x08005160   0x00000160   Code   RO         1849    i.I2C_RequestMemoryRead  stm32f4xx_hal_i2c.o
    0x080052c0   0x080052c0   0x000000e0   Code   RO         1850    i.I2C_RequestMemoryWrite  stm32f4xx_hal_i2c.o
    0x080053a0   0x080053a0   0x0000005c   Code   RO         1858    i.I2C_WaitOnBTFFlagUntilTimeout  stm32f4xx_hal_i2c.o
    0x080053fc   0x080053fc   0x00000086   Code   RO         1859    i.I2C_WaitOnFlagUntilTimeout  stm32f4xx_hal_i2c.o
    0x08005482   0x08005482   0x000000c4   Code   RO         1860    i.I2C_WaitOnMasterAddressFlagUntilTimeout  stm32f4xx_hal_i2c.o
    0x08005546   0x08005546   0x00000080   Code   RO         1861    i.I2C_WaitOnRXNEFlagUntilTimeout  stm32f4xx_hal_i2c.o
    0x080055c6   0x080055c6   0x0000005c   Code   RO         1864    i.I2C_WaitOnTXEFlagUntilTimeout  stm32f4xx_hal_i2c.o
    0x08005622   0x08005622   0x00000002   PAD
    0x08005624   0x08005624   0x00000028   Code   RO          336    i.MOTOR_Init        motor.o
    0x0800564c   0x0800564c   0x00000088   Code   RO          337    i.MOTOR_Set         motor.o
    0x080056d4   0x080056d4   0x00000594   Code   RO          438    i.MPU_Calibrate     sensor.o
    0x08005c68   0x08005c68   0x00000090   Code   RO          439    i.MPU_Connect       sensor.o
    0x08005cf8   0x08005cf8   0x000000cc   Code   RO          440    i.MPU_Init          sensor.o
    0x08005dc4   0x08005dc4   0x00000042   Code   RO          441    i.MPU_ReadAccelRaw  sensor.o
    0x08005e06   0x08005e06   0x00000042   Code   RO          442    i.MPU_ReadGyroRaw   sensor.o
    0x08005e48   0x08005e48   0x00000510   Code   RO          443    i.MPU_SelfTest      sensor.o
    0x08006358   0x08006358   0x00000074   Code   RO          764    i.MX_ADC1_Init      adc.o
    0x080063cc   0x080063cc   0x00000038   Code   RO          804    i.MX_DMA_Init       dma.o
    0x08006404   0x08006404   0x00000064   Code   RO          828    i.MX_GPIO_Init      gpio.o
    0x08006468   0x08006468   0x00000040   Code   RO          854    i.MX_I2C1_Init      i2c.o
    0x080064a8   0x080064a8   0x000000d4   Code   RO          897    i.MX_TIM1_Init      tim.o
    0x0800657c   0x0800657c   0x000000bc   Code   RO          898    i.MX_TIM2_Init      tim.o
    0x08006638   0x08006638   0x000000d8   Code   RO          899    i.MX_TIM3_Init      tim.o
    0x08006710   0x08006710   0x00000038   Code   RO          956    i.MX_USART2_UART_Init  usart.o
    0x08006748   0x08006748   0x00000ad0   Code   RO          658    i.MadgwickAHRSupdate  ahrs.o
    0x08007218   0x08007218   0x000004d4   Code   RO          659    i.MadgwickAHRSupdateIMU  ahrs.o
    0x080076ec   0x080076ec   0x00000004   Code   RO         1000    i.MemManage_Handler  stm32f4xx_it.o
    0x080076f0   0x080076f0   0x00000004   Code   RO         1001    i.NMI_Handler       stm32f4xx_it.o
    0x080076f4   0x080076f4   0x00000024   Code   RO         3961    i.OSIntEnter        ucos_ii.o
    0x08007718   0x08007718   0x0000009c   Code   RO         3962    i.OSIntExit         ucos_ii.o
    0x080077b4   0x080077b4   0x00000070   Code   RO         4001    i.OSSemPost         ucos_ii.o
    0x08007824   0x08007824   0x00000024   Code   RO         4736    i.OSTaskSwHook      os_cpu_c.o
    0x08007848   0x08007848   0x00000100   Code   RO         4025    i.OSTimeTick        ucos_ii.o
    0x08007948   0x08007948   0x00000028   Code   RO         4737    i.OSTimeTickHook    os_cpu_c.o
    0x08007970   0x08007970   0x00000014   Code   RO         4030    i.OSTmrSignal       ucos_ii.o
    0x08007984   0x08007984   0x00000094   Code   RO         4043    i.OS_EventTaskRdy   ucos_ii.o
    0x08007a18   0x08007a18   0x0000002e   Code   RO         4044    i.OS_EventTaskRemove  ucos_ii.o
    0x08007a46   0x08007a46   0x0000003a   Code   RO         4045    i.OS_EventTaskRemoveMulti  ucos_ii.o
    0x08007a80   0x08007a80   0x00000080   Code   RO         4063    i.OS_Sched          ucos_ii.o
    0x08007b00   0x08007b00   0x0000002c   Code   RO         4064    i.OS_SchedNew       ucos_ii.o
    0x08007b2c   0x08007b2c   0x0000001c   Code   RO          703    i.PID_Init          pid.o
    0x08007b48   0x08007b48   0x00000120   Code   RO          660    i.QToEuler          ahrs.o
    0x08007c68   0x08007c68   0x00000064   Code   RO          378    i.REMOTE_Init       remote.o
    0x08007ccc   0x08007ccc   0x00000018   Code   RO          450    i.SENSOR_Init       sensor.o
    0x08007ce4   0x08007ce4   0x00000030   Code   RO          452    i.SENSOR_RegReadBytes  sensor.o
    0x08007d14   0x08007d14   0x00000034   Code   RO          453    i.SENSOR_RegWriteByte  sensor.o
    0x08007d48   0x08007d48   0x00000002   Code   RO         1002    i.SVC_Handler       stm32f4xx_it.o
    0x08007d4a   0x08007d4a   0x00000002   PAD
    0x08007d4c   0x08007d4c   0x0000006c   Code   RO          602    i.SYS_Init          sys.o
    0x08007db8   0x08007db8   0x00000026   Code   RO         4740    i.SysTick_Handler   os_cpu_c.o
    0x08007dde   0x08007dde   0x00000002   PAD
    0x08007de0   0x08007de0   0x000000b4   Code   RO          603    i.SystemClock_Config  sys.o
    0x08007e94   0x08007e94   0x00000014   Code   RO         1074    i.SystemInit        system_stm32f4xx.o
    0x08007ea8   0x08007ea8   0x00000078   Code   RO          379    i.TIM1_CC_IRQHandler  remote.o
    0x08007f20   0x08007f20   0x0000005c   Code   RO          380    i.TIM1_UP_TIM10_IRQHandler  remote.o
    0x08007f7c   0x08007f7c   0x000000b8   Code   RO          381    i.TIM2_IRQHandler   remote.o
    0x08008034   0x08008034   0x000000a4   Code   RO         2537    i.TIM_Base_SetConfig  stm32f4xx_hal_tim.o
    0x080080d8   0x080080d8   0x000001b4   Code   RO          382    i.TIM_CC_Handler    remote.o
    0x0800828c   0x0800828c   0x000000c4   Code   RO         2538    i.TIM_CCxChannelCmd  stm32f4xx_hal_tim.o
    0x08008350   0x08008350   0x00000016   Code   RO         2548    i.TIM_ETR_SetConfig  stm32f4xx_hal_tim.o
    0x08008366   0x08008366   0x00000012   Code   RO         2549    i.TIM_ITRx_SetConfig  stm32f4xx_hal_tim.o
    0x08008378   0x08008378   0x000000d4   Code   RO         2550    i.TIM_OC1_SetConfig  stm32f4xx_hal_tim.o
    0x0800844c   0x0800844c   0x000000dc   Code   RO         2551    i.TIM_OC2_SetConfig  stm32f4xx_hal_tim.o
    0x08008528   0x08008528   0x000000dc   Code   RO         2552    i.TIM_OC3_SetConfig  stm32f4xx_hal_tim.o
    0x08008604   0x08008604   0x0000008c   Code   RO         2553    i.TIM_OC4_SetConfig  stm32f4xx_hal_tim.o
    0x08008690   0x08008690   0x00000026   Code   RO         2555    i.TIM_TI1_ConfigInputStage  stm32f4xx_hal_tim.o
    0x080086b6   0x080086b6   0x00000002   PAD
    0x080086b8   0x080086b8   0x0000007c   Code   RO         2556    i.TIM_TI1_SetConfig  stm32f4xx_hal_tim.o
    0x08008734   0x08008734   0x00000028   Code   RO         2557    i.TIM_TI2_ConfigInputStage  stm32f4xx_hal_tim.o
    0x0800875c   0x0800875c   0x0000003a   Code   RO         2558    i.TIM_TI2_SetConfig  stm32f4xx_hal_tim.o
    0x08008796   0x08008796   0x00000038   Code   RO         2559    i.TIM_TI3_SetConfig  stm32f4xx_hal_tim.o
    0x080087ce   0x080087ce   0x0000003c   Code   RO         2560    i.TIM_TI4_SetConfig  stm32f4xx_hal_tim.o
    0x0800880a   0x0800880a   0x00000014   Code   RO         3468    i.UART_DMAAbortOnError  stm32f4xx_hal_uart.o
    0x0800881e   0x0800881e   0x00000050   Code   RO         3469    i.UART_DMAError     stm32f4xx_hal_uart.o
    0x0800886e   0x0800886e   0x00000058   Code   RO         3474    i.UART_DMATransmitCplt  stm32f4xx_hal_uart.o
    0x080088c6   0x080088c6   0x0000000e   Code   RO         3476    i.UART_DMATxHalfCplt  stm32f4xx_hal_uart.o
    0x080088d4   0x080088d4   0x0000006c   Code   RO         3478    i.UART_EndRxTransfer  stm32f4xx_hal_uart.o
    0x08008940   0x08008940   0x00000020   Code   RO         3479    i.UART_EndTransmit_IT  stm32f4xx_hal_uart.o
    0x08008960   0x08008960   0x00000026   Code   RO         3480    i.UART_EndTxTransfer  stm32f4xx_hal_uart.o
    0x08008986   0x08008986   0x000000f8   Code   RO         3481    i.UART_Receive_IT   stm32f4xx_hal_uart.o
    0x08008a7e   0x08008a7e   0x00000002   PAD
    0x08008a80   0x08008a80   0x000002c4   Code   RO         3482    i.UART_SetConfig    stm32f4xx_hal_uart.o
    0x08008d44   0x08008d44   0x00000060   Code   RO         3485    i.UART_Transmit_IT  stm32f4xx_hal_uart.o
    0x08008da4   0x08008da4   0x00000092   Code   RO         3486    i.UART_WaitOnFlagUntilTimeout  stm32f4xx_hal_uart.o
    0x08008e36   0x08008e36   0x00000002   PAD
    0x08008e38   0x08008e38   0x00000070   Code   RO          234    i.USART2_IRQHandler  ano.o
    0x08008ea8   0x08008ea8   0x00000004   Code   RO         1003    i.UsageFault_Handler  stm32f4xx_it.o
    0x08008eac   0x08008eac   0x00000020   Code   RO         5238    i.__0printf         mc_w.l(printfa.o)
    0x08008ecc   0x08008ecc   0x00000026   Code   RO         5270    i.__ARM_fpclassifyf  m_wm.l(fpclassifyf.o)
    0x08008ef2   0x08008ef2   0x00000002   PAD
    0x08008ef4   0x08008ef4   0x00000010   Code   RO         3829    i.__NVIC_GetPriorityGrouping  stm32f4xx_hal_cortex.o
    0x08008f04   0x08008f04   0x00000028   Code   RO         3830    i.__NVIC_SetPriority  stm32f4xx_hal_cortex.o
    0x08008f2c   0x08008f2c   0x000002ac   Code   RO         4958    i.__hardfp_atan2f   m_wm.l(atan2f.o)
    0x080091d8   0x080091d8   0x00000664   Code   RO         4970    i.__hardfp_powf     m_wm.l(powf.o)
    0x0800983c   0x0800983c   0x00000190   Code   RO         4984    i.__hardfp_sinf     m_wm.l(sinf.o)
    0x080099cc   0x080099cc   0x00000014   Code   RO         5272    i.__mathlib_flt_divzero  m_wm.l(funder.o)
    0x080099e0   0x080099e0   0x00000006   Code   RO         5273    i.__mathlib_flt_infnan  m_wm.l(funder.o)
    0x080099e6   0x080099e6   0x00000006   Code   RO         5274    i.__mathlib_flt_infnan2  m_wm.l(funder.o)
    0x080099ec   0x080099ec   0x00000010   Code   RO         5275    i.__mathlib_flt_invalid  m_wm.l(funder.o)
    0x080099fc   0x080099fc   0x00000010   Code   RO         5276    i.__mathlib_flt_overflow  m_wm.l(funder.o)
    0x08009a0c   0x08009a0c   0x00000010   Code   RO         5278    i.__mathlib_flt_underflow  m_wm.l(funder.o)
    0x08009a1c   0x08009a1c   0x00000154   Code   RO         5286    i.__mathlib_rredf2  m_wm.l(rredf.o)
    0x08009b70   0x08009b70   0x0000000e   Code   RO         5342    i.__scatterload_copy  mc_w.l(handlers.o)
    0x08009b7e   0x08009b7e   0x00000002   Code   RO         5343    i.__scatterload_null  mc_w.l(handlers.o)
    0x08009b80   0x08009b80   0x0000000e   Code   RO         5344    i.__scatterload_zeroinit  mc_w.l(handlers.o)
    0x08009b8e   0x08009b8e   0x00000002   PAD
    0x08009b90   0x08009b90   0x0000000c   Code   RO         5314    i.__set_errno       mc_w.l(errno.o)
    0x08009b9c   0x08009b9c   0x00000184   Code   RO         5245    i._fp_digits        mc_w.l(printfa.o)
    0x08009d20   0x08009d20   0x000006b4   Code   RO         5246    i._printf_core      mc_w.l(printfa.o)
    0x0800a3d4   0x0800a3d4   0x00000024   Code   RO         5247    i._printf_post_padding  mc_w.l(printfa.o)
    0x0800a3f8   0x0800a3f8   0x0000002e   Code   RO         5248    i._printf_pre_padding  mc_w.l(printfa.o)
    0x0800a426   0x0800a426   0x00000032   Code   RO          235    i.ano_addcheck      ano.o
    0x0800a458   0x0800a458   0x00000038   Code   RO          236    i.ano_check         ano.o
    0x0800a490   0x0800a490   0x00000044   Code   RO          604    i.assert_failed     sys.o
    0x0800a4d4   0x0800a4d4   0x0000001c   Code   RO          605    i.fputc             sys.o
    0x0800a4f0   0x0800a4f0   0x00000170   Code   RO            7    i.main              main.o
    0x0800a660   0x0800a660   0x0000000e   Data   RO          384    .constdata          remote.o
    0x0800a66e   0x0800a66e   0x00000002   PAD
    0x0800a670   0x0800a670   0x00000056   Data   RO          456    .constdata          sensor.o
    0x0800a6c6   0x0800a6c6   0x00000018   Data   RO         1075    .constdata          system_stm32f4xx.o
    0x0800a6de   0x0800a6de   0x00000008   Data   RO         1586    .constdata          stm32f4xx_hal_dma.o
    0x0800a6e6   0x0800a6e6   0x00000100   Data   RO         4073    .constdata          ucos_ii.o
    0x0800a7e6   0x0800a7e6   0x00000002   PAD
    0x0800a7e8   0x0800a7e8   0x00000140   Data   RO         4973    .constdata          m_wm.l(powf.o)
    0x0800a928   0x0800a928   0x00000020   Data   RO         5287    .constdata          m_wm.l(rredf.o)
    0x0800a948   0x0800a948   0x00000020   Data   RO         5340    Region$$Table       anon$$obj.o


    Execution Region RW_IRAM1 (Exec base: 0x20000000, Load base: 0x0800a968, Size: 0x00002718, Max: 0x00018000, ABSOLUTE)

    Exec Addr    Load Addr    Size         Type   Attr      Idx    E Section Name        Object

    0x20000000   0x0800a968   0x00000002   Data   RW          238    .data               ano.o
    0x20000002   0x0800a96a   0x0000000e   Data   RW          385    .data               remote.o
    0x20000010   0x0800a978   0x00000018   Data   RW          457    .data               sensor.o
    0x20000028   0x0800a990   0x00000014   Data   RW          662    .data               ahrs.o
    0x2000003c   0x0800a9a4   0x00000004   Data   RW         1076    .data               system_stm32f4xx.o
    0x20000040   0x0800a9a8   0x00000009   Data   RW         1137    .data               stm32f4xx_hal.o
    0x20000049   0x0800a9b1   0x00000003   PAD
    0x2000004c   0x0800a9b4   0x00000064   Data   RW         4074    .data               ucos_ii.o
    0x200000b0   0x0800aa18   0x0000000c   Data   RW         4742    .data               os_cpu_c.o
    0x200000bc   0x0800aa24   0x00000004   Data   RW         5305    .data               mc_w.l(stdout.o)
    0x200000c0   0x0800aa28   0x00000004   Data   RW         5315    .data               mc_w.l(errno.o)
    0x200000c4        -       0x00000b5e   Zero   RW            8    .bss                main.o
    0x20000c22        -       0x0000003e   Zero   RW          237    .bss                ano.o
    0x20000c60        -       0x00000038   Zero   RW          383    .bss                remote.o
    0x20000c98        -       0x00000058   Zero   RW          455    .bss                sensor.o
    0x20000cf0        -       0x0000000c   Zero   RW          661    .bss                ahrs.o
    0x20000cfc        -       0x00000048   Zero   RW          705    .bss                pid.o
    0x20000d44        -       0x00000048   Zero   RW          765    .bss                adc.o
    0x20000d8c        -       0x00000054   Zero   RW          855    .bss                i2c.o
    0x20000de0        -       0x000000d8   Zero   RW          900    .bss                tim.o
    0x20000eb8        -       0x000000a4   Zero   RW          957    .bss                usart.o
    0x20000f5c        -       0x000013b8   Zero   RW         4072    .bss                ucos_ii.o
    0x20002314   0x0800aa2c   0x00000004   PAD
    0x20002318        -       0x00000400   Zero   RW         1063    STACK               startup_stm32f401xe.o


==============================================================================

Image component sizes


      Code (inc. data)   RO Data    RW Data    ZI Data      Debug   Object Name

       244         26          0          0         72       1617   adc.o
      4292        138          0         20         12      19965   ahrs.o
       864         30          0          2         62       5306   ano.o
        10          0          0          0          0        896   app_hooks.o
        56          4          0          0          0        710   dma.o
       100          4          0          0          0        787   gpio.o
       200         24          0          0         84       1561   i2c.o
       368         54          0          0       2910     444120   main.o
       176          8          0          0          0       1129   motor.o
       308         34          0          0          0        324   os_cpu_a.o
       114         14          0         12          0       2601   os_cpu_c.o
        28          8          0          0         72        713   pid.o
       932         60         14         14         56       3911   remote.o
      3328        282         86         24         88      21366   sensor.o
        36          8        404          0       1024        804   startup_stm32f401xe.o
       212         36          0          9          0       8713   stm32f4xx_hal.o
      1536        130          0          0          0       2815   stm32f4xx_hal_adc.o
       492        132          0          0          0      34087   stm32f4xx_hal_cortex.o
      2090         90          8          0          0       6686   stm32f4xx_hal_dma.o
       904         68          0          0          0       1548   stm32f4xx_hal_gpio.o
      3224        156          0          0          0      10982   stm32f4xx_hal_i2c.o
        80          6          0          0          0        802   stm32f4xx_hal_msp.o
      2460        152          0          0          0       5436   stm32f4xx_hal_rcc.o
      6864        810          0          0          0      22960   stm32f4xx_hal_tim.o
       332         58          0          0          0       2265   stm32f4xx_hal_tim_ex.o
      3026        106          0          0          0      14342   stm32f4xx_hal_uart.o
        68          4          0          0          0       3601   stm32f4xx_it.o
       390         90          0          0          0       3160   sys.o
        20          6         24          4          0       1023   system_stm32f4xx.o
      1176         58          0          0        216       4210   tim.o
      1004        136        256        100       5048      15388   ucos_ii.o
       280         30          0          0        164       1697   usart.o

    ----------------------------------------------------------------------
     35242       2762        828        188       9812     645525   Object Totals
         0          0         32          0          0          0   (incl. Generated)
        28          0          4          3          4          0   (incl. Padding)

    ----------------------------------------------------------------------

      Code (inc. data)   RO Data    RW Data    ZI Data      Debug   Library Member Name

        56          0          0          0          0      17067   arm_pid_init_f32.o
       684         90          0          0          0        208   atan2f.o
        38          0          0          0          0        116   fpclassifyf.o
        80         24          0          0          0        696   funder.o
      1636        110        320          0          0        372   powf.o
       340         24         32          0          0        160   rredf.o
       400         56          0          0          0        212   sinf.o
         0          0          0          0          0          0   entry.o
         0          0          0          0          0          0   entry10a.o
         0          0          0          0          0          0   entry11a.o
         4          0          0          0          0          0   entry12b.o
         8          4          0          0          0          0   entry2.o
         4          0          0          0          0          0   entry5.o
         0          0          0          0          0          0   entry7b.o
         0          0          0          0          0          0   entry8b.o
         8          4          0          0          0          0   entry9a.o
        12          6          0          4          0         68   errno.o
        30          0          0          0          0          0   handlers.o
        36          8          0          0          0         68   init.o
         0          0          0          0          0          0   iusefp.o
        30          0          0          0          0         68   llshl.o
        36          0          0          0          0         68   llsshr.o
        32          0          0          0          0         68   llushr.o
        36          0          0          0          0        108   memseta.o
      2218         90          0          0          0        464   printfa.o
         0          0          0          4          0          0   stdout.o
        44          0          0          0          0         80   uidiv.o
        98          0          0          0          0         92   uldiv.o
        48          0          0          0          0         68   cdrcmple.o
       334          0          0          0          0        148   dadd.o
       222          0          0          0          0        100   ddiv.o
       186          0          0          0          0        176   depilogue.o
        48          0          0          0          0         68   dfixul.o
       228          0          0          0          0         96   dmul.o
        38          0          0          0          0         68   f2d.o
         4          0          0          0          0         68   fpstat.o

    ----------------------------------------------------------------------
      6946        416        352          8          0      20707   Library Totals
         8          0          0          0          0          0   (incl. Padding)

    ----------------------------------------------------------------------

      Code (inc. data)   RO Data    RW Data    ZI Data      Debug   Library Name

        56          0          0          0          0      17067   arm_cortexM4lf_math.lib
      3178        304        352          0          0       1764   m_wm.l
      2596        112          0          8          0       1084   mc_w.l
      1108          0          0          0          0        792   mf_w.l

    ----------------------------------------------------------------------
      6946        416        352          8          0      20707   Library Totals

    ----------------------------------------------------------------------

==============================================================================


      Code (inc. data)   RO Data    RW Data    ZI Data      Debug   

     42188       3178       1180        196       9812     648652   Grand Totals
     42188       3178       1180        196       9812     648652   ELF Image Totals
     42188       3178       1180        196          0          0   ROM Totals

==============================================================================

    Total RO  Size (Code + RO Data)                43368 (  42.35kB)
    Total RW  Size (RW Data + ZI Data)             10008 (   9.77kB)
    Total ROM Size (Code + RO Data + RW Data)      43564 (  42.54kB)

==============================================================================

