Component: ARM Compiler 6.16 Tool: armlink [5dfeaa00]

==============================================================================

Section Cross References

    startup_stm32f401xe.o(RESET) refers to startup_stm32f401xe.o(STACK) for __initial_sp
    startup_stm32f401xe.o(RESET) refers to startup_stm32f401xe.o(.text) for Reset_Handler
    startup_stm32f401xe.o(RESET) refers to lto-llvm-a7bcd1.o(.text.NMI_Handler) for NMI_Handler
    startup_stm32f401xe.o(RESET) refers to lto-llvm-a7bcd1.o(.text.HardFault_Handler) for HardFault_Handler
    startup_stm32f401xe.o(RESET) refers to lto-llvm-a7bcd1.o(.text.MemManage_Handler) for MemManage_Handler
    startup_stm32f401xe.o(RESET) refers to lto-llvm-a7bcd1.o(.text.BusFault_Handler) for BusFault_Handler
    startup_stm32f401xe.o(RESET) refers to lto-llvm-a7bcd1.o(.text.UsageFault_Handler) for UsageFault_Handler
    startup_stm32f401xe.o(RESET) refers to lto-llvm-a7bcd1.o(.text.SVC_Handler) for SVC_Handler
    startup_stm32f401xe.o(RESET) refers to lto-llvm-a7bcd1.o(.text.DebugMon_Handler) for DebugMon_Handler
    startup_stm32f401xe.o(RESET) refers to os_cpu_a.o(.text) for PendSV_Handler
    startup_stm32f401xe.o(RESET) refers to lto-llvm-a7bcd1.o(.text.SysTick_Handler) for SysTick_Handler
    startup_stm32f401xe.o(RESET) refers to lto-llvm-a7bcd1.o(.text.DMA1_Stream6_IRQHandler) for DMA1_Stream6_IRQHandler
    startup_stm32f401xe.o(RESET) refers to lto-llvm-a7bcd1.o(.text.TIM1_UP_TIM10_IRQHandler) for TIM1_UP_TIM10_IRQHandler
    startup_stm32f401xe.o(RESET) refers to lto-llvm-a7bcd1.o(.text.TIM1_CC_IRQHandler) for TIM1_CC_IRQHandler
    startup_stm32f401xe.o(RESET) refers to lto-llvm-a7bcd1.o(.text.TIM2_IRQHandler) for TIM2_IRQHandler
    startup_stm32f401xe.o(RESET) refers to lto-llvm-a7bcd1.o(.text.USART2_IRQHandler) for USART2_IRQHandler
    startup_stm32f401xe.o(.text) refers to lto-llvm-a7bcd1.o(.text.SystemInit) for SystemInit
    startup_stm32f401xe.o(.text) refers to entry.o(.ARM.Collect$$$$00000000) for __main
    os_cpu_a.o(.text) refers to lto-llvm-a7bcd1.o(.bss) for OS_KA_BASEPRI_Boundary
    os_cpu_a.o(.text) refers to lto-llvm-a7bcd1.o(.text.OSTaskSwHook) for OSTaskSwHook
    arm_sin_f32.o(.text) refers to arm_common_tables.o(.constdata) for sinTable_f32
    atan2f.o(i.__hardfp_atan2f) refers (Special) to iusefp.o(.text) for __I$use$fp
    atan2f.o(i.__hardfp_atan2f) refers to fpclassifyf.o(i.__ARM_fpclassifyf) for __ARM_fpclassifyf
    atan2f.o(i.__hardfp_atan2f) refers to funder.o(i.__mathlib_flt_underflow) for __mathlib_flt_underflow
    atan2f.o(i.__hardfp_atan2f) refers to errno.o(i.__set_errno) for __set_errno
    atan2f.o(i.__hardfp_atan2f) refers to funder.o(i.__mathlib_flt_infnan2) for __mathlib_flt_infnan2
    atan2f.o(i.__softfp_atan2f) refers (Special) to iusefp.o(.text) for __I$use$fp
    atan2f.o(i.__softfp_atan2f) refers to atan2f.o(i.__hardfp_atan2f) for __hardfp_atan2f
    atan2f.o(i.atan2f) refers (Special) to iusefp.o(.text) for __I$use$fp
    atan2f.o(i.atan2f) refers to atan2f.o(i.__hardfp_atan2f) for __hardfp_atan2f
    powf.o(i.__hardfp_powf) refers (Special) to iusefp.o(.text) for __I$use$fp
    powf.o(i.__hardfp_powf) refers to fpstat.o(.text) for __ieee_status
    powf.o(i.__hardfp_powf) refers to errno.o(i.__set_errno) for __set_errno
    powf.o(i.__hardfp_powf) refers to funder.o(i.__mathlib_flt_overflow) for __mathlib_flt_overflow
    powf.o(i.__hardfp_powf) refers to fpclassifyf.o(i.__ARM_fpclassifyf) for __ARM_fpclassifyf
    powf.o(i.__hardfp_powf) refers to funder.o(i.__mathlib_flt_underflow) for __mathlib_flt_underflow
    powf.o(i.__hardfp_powf) refers to funder.o(i.__mathlib_flt_invalid) for __mathlib_flt_invalid
    powf.o(i.__hardfp_powf) refers to powf.o(.constdata) for .constdata
    powf.o(i.__hardfp_powf) refers to funder.o(i.__mathlib_flt_infnan2) for __mathlib_flt_infnan2
    powf.o(i.__hardfp_powf) refers to funder.o(i.__mathlib_flt_divzero) for __mathlib_flt_divzero
    powf.o(i.__softfp_powf) refers (Special) to iusefp.o(.text) for __I$use$fp
    powf.o(i.__softfp_powf) refers to powf.o(i.__hardfp_powf) for __hardfp_powf
    powf.o(i.powf) refers (Special) to iusefp.o(.text) for __I$use$fp
    powf.o(i.powf) refers to powf.o(i.__hardfp_powf) for __hardfp_powf
    powf.o(.constdata) refers (Special) to iusefp.o(.text) for __I$use$fp
    sqrtf.o(i.__hardfp_sqrtf) refers (Special) to iusefp.o(.text) for __I$use$fp
    sqrtf.o(i.__hardfp_sqrtf) refers to errno.o(i.__set_errno) for __set_errno
    sqrtf.o(i.__softfp_sqrtf) refers (Special) to iusefp.o(.text) for __I$use$fp
    sqrtf.o(i.__softfp_sqrtf) refers to errno.o(i.__set_errno) for __set_errno
    sqrtf.o(i.sqrtf) refers (Special) to iusefp.o(.text) for __I$use$fp
    sqrtf.o(i.sqrtf) refers to errno.o(i.__set_errno) for __set_errno
    entry.o(.ARM.Collect$$$$00000000) refers (Special) to entry10a.o(.ARM.Collect$$$$0000000D) for __rt_final_cpp
[...]
    [Anonymous Symbol]                       0x08010320   Section        0  lto-llvm-a7bcd1.o(.text.TIM_TI3_SetConfig)
    TIM_TI4_SetConfig                        0x0801038d   Thumb Code   108  lto-llvm-a7bcd1.o(.text.TIM_TI4_SetConfig)
    [Anonymous Symbol]                       0x0801038c   Section        0  lto-llvm-a7bcd1.o(.text.TIM_TI4_SetConfig)
    UART_DMAAbortOnError                     0x080103f9   Thumb Code    32  lto-llvm-a7bcd1.o(.text.UART_DMAAbortOnError)
    [Anonymous Symbol]                       0x080103f8   Section        0  lto-llvm-a7bcd1.o(.text.UART_DMAAbortOnError)
    UART_DMAError                            0x08010419   Thumb Code   124  lto-llvm-a7bcd1.o(.text.UART_DMAError)
    [Anonymous Symbol]                       0x08010418   Section        0  lto-llvm-a7bcd1.o(.text.UART_DMAError)
    UART_DMATransmitCplt                     0x08010495   Thumb Code   122  lto-llvm-a7bcd1.o(.text.UART_DMATransmitCplt)
    [Anonymous Symbol]                       0x08010494   Section        0  lto-llvm-a7bcd1.o(.text.UART_DMATransmitCplt)
    UART_DMATxHalfCplt                       0x08010511   Thumb Code    22  lto-llvm-a7bcd1.o(.text.UART_DMATxHalfCplt)
    [Anonymous Symbol]                       0x08010510   Section        0  lto-llvm-a7bcd1.o(.text.UART_DMATxHalfCplt)
    UART_EndRxTransfer                       0x08010529   Thumb Code   148  lto-llvm-a7bcd1.o(.text.UART_EndRxTransfer)
    [Anonymous Symbol]                       0x08010528   Section        0  lto-llvm-a7bcd1.o(.text.UART_EndRxTransfer)
    UART_EndTransmit_IT                      0x080105bd   Thumb Code    36  lto-llvm-a7bcd1.o(.text.UART_EndTransmit_IT)
    [Anonymous Symbol]                       0x080105bc   Section        0  lto-llvm-a7bcd1.o(.text.UART_EndTransmit_IT)
    UART_EndTxTransfer                       0x080105e1   Thumb Code    54  lto-llvm-a7bcd1.o(.text.UART_EndTxTransfer)
    [Anonymous Symbol]                       0x080105e0   Section        0  lto-llvm-a7bcd1.o(.text.UART_EndTxTransfer)
    UART_Receive_IT                          0x08010619   Thumb Code   352  lto-llvm-a7bcd1.o(.text.UART_Receive_IT)
    [Anonymous Symbol]                       0x08010618   Section        0  lto-llvm-a7bcd1.o(.text.UART_Receive_IT)
    UART_SetConfig                           0x08010779   Thumb Code   472  lto-llvm-a7bcd1.o(.text.UART_SetConfig)
    [Anonymous Symbol]                       0x08010778   Section        0  lto-llvm-a7bcd1.o(.text.UART_SetConfig)
    UART_Transmit_IT                         0x08010951   Thumb Code   144  lto-llvm-a7bcd1.o(.text.UART_Transmit_IT)
    [Anonymous Symbol]                       0x08010950   Section        0  lto-llvm-a7bcd1.o(.text.UART_Transmit_IT)
    UART_WaitOnFlagUntilTimeout              0x080109e1   Thumb Code   210  lto-llvm-a7bcd1.o(.text.UART_WaitOnFlagUntilTimeout)
    [Anonymous Symbol]                       0x080109e0   Section        0  lto-llvm-a7bcd1.o(.text.UART_WaitOnFlagUntilTimeout)
    [Anonymous Symbol]                       0x08010ab4   Section        0  lto-llvm-a7bcd1.o(.text.USART2_IRQHandler)
    [Anonymous Symbol]                       0x08010b4c   Section        0  lto-llvm-a7bcd1.o(.text.UsageFault_Handler)
    __NVIC_EnableIRQ                         0x08010b51   Thumb Code    50  lto-llvm-a7bcd1.o(.text.__NVIC_EnableIRQ)
    [Anonymous Symbol]                       0x08010b50   Section        0  lto-llvm-a7bcd1.o(.text.__NVIC_EnableIRQ)
    __NVIC_GetPriorityGrouping               0x08010b85   Thumb Code    16  lto-llvm-a7bcd1.o(.text.__NVIC_GetPriorityGrouping)
    [Anonymous Symbol]                       0x08010b84   Section        0  lto-llvm-a7bcd1.o(.text.__NVIC_GetPriorityGrouping)
    __NVIC_SetPriority                       0x08010b95   Thumb Code    66  lto-llvm-a7bcd1.o(.text.__NVIC_SetPriority)
    [Anonymous Symbol]                       0x08010b94   Section        0  lto-llvm-a7bcd1.o(.text.__NVIC_SetPriority)
    __NVIC_SetPriorityGrouping               0x08010bd9   Thumb Code    60  lto-llvm-a7bcd1.o(.text.__NVIC_SetPriorityGrouping)
    [Anonymous Symbol]                       0x08010bd8   Section        0  lto-llvm-a7bcd1.o(.text.__NVIC_SetPriorityGrouping)
    ano_addcheck                             0x08010c15   Thumb Code   120  lto-llvm-a7bcd1.o(.text.ano_addcheck)
    [Anonymous Symbol]                       0x08010c14   Section        0  lto-llvm-a7bcd1.o(.text.ano_addcheck)
    ano_check                                0x08010c8d   Thumb Code   142  lto-llvm-a7bcd1.o(.text.ano_check)
    [Anonymous Symbol]                       0x08010c8c   Section        0  lto-llvm-a7bcd1.o(.text.ano_check)
    assert_failed                            0x08010d1d   Thumb Code    28  lto-llvm-a7bcd1.o(.text.assert_failed)
    [Anonymous Symbol]                       0x08010d1c   Section        0  lto-llvm-a7bcd1.o(.text.assert_failed)
    [Anonymous Symbol]                       0x08010d38   Section        0  lto-llvm-a7bcd1.o(.text.fputc)
    [Anonymous Symbol]                       0x08010d54   Section        0  lto-llvm-a7bcd1.o(.text.main)
    i.__0printf                              0x08010d6c   Section        0  printfa.o(i.__0printf)
    i.__ARM_fpclassifyf                      0x08010d8c   Section        0  fpclassifyf.o(i.__ARM_fpclassifyf)
    i.__hardfp_atan2f                        0x08010db4   Section        0  atan2f.o(i.__hardfp_atan2f)
    i.__hardfp_powf                          0x08011060   Section        0  powf.o(i.__hardfp_powf)
    i.__hardfp_sqrtf                         0x080116c4   Section        0  sqrtf.o(i.__hardfp_sqrtf)
    i.__mathlib_flt_divzero                  0x08011700   Section        0  funder.o(i.__mathlib_flt_divzero)
    i.__mathlib_flt_infnan2                  0x08011714   Section        0  funder.o(i.__mathlib_flt_infnan2)
    i.__mathlib_flt_invalid                  0x0801171c   Section        0  funder.o(i.__mathlib_flt_invalid)
    i.__mathlib_flt_overflow                 0x0801172c   Section        0  funder.o(i.__mathlib_flt_overflow)
    i.__mathlib_flt_underflow                0x0801173c   Section        0  funder.o(i.__mathlib_flt_underflow)
    i.__scatterload_copy                     0x0801174c   Section       14  handlers.o(i.__scatterload_copy)
    i.__scatterload_null                     0x0801175a   Section        2  handlers.o(i.__scatterload_null)
    i.__scatterload_zeroinit                 0x0801175c   Section       14  handlers.o(i.__scatterload_zeroinit)
    i.__set_errno                            0x0801176c   Section        0  errno.o(i.__set_errno)
    _fp_digits                               0x08011779   Thumb Code   366  printfa.o(i._fp_digits)
    i._fp_digits                             0x08011778   Section        0  printfa.o(i._fp_digits)
    _printf_core                             0x080118fd   Thumb Code  1744  printfa.o(i._printf_core)
    i._printf_core                           0x080118fc   Section        0  printfa.o(i._printf_core)
    _printf_post_padding                     0x08011fd9   Thumb Code    36  printfa.o(i._printf_post_padding)
    i._printf_post_padding                   0x08011fd8   Section        0  printfa.o(i._printf_post_padding)
    _printf_pre_padding                      0x08011ffd   Thumb Code    46  printfa.o(i._printf_pre_padding)
    i._printf_pre_padding                    0x08011ffc   Section        0  printfa.o(i._printf_pre_padding)
    .constdata                               0x0801202c   Section     2052  arm_common_tables.o(.constdata)
    table                                    0x08012830   Data         128  powf.o(.constdata)
    .constdata                               0x08012830   Section      320  powf.o(.constdata)
    powersof2to1over16top                    0x080128b0   Data          64  powf.o(.constdata)
    powersof2to1over16bot                    0x080128f0   Data          64  powf.o(.constdata)
    powersof2to1over16all                    0x08012930   Data          64  powf.o(.constdata)
    TIM_CHANNEL                              0x08012970   Data          28  lto-llvm-a7bcd1.o(.rodata)
    [Anonymous Symbol]                       0x08012970   Section        0  lto-llvm-a7bcd1.o(.rodata)
    TIM_FLAG                                 0x0801298c   Data          28  lto-llvm-a7bcd1.o(.rodata)
    .L__const.HMC_Calibration.mag_max        0x080129a8   Data           6  lto-llvm-a7bcd1.o(.rodata)
    .L__const.HMC_Calibration.mag_min        0x080129ae   Data           6  lto-llvm-a7bcd1.o(.rodata)
    OSUnMapTbl                               0x080129b4   Data         256  lto-llvm-a7bcd1.o(.rodata)
    OSDebugEn                                0x08012ab4   Data           2  lto-llvm-a7bcd1.o(.rodata)
    OSEndiannessTest                         0x08012ab8   Data           4  lto-llvm-a7bcd1.o(.rodata)
    OSEventEn                                0x08012abc   Data           2  lto-llvm-a7bcd1.o(.rodata)
    OSEventMax                               0x08012abe   Data           2  lto-llvm-a7bcd1.o(.rodata)
    OSEventNameEn                            0x08012ac0   Data           2  lto-llvm-a7bcd1.o(.rodata)
    OSEventSize                              0x08012ac2   Data           2  lto-llvm-a7bcd1.o(.rodata)
    OSEventTblSize                           0x08012ac4   Data           2  lto-llvm-a7bcd1.o(.rodata)
    OSEventMultiEn                           0x08012ac6   Data           2  lto-llvm-a7bcd1.o(.rodata)
    OSFlagEn                                 0x08012ac8   Data           2  lto-llvm-a7bcd1.o(.rodata)
    OSFlagGrpSize                            0x08012aca   Data           2  lto-llvm-a7bcd1.o(.rodata)
    OSFlagNodeSize                           0x08012acc   Data           2  lto-llvm-a7bcd1.o(.rodata)
    OSFlagWidth                              0x08012ace   Data           2  lto-llvm-a7bcd1.o(.rodata)
    OSFlagMax                                0x08012ad0   Data           2  lto-llvm-a7bcd1.o(.rodata)
    OSFlagNameEn                             0x08012ad2   Data           2  lto-llvm-a7bcd1.o(.rodata)
    OSLowestPrio                             0x08012ad4   Data           2  lto-llvm-a7bcd1.o(.rodata)
    OSMboxEn                                 0x08012ad6   Data           2  lto-llvm-a7bcd1.o(.rodata)
    OSMemEn                                  0x08012ad8   Data           2  lto-llvm-a7bcd1.o(.rodata)
    OSMemMax                                 0x08012ada   Data           2  lto-llvm-a7bcd1.o(.rodata)
    OSMemNameEn                              0x08012adc   Data           2  lto-llvm-a7bcd1.o(.rodata)
    OSMemSize                                0x08012ade   Data           2  lto-llvm-a7bcd1.o(.rodata)
    OSMemTblSize                             0x08012ae0   Data           2  lto-llvm-a7bcd1.o(.rodata)
    OSMutexEn                                0x08012ae2   Data           2  lto-llvm-a7bcd1.o(.rodata)
    OSPtrSize                                0x08012ae4   Data           2  lto-llvm-a7bcd1.o(.rodata)
    OSQEn                                    0x08012ae6   Data           2  lto-llvm-a7bcd1.o(.rodata)
    OSQMax                                   0x08012ae8   Data           2  lto-llvm-a7bcd1.o(.rodata)
    OSQSize                                  0x08012aea   Data           2  lto-llvm-a7bcd1.o(.rodata)
    OSRdyTblSize                             0x08012aec   Data           2  lto-llvm-a7bcd1.o(.rodata)
    OSSemEn                                  0x08012aee   Data           2  lto-llvm-a7bcd1.o(.rodata)
    OSStkWidth                               0x08012af0   Data           2  lto-llvm-a7bcd1.o(.rodata)
    OSTaskCreateEn                           0x08012af2   Data           2  lto-llvm-a7bcd1.o(.rodata)
    OSTaskCreateExtEn                        0x08012af4   Data           2  lto-llvm-a7bcd1.o(.rodata)
    OSTaskDelEn                              0x08012af6   Data           2  lto-llvm-a7bcd1.o(.rodata)
    OSTaskIdleStkSize                        0x08012af8   Data           2  lto-llvm-a7bcd1.o(.rodata)
    OSTaskProfileEn                          0x08012afa   Data           2  lto-llvm-a7bcd1.o(.rodata)
    OSTaskMax                                0x08012afc   Data           2  lto-llvm-a7bcd1.o(.rodata)
    OSTaskNameEn                             0x08012afe   Data           2  lto-llvm-a7bcd1.o(.rodata)
    OSTaskStatEn                             0x08012b00   Data           2  lto-llvm-a7bcd1.o(.rodata)
    OSTaskStatStkSize                        0x08012b02   Data           2  lto-llvm-a7bcd1.o(.rodata)
    OSTaskStatStkChkEn                       0x08012b04   Data           2  lto-llvm-a7bcd1.o(.rodata)
    OSTaskSwHookEn                           0x08012b06   Data           2  lto-llvm-a7bcd1.o(.rodata)
    OSTCBPrioTblMax                          0x08012b08   Data           2  lto-llvm-a7bcd1.o(.rodata)
    OSTCBSize                                0x08012b0a   Data           2  lto-llvm-a7bcd1.o(.rodata)
    OSTicksPerSec                            0x08012b0c   Data           2  lto-llvm-a7bcd1.o(.rodata)
    OSTimeTickHookEn                         0x08012b0e   Data           2  lto-llvm-a7bcd1.o(.rodata)
    OSVersionNbr                             0x08012b10   Data           2  lto-llvm-a7bcd1.o(.rodata)
    OSTmrEn                                  0x08012b12   Data           2  lto-llvm-a7bcd1.o(.rodata)
    OSTmrCfgMax                              0x08012b14   Data           2  lto-llvm-a7bcd1.o(.rodata)
    OSTmrCfgNameEn                           0x08012b16   Data           2  lto-llvm-a7bcd1.o(.rodata)
    OSTmrCfgWheelSize                        0x08012b18   Data           2  lto-llvm-a7bcd1.o(.rodata)
    OSTmrCfgTicksPerSec                      0x08012b1a   Data           2  lto-llvm-a7bcd1.o(.rodata)
    OSTmrSize                                0x08012b1c   Data           2  lto-llvm-a7bcd1.o(.rodata)
    OSTmrTblSize                             0x08012b1e   Data           2  lto-llvm-a7bcd1.o(.rodata)
    OSTmrWheelSize                           0x08012b20   Data           2  lto-llvm-a7bcd1.o(.rodata)
    OSTmrWheelTblSize                        0x08012b22   Data           2  lto-llvm-a7bcd1.o(.rodata)
    OSDataSize                               0x08012b24   Data           2  lto-llvm-a7bcd1.o(.rodata)
    AHBPrescTable                            0x08012b26   Data          16  lto-llvm-a7bcd1.o(.rodata.cst16)
    [Anonymous Symbol]                       0x08012b26   Section        0  lto-llvm-a7bcd1.o(.rodata.cst16)
    APBPrescTable                            0x08012b36   Data           8  lto-llvm-a7bcd1.o(.rodata.cst8)
    [Anonymous Symbol]                       0x08012b36   Section        0  lto-llvm-a7bcd1.o(.rodata.cst8)
    DMA_CalcBaseAndBitshift.flagBitshiftOffset 0x08012b3e   Data           8  lto-llvm-a7bcd1.o(.rodata.cst8)
    .L.str.1.40                              0x08012b46   Data          45  lto-llvm-a7bcd1.o(.rodata.str1.1)
    [Anonymous Symbol]                       0x08012b46   Section        0  lto-llvm-a7bcd1.o(.rodata.str1.1)
    .L.str.14                                0x08012b73   Data          14  lto-llvm-a7bcd1.o(.rodata.str1.1)
    .L.str.8                                 0x08012b81   Data          39  lto-llvm-a7bcd1.o(.rodata.str1.1)
    .L.str.17                                0x08012ba8   Data          60  lto-llvm-a7bcd1.o(.rodata.str1.1)
    .L.str.6                                 0x08012be4   Data          44  lto-llvm-a7bcd1.o(.rodata.str1.1)
    .L.str.11                                0x08012c10   Data          20  lto-llvm-a7bcd1.o(.rodata.str1.1)
    .L.str.12                                0x08012c24   Data          20  lto-llvm-a7bcd1.o(.rodata.str1.1)
    .L.str.7                                 0x08012c38   Data          20  lto-llvm-a7bcd1.o(.rodata.str1.1)
    .L.str.9                                 0x08012c4c   Data          20  lto-llvm-a7bcd1.o(.rodata.str1.1)
    .L.str.4                                 0x08012c60   Data          18  lto-llvm-a7bcd1.o(.rodata.str1.1)
    .L.str.1                                 0x08012c72   Data          18  lto-llvm-a7bcd1.o(.rodata.str1.1)
    .L.str.5                                 0x08012c84   Data          40  lto-llvm-a7bcd1.o(.rodata.str1.1)
    .L.str.2                                 0x08012cac   Data          40  lto-llvm-a7bcd1.o(.rodata.str1.1)
    .L.str.10                                0x08012cd4   Data          29  lto-llvm-a7bcd1.o(.rodata.str1.1)
    .L.str.18                                0x08012cf1   Data          24  lto-llvm-a7bcd1.o(.rodata.str1.1)
    .L.str.19                                0x08012d09   Data          24  lto-llvm-a7bcd1.o(.rodata.str1.1)
    .L.str.20                                0x08012d21   Data          24  lto-llvm-a7bcd1.o(.rodata.str1.1)
    .L.str.23                                0x08012d39   Data          23  lto-llvm-a7bcd1.o(.rodata.str1.1)
    .L.str.21                                0x08012d50   Data          25  lto-llvm-a7bcd1.o(.rodata.str1.1)
    .L.str.39                                0x08012d69   Data          19  lto-llvm-a7bcd1.o(.rodata.str1.1)
    .L.str.15                                0x08012d7c   Data          14  lto-llvm-a7bcd1.o(.rodata.str1.1)
    .L.str.16                                0x08012d8a   Data          16  lto-llvm-a7bcd1.o(.rodata.str1.1)
    .L.str.22                                0x08012d9a   Data          22  lto-llvm-a7bcd1.o(.rodata.str1.1)
    .L.str.13                                0x08012db0   Data          14  lto-llvm-a7bcd1.o(.rodata.str1.1)
    .L.str                                   0x08012dbe   Data          26  lto-llvm-a7bcd1.o(.rodata.str1.1)
    .L.str.3                                 0x08012dd8   Data          38  lto-llvm-a7bcd1.o(.rodata.str1.1)
    .L.str.203                               0x08012dfe   Data           2  lto-llvm-a7bcd1.o(.rodata.str1.1)
    .L.str.110                               0x08012e00   Data          31  lto-llvm-a7bcd1.o(.rodata.str1.1)
    .L.str.127                               0x08012e1f   Data          31  lto-llvm-a7bcd1.o(.rodata.str1.1)
    .L.str.139                               0x08012e3e   Data          31  lto-llvm-a7bcd1.o(.rodata.str1.1)
    .L.str.98                                0x08012e5d   Data          31  lto-llvm-a7bcd1.o(.rodata.str1.1)
    .L.str.149                               0x08012e7c   Data          31  lto-llvm-a7bcd1.o(.rodata.str1.1)
    .L.str.122                               0x08012e9b   Data          32  lto-llvm-a7bcd1.o(.rodata.str1.1)
    .L.str.181                               0x08012ebb   Data          32  lto-llvm-a7bcd1.o(.rodata.str1.1)
    .L.str.168                               0x08012edb   Data          34  lto-llvm-a7bcd1.o(.rodata.str1.1)
    .L.str.190                               0x08012efd   Data          34  lto-llvm-a7bcd1.o(.rodata.str1.1)
    .L.str.3.212                             0x08012f1f   Data          14  lto-llvm-a7bcd1.o(.rodata.str1.1)
    .L__const.SENSOR_Update.string           0x08012f2d   Data          35  lto-llvm-a7bcd1.o(.rodata.str1.1)
    .L.str.1.204                             0x08012f50   Data          17  lto-llvm-a7bcd1.o(.rodata.str1.1)
    .L.str.2.205                             0x08012f61   Data          19  lto-llvm-a7bcd1.o(.rodata.str1.1)
    .L.str.5.208                             0x08012f74   Data          13  lto-llvm-a7bcd1.o(.rodata.str1.1)
    .L.str.4.209                             0x08012f81   Data          14  lto-llvm-a7bcd1.o(.rodata.str1.1)
    .L__const.ANO_Task.string                0x08012f8f   Data          19  lto-llvm-a7bcd1.o(.rodata.str1.1)
    .data                                    0x20000000   Section        4  stdout.o(.data)
    _errno                                   0x20000004   Data           4  errno.o(.data)
    .data                                    0x20000004   Section        4  errno.o(.data)
    magScale                                 0x20000008   Data          12  lto-llvm-a7bcd1.o(.data)
    [Anonymous Symbol]                       0x20000008   Section        0  lto-llvm-a7bcd1.o(.data)
    initialPressure                          0x20000014   Data           4  lto-llvm-a7bcd1.o(.data)
    beta                                     0x20000018   Data           4  lto-llvm-a7bcd1.o(.data)
    q0                                       0x2000001c   Data           4  lto-llvm-a7bcd1.o(.data)
    PID_angle_roll                           0x20000020   Data          36  lto-llvm-a7bcd1.o(.data)
    PID_rate_roll                            0x20000044   Data          36  lto-llvm-a7bcd1.o(.data)
    SystemCoreClock                          0x20000068   Data           4  lto-llvm-a7bcd1.o(.data)
    uwTickPrio                               0x2000006c   Data           4  lto-llvm-a7bcd1.o(.data)
    START_TASK_STK                           0x20000070   Data         512  lto-llvm-a7bcd1.o(.bss)
    [Anonymous Symbol]                       0x20000070   Section        0  lto-llvm-a7bcd1.o(.bss)
    ANO_TASK_STK                             0x20000270   Data         512  lto-llvm-a7bcd1.o(.bss)
    FLIGHT_TASK_STK                          0x20000470   Data        1024  lto-llvm-a7bcd1.o(.bss)
    ANO_Task.count                           0x20000870   Data           1  lto-llvm-a7bcd1.o(.bss)
    ANO_Task.data                            0x20000871   Data         300  lto-llvm-a7bcd1.o(.bss)
    ParamList                                0x200009a0   Data         800  lto-llvm-a7bcd1.o(.bss)
    data                                     0x20000cc0   Data         100  lto-llvm-a7bcd1.o(.bss)
    ANO_Receive_Prepare.state                0x20000d24   Data           1  lto-llvm-a7bcd1.o(.bss)
    ANO_Receive_Prepare.data                 0x20000d25   Data          50  lto-llvm-a7bcd1.o(.bss)
    ANO_Receive_Prepare.cnt                  0x20000d57   Data           1  lto-llvm-a7bcd1.o(.bss)
    ucount                                   0x20000d58   Data           7  lto-llvm-a7bcd1.o(.bss)
    rstate                                   0x20000d5f   Data           7  lto-llvm-a7bcd1.o(.bss)
    rvalue                                   0x20000d68   Data          28  lto-llvm-a7bcd1.o(.bss)
    pvalue                                   0x20000d84   Data          28  lto-llvm-a7bcd1.o(.bss)
    accelBias                                0x20000da0   Data          12  lto-llvm-a7bcd1.o(.bss)
    accel                                    0x20000dac   Data          12  lto-llvm-a7bcd1.o(.bss)
    gyroBias                                 0x20000db8   Data          12  lto-llvm-a7bcd1.o(.bss)
    gyro                                     0x20000dc4   Data          12  lto-llvm-a7bcd1.o(.bss)
    magBias                                  0x20000dd0   Data          12  lto-llvm-a7bcd1.o(.bss)
    mag                                      0x20000ddc   Data          12  lto-llvm-a7bcd1.o(.bss)
    pressure                                 0x20000de8   Data           4  lto-llvm-a7bcd1.o(.bss)
    altitude                                 0x20000dec   Data           4  lto-llvm-a7bcd1.o(.bss)
    voltage                                  0x20000df0   Data           4  lto-llvm-a7bcd1.o(.bss)
    msPROM                                   0x20000df4   Data          16  lto-llvm-a7bcd1.o(.bss)
    MS_ReadPressure.state                    0x20000e04   Data           1  lto-llvm-a7bcd1.o(.bss)
    MS_ReadPressure.D1                       0x20000e08   Data           4  lto-llvm-a7bcd1.o(.bss)
    MS_ReadPressure.D2                       0x20000e0c   Data           4  lto-llvm-a7bcd1.o(.bss)
    SENSOR_Update.accelCount                 0x20000e10   Data           6  lto-llvm-a7bcd1.o(.bss)
    SENSOR_Update.gyroCount                  0x20000e16   Data           6  lto-llvm-a7bcd1.o(.bss)
    SENSOR_Update.magCount                   0x20000e1c   Data           6  lto-llvm-a7bcd1.o(.bss)
    SENSOR_Update.count                      0x20000e22   Data           2  lto-llvm-a7bcd1.o(.bss)
    q1                                       0x20000e24   Data           4  lto-llvm-a7bcd1.o(.bss)
    q2                                       0x20000e28   Data           4  lto-llvm-a7bcd1.o(.bss)
    q3                                       0x20000e2c   Data           4  lto-llvm-a7bcd1.o(.bss)
    attitude                                 0x20000e30   Data          12  lto-llvm-a7bcd1.o(.bss)
    PID_angle_pitch                          0x20000e3c   Data          36  lto-llvm-a7bcd1.o(.bss)
    PID_rate_pitch                           0x20000e60   Data          36  lto-llvm-a7bcd1.o(.bss)
    PID_rate_yaw                             0x20000e84   Data          36  lto-llvm-a7bcd1.o(.bss)
    PID_altitude                             0x20000ea8   Data          36  lto-llvm-a7bcd1.o(.bss)
    rate_out                                 0x20000ecc   Data          16  lto-llvm-a7bcd1.o(.bss)
    PID_Upadte.count                         0x20000edc   Data           1  lto-llvm-a7bcd1.o(.bss)
    hadc1                                    0x20000ee0   Data          72  lto-llvm-a7bcd1.o(.bss)
    hi2c1                                    0x20000f28   Data          84  lto-llvm-a7bcd1.o(.bss)
    htim1                                    0x20000f7c   Data          72  lto-llvm-a7bcd1.o(.bss)
    htim2                                    0x20000fc4   Data          72  lto-llvm-a7bcd1.o(.bss)
    htim3                                    0x2000100c   Data          72  lto-llvm-a7bcd1.o(.bss)
    huart2                                   0x20001054   Data          68  lto-llvm-a7bcd1.o(.bss)
    hdma_usart2_tx                           0x20001098   Data          96  lto-llvm-a7bcd1.o(.bss)
    uwTick                                   0x200010f8   Data           4  lto-llvm-a7bcd1.o(.bss)
    OSIntNesting                             0x200010fc   Data           1  lto-llvm-a7bcd1.o(.bss)
    OSLockNesting                            0x200010fd   Data           1  lto-llvm-a7bcd1.o(.bss)
    OSTCBPrioTbl                             0x20001108   Data         256  lto-llvm-a7bcd1.o(.bss)
    OSCtxSwCtr                               0x20001214   Data           4  lto-llvm-a7bcd1.o(.bss)
    OSIdleCtr                                0x20001218   Data           4  lto-llvm-a7bcd1.o(.bss)
    OSIdleCtrMax                             0x2000121c   Data           4  lto-llvm-a7bcd1.o(.bss)
    OSStatRdy                                0x20001220   Data           1  lto-llvm-a7bcd1.o(.bss)
    OSTime                                   0x20001224   Data           4  lto-llvm-a7bcd1.o(.bss)
    OSTCBList                                0x20001228   Data           4  lto-llvm-a7bcd1.o(.bss)
    OSRdyGrp                                 0x2000122c   Data           1  lto-llvm-a7bcd1.o(.bss)
    OSRdyTbl                                 0x2000122d   Data           8  lto-llvm-a7bcd1.o(.bss)
    OSCPUUsage                               0x20001235   Data           1  lto-llvm-a7bcd1.o(.bss)
    OSIdleCtrRun                             0x20001238   Data           4  lto-llvm-a7bcd1.o(.bss)
    OSTCBFreeList                            0x2000123c   Data           4  lto-llvm-a7bcd1.o(.bss)
    OSTaskCtr                                0x20001240   Data           1  lto-llvm-a7bcd1.o(.bss)
    OSFlagTbl                                0x20001244   Data          80  lto-llvm-a7bcd1.o(.bss)
    OSEventFreeList                          0x20001294   Data           4  lto-llvm-a7bcd1.o(.bss)
    OSMemTbl                                 0x20001298   Data         120  lto-llvm-a7bcd1.o(.bss)
    OSQTbl                                   0x20001310   Data          96  lto-llvm-a7bcd1.o(.bss)
    OSTmrTime                                0x20001370   Data           4  lto-llvm-a7bcd1.o(.bss)
    OSTmrSemSignal                           0x20001374   Data           4  lto-llvm-a7bcd1.o(.bss)
    OSTmrTbl                                 0x20001378   Data         640  lto-llvm-a7bcd1.o(.bss)
    OSTmrWheelTbl                            0x200015f8   Data          56  lto-llvm-a7bcd1.o(.bss)
    OSTmrSem                                 0x20001630   Data           4  lto-llvm-a7bcd1.o(.bss)
    OSEventTbl                               0x20001634   Data         240  lto-llvm-a7bcd1.o(.bss)
    OSTaskStatStk                            0x20001724   Data         512  lto-llvm-a7bcd1.o(.bss)
    OSTaskIdleStk                            0x20001924   Data         512  lto-llvm-a7bcd1.o(.bss)
    OSTCBTbl                                 0x20001b24   Data        2024  lto-llvm-a7bcd1.o(.bss)
    OSTmrTaskStk                             0x2000230c   Data         512  lto-llvm-a7bcd1.o(.bss)
    OS_CPU_ExceptStk                         0x2000250c   Data        1024  lto-llvm-a7bcd1.o(.bss)
    OSTmrCtr                                 0x20002914   Data           2  lto-llvm-a7bcd1.o(.bss)
    PID_Upadte.set.0                         0x20002918   Data           4  lto-llvm-a7bcd1.o(.bss)
    PID_Upadte.set.1                         0x2000291c   Data           4  lto-llvm-a7bcd1.o(.bss)
    PID_Upadte.set.2                         0x20002920   Data           4  lto-llvm-a7bcd1.o(.bss)
    PID_Upadte.set.3                         0x20002924   Data           4  lto-llvm-a7bcd1.o(.bss)
    PID_Upadte.angle_out.0                   0x20002928   Data           4  lto-llvm-a7bcd1.o(.bss)
    PID_Upadte.angle_out.1                   0x2000292c   Data           4  lto-llvm-a7bcd1.o(.bss)
    STACK                                    0x20002930   Section     1024  startup_stm32f401xe.o(STACK)

    Global Symbols

    Symbol Name                              Value     Ov Type        Size  Object(Section)

    BuildAttributes$$THM_ISAv4$E$P$D$K$B$S$7EM$VFPi3$EXTD16$VFPS$VFMA$PE$A:L22UL41UL21$X:L11$S22US41US21$IEEE1$IW$~IW$USESV6$~STKCKD$USESV7$~SHL$OTIME$ROPI$IEEEX$EBA8$MICROLIB$REQ8$PRES8$EABIv2 0x00000000   Number         0  anon$$obj.o ABSOLUTE
    __cpp_initialize__aeabi_                  - Undefined Weak Reference
    __cxa_finalize                            - Undefined Weak Reference
    __decompress                              - Undefined Weak Reference
    _clock_init                               - Undefined Weak Reference
    _microlib_exit                            - Undefined Weak Reference
    __Vectors_Size                           0x00000194   Number         0  startup_stm32f401xe.o ABSOLUTE
    __Vectors                                0x08000000   Data           4  startup_stm32f401xe.o(RESET)
    __Vectors_End                            0x08000194   Data           0  startup_stm32f401xe.o(RESET)
    __main                                   0x08000195   Thumb Code     0  entry.o(.ARM.Collect$$$$00000000)
    _main_stk                                0x08000195   Thumb Code     0  entry2.o(.ARM.Collect$$$$00000001)
    _main_scatterload                        0x08000199   Thumb Code     0  entry5.o(.ARM.Collect$$$$00000004)
    __main_after_scatterload                 0x0800019d   Thumb Code     0  entry5.o(.ARM.Collect$$$$00000004)
    _main_clock                              0x0800019d   Thumb Code     0  entry7b.o(.ARM.Collect$$$$00000008)
    _main_cpp_init                           0x0800019d   Thumb Code     0  entry8b.o(.ARM.Collect$$$$0000000A)
    _main_init                               0x0800019d   Thumb Code     0  entry9a.o(.ARM.Collect$$$$0000000B)
    __rt_final_cpp                           0x080001a5   Thumb Code     0  entry10a.o(.ARM.Collect$$$$0000000D)
    __rt_final_exit                          0x080001a5   Thumb Code     0  entry11a.o(.ARM.Collect$$$$0000000F)
    Reset_Handler                            0x080001a9   Thumb Code     8  startup_stm32f401xe.o(.text)
    ADC_IRQHandler                           0x080001c3   Thumb Code     0  startup_stm32f401xe.o(.text)
    DMA1_Stream0_IRQHandler                  0x080001c3   Thumb Code     0  startup_stm32f401xe.o(.text)
    DMA1_Stream1_IRQHandler                  0x080001c3   Thumb Code     0  startup_stm32f401xe.o(.text)
    DMA1_Stream2_IRQHandler                  0x080001c3   Thumb Code     0  startup_stm32f401xe.o(.text)
    DMA1_Stream3_IRQHandler                  0x080001c3   Thumb Code     0  startup_stm32f401xe.o(.text)
    DMA1_Stream4_IRQHandler                  0x080001c3   Thumb Code     0  startup_stm32f401xe.o(.text)
    DMA1_Stream5_IRQHandler                  0x080001c3   Thumb Code     0  startup_stm32f401xe.o(.text)
    DMA1_Stream7_IRQHandler                  0x080001c3   Thumb Code     0  startup_stm32f401xe.o(.text)
    DMA2_Stream0_IRQHandler                  0x080001c3   Thumb Code     0  startup_stm32f401xe.o(.text)
    DMA2_Stream1_IRQHandler                  0x080001c3   Thumb Code     0  startup_stm32f401xe.o(.text)
    DMA2_Stream2_IRQHandler                  0x080001c3   Thumb Code     0  startup_stm32f401xe.o(.text)
    DMA2_Stream3_IRQHandler                  0x080001c3   Thumb Code     0  startup_stm32f401xe.o(.text)
    DMA2_Stream4_IRQHandler                  0x080001c3   Thumb Code     0  startup_stm32f401xe.o(.text)
    DMA2_Stream5_IRQHandler                  0x080001c3   Thumb Code     0  startup_stm32f401xe.o(.text)
    DMA2_Stream6_IRQHandler                  0x080001c3   Thumb Code     0  startup_stm32f401xe.o(.text)
    DMA2_Stream7_IRQHandler                  0x080001c3   Thumb Code     0  startup_stm32f401xe.o(.text)
    EXTI0_IRQHandler                         0x080001c3   Thumb Code     0  startup_stm32f401xe.o(.text)
    EXTI15_10_IRQHandler                     0x080001c3   Thumb Code     0  startup_stm32f401xe.o(.text)
    EXTI1_IRQHandler                         0x080001c3   Thumb Code     0  startup_stm32f401xe.o(.text)
    EXTI2_IRQHandler                         0x080001c3   Thumb Code     0  startup_stm32f401xe.o(.text)
    EXTI3_IRQHandler                         0x080001c3   Thumb Code     0  startup_stm32f401xe.o(.text)
    EXTI4_IRQHandler                         0x080001c3   Thumb Code     0  startup_stm32f401xe.o(.text)
    EXTI9_5_IRQHandler                       0x080001c3   Thumb Code     0  startup_stm32f401xe.o(.text)
    FLASH_IRQHandler                         0x080001c3   Thumb Code     0  startup_stm32f401xe.o(.text)
    FPU_IRQHandler                           0x080001c3   Thumb Code     0  startup_stm32f401xe.o(.text)
    I2C1_ER_IRQHandler                       0x080001c3   Thumb Code     0  startup_stm32f401xe.o(.text)
    I2C1_EV_IRQHandler                       0x080001c3   Thumb Code     0  startup_stm32f401xe.o(.text)
    I2C2_ER_IRQHandler                       0x080001c3   Thumb Code     0  startup_stm32f401xe.o(.text)
    I2C2_EV_IRQHandler                       0x080001c3   Thumb Code     0  startup_stm32f401xe.o(.text)
    I2C3_ER_IRQHandler                       0x080001c3   Thumb Code     0  startup_stm32f401xe.o(.text)
    I2C3_EV_IRQHandler                       0x080001c3   Thumb Code     0  startup_stm32f401xe.o(.text)
    OTG_FS_IRQHandler                        0x080001c3   Thumb Code     0  startup_stm32f401xe.o(.text)
    OTG_FS_WKUP_IRQHandler                   0x080001c3   Thumb Code     0  startup_stm32f401xe.o(.text)
    PVD_IRQHandler                           0x080001c3   Thumb Code     0  startup_stm32f401xe.o(.text)
    RCC_IRQHandler                           0x080001c3   Thumb Code     0  startup_stm32f401xe.o(.text)
    RTC_Alarm_IRQHandler                     0x080001c3   Thumb Code     0  startup_stm32f401xe.o(.text)
    RTC_WKUP_IRQHandler                      0x080001c3   Thumb Code     0  startup_stm32f401xe.o(.text)
    SDIO_IRQHandler                          0x080001c3   Thumb Code     0  startup_stm32f401xe.o(.text)
    SPI1_IRQHandler                          0x080001c3   Thumb Code     0  startup_stm32f401xe.o(.text)
    SPI2_IRQHandler                          0x080001c3   Thumb Code     0  startup_stm32f401xe.o(.text)
    SPI3_IRQHandler                          0x080001c3   Thumb Code     0  startup_stm32f401xe.o(.text)
    SPI4_IRQHandler                          0x080001c3   Thumb Code     0  startup_stm32f401xe.o(.text)
    TAMP_STAMP_IRQHandler                    0x080001c3   Thumb Code     0  startup_stm32f401xe.o(.text)
    TIM1_BRK_TIM9_IRQHandler                 0x080001c3   Thumb Code     0  startup_stm32f401xe.o(.text)
    TIM1_TRG_COM_TIM11_IRQHandler            0x080001c3   Thumb Code     0  startup_stm32f401xe.o(.text)
    TIM3_IRQHandler                          0x080001c3   Thumb Code     0  startup_stm32f401xe.o(.text)
    TIM4_IRQHandler                          0x080001c3   Thumb Code     0  startup_stm32f401xe.o(.text)
    TIM5_IRQHandler                          0x080001c3   Thumb Code     0  startup_stm32f401xe.o(.text)
    USART1_IRQHandler                        0x080001c3   Thumb Code     0  startup_stm32f401xe.o(.text)
    USART6_IRQHandler                        0x080001c3   Thumb Code     0  startup_stm32f401xe.o(.text)
    WWDG_IRQHandler                          0x080001c3   Thumb Code     0  startup_stm32f401xe.o(.text)
    OS_CPU_FP_Reg_Push                       0x080001cd   Thumb Code     0  os_cpu_a.o(.text)
    OS_CPU_FP_Reg_Pop                        0x080001df   Thumb Code     0  os_cpu_a.o(.text)
    OS_CPU_SR_Save                           0x080001eb   Thumb Code     0  os_cpu_a.o(.text)
    OS_CPU_SR_Restore                        0x08000207   Thumb Code     0  os_cpu_a.o(.text)
    OSStartHighRdy                           0x08000219   Thumb Code     0  os_cpu_a.o(.text)
    OSCtxSw                                  0x08000271   Thumb Code     0  os_cpu_a.o(.text)
    OSIntCtxSw                               0x08000271   Thumb Code     0  os_cpu_a.o(.text)
    PendSV_Handler                           0x0800027b   Thumb Code     0  os_cpu_a.o(.text)
    arm_sin_f32                              0x08000301   Thumb Code   130  arm_sin_f32.o(.text)
    arm_pid_init_f32                         0x08000395   Thumb Code    56  arm_pid_init_f32.o(.text)
    __aeabi_uidiv                            0x080003cd   Thumb Code     0  uidiv.o(.text)
    __aeabi_uidivmod                         0x080003cd   Thumb Code    44  uidiv.o(.text)
    __aeabi_uldivmod                         0x080003f9   Thumb Code    98  uldiv.o(.text)
    __I$use$fp                               0x0800045b   Thumb Code     0  iusefp.o(.text)
    __aeabi_dadd                             0x0800045b   Thumb Code   322  dadd.o(.text)
    __aeabi_dsub                             0x0800059d   Thumb Code     6  dadd.o(.text)
    __aeabi_drsub                            0x080005a3   Thumb Code     6  dadd.o(.text)
    __aeabi_dmul                             0x080005a9   Thumb Code   228  dmul.o(.text)
    __aeabi_ddiv                             0x0800068d   Thumb Code   222  ddiv.o(.text)
    __aeabi_d2ulz                            0x0800076b   Thumb Code    48  dfixul.o(.text)
    __aeabi_cdrcmple                         0x0800079d   Thumb Code    48  cdrcmple.o(.text)
    __fp_status                              0x080007cd   Thumb Code     4  fpstat.o(.text)
    __ieee_status                            0x080007cd   Thumb Code     0  fpstat.o(.text)
    __scatterload                            0x080007d1   Thumb Code    28  init.o(.text)
    __scatterload_rt2                        0x080007d1   Thumb Code     0  init.o(.text)
    __aeabi_llsl                             0x080007f5   Thumb Code    30  llshl.o(.text)
    _ll_shift_l                              0x080007f5   Thumb Code     0  llshl.o(.text)
    __aeabi_llsr                             0x08000813   Thumb Code    32  llushr.o(.text)
    _ll_ushift_r                             0x08000813   Thumb Code     0  llushr.o(.text)
    __aeabi_lasr                             0x08000833   Thumb Code    36  llsshr.o(.text)
    _ll_sshift_r                             0x08000833   Thumb Code     0  llsshr.o(.text)
    _double_round                            0x08000857   Thumb Code    30  depilogue.o(.text)
    _double_epilogue                         0x08000875   Thumb Code   156  depilogue.o(.text)
    __aeabi_memcpy                           0x08000911   Thumb Code    36  memcpya.o(.text)
    __aeabi_memcpy4                          0x08000911   Thumb Code     0  memcpya.o(.text)
    __aeabi_memcpy8                          0x08000911   Thumb Code     0  memcpya.o(.text)
    __aeabi_memset                           0x08000935   Thumb Code    14  memseta.o(.text)
    __aeabi_memset4                          0x08000935   Thumb Code     0  memseta.o(.text)
    __aeabi_memset8                          0x08000935   Thumb Code     0  memseta.o(.text)
    __aeabi_memclr                           0x08000943   Thumb Code     4  memseta.o(.text)
    __aeabi_memclr4                          0x08000943   Thumb Code     0  memseta.o(.text)
    __aeabi_memclr8                          0x08000943   Thumb Code     0  memseta.o(.text)
    _memset$wrapper                          0x08000947   Thumb Code    18  memseta.o(.text)
    __aeabi_ul2f                             0x08000959   Thumb Code    28  ffltul.o(.text)
    __aeabi_i2d                              0x08000975   Thumb Code    34  dflti.o(.text)
    __aeabi_d2iz                             0x08000997   Thumb Code    62  dfixi.o(.text)
    __aeabi_f2d                              0x080009d5   Thumb Code    38  f2d.o(.text)
    _float_round                             0x080009fb   Thumb Code    18  fepilogue.o(.text)
    _float_epilogue                          0x08000a0d   Thumb Code    92  fepilogue.o(.text)
    BusFault_Handler                         0x08001e9d   Thumb Code     4  lto-llvm-a7bcd1.o(.text.BusFault_Handler)
    DMA1_Stream6_IRQHandler                  0x08001ea1   Thumb Code    50  lto-llvm-a7bcd1.o(.text.DMA1_Stream6_IRQHandler)
    DebugMon_Handler                         0x08002061   Thumb Code     2  lto-llvm-a7bcd1.o(.text.DebugMon_Handler)
    HardFault_Handler                        0x08008f01   Thumb Code    24  lto-llvm-a7bcd1.o(.text.HardFault_Handler)
    MemManage_Handler                        0x0800c3a9   Thumb Code     4  lto-llvm-a7bcd1.o(.text.MemManage_Handler)
    NMI_Handler                              0x0800c3ad   Thumb Code     4  lto-llvm-a7bcd1.o(.text.NMI_Handler)
    OSTaskSwHook                             0x0800d839   Thumb Code    40  lto-llvm-a7bcd1.o(.text.OSTaskSwHook)
    SVC_Handler                              0x0800f2f9   Thumb Code     2  lto-llvm-a7bcd1.o(.text.SVC_Handler)
    SysTick_Handler                          0x0800f39d   Thumb Code    42  lto-llvm-a7bcd1.o(.text.SysTick_Handler)
    SystemInit                               0x0800f47d   Thumb Code    18  lto-llvm-a7bcd1.o(.text.SystemInit)
    TIM1_CC_IRQHandler                       0x0800f491   Thumb Code   216  lto-llvm-a7bcd1.o(.text.TIM1_CC_IRQHandler)
    TIM1_UP_TIM10_IRQHandler                 0x0800f569   Thumb Code   128  lto-llvm-a7bcd1.o(.text.TIM1_UP_TIM10_IRQHandler)
    TIM2_IRQHandler                          0x0800f5e9   Thumb Code   266  lto-llvm-a7bcd1.o(.text.TIM2_IRQHandler)
    USART2_IRQHandler                        0x08010ab5   Thumb Code   150  lto-llvm-a7bcd1.o(.text.USART2_IRQHandler)
    UsageFault_Handler                       0x08010b4d   Thumb Code     4  lto-llvm-a7bcd1.o(.text.UsageFault_Handler)
    fputc                                    0x08010d39   Thumb Code    26  lto-llvm-a7bcd1.o(.text.fputc)
    main                                     0x08010d55   Thumb Code    22  lto-llvm-a7bcd1.o(.text.main)
    __0printf                                0x08010d6d   Thumb Code    22  printfa.o(i.__0printf)
    __1printf                                0x08010d6d   Thumb Code     0  printfa.o(i.__0printf)
    __2printf                                0x08010d6d   Thumb Code     0  printfa.o(i.__0printf)
    __c89printf                              0x08010d6d   Thumb Code     0  printfa.o(i.__0printf)
    printf                                   0x08010d6d   Thumb Code     0  printfa.o(i.__0printf)
    __ARM_fpclassifyf                        0x08010d8d   Thumb Code    38  fpclassifyf.o(i.__ARM_fpclassifyf)
    __hardfp_atan2f                          0x08010db5   Thumb Code   594  atan2f.o(i.__hardfp_atan2f)
    __hardfp_powf                            0x08011061   Thumb Code  1606  powf.o(i.__hardfp_powf)
    __mathlib_powf                           0x08011061   Thumb Code     0  powf.o(i.__hardfp_powf)
    __hardfp_sqrtf                           0x080116c5   Thumb Code    58  sqrtf.o(i.__hardfp_sqrtf)
    __mathlib_flt_divzero                    0x08011701   Thumb Code    14  funder.o(i.__mathlib_flt_divzero)
    __mathlib_flt_infnan2                    0x08011715   Thumb Code     6  funder.o(i.__mathlib_flt_infnan2)
    __mathlib_flt_invalid                    0x0801171d   Thumb Code    10  funder.o(i.__mathlib_flt_invalid)
    __mathlib_flt_overflow                   0x0801172d   Thumb Code    10  funder.o(i.__mathlib_flt_overflow)
    __mathlib_flt_underflow                  0x0801173d   Thumb Code    10  funder.o(i.__mathlib_flt_underflow)
    __scatterload_copy                       0x0801174d   Thumb Code    14  handlers.o(i.__scatterload_copy)
    __scatterload_null                       0x0801175b   Thumb Code     2  handlers.o(i.__scatterload_null)
    __scatterload_zeroinit                   0x0801175d   Thumb Code    14  handlers.o(i.__scatterload_zeroinit)
    __set_errno                              0x0801176d   Thumb Code     6  errno.o(i.__set_errno)
    sinTable_f32                             0x0801202c   Data        2052  arm_common_tables.o(.constdata)
    Region$$Table$$Base                      0x08012fa4   Number         0  anon$$obj.o(Region$$Table)
    Region$$Table$$Limit                     0x08012fc4   Number         0  anon$$obj.o(Region$$Table)
    __stdout                                 0x20000000   Data           4  stdout.o(.data)
    OSTCBCur                                 0x20001100   Data           4  lto-llvm-a7bcd1.o(.bss)
    OSRunning                                0x20001104   Data           1  lto-llvm-a7bcd1.o(.bss)
    OSPrioHighRdy                            0x20001208   Data           1  lto-llvm-a7bcd1.o(.bss)
    OSTCBHighRdy                             0x2000120c   Data           4  lto-llvm-a7bcd1.o(.bss)
    OSPrioCur                                0x20001210   Data           1  lto-llvm-a7bcd1.o(.bss)
    OS_CPU_ExceptStkBase                     0x2000290c   Data           4  lto-llvm-a7bcd1.o(.bss)
    OS_KA_BASEPRI_Boundary                   0x20002910   Data           4  lto-llvm-a7bcd1.o(.bss)
    __initial_sp                             0x20002d30   Data           0  startup_stm32f401xe.o(STACK)



==============================================================================

Memory Map of the image

  Image Entry point : 0x08000195

  Load Region LR_IROM1 (Base: 0x08000000, Size: 0x00013038, Max: 0x00080000, ABSOLUTE)

    Execution Region ER_IROM1 (Exec base: 0x08000000, Load base: 0x08000000, Size: 0x00012fc4, Max: 0x00080000, ABSOLUTE)

    Exec Addr    Load Addr    Size         Type   Attr      Idx    E Section Name        Object

    0x08000000   0x08000000   0x00000194   Data   RO           19    RESET               startup_stm32f401xe.o
    0x08000194   0x08000194   0x00000000   Code   RO          225  * .ARM.Collect$$$$00000000  mc_w.l(entry.o)
    0x08000194   0x08000194   0x00000004   Code   RO          272    .ARM.Collect$$$$00000001  mc_w.l(entry2.o)
    0x08000198   0x08000198   0x00000004   Code   RO          275    .ARM.Collect$$$$00000004  mc_w.l(entry5.o)
    0x0800019c   0x0800019c   0x00000000   Code   RO          277    .ARM.Collect$$$$00000008  mc_w.l(entry7b.o)
    0x0800019c   0x0800019c   0x00000000   Code   RO          279    .ARM.Collect$$$$0000000A  mc_w.l(entry8b.o)
    0x0800019c   0x0800019c   0x00000008   Code   RO          280    .ARM.Collect$$$$0000000B  mc_w.l(entry9a.o)
    0x080001a4   0x080001a4   0x00000000   Code   RO          282    .ARM.Collect$$$$0000000D  mc_w.l(entry10a.o)
    0x080001a4   0x080001a4   0x00000000   Code   RO          284    .ARM.Collect$$$$0000000F  mc_w.l(entry11a.o)
    0x080001a4   0x080001a4   0x00000004   Code   RO          273    .ARM.Collect$$$$00002712  mc_w.l(entry2.o)
    0x080001a8   0x080001a8   0x00000024   Code   RO           20    .text               startup_stm32f401xe.o
    0x080001cc   0x080001cc   0x00000134   Code   RO           43    .text               os_cpu_a.o
    0x08000300   0x08000300   0x00000094   Code   RO           52    .text               arm_cortexM4lf_math.lib(arm_sin_f32.o)
    0x08000394   0x08000394   0x00000038   Code   RO          103    .text               arm_cortexM4lf_math.lib(arm_pid_init_f32.o)
    0x080003cc   0x080003cc   0x0000002c   Code   RO          296    .text               mc_w.l(uidiv.o)
    0x080003f8   0x080003f8   0x00000062   Code   RO          298    .text               mc_w.l(uldiv.o)
    0x0800045a   0x0800045a   0x00000000   Code   RO          307    .text               mc_w.l(iusefp.o)
    0x0800045a   0x0800045a   0x0000014e   Code   RO          308    .text               mf_w.l(dadd.o)
    0x080005a8   0x080005a8   0x000000e4   Code   RO          310    .text               mf_w.l(dmul.o)
    0x0800068c   0x0800068c   0x000000de   Code   RO          312    .text               mf_w.l(ddiv.o)
    0x0800076a   0x0800076a   0x00000030   Code   RO          314    .text               mf_w.l(dfixul.o)
    0x0800079a   0x0800079a   0x00000002   PAD
    0x0800079c   0x0800079c   0x00000030   Code   RO          316    .text               mf_w.l(cdrcmple.o)
    0x080007cc   0x080007cc   0x00000004   Code   RO          318    .text               mf_w.l(fpstat.o)
    0x080007d0   0x080007d0   0x00000024   Code   RO          320    .text               mc_w.l(init.o)
    0x080007f4   0x080007f4   0x0000001e   Code   RO          322    .text               mc_w.l(llshl.o)
    0x08000812   0x08000812   0x00000020   Code   RO          324    .text               mc_w.l(llushr.o)
    0x08000832   0x08000832   0x00000024   Code   RO          326    .text               mc_w.l(llsshr.o)
    0x08000856   0x08000856   0x000000ba   Code   RO          328    .text               mf_w.l(depilogue.o)
    0x08000910   0x08000910   0x00000024   Code   RO          872    .text               mc_w.l(memcpya.o)
    0x08000934   0x08000934   0x00000024   Code   RO          874    .text               mc_w.l(memseta.o)
    0x08000958   0x08000958   0x0000001c   Code   RO          878    .text               mf_w.l(ffltul.o)
    0x08000974   0x08000974   0x00000022   Code   RO          880    .text               mf_w.l(dflti.o)
    0x08000996   0x08000996   0x0000003e   Code   RO          882    .text               mf_w.l(dfixi.o)
    0x080009d4   0x080009d4   0x00000026   Code   RO          884    .text               mf_w.l(f2d.o)
    0x080009fa   0x080009fa   0x0000006e   Code   RO          886    .text               mf_w.l(fepilogue.o)
    0x08000a68   0x08000a68   0x000001b2   Code   RO          521    .text.ADC_Init      lto-llvm-a7bcd1.o
    0x08000c1a   0x08000c1a   0x00000002   PAD
    0x08000c1c   0x08000c1c   0x00000040   Code   RO          447    .text.AHRS_Update   lto-llvm-a7bcd1.o
    0x08000c5c   0x08000c5c   0x000000b2   Code   RO          339    .text.ANO_Init      lto-llvm-a7bcd1.o
    0x08000d0e   0x08000d0e   0x00000002   PAD
    0x08000d10   0x08000d10   0x000000ec   Code   RO          359    .text.ANO_Receive_Analyze  lto-llvm-a7bcd1.o
    0x08000dfc   0x08000dfc   0x000001ae   Code   RO          367    .text.ANO_Receive_Prepare  lto-llvm-a7bcd1.o
    0x08000faa   0x08000faa   0x00000002   PAD
    0x08000fac   0x08000fac   0x000000da   Code   RO          349    .text.ANO_Send_Battery  lto-llvm-a7bcd1.o
    0x08001086   0x08001086   0x00000002   PAD
    0x08001088   0x08001088   0x00000102   Code   RO          353    .text.ANO_Send_Control  lto-llvm-a7bcd1.o
    0x0800118a   0x0800118a   0x00000002   PAD
    0x0800118c   0x0800118c   0x00000128   Code   RO          347    .text.ANO_Send_Euler  lto-llvm-a7bcd1.o
    0x080012b4   0x080012b4   0x00000102   Code   RO          351    .text.ANO_Send_PWM  lto-llvm-a7bcd1.o
    0x080013b6   0x080013b6   0x00000002   PAD
    0x080013b8   0x080013b8   0x0000010c   Code   RO          363    .text.ANO_Send_Param  lto-llvm-a7bcd1.o
    0x080014c4   0x080014c4   0x000001fa   Code   RO          355    .text.ANO_Send_Remote  lto-llvm-a7bcd1.o
    0x080016be   0x080016be   0x00000002   PAD
    0x080016c0   0x080016c0   0x00000166   Code   RO          341    .text.ANO_Send_Sensor  lto-llvm-a7bcd1.o
    0x08001826   0x08001826   0x00000002   PAD
    0x08001828   0x08001828   0x00000182   Code   RO          345    .text.ANO_Send_Sensor2  lto-llvm-a7bcd1.o
    0x080019aa   0x080019aa   0x00000002   PAD
    0x080019ac   0x080019ac   0x000000b6   Code   RO          357    .text.ANO_Send_String  lto-llvm-a7bcd1.o
    0x08001a62   0x08001a62   0x00000002   PAD
    0x08001a64   0x08001a64   0x00000098   Code   RO          365    .text.ANO_Send_Verification  lto-llvm-a7bcd1.o
    0x08001afc   0x08001afc   0x00000378   Code   RO          335    .text.ANO_Task      lto-llvm-a7bcd1.o
    0x08001e74   0x08001e74   0x00000008   Code   RO          853    .text.App_TCBInitHook  lto-llvm-a7bcd1.o
    0x08001e7c   0x08001e7c   0x00000008   Code   RO          841    .text.App_TaskCreateHook  lto-llvm-a7bcd1.o
    0x08001e84   0x08001e84   0x00000008   Code   RO          843    .text.App_TaskDelHook  lto-llvm-a7bcd1.o
    0x08001e8c   0x08001e8c   0x00000008   Code   RO          849    .text.App_TaskReturnHook  lto-llvm-a7bcd1.o
    0x08001e94   0x08001e94   0x00000008   Code   RO          855    .text.App_TimeTickHook  lto-llvm-a7bcd1.o
    0x08001e9c   0x08001e9c   0x00000004   Code   RO          497    .text.BusFault_Handler  lto-llvm-a7bcd1.o
    0x08001ea0   0x08001ea0   0x00000032   Code   RO          505    .text.DMA1_Stream6_IRQHandler  lto-llvm-a7bcd1.o
    0x08001ed2   0x08001ed2   0x00000002   PAD
    0x08001ed4   0x08001ed4   0x00000056   Code   RO          533    .text.DMA_CalcBaseAndBitshift  lto-llvm-a7bcd1.o
    0x08001f2a   0x08001f2a   0x00000002   PAD
    0x08001f2c   0x08001f2c   0x000000e4   Code   RO          531    .text.DMA_CheckFifoParam  lto-llvm-a7bcd1.o
    0x08002010   0x08002010   0x00000050   Code   RO          535    .text.DMA_SetConfig  lto-llvm-a7bcd1.o
    0x08002060   0x08002060   0x00000002   Code   RO          503    .text.DebugMon_Handler  lto-llvm-a7bcd1.o
    0x08002062   0x08002062   0x00000002   PAD
    0x08002064   0x08002064   0x0000000e   Code   RO          441    .text.Error_Handler  lto-llvm-a7bcd1.o
    0x08002072   0x08002072   0x00000002   PAD
    0x08002074   0x08002074   0x0000001a   Code   RO          337    .text.FLIGHT_Task   lto-llvm-a7bcd1.o
    0x0800208e   0x0800208e   0x00000002   PAD
    0x08002090   0x08002090   0x000002cc   Code   RO          527    .text.HAL_ADC_ConfigChannel  lto-llvm-a7bcd1.o
    0x0800235c   0x0800235c   0x00000016   Code   RO          525    .text.HAL_ADC_GetValue  lto-llvm-a7bcd1.o
    0x08002372   0x08002372   0x00000002   PAD
    0x08002374   0x08002374   0x00000396   Code   RO          519    .text.HAL_ADC_Init  lto-llvm-a7bcd1.o
    0x0800270a   0x0800270a   0x00000002   PAD
    0x0800270c   0x0800270c   0x00000086   Code   RO          467    .text.HAL_ADC_MspInit  lto-llvm-a7bcd1.o
    0x08002792   0x08002792   0x00000002   PAD
    0x08002794   0x08002794   0x000001de   Code   RO          523    .text.HAL_ADC_Start  lto-llvm-a7bcd1.o
    0x08002972   0x08002972   0x00000002   PAD
    0x08002974   0x08002974   0x000000ea   Code   RO          539    .text.HAL_DMA_Abort  lto-llvm-a7bcd1.o
    0x08002a5e   0x08002a5e   0x00000002   PAD
    0x08002a60   0x08002a60   0x00000044   Code   RO          541    .text.HAL_DMA_Abort_IT  lto-llvm-a7bcd1.o
    0x08002aa4   0x08002aa4   0x0000032c   Code   RO          543    .text.HAL_DMA_IRQHandler  lto-llvm-a7bcd1.o
    0x08002dd0   0x08002dd0   0x0000053e   Code   RO          529    .text.HAL_DMA_Init  lto-llvm-a7bcd1.o
    0x0800330e   0x0800330e   0x00000002   PAD
    0x08003310   0x08003310   0x000000e2   Code   RO          537    .text.HAL_DMA_Start_IT  lto-llvm-a7bcd1.o
    0x080033f2   0x080033f2   0x00000002   PAD
    0x080033f4   0x080033f4   0x00000038   Code   RO          517    .text.HAL_Delay     lto-llvm-a7bcd1.o
    0x0800342c   0x0800342c   0x00000614   Code   RO          545    .text.HAL_GPIO_Init  lto-llvm-a7bcd1.o
    0x08003a40   0x08003a40   0x0000000c   Code   RO          515    .text.HAL_GetTick   lto-llvm-a7bcd1.o
    0x08003a4c   0x08003a4c   0x000003f8   Code   RO          547    .text.HAL_I2C_Init  lto-llvm-a7bcd1.o
    0x08003e44   0x08003e44   0x00000418   Code   RO          563    .text.HAL_I2C_Master_Receive  lto-llvm-a7bcd1.o
    0x0800425c   0x0800425c   0x00000212   Code   RO          549    .text.HAL_I2C_Master_Transmit  lto-llvm-a7bcd1.o
    0x0800446e   0x0800446e   0x00000002   PAD
    0x08004470   0x08004470   0x00000454   Code   RO          573    .text.HAL_I2C_Mem_Read  lto-llvm-a7bcd1.o
    0x080048c4   0x080048c4   0x0000023c   Code   RO          569    .text.HAL_I2C_Mem_Write  lto-llvm-a7bcd1.o
    0x08004b00   0x08004b00   0x00000092   Code   RO          475    .text.HAL_I2C_MspInit  lto-llvm-a7bcd1.o
    0x08004b92   0x08004b92   0x00000002   PAD
    0x08004b94   0x08004b94   0x00000010   Code   RO          513    .text.HAL_IncTick   lto-llvm-a7bcd1.o
    0x08004ba4   0x08004ba4   0x00000032   Code   RO          509    .text.HAL_Init      lto-llvm-a7bcd1.o
    0x08004bd6   0x08004bd6   0x00000002   PAD
    0x08004bd8   0x08004bd8   0x00000062   Code   RO          511    .text.HAL_InitTick  lto-llvm-a7bcd1.o
    0x08004c3a   0x08004c3a   0x00000002   PAD
    0x08004c3c   0x08004c3c   0x00000050   Code   RO          463    .text.HAL_MspInit   lto-llvm-a7bcd1.o
    0x08004c8c   0x08004c8c   0x00000030   Code   RO          709    .text.HAL_NVIC_EnableIRQ  lto-llvm-a7bcd1.o
    0x08004cbc   0x08004cbc   0x00000064   Code   RO          701    .text.HAL_NVIC_SetPriority  lto-llvm-a7bcd1.o
    0x08004d20   0x08004d20   0x0000004c   Code   RO          697    .text.HAL_NVIC_SetPriorityGrouping  lto-llvm-a7bcd1.o
    0x08004d6c   0x08004d6c   0x0000041c   Code   RO          579    .text.HAL_RCC_ClockConfig  lto-llvm-a7bcd1.o
    0x08005188   0x08005188   0x0000000c   Code   RO          583    .text.HAL_RCC_GetHCLKFreq  lto-llvm-a7bcd1.o
    0x08005194   0x08005194   0x00000022   Code   RO          585    .text.HAL_RCC_GetPCLK1Freq  lto-llvm-a7bcd1.o
    0x080051b6   0x080051b6   0x00000002   PAD
    0x080051b8   0x080051b8   0x00000022   Code   RO          587    .text.HAL_RCC_GetPCLK2Freq  lto-llvm-a7bcd1.o
    0x080051da   0x080051da   0x00000002   PAD
    0x080051dc   0x080051dc   0x000000de   Code   RO          581    .text.HAL_RCC_GetSysClockFreq  lto-llvm-a7bcd1.o
    0x080052ba   0x080052ba   0x00000002   PAD
    0x080052bc   0x080052bc   0x000008ae   Code   RO          577    .text.HAL_RCC_OscConfig  lto-llvm-a7bcd1.o
    0x08005b6a   0x08005b6a   0x00000002   PAD
    0x08005b6c   0x08005b6c   0x00000010   Code   RO          713    .text.HAL_SYSTICK_Config  lto-llvm-a7bcd1.o
    0x08005b7c   0x08005b7c   0x00000008   Code   RO          655    .text.HAL_TIMEx_BreakCallback  lto-llvm-a7bcd1.o
    0x08005b84   0x08005b84   0x00000008   Code   RO          651    .text.HAL_TIMEx_CommutCallback  lto-llvm-a7bcd1.o
    0x08005b8c   0x08005b8c   0x000001ee   Code   RO          653    .text.HAL_TIMEx_MasterConfigSynchronization  lto-llvm-a7bcd1.o
    0x08005d7a   0x08005d7a   0x00000002   PAD
    0x08005d7c   0x08005d7c   0x000001d6   Code   RO          589    .text.HAL_TIM_Base_Init  lto-llvm-a7bcd1.o
    0x08005f52   0x08005f52   0x00000002   PAD
    0x08005f54   0x08005f54   0x000001a2   Code   RO          485    .text.HAL_TIM_Base_MspInit  lto-llvm-a7bcd1.o
    0x080060f6   0x080060f6   0x00000002   PAD
    0x080060f8   0x080060f8   0x000007be   Code   RO          641    .text.HAL_TIM_ConfigClockSource  lto-llvm-a7bcd1.o
    0x080068b6   0x080068b6   0x00000002   PAD
    0x080068b8   0x080068b8   0x00000008   Code   RO          611    .text.HAL_TIM_IC_CaptureCallback  lto-llvm-a7bcd1.o
    0x080068c0   0x080068c0   0x000003ca   Code   RO          627    .text.HAL_TIM_IC_ConfigChannel  lto-llvm-a7bcd1.o
    0x08006c8a   0x08006c8a   0x00000002   PAD
    0x08006c8c   0x08006c8c   0x000001d6   Code   RO          605    .text.HAL_TIM_IC_Init  lto-llvm-a7bcd1.o
    0x08006e62   0x08006e62   0x00000002   PAD
    0x08006e64   0x08006e64   0x00000008   Code   RO          607    .text.HAL_TIM_IC_MspInit  lto-llvm-a7bcd1.o
    0x08006e6c   0x08006e6c   0x00000398   Code   RO          609    .text.HAL_TIM_IC_Start_IT  lto-llvm-a7bcd1.o
    0x08007204   0x08007204   0x0000027a   Code   RO          613    .text.HAL_TIM_IRQHandler  lto-llvm-a7bcd1.o
    0x0800747e   0x0800747e   0x00000002   PAD
    0x08007480   0x08007480   0x000000ae   Code   RO          483    .text.HAL_TIM_MspPostInit  lto-llvm-a7bcd1.o
    0x0800752e   0x0800752e   0x00000002   PAD
    0x08007530   0x08007530   0x00000008   Code   RO          615    .text.HAL_TIM_OC_DelayElapsedCallback  lto-llvm-a7bcd1.o
    0x08007538   0x08007538   0x000003e0   Code   RO          637    .text.HAL_TIM_PWM_ConfigChannel  lto-llvm-a7bcd1.o
    0x08007918   0x08007918   0x000001de   Code   RO          599    .text.HAL_TIM_PWM_Init  lto-llvm-a7bcd1.o
    0x08007af6   0x08007af6   0x00000002   PAD
    0x08007af8   0x08007af8   0x00000008   Code   RO          601    .text.HAL_TIM_PWM_MspInit  lto-llvm-a7bcd1.o
    0x08007b00   0x08007b00   0x00000008   Code   RO          597    .text.HAL_TIM_PWM_PulseFinishedCallback  lto-llvm-a7bcd1.o
    0x08007b08   0x08007b08   0x000002c0   Code   RO          603    .text.HAL_TIM_PWM_Start  lto-llvm-a7bcd1.o
    0x08007dc8   0x08007dc8   0x00000008   Code   RO          593    .text.HAL_TIM_PeriodElapsedCallback  lto-llvm-a7bcd1.o
    0x08007dd0   0x08007dd0   0x00000242   Code   RO          649    .text.HAL_TIM_ReadCapturedValue  lto-llvm-a7bcd1.o
    0x08008012   0x08008012   0x00000002   PAD
    0x08008014   0x08008014   0x00000008   Code   RO          617    .text.HAL_TIM_TriggerCallback  lto-llvm-a7bcd1.o
    0x0800801c   0x0800801c   0x0000000c   Code   RO          683    .text.HAL_UARTEx_RxEventCallback  lto-llvm-a7bcd1.o
    0x08008028   0x08008028   0x00000008   Code   RO          677    .text.HAL_UART_ErrorCallback  lto-llvm-a7bcd1.o
    0x08008030   0x08008030   0x00000426   Code   RO          687    .text.HAL_UART_IRQHandler  lto-llvm-a7bcd1.o
    0x08008456   0x08008456   0x00000002   PAD
    0x08008458   0x08008458   0x000001c8   Code   RO          657    .text.HAL_UART_Init  lto-llvm-a7bcd1.o
    0x08008620   0x08008620   0x000000ee   Code   RO          489    .text.HAL_UART_MspInit  lto-llvm-a7bcd1.o
    0x0800870e   0x0800870e   0x00000002   PAD
    0x08008710   0x08008710   0x00000008   Code   RO          685    .text.HAL_UART_RxCpltCallback  lto-llvm-a7bcd1.o
    0x08008718   0x08008718   0x00000146   Code   RO          661    .text.HAL_UART_Transmit  lto-llvm-a7bcd1.o
    0x0800885e   0x0800885e   0x00000002   PAD
    0x08008860   0x08008860   0x0000011c   Code   RO          665    .text.HAL_UART_Transmit_DMA  lto-llvm-a7bcd1.o
    0x0800897c   0x0800897c   0x00000008   Code   RO          681    .text.HAL_UART_TxCpltCallback  lto-llvm-a7bcd1.o
    0x08008984   0x08008984   0x00000008   Code   RO          679    .text.HAL_UART_TxHalfCpltCallback  lto-llvm-a7bcd1.o
    0x0800898c   0x0800898c   0x00000004   PAD
    0x08008990   0x08008990   0x0000037c   Code   RO          435    .text.HMC_Calibration  lto-llvm-a7bcd1.o
    0x08008d0c   0x08008d0c   0x0000009e   Code   RO          395    .text.HMC_Connect   lto-llvm-a7bcd1.o
    0x08008daa   0x08008daa   0x00000002   PAD
    0x08008dac   0x08008dac   0x00000026   Code   RO          397    .text.HMC_Init      lto-llvm-a7bcd1.o
    0x08008dd2   0x08008dd2   0x00000002   PAD
    0x08008dd4   0x08008dd4   0x00000048   Code   RO          433    .text.HMC_ReadMagRaw  lto-llvm-a7bcd1.o
    0x08008e1c   0x08008e1c   0x000000e4   Code   RO          417    .text.HMC_SelfTest  lto-llvm-a7bcd1.o
    0x08008f00   0x08008f00   0x00000018   Code   RO          493    .text.HardFault_Handler  lto-llvm-a7bcd1.o
    0x08008f18   0x08008f18   0x00000064   Code   RO          559    .text.I2C_IsAcknowledgeFailed  lto-llvm-a7bcd1.o
    0x08008f7c   0x08008f7c   0x000001a6   Code   RO          565    .text.I2C_MasterRequestRead  lto-llvm-a7bcd1.o
    0x08009122   0x08009122   0x00000002   PAD
    0x08009124   0x08009124   0x00000110   Code   RO          553    .text.I2C_MasterRequestWrite  lto-llvm-a7bcd1.o
    0x08009234   0x08009234   0x000001de   Code   RO          575    .text.I2C_RequestMemoryRead  lto-llvm-a7bcd1.o
    0x08009412   0x08009412   0x00000002   PAD
    0x08009414   0x08009414   0x00000138   Code   RO          571    .text.I2C_RequestMemoryWrite  lto-llvm-a7bcd1.o
    0x0800954c   0x0800954c   0x00000096   Code   RO          557    .text.I2C_WaitOnBTFFlagUntilTimeout  lto-llvm-a7bcd1.o
    0x080095e2   0x080095e2   0x00000002   PAD
    0x080095e4   0x080095e4   0x000000b8   Code   RO          551    .text.I2C_WaitOnFlagUntilTimeout  lto-llvm-a7bcd1.o
    0x0800969c   0x0800969c   0x0000010a   Code   RO          561    .text.I2C_WaitOnMasterAddressFlagUntilTimeout  lto-llvm-a7bcd1.o
    0x080097a6   0x080097a6   0x00000002   PAD
    0x080097a8   0x080097a8   0x000000c6   Code   RO          567    .text.I2C_WaitOnRXNEFlagUntilTimeout  lto-llvm-a7bcd1.o
    0x0800986e   0x0800986e   0x00000002   PAD
    0x08009870   0x08009870   0x00000094   Code   RO          555    .text.I2C_WaitOnTXEFlagUntilTimeout  lto-llvm-a7bcd1.o
    0x08009904   0x08009904   0x00000092   Code   RO          377    .text.MOTOR_Control  lto-llvm-a7bcd1.o
    0x08009996   0x08009996   0x00000002   PAD
    0x08009998   0x08009998   0x0000001c   Code   RO          371    .text.MOTOR_Init    lto-llvm-a7bcd1.o
    0x080099b4   0x080099b4   0x00000044   Code   RO          375    .text.MOTOR_LockCheck  lto-llvm-a7bcd1.o
    0x080099f8   0x080099f8   0x000000f6   Code   RO          373    .text.MOTOR_Set     lto-llvm-a7bcd1.o
    0x08009aee   0x08009aee   0x00000002   PAD
    0x08009af0   0x08009af0   0x000003ba   Code   RO          425    .text.MPU_Calibrate  lto-llvm-a7bcd1.o
    0x08009eaa   0x08009eaa   0x00000002   PAD
    0x08009eac   0x08009eac   0x0000005e   Code   RO          391    .text.MPU_Connect   lto-llvm-a7bcd1.o
    0x08009f0a   0x08009f0a   0x00000002   PAD
    0x08009f0c   0x08009f0c   0x00000100   Code   RO          393    .text.MPU_Init      lto-llvm-a7bcd1.o
    0x0800a00c   0x0800a00c   0x00000050   Code   RO          429    .text.MPU_ReadAccelRaw  lto-llvm-a7bcd1.o
    0x0800a05c   0x0800a05c   0x00000050   Code   RO          431    .text.MPU_ReadGyroRaw  lto-llvm-a7bcd1.o
    0x0800a0ac   0x0800a0ac   0x0000050c   Code   RO          423    .text.MPU_SelfTest  lto-llvm-a7bcd1.o
    0x0800a5b8   0x0800a5b8   0x000001d0   Code   RO          413    .text.MS_CalculatePressure  lto-llvm-a7bcd1.o
    0x0800a788   0x0800a788   0x00000110   Code   RO          405    .text.MS_CheckCRC   lto-llvm-a7bcd1.o
    0x0800a898   0x0800a898   0x00000092   Code   RO          399    .text.MS_Init       lto-llvm-a7bcd1.o
    0x0800a92a   0x0800a92a   0x00000002   PAD
    0x0800a92c   0x0800a92c   0x0000002c   Code   RO          411    .text.MS_ReadADC    lto-llvm-a7bcd1.o
    0x0800a958   0x0800a958   0x00000062   Code   RO          403    .text.MS_ReadPROM   lto-llvm-a7bcd1.o
    0x0800a9ba   0x0800a9ba   0x00000002   PAD
    0x0800a9bc   0x0800a9bc   0x00000090   Code   RO          407    .text.MS_ReadPressure  lto-llvm-a7bcd1.o
    0x0800aa4c   0x0800aa4c   0x00000014   Code   RO          409    .text.MS_WriteCMD   lto-llvm-a7bcd1.o
    0x0800aa60   0x0800aa60   0x00000070   Code   RO          465    .text.MX_ADC1_Init  lto-llvm-a7bcd1.o
    0x0800aad0   0x0800aad0   0x00000038   Code   RO          469    .text.MX_DMA_Init   lto-llvm-a7bcd1.o
    0x0800ab08   0x0800ab08   0x0000006c   Code   RO          471    .text.MX_GPIO_Init  lto-llvm-a7bcd1.o
    0x0800ab74   0x0800ab74   0x00000040   Code   RO          473    .text.MX_I2C1_Init  lto-llvm-a7bcd1.o
    0x0800abb4   0x0800abb4   0x00000108   Code   RO          477    .text.MX_TIM1_Init  lto-llvm-a7bcd1.o
    0x0800acbc   0x0800acbc   0x000000ec   Code   RO          479    .text.MX_TIM2_Init  lto-llvm-a7bcd1.o
    0x0800ada8   0x0800ada8   0x000000ec   Code   RO          481    .text.MX_TIM3_Init  lto-llvm-a7bcd1.o
    0x0800ae94   0x0800ae94   0x00000038   Code   RO          487    .text.MX_USART2_UART_Init  lto-llvm-a7bcd1.o
    0x0800aecc   0x0800aecc   0x00000e54   Code   RO          449    .text.MadgwickAHRSupdate  lto-llvm-a7bcd1.o
    0x0800bd20   0x0800bd20   0x00000688   Code   RO          453    .text.MadgwickAHRSupdateIMU  lto-llvm-a7bcd1.o
    0x0800c3a8   0x0800c3a8   0x00000004   Code   RO          495    .text.MemManage_Handler  lto-llvm-a7bcd1.o
    0x0800c3ac   0x0800c3ac   0x00000004   Code   RO          491    .text.NMI_Handler   lto-llvm-a7bcd1.o
    0x0800c3b0   0x0800c3b0   0x00000062   Code   RO          705    .text.NVIC_EncodePriority  lto-llvm-a7bcd1.o
    0x0800c412   0x0800c412   0x00000002   PAD
    0x0800c414   0x0800c414   0x00000240   Code   RO          857    .text.OSDebugInit   lto-llvm-a7bcd1.o
    0x0800c654   0x0800c654   0x0000007e   Code   RO          717    .text.OSEventNameSet  lto-llvm-a7bcd1.o
    0x0800c6d2   0x0800c6d2   0x00000002   PAD
    0x0800c6d4   0x0800c6d4   0x00000038   Code   RO          725    .text.OSInit        lto-llvm-a7bcd1.o
    0x0800c70c   0x0800c70c   0x00000084   Code   RO          817    .text.OSInitHookBegin  lto-llvm-a7bcd1.o
    0x0800c790   0x0800c790   0x00000034   Code   RO          791    .text.OSIntEnter    lto-llvm-a7bcd1.o
    0x0800c7c4   0x0800c7c4   0x000000d2   Code   RO          793    .text.OSIntExit     lto-llvm-a7bcd1.o
    0x0800c896   0x0800c896   0x00000002   PAD
    0x0800c898   0x0800c898   0x00000064   Code   RO          765    .text.OSSchedLock   lto-llvm-a7bcd1.o
    0x0800c8fc   0x0800c8fc   0x00000092   Code   RO          771    .text.OSSchedUnlock  lto-llvm-a7bcd1.o
    0x0800c98e   0x0800c98e   0x00000002   PAD
    0x0800c990   0x0800c990   0x00000092   Code   RO          749    .text.OSSemCreate   lto-llvm-a7bcd1.o
    0x0800ca22   0x0800ca22   0x00000002   PAD
    0x0800ca24   0x0800ca24   0x00000144   Code   RO          763    .text.OSSemPend     lto-llvm-a7bcd1.o
    0x0800cb68   0x0800cb68   0x0000009c   Code   RO          807    .text.OSSemPost     lto-llvm-a7bcd1.o
    0x0800cc04   0x0800cc04   0x00000054   Code   RO          795    .text.OSStart       lto-llvm-a7bcd1.o
    0x0800cc58   0x0800cc58   0x00000070   Code   RO          797    .text.OSStatInit    lto-llvm-a7bcd1.o
    0x0800ccc8   0x0800ccc8   0x00000010   Code   RO          835    .text.OSTCBInitHook  lto-llvm-a7bcd1.o
    0x0800ccd8   0x0800ccd8   0x0000012a   Code   RO          809    .text.OSTaskCreate  lto-llvm-a7bcd1.o
    0x0800ce02   0x0800ce02   0x00000002   PAD
    0x0800ce04   0x0800ce04   0x00000146   Code   RO          755    .text.OSTaskCreateExt  lto-llvm-a7bcd1.o
    0x0800cf4a   0x0800cf4a   0x00000002   PAD
    0x0800cf4c   0x0800cf4c   0x00000010   Code   RO          821    .text.OSTaskCreateHook  lto-llvm-a7bcd1.o
    0x0800cf5c   0x0800cf5c   0x00000242   Code   RO          811    .text.OSTaskDel     lto-llvm-a7bcd1.o
    0x0800d19e   0x0800d19e   0x00000002   PAD
    0x0800d1a0   0x0800d1a0   0x00000010   Code   RO          823    .text.OSTaskDelHook  lto-llvm-a7bcd1.o
    0x0800d1b0   0x0800d1b0   0x00000008   Code   RO          825    .text.OSTaskIdleHook  lto-llvm-a7bcd1.o
    0x0800d1b8   0x0800d1b8   0x000000dc   Code   RO          757    .text.OSTaskNameSet  lto-llvm-a7bcd1.o
    0x0800d294   0x0800d294   0x00000010   Code   RO          827    .text.OSTaskReturnHook  lto-llvm-a7bcd1.o
    0x0800d2a4   0x0800d2a4   0x00000008   Code   RO          829    .text.OSTaskStatHook  lto-llvm-a7bcd1.o
    0x0800d2ac   0x0800d2ac   0x0000011e   Code   RO          787    .text.OSTaskStkChk  lto-llvm-a7bcd1.o
    0x0800d3ca   0x0800d3ca   0x00000002   PAD
    0x0800d3cc   0x0800d3cc   0x00000314   Code   RO          831    .text.OSTaskStkInit  lto-llvm-a7bcd1.o
    0x0800d6e0   0x0800d6e0   0x00000156   Code   RO          783    .text.OSTaskSuspend  lto-llvm-a7bcd1.o
    0x0800d836   0x0800d836   0x00000002   PAD
    0x0800d838   0x0800d838   0x00000028   Code   RO          833    .text.OSTaskSwHook  lto-llvm-a7bcd1.o
    0x0800d860   0x0800d860   0x000000b6   Code   RO          781    .text.OSTimeDly     lto-llvm-a7bcd1.o
    0x0800d916   0x0800d916   0x00000002   PAD
    0x0800d918   0x0800d918   0x0000011c   Code   RO          799    .text.OSTimeTick    lto-llvm-a7bcd1.o
    0x0800da34   0x0800da34   0x00000030   Code   RO          837    .text.OSTimeTickHook  lto-llvm-a7bcd1.o
    0x0800da64   0x0800da64   0x0000001a   Code   RO          815    .text.OSTmrSignal   lto-llvm-a7bcd1.o
    0x0800da7e   0x0800da7e   0x00000002   PAD
    0x0800da80   0x0800da80   0x0000011a   Code   RO          745    .text.OSTmr_Init    lto-llvm-a7bcd1.o
    0x0800db9a   0x0800db9a   0x00000002   PAD
    0x0800db9c   0x0800db9c   0x0000003e   Code   RO          751    .text.OSTmr_InitTask  lto-llvm-a7bcd1.o
    0x0800dbda   0x0800dbda   0x00000002   PAD
    0x0800dbdc   0x0800dbdc   0x000000e0   Code   RO          769    .text.OSTmr_Link    lto-llvm-a7bcd1.o
    0x0800dcbc   0x0800dcbc   0x000000ce   Code   RO          753    .text.OSTmr_Task    lto-llvm-a7bcd1.o
    0x0800dd8a   0x0800dd8a   0x00000002   PAD
    0x0800dd8c   0x0800dd8c   0x000000a2   Code   RO          767    .text.OSTmr_Unlink  lto-llvm-a7bcd1.o
    0x0800de2e   0x0800de2e   0x00000002   PAD
    0x0800de30   0x0800de30   0x000000e4   Code   RO          803    .text.OS_EventTaskRdy  lto-llvm-a7bcd1.o
    0x0800df14   0x0800df14   0x00000050   Code   RO          775    .text.OS_EventTaskRemove  lto-llvm-a7bcd1.o
    0x0800df64   0x0800df64   0x0000007a   Code   RO          721    .text.OS_EventTaskRemoveMulti  lto-llvm-a7bcd1.o
    0x0800dfde   0x0800dfde   0x00000002   PAD
    0x0800dfe0   0x0800dfe0   0x00000086   Code   RO          773    .text.OS_EventTaskWait  lto-llvm-a7bcd1.o
    0x0800e066   0x0800e066   0x00000002   PAD
    0x0800e068   0x0800e068   0x00000038   Code   RO          777    .text.OS_EventWaitListInit  lto-llvm-a7bcd1.o
    0x0800e0a0   0x0800e0a0   0x0000009c   Code   RO          735    .text.OS_FlagInit   lto-llvm-a7bcd1.o
    0x0800e13c   0x0800e13c   0x00000058   Code   RO          805    .text.OS_FlagUnlink  lto-llvm-a7bcd1.o
    0x0800e194   0x0800e194   0x000000b2   Code   RO          733    .text.OS_InitEventList  lto-llvm-a7bcd1.o
    0x0800e246   0x0800e246   0x00000002   PAD
    0x0800e248   0x0800e248   0x00000068   Code   RO          727    .text.OS_InitMisc   lto-llvm-a7bcd1.o
    0x0800e2b0   0x0800e2b0   0x0000006a   Code   RO          729    .text.OS_InitRdyList  lto-llvm-a7bcd1.o
    0x0800e31a   0x0800e31a   0x00000002   PAD
    0x0800e31c   0x0800e31c   0x000000bc   Code   RO          731    .text.OS_InitTCBList  lto-llvm-a7bcd1.o
    0x0800e3d8   0x0800e3d8   0x0000003e   Code   RO          741    .text.OS_InitTaskIdle  lto-llvm-a7bcd1.o
    0x0800e416   0x0800e416   0x00000002   PAD
    0x0800e418   0x0800e418   0x0000003e   Code   RO          743    .text.OS_InitTaskStat  lto-llvm-a7bcd1.o
    0x0800e456   0x0800e456   0x00000002   PAD
    0x0800e458   0x0800e458   0x0000002c   Code   RO          747    .text.OS_MemClr     lto-llvm-a7bcd1.o
    0x0800e484   0x0800e484   0x00000092   Code   RO          737    .text.OS_MemInit    lto-llvm-a7bcd1.o
    0x0800e516   0x0800e516   0x00000002   PAD
    0x0800e518   0x0800e518   0x00000086   Code   RO          739    .text.OS_QInit      lto-llvm-a7bcd1.o
    0x0800e59e   0x0800e59e   0x00000002   PAD
    0x0800e5a0   0x0800e5a0   0x0000009c   Code   RO          719    .text.OS_Sched      lto-llvm-a7bcd1.o
    0x0800e63c   0x0800e63c   0x0000003c   Code   RO          723    .text.OS_SchedNew   lto-llvm-a7bcd1.o
    0x0800e678   0x0800e678   0x0000021a   Code   RO          761    .text.OS_TCBInit    lto-llvm-a7bcd1.o
    0x0800e892   0x0800e892   0x00000002   PAD
    0x0800e894   0x0800e894   0x00000034   Code   RO          789    .text.OS_TaskIdle   lto-llvm-a7bcd1.o
    0x0800e8c8   0x0800e8c8   0x00000018   Code   RO          813    .text.OS_TaskReturn  lto-llvm-a7bcd1.o
    0x0800e8e0   0x0800e8e0   0x0000014e   Code   RO          779    .text.OS_TaskStat   lto-llvm-a7bcd1.o
    0x0800ea2e   0x0800ea2e   0x00000002   PAD
    0x0800ea30   0x0800ea30   0x00000076   Code   RO          785    .text.OS_TaskStatStkChk  lto-llvm-a7bcd1.o
    0x0800eaa6   0x0800eaa6   0x00000002   PAD
    0x0800eaa8   0x0800eaa8   0x00000042   Code   RO          759    .text.OS_TaskStkClr  lto-llvm-a7bcd1.o
    0x0800eaea   0x0800eaea   0x00000002   PAD
    0x0800eaec   0x0800eaec   0x000000bc   Code   RO          457    .text.PID_Calculate  lto-llvm-a7bcd1.o
    0x0800eba8   0x0800eba8   0x00000058   Code   RO          455    .text.PID_Init      lto-llvm-a7bcd1.o
    0x0800ec00   0x0800ec00   0x0000016e   Code   RO          459    .text.PID_Upadte    lto-llvm-a7bcd1.o
    0x0800ed6e   0x0800ed6e   0x00000002   PAD
    0x0800ed70   0x0800ed70   0x00000034   Code   RO          461    .text.PWM_TO_ANGLE  lto-llvm-a7bcd1.o
    0x0800eda4   0x0800eda4   0x00000100   Code   RO          451    .text.QToEuler      lto-llvm-a7bcd1.o
    0x0800eea4   0x0800eea4   0x00000060   Code   RO          379    .text.REMOTE_Init   lto-llvm-a7bcd1.o
    0x0800ef04   0x0800ef04   0x00000030   Code   RO          389    .text.SENSOR_Init   lto-llvm-a7bcd1.o
    0x0800ef34   0x0800ef34   0x00000038   Code   RO          415    .text.SENSOR_ReadBytes  lto-llvm-a7bcd1.o
    0x0800ef6c   0x0800ef6c   0x0000003e   Code   RO          421    .text.SENSOR_RegReadBytes  lto-llvm-a7bcd1.o
    0x0800efaa   0x0800efaa   0x00000002   PAD
    0x0800efac   0x0800efac   0x00000038   Code   RO          419    .text.SENSOR_RegWriteByte  lto-llvm-a7bcd1.o
    0x0800efe4   0x0800efe4   0x00000270   Code   RO          427    .text.SENSOR_Update  lto-llvm-a7bcd1.o
    0x0800f254   0x0800f254   0x00000034   Code   RO          401    .text.SENSOR_WriteByte  lto-llvm-a7bcd1.o
    0x0800f288   0x0800f288   0x00000070   Code   RO          333    .text.START_Task    lto-llvm-a7bcd1.o
    0x0800f2f8   0x0800f2f8   0x00000002   Code   RO          501    .text.SVC_Handler   lto-llvm-a7bcd1.o
    0x0800f2fa   0x0800f2fa   0x00000002   PAD
    0x0800f2fc   0x0800f2fc   0x0000004c   Code   RO          437    .text.SYS_Init      lto-llvm-a7bcd1.o
    0x0800f348   0x0800f348   0x00000052   Code   RO          715    .text.SysTick_Config  lto-llvm-a7bcd1.o
    0x0800f39a   0x0800f39a   0x00000002   PAD
    0x0800f39c   0x0800f39c   0x0000002a   Code   RO          839    .text.SysTick_Handler  lto-llvm-a7bcd1.o
    0x0800f3c6   0x0800f3c6   0x00000002   PAD
    0x0800f3c8   0x0800f3c8   0x000000b2   Code   RO          439    .text.SystemClock_Config  lto-llvm-a7bcd1.o
    0x0800f47a   0x0800f47a   0x00000002   PAD
    0x0800f47c   0x0800f47c   0x00000012   Code   RO          507    .text.SystemInit    lto-llvm-a7bcd1.o
    0x0800f48e   0x0800f48e   0x00000002   PAD
    0x0800f490   0x0800f490   0x000000d8   Code   RO          381    .text.TIM1_CC_IRQHandler  lto-llvm-a7bcd1.o
    0x0800f568   0x0800f568   0x00000080   Code   RO          385    .text.TIM1_UP_TIM10_IRQHandler  lto-llvm-a7bcd1.o
    0x0800f5e8   0x0800f5e8   0x0000010a   Code   RO          387    .text.TIM2_IRQHandler  lto-llvm-a7bcd1.o
    0x0800f6f2   0x0800f6f2   0x00000002   PAD
    0x0800f6f4   0x0800f6f4   0x0000013a   Code   RO          591    .text.TIM_Base_SetConfig  lto-llvm-a7bcd1.o
    0x0800f82e   0x0800f82e   0x00000002   PAD
    0x0800f830   0x0800f830   0x000002fe   Code   RO          383    .text.TIM_CC_Handler  lto-llvm-a7bcd1.o
    0x0800fb2e   0x0800fb2e   0x00000002   PAD
    0x0800fb30   0x0800fb30   0x00000102   Code   RO          595    .text.TIM_CCxChannelCmd  lto-llvm-a7bcd1.o
    0x0800fc32   0x0800fc32   0x00000002   PAD
    0x0800fc34   0x0800fc34   0x00000034   Code   RO          639    .text.TIM_ETR_SetConfig  lto-llvm-a7bcd1.o
    0x0800fc68   0x0800fc68   0x0000002a   Code   RO          645    .text.TIM_ITRx_SetConfig  lto-llvm-a7bcd1.o
    0x0800fc92   0x0800fc92   0x00000002   PAD
    0x0800fc94   0x0800fc94   0x00000142   Code   RO          619    .text.TIM_OC1_SetConfig  lto-llvm-a7bcd1.o
    0x0800fdd6   0x0800fdd6   0x00000002   PAD
    0x0800fdd8   0x0800fdd8   0x0000014c   Code   RO          621    .text.TIM_OC2_SetConfig  lto-llvm-a7bcd1.o
    0x0800ff24   0x0800ff24   0x0000014a   Code   RO          623    .text.TIM_OC3_SetConfig  lto-llvm-a7bcd1.o
    0x0801006e   0x0801006e   0x00000002   PAD
    0x08010070   0x08010070   0x000000be   Code   RO          625    .text.TIM_OC4_SetConfig  lto-llvm-a7bcd1.o
    0x0801012e   0x0801012e   0x00000002   PAD
    0x08010130   0x08010130   0x00000050   Code   RO          643    .text.TIM_TI1_ConfigInputStage  lto-llvm-a7bcd1.o
    0x08010180   0x08010180   0x000000e0   Code   RO          629    .text.TIM_TI1_SetConfig  lto-llvm-a7bcd1.o
    0x08010260   0x08010260   0x00000052   Code   RO          647    .text.TIM_TI2_ConfigInputStage  lto-llvm-a7bcd1.o
    0x080102b2   0x080102b2   0x00000002   PAD
    0x080102b4   0x080102b4   0x0000006c   Code   RO          631    .text.TIM_TI2_SetConfig  lto-llvm-a7bcd1.o
    0x08010320   0x08010320   0x0000006a   Code   RO          633    .text.TIM_TI3_SetConfig  lto-llvm-a7bcd1.o
    0x0801038a   0x0801038a   0x00000002   PAD
    0x0801038c   0x0801038c   0x0000006c   Code   RO          635    .text.TIM_TI4_SetConfig  lto-llvm-a7bcd1.o
    0x080103f8   0x080103f8   0x00000020   Code   RO          691    .text.UART_DMAAbortOnError  lto-llvm-a7bcd1.o
    0x08010418   0x08010418   0x0000007c   Code   RO          671    .text.UART_DMAError  lto-llvm-a7bcd1.o
    0x08010494   0x08010494   0x0000007a   Code   RO          667    .text.UART_DMATransmitCplt  lto-llvm-a7bcd1.o
    0x0801050e   0x0801050e   0x00000002   PAD
    0x08010510   0x08010510   0x00000016   Code   RO          669    .text.UART_DMATxHalfCplt  lto-llvm-a7bcd1.o
    0x08010526   0x08010526   0x00000002   PAD
    0x08010528   0x08010528   0x00000094   Code   RO          675    .text.UART_EndRxTransfer  lto-llvm-a7bcd1.o
    0x080105bc   0x080105bc   0x00000024   Code   RO          695    .text.UART_EndTransmit_IT  lto-llvm-a7bcd1.o
    0x080105e0   0x080105e0   0x00000036   Code   RO          673    .text.UART_EndTxTransfer  lto-llvm-a7bcd1.o
    0x08010616   0x08010616   0x00000002   PAD
    0x08010618   0x08010618   0x00000160   Code   RO          689    .text.UART_Receive_IT  lto-llvm-a7bcd1.o
    0x08010778   0x08010778   0x000001d8   Code   RO          659    .text.UART_SetConfig  lto-llvm-a7bcd1.o
    0x08010950   0x08010950   0x00000090   Code   RO          693    .text.UART_Transmit_IT  lto-llvm-a7bcd1.o
    0x080109e0   0x080109e0   0x000000d2   Code   RO          663    .text.UART_WaitOnFlagUntilTimeout  lto-llvm-a7bcd1.o
    0x08010ab2   0x08010ab2   0x00000002   PAD
    0x08010ab4   0x08010ab4   0x00000096   Code   RO          369    .text.USART2_IRQHandler  lto-llvm-a7bcd1.o
    0x08010b4a   0x08010b4a   0x00000002   PAD
    0x08010b4c   0x08010b4c   0x00000004   Code   RO          499    .text.UsageFault_Handler  lto-llvm-a7bcd1.o
    0x08010b50   0x08010b50   0x00000032   Code   RO          711    .text.__NVIC_EnableIRQ  lto-llvm-a7bcd1.o
    0x08010b82   0x08010b82   0x00000002   PAD
    0x08010b84   0x08010b84   0x00000010   Code   RO          703    .text.__NVIC_GetPriorityGrouping  lto-llvm-a7bcd1.o
    0x08010b94   0x08010b94   0x00000042   Code   RO          707    .text.__NVIC_SetPriority  lto-llvm-a7bcd1.o
    0x08010bd6   0x08010bd6   0x00000002   PAD
    0x08010bd8   0x08010bd8   0x0000003c   Code   RO          699    .text.__NVIC_SetPriorityGrouping  lto-llvm-a7bcd1.o
    0x08010c14   0x08010c14   0x00000078   Code   RO          343    .text.ano_addcheck  lto-llvm-a7bcd1.o
    0x08010c8c   0x08010c8c   0x0000008e   Code   RO          361    .text.ano_check     lto-llvm-a7bcd1.o
    0x08010d1a   0x08010d1a   0x00000002   PAD
    0x08010d1c   0x08010d1c   0x0000001c   Code   RO          445    .text.assert_failed  lto-llvm-a7bcd1.o
    0x08010d38   0x08010d38   0x0000001a   Code   RO          443    .text.fputc         lto-llvm-a7bcd1.o
    0x08010d52   0x08010d52   0x00000002   PAD
    0x08010d54   0x08010d54   0x00000016   Code   RO          331    .text.main          lto-llvm-a7bcd1.o
    0x08010d6a   0x08010d6a   0x00000002   PAD
    0x08010d6c   0x08010d6c   0x00000020   Code   RO          229    i.__0printf         mc_w.l(printfa.o)
    0x08010d8c   0x08010d8c   0x00000026   Code   RO          256    i.__ARM_fpclassifyf  m_wm.l(fpclassifyf.o)
    0x08010db2   0x08010db2   0x00000002   PAD
    0x08010db4   0x08010db4   0x000002ac   Code   RO          206    i.__hardfp_atan2f   m_wm.l(atan2f.o)
    0x08011060   0x08011060   0x00000664   Code   RO          212    i.__hardfp_powf     m_wm.l(powf.o)
    0x080116c4   0x080116c4   0x0000003a   Code   RO          219    i.__hardfp_sqrtf    m_wm.l(sqrtf.o)
    0x080116fe   0x080116fe   0x00000002   PAD
    0x08011700   0x08011700   0x00000014   Code   RO          258    i.__mathlib_flt_divzero  m_wm.l(funder.o)
    0x08011714   0x08011714   0x00000006   Code   RO          260    i.__mathlib_flt_infnan2  m_wm.l(funder.o)
    0x0801171a   0x0801171a   0x00000002   PAD
    0x0801171c   0x0801171c   0x00000010   Code   RO          261    i.__mathlib_flt_invalid  m_wm.l(funder.o)
    0x0801172c   0x0801172c   0x00000010   Code   RO          262    i.__mathlib_flt_overflow  m_wm.l(funder.o)
    0x0801173c   0x0801173c   0x00000010   Code   RO          264    i.__mathlib_flt_underflow  m_wm.l(funder.o)
    0x0801174c   0x0801174c   0x0000000e   Code   RO          890    i.__scatterload_copy  mc_w.l(handlers.o)
    0x0801175a   0x0801175a   0x00000002   Code   RO          891    i.__scatterload_null  mc_w.l(handlers.o)
    0x0801175c   0x0801175c   0x0000000e   Code   RO          892    i.__scatterload_zeroinit  mc_w.l(handlers.o)
    0x0801176a   0x0801176a   0x00000002   PAD
    0x0801176c   0x0801176c   0x0000000c   Code   RO          302    i.__set_errno       mc_w.l(errno.o)
    0x08011778   0x08011778   0x00000184   Code   RO          236    i._fp_digits        mc_w.l(printfa.o)
    0x080118fc   0x080118fc   0x000006dc   Code   RO          237    i._printf_core      mc_w.l(printfa.o)
    0x08011fd8   0x08011fd8   0x00000024   Code   RO          238    i._printf_post_padding  mc_w.l(printfa.o)
    0x08011ffc   0x08011ffc   0x0000002e   Code   RO          239    i._printf_pre_padding  mc_w.l(printfa.o)
    0x0801202a   0x0801202a   0x00000002   PAD
    0x0801202c   0x0801202c   0x00000804   Data   RO          183    .constdata          arm_cortexM4lf_math.lib(arm_common_tables.o)
    0x08012830   0x08012830   0x00000140   Data   RO          215    .constdata          m_wm.l(powf.o)
    0x08012970   0x08012970   0x000001b6   Data   RO          862    .rodata             lto-llvm-a7bcd1.o
    0x08012b26   0x08012b26   0x00000010   Data   RO          864    .rodata.cst16       lto-llvm-a7bcd1.o
    0x08012b36   0x08012b36   0x00000010   Data   RO          865    .rodata.cst8        lto-llvm-a7bcd1.o
    0x08012b46   0x08012b46   0x0000045c   Data   RO          861    .rodata.str1.1      lto-llvm-a7bcd1.o
    0x08012fa2   0x08012fa2   0x00000002   PAD
    0x08012fa4   0x08012fa4   0x00000020   Data   RO          889    Region$$Table       anon$$obj.o


    Execution Region RW_IRAM1 (Exec base: 0x20000000, Load base: 0x08012fc8, Size: 0x00002d30, Max: 0x00018000, ABSOLUTE)

    Exec Addr    Load Addr    Size         Type   Attr      Idx    E Section Name        Object

    0x20000000   0x08012fc8   0x00000004   Data   RW          286    .data               mc_w.l(stdout.o)
    0x20000004   0x08012fcc   0x00000004   Data   RW          303    .data               mc_w.l(errno.o)
    0x20000008   0x08012fd0   0x00000068   Data   RW          863    .data               lto-llvm-a7bcd1.o
    0x20000070        -       0x000028c0   Zero   RW          859    .bss                lto-llvm-a7bcd1.o
    0x20002930        -       0x00000400   Zero   RW           17    STACK               startup_stm32f401xe.o


==============================================================================

Image component sizes


      Code (inc. data)   RO Data    RW Data    ZI Data      Debug   Object Name

     66082        206       1586        104      10432     124799   lto-llvm-a7bcd1.o
       308         34          0          0          0        308   os_cpu_a.o
        36          8        404          0       1024        816   startup_stm32f401xe.o

    ----------------------------------------------------------------------
     66652        248       2024        104      11456     125923   Object Totals
         0          0         32          0          0          0   (incl. Generated)
       226          0          2          0          0          0   (incl. Padding)

    ----------------------------------------------------------------------

      Code (inc. data)   RO Data    RW Data    ZI Data      Debug   Library Member Name

         0          0       2052          0          0       4704   arm_common_tables.o
        56          0          0          0          0        643   arm_pid_init_f32.o
       148         18          0          0          0      18682   arm_sin_f32.o
       684         90          0          0          0        208   atan2f.o
        38          0          0          0          0        116   fpclassifyf.o
        74         24          0          0          0        580   funder.o
      1636        110        320          0          0        372   powf.o
        58          0          0          0          0        136   sqrtf.o
         0          0          0          0          0          0   entry.o
         0          0          0          0          0          0   entry10a.o
         0          0          0          0          0          0   entry11a.o
         8          4          0          0          0          0   entry2.o
         4          0          0          0          0          0   entry5.o
         0          0          0          0          0          0   entry7b.o
         0          0          0          0          0          0   entry8b.o
         8          4          0          0          0          0   entry9a.o
        12          6          0          4          0         68   errno.o
        30          0          0          0          0          0   handlers.o
        36          8          0          0          0         68   init.o
         0          0          0          0          0          0   iusefp.o
        30          0          0          0          0         68   llshl.o
        36          0          0          0          0         68   llsshr.o
        32          0          0          0          0         68   llushr.o
        36          0          0          0          0         68   memcpya.o
        36          0          0          0          0        108   memseta.o
      2258         90          0          0          0        452   printfa.o
         0          0          0          4          0          0   stdout.o
        44          0          0          0          0         80   uidiv.o
        98          0          0          0          0         92   uldiv.o
        48          0          0          0          0         68   cdrcmple.o
       334          0          0          0          0        148   dadd.o
       222          0          0          0          0        100   ddiv.o
       186          0          0          0          0        176   depilogue.o
        62          0          0          0          0         80   dfixi.o
        48          0          0          0          0         68   dfixul.o
        34          0          0          0          0         76   dflti.o
       228          0          0          0          0         96   dmul.o
        38          0          0          0          0         68   f2d.o
       110          0          0          0          0        168   fepilogue.o
        28          0          0          0          0         84   ffltul.o
         4          0          0          0          0         68   fpstat.o

    ----------------------------------------------------------------------
      6716        354       2372          8          0      27781   Library Totals
        12          0          0          0          0          0   (incl. Padding)

    ----------------------------------------------------------------------

      Code (inc. data)   RO Data    RW Data    ZI Data      Debug   Library Name

       204         18       2052          0          0      24029   arm_cortexM4lf_math.lib
      2490        224        320          0          0       1412   m_wm.l
      2668        112          0          8          0       1140   mc_w.l
      1342          0          0          0          0       1200   mf_w.l

    ----------------------------------------------------------------------
      6716        354       2372          8          0      27781   Library Totals

    ----------------------------------------------------------------------

==============================================================================


      Code (inc. data)   RO Data    RW Data    ZI Data      Debug   

     73368        602       4396        112      11456     151812   Grand Totals
     73368        602       4396        112      11456     151812   ELF Image Totals
     73368        602       4396        112          0          0   ROM Totals

==============================================================================

    Total RO  Size (Code + RO Data)                77764 (  75.94kB)
    Total RW  Size (RW Data + ZI Data)             11568 (  11.30kB)
    Total ROM Size (Code + RO Data + RW Data)      77876 (  76.05kB)

==============================================================================

