Component: ARM Compiler 6.16 Tool: armlink [5dfeaa00]

==============================================================================

Section Cross References

    startup_stm32f401xe.o(RESET) refers to startup_stm32f401xe.o(STACK) for __initial_sp
    startup_stm32f401xe.o(RESET) refers to startup_stm32f401xe.o(.text) for Reset_Handler
    startup_stm32f401xe.o(RESET) refers to lto-llvm-a1b212.o(.text.NMI_Handler) for NMI_Handler
    startup_stm32f401xe.o(RESET) refers to lto-llvm-a1b212.o(.text.HardFault_Handler) for HardFault_Handler
    startup_stm32f401xe.o(RESET) refers to lto-llvm-a1b212.o(.text.MemManage_Handler) for MemManage_Handler
    startup_stm32f401xe.o(RESET) refers to lto-llvm-a1b212.o(.text.BusFault_Handler) for BusFault_Handler
    startup_stm32f401xe.o(RESET) refers to lto-llvm-a1b212.o(.text.UsageFault_Handler) for UsageFault_Handler
    startup_stm32f401xe.o(RESET) refers to lto-llvm-a1b212.o(.text.SVC_Handler) for SVC_Handler
    startup_stm32f401xe.o(RESET) refers to lto-llvm-a1b212.o(.text.DebugMon_Handler) for DebugMon_Handler
    startup_stm32f401xe.o(RESET) refers to os_cpu_a.o(.text) for PendSV_Handler
    startup_stm32f401xe.o(RESET) refers to lto-llvm-a1b212.o(.text.SysTick_Handler) for SysTick_Handler
    startup_stm32f401xe.o(RESET) refers to lto-llvm-a1b212.o(.text.DMA1_Stream6_IRQHandler) for DMA1_Stream6_IRQHandler
    startup_stm32f401xe.o(RESET) refers to lto-llvm-a1b212.o(.text.TIM1_UP_TIM10_IRQHandler) for TIM1_UP_TIM10_IRQHandler
    startup_stm32f401xe.o(RESET) refers to lto-llvm-a1b212.o(.text.TIM1_CC_IRQHandler) for TIM1_CC_IRQHandler
    startup_stm32f401xe.o(RESET) refers to lto-llvm-a1b212.o(.text.TIM2_IRQHandler) for TIM2_IRQHandler
    startup_stm32f401xe.o(RESET) refers to lto-llvm-a1b212.o(.text.USART2_IRQHandler) for USART2_IRQHandler
    startup_stm32f401xe.o(.text) refers to lto-llvm-a1b212.o(.text.SystemInit) for SystemInit
    startup_stm32f401xe.o(.text) refers to entry.o(.ARM.Collect$$$$00000000) for __main
    os_cpu_a.o(.text) refers to lto-llvm-a1b212.o(.bss) for OS_KA_BASEPRI_Boundary
    os_cpu_a.o(.text) refers to lto-llvm-a1b212.o(.text.OSTaskSwHook) for OSTaskSwHook
    arm_cos_f32.o(.text) refers to arm_common_tables.o(.constdata) for sinTable_f32
    arm_sin_f32.o(.text) refers to arm_common_tables.o(.constdata) for sinTable_f32
    asinf.o(i.__hardfp_asinf) refers (Special) to iusefp.o(.text) for __I$use$fp
    asinf.o(i.__hardfp_asinf) refers to sqrtf.o(i.sqrtf) for sqrtf
    asinf.o(i.__hardfp_asinf) refers to fpclassifyf.o(i.__ARM_fpclassifyf) for __ARM_fpclassifyf
    asinf.o(i.__hardfp_asinf) refers to funder.o(i.__mathlib_flt_underflow) for __mathlib_flt_underflow
    asinf.o(i.__hardfp_asinf) refers to funder.o(i.__mathlib_flt_infnan) for __mathlib_flt_infnan
    asinf.o(i.__hardfp_asinf) refers to errno.o(i.__set_errno) for __set_errno
    asinf.o(i.__hardfp_asinf) refers to funder.o(i.__mathlib_flt_invalid) for __mathlib_flt_invalid
    asinf.o(i.__softfp_asinf) refers (Special) to iusefp.o(.text) for __I$use$fp
    asinf.o(i.__softfp_asinf) refers to asinf.o(i.__hardfp_asinf) for __hardfp_asinf
    asinf.o(i.asinf) refers (Special) to iusefp.o(.text) for __I$use$fp
    asinf.o(i.asinf) refers to asinf.o(i.__hardfp_asinf) for __hardfp_asinf
    atan2f.o(i.__hardfp_atan2f) refers (Special) to iusefp.o(.text) for __I$use$fp
    atan2f.o(i.__hardfp_atan2f) refers to fpclassifyf.o(i.__ARM_fpclassifyf) for __ARM_fpclassifyf
    atan2f.o(i.__hardfp_atan2f) refers to funder.o(i.__mathlib_flt_underflow) for __mathlib_flt_underflow
    atan2f.o(i.__hardfp_atan2f) refers to errno.o(i.__set_errno) for __set_errno
    atan2f.o(i.__hardfp_atan2f) refers to funder.o(i.__mathlib_flt_infnan2) for __mathlib_flt_infnan2
    atan2f.o(i.__softfp_atan2f) refers (Special) to iusefp.o(.text) for __I$use$fp
    atan2f.o(i.__softfp_atan2f) refers to atan2f.o(i.__hardfp_atan2f) for __hardfp_atan2f
    atan2f.o(i.atan2f) refers (Special) to iusefp.o(.text) for __I$use$fp
    atan2f.o(i.atan2f) refers to atan2f.o(i.__hardfp_atan2f) for __hardfp_atan2f
    powf.o(i.__hardfp_powf) refers (Special) to iusefp.o(.text) for __I$use$fp
    powf.o(i.__hardfp_powf) refers to fpstat.o(.text) for __ieee_status
    powf.o(i.__hardfp_powf) refers to errno.o(i.__set_errno) for __set_errno
    powf.o(i.__hardfp_powf) refers to funder.o(i.__mathlib_flt_overflow) for __mathlib_flt_overflow
    powf.o(i.__hardfp_powf) refers to fpclassifyf.o(i.__ARM_fpclassifyf) for __ARM_fpclassifyf
    powf.o(i.__hardfp_powf) refers to funder.o(i.__mathlib_flt_underflow) for __mathlib_flt_underflow
    powf.o(i.__hardfp_powf) refers to funder.o(i.__mathlib_flt_invalid) for __mathlib_flt_invalid
    powf.o(i.__hardfp_powf) refers to powf.o(.constdata) for .constdata
    powf.o(i.__hardfp_powf) refers to funder.o(i.__mathlib_flt_infnan2) for __mathlib_flt_infnan2
    powf.o(i.__hardfp_powf) refers to funder.o(i.__mathlib_flt_divzero) for __mathlib_flt_divzero
[...]
    i.__ARM_fpclassifyf                      0x08011e0c   Section        0  fpclassifyf.o(i.__ARM_fpclassifyf)
    i.__hardfp_asinf                         0x08011e34   Section        0  asinf.o(i.__hardfp_asinf)
    i.__hardfp_atan2f                        0x08011f60   Section        0  atan2f.o(i.__hardfp_atan2f)
    i.__hardfp_powf                          0x0801220c   Section        0  powf.o(i.__hardfp_powf)
    i.__hardfp_sqrtf                         0x08012870   Section        0  sqrtf.o(i.__hardfp_sqrtf)
    i.__mathlib_flt_divzero                  0x080128ac   Section        0  funder.o(i.__mathlib_flt_divzero)
    i.__mathlib_flt_infnan                   0x080128c0   Section        0  funder.o(i.__mathlib_flt_infnan)
    i.__mathlib_flt_infnan2                  0x080128c6   Section        0  funder.o(i.__mathlib_flt_infnan2)
    i.__mathlib_flt_invalid                  0x080128cc   Section        0  funder.o(i.__mathlib_flt_invalid)
    i.__mathlib_flt_overflow                 0x080128dc   Section        0  funder.o(i.__mathlib_flt_overflow)
    i.__mathlib_flt_underflow                0x080128ec   Section        0  funder.o(i.__mathlib_flt_underflow)
    i.__scatterload_copy                     0x080128fc   Section       14  handlers.o(i.__scatterload_copy)
    i.__scatterload_null                     0x0801290a   Section        2  handlers.o(i.__scatterload_null)
    i.__scatterload_zeroinit                 0x0801290c   Section       14  handlers.o(i.__scatterload_zeroinit)
    i.__set_errno                            0x0801291c   Section        0  errno.o(i.__set_errno)
    _fp_digits                               0x08012929   Thumb Code   366  printfa.o(i._fp_digits)
    i._fp_digits                             0x08012928   Section        0  printfa.o(i._fp_digits)
    _printf_core                             0x08012aad   Thumb Code  1744  printfa.o(i._printf_core)
    i._printf_core                           0x08012aac   Section        0  printfa.o(i._printf_core)
    _printf_post_padding                     0x08013189   Thumb Code    36  printfa.o(i._printf_post_padding)
    i._printf_post_padding                   0x08013188   Section        0  printfa.o(i._printf_post_padding)
    _printf_pre_padding                      0x080131ad   Thumb Code    46  printfa.o(i._printf_pre_padding)
    i._printf_pre_padding                    0x080131ac   Section        0  printfa.o(i._printf_pre_padding)
    i.sqrtf                                  0x080131da   Section        0  sqrtf.o(i.sqrtf)
    .constdata                               0x08013218   Section     2052  arm_common_tables.o(.constdata)
    table                                    0x08013a1c   Data         128  powf.o(.constdata)
    .constdata                               0x08013a1c   Section      320  powf.o(.constdata)
    powersof2to1over16top                    0x08013a9c   Data          64  powf.o(.constdata)
    powersof2to1over16bot                    0x08013adc   Data          64  powf.o(.constdata)
    powersof2to1over16all                    0x08013b1c   Data          64  powf.o(.constdata)
    TIM_CHANNEL                              0x08013b5c   Data          28  lto-llvm-a1b212.o(.rodata)
    [Anonymous Symbol]                       0x08013b5c   Section        0  lto-llvm-a1b212.o(.rodata)
    TIM_FLAG                                 0x08013b78   Data          28  lto-llvm-a1b212.o(.rodata)
    .L__const.HMC_Calibration.mag_max        0x08013b94   Data           6  lto-llvm-a1b212.o(.rodata)
    .L__const.HMC_Calibration.mag_min        0x08013b9a   Data           6  lto-llvm-a1b212.o(.rodata)
    OSDebugEn                                0x08013ba0   Data           2  lto-llvm-a1b212.o(.rodata)
    OSEndiannessTest                         0x08013ba4   Data           4  lto-llvm-a1b212.o(.rodata)
    OSEventEn                                0x08013ba8   Data           2  lto-llvm-a1b212.o(.rodata)
    OSEventMax                               0x08013baa   Data           2  lto-llvm-a1b212.o(.rodata)
    OSEventNameEn                            0x08013bac   Data           2  lto-llvm-a1b212.o(.rodata)
    OSEventSize                              0x08013bae   Data           2  lto-llvm-a1b212.o(.rodata)
    OSEventTblSize                           0x08013bb0   Data           2  lto-llvm-a1b212.o(.rodata)
    OSEventMultiEn                           0x08013bb2   Data           2  lto-llvm-a1b212.o(.rodata)
    OSFlagEn                                 0x08013bb4   Data           2  lto-llvm-a1b212.o(.rodata)
    OSFlagGrpSize                            0x08013bb6   Data           2  lto-llvm-a1b212.o(.rodata)
    OSFlagNodeSize                           0x08013bb8   Data           2  lto-llvm-a1b212.o(.rodata)
    OSFlagWidth                              0x08013bba   Data           2  lto-llvm-a1b212.o(.rodata)
    OSFlagMax                                0x08013bbc   Data           2  lto-llvm-a1b212.o(.rodata)
    OSFlagNameEn                             0x08013bbe   Data           2  lto-llvm-a1b212.o(.rodata)
    OSLowestPrio                             0x08013bc0   Data           2  lto-llvm-a1b212.o(.rodata)
    OSMboxEn                                 0x08013bc2   Data           2  lto-llvm-a1b212.o(.rodata)
    OSMemEn                                  0x08013bc4   Data           2  lto-llvm-a1b212.o(.rodata)
    OSMemMax                                 0x08013bc6   Data           2  lto-llvm-a1b212.o(.rodata)
    OSMemNameEn                              0x08013bc8   Data           2  lto-llvm-a1b212.o(.rodata)
    OSMemSize                                0x08013bca   Data           2  lto-llvm-a1b212.o(.rodata)
    OSMemTblSize                             0x08013bcc   Data           2  lto-llvm-a1b212.o(.rodata)
    OSMutexEn                                0x08013bce   Data           2  lto-llvm-a1b212.o(.rodata)
    OSPtrSize                                0x08013bd0   Data           2  lto-llvm-a1b212.o(.rodata)
    OSQEn                                    0x08013bd2   Data           2  lto-llvm-a1b212.o(.rodata)
    OSQMax                                   0x08013bd4   Data           2  lto-llvm-a1b212.o(.rodata)
    OSQSize                                  0x08013bd6   Data           2  lto-llvm-a1b212.o(.rodata)
    OSRdyTblSize                             0x08013bd8   Data           2  lto-llvm-a1b212.o(.rodata)
    OSSemEn                                  0x08013bda   Data           2  lto-llvm-a1b212.o(.rodata)
    OSStkWidth                               0x08013bdc   Data           2  lto-llvm-a1b212.o(.rodata)
    OSTaskCreateEn                           0x08013bde   Data           2  lto-llvm-a1b212.o(.rodata)
    OSTaskCreateExtEn                        0x08013be0   Data           2  lto-llvm-a1b212.o(.rodata)
    OSTaskDelEn                              0x08013be2   Data           2  lto-llvm-a1b212.o(.rodata)
    OSTaskIdleStkSize                        0x08013be4   Data           2  lto-llvm-a1b212.o(.rodata)
    OSTaskProfileEn                          0x08013be6   Data           2  lto-llvm-a1b212.o(.rodata)
    OSTaskMax                                0x08013be8   Data           2  lto-llvm-a1b212.o(.rodata)
    OSTaskNameEn                             0x08013bea   Data           2  lto-llvm-a1b212.o(.rodata)
    OSTaskStatEn                             0x08013bec   Data           2  lto-llvm-a1b212.o(.rodata)
    OSTaskStatStkSize                        0x08013bee   Data           2  lto-llvm-a1b212.o(.rodata)
    OSTaskStatStkChkEn                       0x08013bf0   Data           2  lto-llvm-a1b212.o(.rodata)
    OSTaskSwHookEn                           0x08013bf2   Data           2  lto-llvm-a1b212.o(.rodata)
    OSTCBPrioTblMax                          0x08013bf4   Data           2  lto-llvm-a1b212.o(.rodata)
    OSTCBSize                                0x08013bf6   Data           2  lto-llvm-a1b212.o(.rodata)
    OSTicksPerSec                            0x08013bf8   Data           2  lto-llvm-a1b212.o(.rodata)
    OSTimeTickHookEn                         0x08013bfa   Data           2  lto-llvm-a1b212.o(.rodata)
    OSVersionNbr                             0x08013bfc   Data           2  lto-llvm-a1b212.o(.rodata)
    OSTmrEn                                  0x08013bfe   Data           2  lto-llvm-a1b212.o(.rodata)
    OSTmrCfgMax                              0x08013c00   Data           2  lto-llvm-a1b212.o(.rodata)
    OSTmrCfgNameEn                           0x08013c02   Data           2  lto-llvm-a1b212.o(.rodata)
    OSTmrCfgWheelSize                        0x08013c04   Data           2  lto-llvm-a1b212.o(.rodata)
    OSTmrCfgTicksPerSec                      0x08013c06   Data           2  lto-llvm-a1b212.o(.rodata)
    OSTmrSize                                0x08013c08   Data           2  lto-llvm-a1b212.o(.rodata)
    OSTmrTblSize                             0x08013c0a   Data           2  lto-llvm-a1b212.o(.rodata)
    OSTmrWheelSize                           0x08013c0c   Data           2  lto-llvm-a1b212.o(.rodata)
    OSTmrWheelTblSize                        0x08013c0e   Data           2  lto-llvm-a1b212.o(.rodata)
    OSDataSize                               0x08013c10   Data           2  lto-llvm-a1b212.o(.rodata)
    OSUnMapTbl                               0x08013c12   Data         256  lto-llvm-a1b212.o(.rodata)
    AHBPrescTable                            0x08013d12   Data          16  lto-llvm-a1b212.o(.rodata.cst16)
    [Anonymous Symbol]                       0x08013d12   Section        0  lto-llvm-a1b212.o(.rodata.cst16)
    APBPrescTable                            0x08013d22   Data           8  lto-llvm-a1b212.o(.rodata.cst8)
    [Anonymous Symbol]                       0x08013d22   Section        0  lto-llvm-a1b212.o(.rodata.cst8)
    DMA_CalcBaseAndBitshift.flagBitshiftOffset 0x08013d2a   Data           8  lto-llvm-a1b212.o(.rodata.cst8)
    .L.str.1.44                              0x08013d32   Data          45  lto-llvm-a1b212.o(.rodata.str1.1)
    [Anonymous Symbol]                       0x08013d32   Section        0  lto-llvm-a1b212.o(.rodata.str1.1)
    .L.str.14                                0x08013d5f   Data          14  lto-llvm-a1b212.o(.rodata.str1.1)
    .L.str.17                                0x08013d6d   Data          60  lto-llvm-a1b212.o(.rodata.str1.1)
    .L.str.6                                 0x08013da9   Data          44  lto-llvm-a1b212.o(.rodata.str1.1)
    .L.str.11                                0x08013dd5   Data          20  lto-llvm-a1b212.o(.rodata.str1.1)
    .L.str.12                                0x08013de9   Data          20  lto-llvm-a1b212.o(.rodata.str1.1)
    .L.str.7                                 0x08013dfd   Data          20  lto-llvm-a1b212.o(.rodata.str1.1)
    .L.str.1                                 0x08013e11   Data          18  lto-llvm-a1b212.o(.rodata.str1.1)
    .L.str.2                                 0x08013e23   Data          40  lto-llvm-a1b212.o(.rodata.str1.1)
    .L.str.10                                0x08013e4b   Data          29  lto-llvm-a1b212.o(.rodata.str1.1)
    .L.str.28                                0x08013e68   Data          28  lto-llvm-a1b212.o(.rodata.str1.1)
    .L.str.18                                0x08013e84   Data          24  lto-llvm-a1b212.o(.rodata.str1.1)
    .L.str.19                                0x08013e9c   Data          24  lto-llvm-a1b212.o(.rodata.str1.1)
    .L.str.20                                0x08013eb4   Data          24  lto-llvm-a1b212.o(.rodata.str1.1)
    .L.str.23                                0x08013ecc   Data          23  lto-llvm-a1b212.o(.rodata.str1.1)
    .L.str.21                                0x08013ee3   Data          25  lto-llvm-a1b212.o(.rodata.str1.1)
    .L.str.43                                0x08013efc   Data          19  lto-llvm-a1b212.o(.rodata.str1.1)
    .L.str.24                                0x08013f0f   Data           9  lto-llvm-a1b212.o(.rodata.str1.1)
    .L.str.25                                0x08013f18   Data           9  lto-llvm-a1b212.o(.rodata.str1.1)
    .L.str.15                                0x08013f21   Data          14  lto-llvm-a1b212.o(.rodata.str1.1)
    .L.str.16                                0x08013f2f   Data          16  lto-llvm-a1b212.o(.rodata.str1.1)
    .L.str.26                                0x08013f3f   Data          26  lto-llvm-a1b212.o(.rodata.str1.1)
    .L.str.27                                0x08013f59   Data          25  lto-llvm-a1b212.o(.rodata.str1.1)
    .L.str.22                                0x08013f72   Data          22  lto-llvm-a1b212.o(.rodata.str1.1)
    .L.str.13                                0x08013f88   Data          14  lto-llvm-a1b212.o(.rodata.str1.1)
    .L.str                                   0x08013f96   Data          26  lto-llvm-a1b212.o(.rodata.str1.1)
    .L.str.229                               0x08013fb0   Data           2  lto-llvm-a1b212.o(.rodata.str1.1)
    .L.str.124                               0x08013fb2   Data          31  lto-llvm-a1b212.o(.rodata.str1.1)
    .L.str.143                               0x08013fd1   Data          31  lto-llvm-a1b212.o(.rodata.str1.1)
    .L.str.157                               0x08013ff0   Data          31  lto-llvm-a1b212.o(.rodata.str1.1)
    .L.str.112                               0x0801400f   Data          31  lto-llvm-a1b212.o(.rodata.str1.1)
    .L.str.167                               0x0801402e   Data          31  lto-llvm-a1b212.o(.rodata.str1.1)
    .L.str.136                               0x0801404d   Data          32  lto-llvm-a1b212.o(.rodata.str1.1)
    .L.str.199                               0x0801406d   Data          32  lto-llvm-a1b212.o(.rodata.str1.1)
    .L.str.186                               0x0801408d   Data          34  lto-llvm-a1b212.o(.rodata.str1.1)
    .L.str.208                               0x080140af   Data          34  lto-llvm-a1b212.o(.rodata.str1.1)
    .L.str.3.238                             0x080140d1   Data          14  lto-llvm-a1b212.o(.rodata.str1.1)
    .L__const.ANO_Task.string                0x080140df   Data          35  lto-llvm-a1b212.o(.rodata.str1.1)
    .L.str.1.230                             0x08014102   Data          17  lto-llvm-a1b212.o(.rodata.str1.1)
    .L.str.2.231                             0x08014113   Data          19  lto-llvm-a1b212.o(.rodata.str1.1)
    .L.str.5.234                             0x08014126   Data          13  lto-llvm-a1b212.o(.rodata.str1.1)
    .L.str.4.235                             0x08014133   Data          14  lto-llvm-a1b212.o(.rodata.str1.1)
    .data                                    0x20000000   Section        4  stdout.o(.data)
    _errno                                   0x20000004   Data           4  errno.o(.data)
    .data                                    0x20000004   Section        4  errno.o(.data)
    sampleFreq                               0x20000008   Data           4  lto-llvm-a1b212.o(.data)
    [Anonymous Symbol]                       0x20000008   Section        0  lto-llvm-a1b212.o(.data)
    magScale                                 0x2000000c   Data          12  lto-llvm-a1b212.o(.data)
    beta                                     0x20000018   Data           4  lto-llvm-a1b212.o(.data)
    q0                                       0x2000001c   Data           4  lto-llvm-a1b212.o(.data)
    PID_angle_roll                           0x20000020   Data          36  lto-llvm-a1b212.o(.data)
    PID_rate_roll                            0x20000044   Data          36  lto-llvm-a1b212.o(.data)
    PID_angle_pitch                          0x20000068   Data          36  lto-llvm-a1b212.o(.data)
    PID_rate_pitch                           0x2000008c   Data          36  lto-llvm-a1b212.o(.data)
    PID_rate_yaw                             0x200000b0   Data          36  lto-llvm-a1b212.o(.data)
    PID_speed_altitude                       0x200000d4   Data          36  lto-llvm-a1b212.o(.data)
    SystemCoreClock                          0x200000f8   Data           4  lto-llvm-a1b212.o(.data)
    uwTickPrio                               0x200000fc   Data           4  lto-llvm-a1b212.o(.data)
    P.0.0                                    0x20000100   Data           4  lto-llvm-a1b212.o(.data)
    P.1.1                                    0x20000104   Data           4  lto-llvm-a1b212.o(.data)
    START_TASK_STK                           0x20000108   Data         512  lto-llvm-a1b212.o(.bss)
    [Anonymous Symbol]                       0x20000108   Section        0  lto-llvm-a1b212.o(.bss)
    ANO_TASK_STK                             0x20000308   Data         512  lto-llvm-a1b212.o(.bss)
    FLIGHT_TASK_STK                          0x20000508   Data        1024  lto-llvm-a1b212.o(.bss)
    deltaTick                                0x20000908   Data           4  lto-llvm-a1b212.o(.bss)
    ANO_Task.count                           0x2000090c   Data           1  lto-llvm-a1b212.o(.bss)
    ANO_Task.data                            0x2000090d   Data         300  lto-llvm-a1b212.o(.bss)
    ParamList                                0x20000a3c   Data         800  lto-llvm-a1b212.o(.bss)
    data                                     0x20000d5c   Data         100  lto-llvm-a1b212.o(.bss)
    ANO_Receive_Prepare.state                0x20000dc0   Data           1  lto-llvm-a1b212.o(.bss)
    ANO_Receive_Prepare.data                 0x20000dc1   Data          50  lto-llvm-a1b212.o(.bss)
    ANO_Receive_Prepare.cnt                  0x20000df3   Data           1  lto-llvm-a1b212.o(.bss)
    gyroFilterLPF                            0x20000df4   Data          84  lto-llvm-a1b212.o(.bss)
    accelFilterLPF                           0x20000e48   Data          84  lto-llvm-a1b212.o(.bss)
    MOTOR_Control.M1                         0x20000e9c   Data           2  lto-llvm-a1b212.o(.bss)
    MOTOR_Control.M2                         0x20000e9e   Data           2  lto-llvm-a1b212.o(.bss)
    MOTOR_Control.M3                         0x20000ea0   Data           2  lto-llvm-a1b212.o(.bss)
    MOTOR_Control.M4                         0x20000ea2   Data           2  lto-llvm-a1b212.o(.bss)
    ucount                                   0x20000ea4   Data           7  lto-llvm-a1b212.o(.bss)
    rvalue                                   0x20000eac   Data          28  lto-llvm-a1b212.o(.bss)
    mode                                     0x20000ec8   Data           1  lto-llvm-a1b212.o(.bss)
    rstate                                   0x20000ec9   Data           7  lto-llvm-a1b212.o(.bss)
    pvalue                                   0x20000ed0   Data          28  lto-llvm-a1b212.o(.bss)
    accelBias                                0x20000eec   Data          12  lto-llvm-a1b212.o(.bss)
    accel                                    0x20000ef8   Data          12  lto-llvm-a1b212.o(.bss)
    gyroBias                                 0x20000f04   Data          12  lto-llvm-a1b212.o(.bss)
    gyro                                     0x20000f10   Data          12  lto-llvm-a1b212.o(.bss)
    temperature                              0x20000f1c   Data           4  lto-llvm-a1b212.o(.bss)
    initialAltitude                          0x20000f20   Data           4  lto-llvm-a1b212.o(.bss)
    altitude                                 0x20000f24   Data           4  lto-llvm-a1b212.o(.bss)
    voltage                                  0x20000f28   Data           4  lto-llvm-a1b212.o(.bss)
    msPROM                                   0x20000f2c   Data          16  lto-llvm-a1b212.o(.bss)
    magBias                                  0x20000f3c   Data          12  lto-llvm-a1b212.o(.bss)
    MS_ReadPressure.state                    0x20000f48   Data           1  lto-llvm-a1b212.o(.bss)
    MS_ReadPressure.D1                       0x20000f4c   Data           4  lto-llvm-a1b212.o(.bss)
    MS_ReadPressure.D2                       0x20000f50   Data           4  lto-llvm-a1b212.o(.bss)
    MS_ReadADC.rawData                       0x20000f54   Data           3  lto-llvm-a1b212.o(.bss)
    SENSOR_Update.accelCount                 0x20000f58   Data           6  lto-llvm-a1b212.o(.bss)
    SENSOR_Update.gyroCount                  0x20000f5e   Data           6  lto-llvm-a1b212.o(.bss)
    SENSOR_Update.pressure                   0x20000f64   Data           4  lto-llvm-a1b212.o(.bss)
    MPU_ReadTemp.rawData                     0x20000f68   Data           2  lto-llvm-a1b212.o(.bss)
    MPU_ReadGyroRaw.rawData                  0x20000f6a   Data           6  lto-llvm-a1b212.o(.bss)
    MPU_ReadAccelRaw.rawData                 0x20000f70   Data           6  lto-llvm-a1b212.o(.bss)
    HMC_ReadMagRaw.rawData                   0x20000f76   Data           6  lto-llvm-a1b212.o(.bss)
    q1                                       0x20000f7c   Data           4  lto-llvm-a1b212.o(.bss)
    q2                                       0x20000f80   Data           4  lto-llvm-a1b212.o(.bss)
    q3                                       0x20000f84   Data           4  lto-llvm-a1b212.o(.bss)
    attitude                                 0x20000f88   Data          12  lto-llvm-a1b212.o(.bss)
    rate_out                                 0x20000f94   Data          16  lto-llvm-a1b212.o(.bss)
    PID_Upadte.count                         0x20000fa4   Data           1  lto-llvm-a1b212.o(.bss)
    vel                                      0x20000fa8   Data          12  lto-llvm-a1b212.o(.bss)
    accelEarth                               0x20000fb4   Data          12  lto-llvm-a1b212.o(.bss)
    pos                                      0x20000fc0   Data          12  lto-llvm-a1b212.o(.bss)
    hadc1                                    0x20000fcc   Data          72  lto-llvm-a1b212.o(.bss)
    hi2c1                                    0x20001014   Data          84  lto-llvm-a1b212.o(.bss)
    htim1                                    0x20001068   Data          72  lto-llvm-a1b212.o(.bss)
    htim2                                    0x200010b0   Data          72  lto-llvm-a1b212.o(.bss)
    htim3                                    0x200010f8   Data          72  lto-llvm-a1b212.o(.bss)
    huart2                                   0x20001140   Data          68  lto-llvm-a1b212.o(.bss)
    hdma_usart2_tx                           0x20001184   Data          96  lto-llvm-a1b212.o(.bss)
    uwTick                                   0x200011e4   Data           4  lto-llvm-a1b212.o(.bss)
    OS_CPU_ExceptStk                         0x200011e8   Data        1024  lto-llvm-a1b212.o(.bss)
    OSTmrCtr                                 0x200015f0   Data           2  lto-llvm-a1b212.o(.bss)
    OSIntNesting                             0x200015f2   Data           1  lto-llvm-a1b212.o(.bss)
    OSLockNesting                            0x200015f3   Data           1  lto-llvm-a1b212.o(.bss)
    OSTCBPrioTbl                             0x200015fc   Data         256  lto-llvm-a1b212.o(.bss)
    OSCtxSwCtr                               0x20001708   Data           4  lto-llvm-a1b212.o(.bss)
    OSIdleCtr                                0x2000170c   Data           4  lto-llvm-a1b212.o(.bss)
    OSIdleCtrMax                             0x20001710   Data           4  lto-llvm-a1b212.o(.bss)
    OSStatRdy                                0x20001714   Data           1  lto-llvm-a1b212.o(.bss)
    OSTime                                   0x20001718   Data           4  lto-llvm-a1b212.o(.bss)
    OSTCBList                                0x2000171c   Data           4  lto-llvm-a1b212.o(.bss)
    OSRdyGrp                                 0x20001720   Data           1  lto-llvm-a1b212.o(.bss)
    OSRdyTbl                                 0x20001721   Data           8  lto-llvm-a1b212.o(.bss)
    OSCPUUsage                               0x20001729   Data           1  lto-llvm-a1b212.o(.bss)
    OSIdleCtrRun                             0x2000172c   Data           4  lto-llvm-a1b212.o(.bss)
    OSTCBFreeList                            0x20001730   Data           4  lto-llvm-a1b212.o(.bss)
    OSTaskCtr                                0x20001734   Data           1  lto-llvm-a1b212.o(.bss)
    OSFlagTbl                                0x20001738   Data          80  lto-llvm-a1b212.o(.bss)
    OSEventFreeList                          0x20001788   Data           4  lto-llvm-a1b212.o(.bss)
    OSMemTbl                                 0x2000178c   Data         120  lto-llvm-a1b212.o(.bss)
    OSQTbl                                   0x20001804   Data          96  lto-llvm-a1b212.o(.bss)
    OSTmrTime                                0x20001864   Data           4  lto-llvm-a1b212.o(.bss)
    OSTmrSemSignal                           0x20001868   Data           4  lto-llvm-a1b212.o(.bss)
    OSTmrTbl                                 0x2000186c   Data         640  lto-llvm-a1b212.o(.bss)
    OSTmrWheelTbl                            0x20001aec   Data          56  lto-llvm-a1b212.o(.bss)
    OSTmrSem                                 0x20001b24   Data           4  lto-llvm-a1b212.o(.bss)
    OSEventTbl                               0x20001b28   Data         240  lto-llvm-a1b212.o(.bss)
    OSTaskStatStk                            0x20001c18   Data         512  lto-llvm-a1b212.o(.bss)
    OSTaskIdleStk                            0x20001e18   Data         512  lto-llvm-a1b212.o(.bss)
    OSTCBTbl                                 0x20002018   Data        2024  lto-llvm-a1b212.o(.bss)
    OSTmrTaskStk                             0x20002800   Data         512  lto-llvm-a1b212.o(.bss)
    set.0                                    0x20002a00   Data           4  lto-llvm-a1b212.o(.bss)
    set.1                                    0x20002a04   Data           4  lto-llvm-a1b212.o(.bss)
    set.2                                    0x20002a08   Data           4  lto-llvm-a1b212.o(.bss)
    set.3                                    0x20002a0c   Data           4  lto-llvm-a1b212.o(.bss)
    angle_out.0                              0x20002a10   Data           4  lto-llvm-a1b212.o(.bss)
    angle_out.1                              0x20002a14   Data           4  lto-llvm-a1b212.o(.bss)
    P.0.1                                    0x20002a18   Data           4  lto-llvm-a1b212.o(.bss)
    P.1.0                                    0x20002a1c   Data           4  lto-llvm-a1b212.o(.bss)
    rMat.0.0                                 0x20002a20   Data           4  lto-llvm-a1b212.o(.bss)
    rMat.0.1                                 0x20002a24   Data           4  lto-llvm-a1b212.o(.bss)
    rMat.0.2                                 0x20002a28   Data           4  lto-llvm-a1b212.o(.bss)
    rMat.1.0                                 0x20002a2c   Data           4  lto-llvm-a1b212.o(.bss)
    rMat.1.1                                 0x20002a30   Data           4  lto-llvm-a1b212.o(.bss)
    rMat.1.2                                 0x20002a34   Data           4  lto-llvm-a1b212.o(.bss)
    rMat.2.0                                 0x20002a38   Data           4  lto-llvm-a1b212.o(.bss)
    rMat.2.1                                 0x20002a3c   Data           4  lto-llvm-a1b212.o(.bss)
    rMat.2.2                                 0x20002a40   Data           4  lto-llvm-a1b212.o(.bss)
    STACK                                    0x20002a48   Section     1024  startup_stm32f401xe.o(STACK)

    Global Symbols

    Symbol Name                              Value     Ov Type        Size  Object(Section)

    BuildAttributes$$THM_ISAv4$E$P$D$K$B$S$7EM$VFPi3$EXTD16$VFPS$VFMA$PE$A:L22UL41UL21$X:L11$S22US41US21$IEEE1$IW$~IW$USESV6$~STKCKD$USESV7$~SHL$OTIME$ROPI$IEEEX$EBA8$MICROLIB$REQ8$PRES8$EABIv2 0x00000000   Number         0  anon$$obj.o ABSOLUTE
    __cpp_initialize__aeabi_                  - Undefined Weak Reference
    __cxa_finalize                            - Undefined Weak Reference
    __decompress                              - Undefined Weak Reference
    _clock_init                               - Undefined Weak Reference
    _microlib_exit                            - Undefined Weak Reference
    __Vectors_Size                           0x00000194   Number         0  startup_stm32f401xe.o ABSOLUTE
    __Vectors                                0x08000000   Data           4  startup_stm32f401xe.o(RESET)
    __Vectors_End                            0x08000194   Data           0  startup_stm32f401xe.o(RESET)
    __main                                   0x08000195   Thumb Code     0  entry.o(.ARM.Collect$$$$00000000)
    _main_stk                                0x08000195   Thumb Code     0  entry2.o(.ARM.Collect$$$$00000001)
    _main_scatterload                        0x08000199   Thumb Code     0  entry5.o(.ARM.Collect$$$$00000004)
    __main_after_scatterload                 0x0800019d   Thumb Code     0  entry5.o(.ARM.Collect$$$$00000004)
    _main_clock                              0x0800019d   Thumb Code     0  entry7b.o(.ARM.Collect$$$$00000008)
    _main_cpp_init                           0x0800019d   Thumb Code     0  entry8b.o(.ARM.Collect$$$$0000000A)
    _main_init                               0x0800019d   Thumb Code     0  entry9a.o(.ARM.Collect$$$$0000000B)
    __rt_final_cpp                           0x080001a5   Thumb Code     0  entry10a.o(.ARM.Collect$$$$0000000D)
    __rt_final_exit                          0x080001a5   Thumb Code     0  entry11a.o(.ARM.Collect$$$$0000000F)
    Reset_Handler                            0x080001a9   Thumb Code     8  startup_stm32f401xe.o(.text)
    ADC_IRQHandler                           0x080001c3   Thumb Code     0  startup_stm32f401xe.o(.text)
    DMA1_Stream0_IRQHandler                  0x080001c3   Thumb Code     0  startup_stm32f401xe.o(.text)
    DMA1_Stream1_IRQHandler                  0x080001c3   Thumb Code     0  startup_stm32f401xe.o(.text)
    DMA1_Stream2_IRQHandler                  0x080001c3   Thumb Code     0  startup_stm32f401xe.o(.text)
    DMA1_Stream3_IRQHandler                  0x080001c3   Thumb Code     0  startup_stm32f401xe.o(.text)
    DMA1_Stream4_IRQHandler                  0x080001c3   Thumb Code     0  startup_stm32f401xe.o(.text)
    DMA1_Stream5_IRQHandler                  0x080001c3   Thumb Code     0  startup_stm32f401xe.o(.text)
    DMA1_Stream7_IRQHandler                  0x080001c3   Thumb Code     0  startup_stm32f401xe.o(.text)
    DMA2_Stream0_IRQHandler                  0x080001c3   Thumb Code     0  startup_stm32f401xe.o(.text)
    DMA2_Stream1_IRQHandler                  0x080001c3   Thumb Code     0  startup_stm32f401xe.o(.text)
    DMA2_Stream2_IRQHandler                  0x080001c3   Thumb Code     0  startup_stm32f401xe.o(.text)
    DMA2_Stream3_IRQHandler                  0x080001c3   Thumb Code     0  startup_stm32f401xe.o(.text)
    DMA2_Stream4_IRQHandler                  0x080001c3   Thumb Code     0  startup_stm32f401xe.o(.text)
    DMA2_Stream5_IRQHandler                  0x080001c3   Thumb Code     0  startup_stm32f401xe.o(.text)
    DMA2_Stream6_IRQHandler                  0x080001c3   Thumb Code     0  startup_stm32f401xe.o(.text)
    DMA2_Stream7_IRQHandler                  0x080001c3   Thumb Code     0  startup_stm32f401xe.o(.text)
    EXTI0_IRQHandler                         0x080001c3   Thumb Code     0  startup_stm32f401xe.o(.text)
    EXTI15_10_IRQHandler                     0x080001c3   Thumb Code     0  startup_stm32f401xe.o(.text)
    EXTI1_IRQHandler                         0x080001c3   Thumb Code     0  startup_stm32f401xe.o(.text)
    EXTI2_IRQHandler                         0x080001c3   Thumb Code     0  startup_stm32f401xe.o(.text)
    EXTI3_IRQHandler                         0x080001c3   Thumb Code     0  startup_stm32f401xe.o(.text)
    EXTI4_IRQHandler                         0x080001c3   Thumb Code     0  startup_stm32f401xe.o(.text)
    EXTI9_5_IRQHandler                       0x080001c3   Thumb Code     0  startup_stm32f401xe.o(.text)
    FLASH_IRQHandler                         0x080001c3   Thumb Code     0  startup_stm32f401xe.o(.text)
    FPU_IRQHandler                           0x080001c3   Thumb Code     0  startup_stm32f401xe.o(.text)
    I2C1_ER_IRQHandler                       0x080001c3   Thumb Code     0  startup_stm32f401xe.o(.text)
    I2C1_EV_IRQHandler                       0x080001c3   Thumb Code     0  startup_stm32f401xe.o(.text)
    I2C2_ER_IRQHandler                       0x080001c3   Thumb Code     0  startup_stm32f401xe.o(.text)
    I2C2_EV_IRQHandler                       0x080001c3   Thumb Code     0  startup_stm32f401xe.o(.text)
    I2C3_ER_IRQHandler                       0x080001c3   Thumb Code     0  startup_stm32f401xe.o(.text)
    I2C3_EV_IRQHandler                       0x080001c3   Thumb Code     0  startup_stm32f401xe.o(.text)
    OTG_FS_IRQHandler                        0x080001c3   Thumb Code     0  startup_stm32f401xe.o(.text)
    OTG_FS_WKUP_IRQHandler                   0x080001c3   Thumb Code     0  startup_stm32f401xe.o(.text)
    PVD_IRQHandler                           0x080001c3   Thumb Code     0  startup_stm32f401xe.o(.text)
    RCC_IRQHandler                           0x080001c3   Thumb Code     0  startup_stm32f401xe.o(.text)
    RTC_Alarm_IRQHandler                     0x080001c3   Thumb Code     0  startup_stm32f401xe.o(.text)
    RTC_WKUP_IRQHandler                      0x080001c3   Thumb Code     0  startup_stm32f401xe.o(.text)
    SDIO_IRQHandler                          0x080001c3   Thumb Code     0  startup_stm32f401xe.o(.text)
    SPI1_IRQHandler                          0x080001c3   Thumb Code     0  startup_stm32f401xe.o(.text)
    SPI2_IRQHandler                          0x080001c3   Thumb Code     0  startup_stm32f401xe.o(.text)
    SPI3_IRQHandler                          0x080001c3   Thumb Code     0  startup_stm32f401xe.o(.text)
    SPI4_IRQHandler                          0x080001c3   Thumb Code     0  startup_stm32f401xe.o(.text)
    TAMP_STAMP_IRQHandler                    0x080001c3   Thumb Code     0  startup_stm32f401xe.o(.text)
    TIM1_BRK_TIM9_IRQHandler                 0x080001c3   Thumb Code     0  startup_stm32f401xe.o(.text)
    TIM1_TRG_COM_TIM11_IRQHandler            0x080001c3   Thumb Code     0  startup_stm32f401xe.o(.text)
    TIM3_IRQHandler                          0x080001c3   Thumb Code     0  startup_stm32f401xe.o(.text)
    TIM4_IRQHandler                          0x080001c3   Thumb Code     0  startup_stm32f401xe.o(.text)
    TIM5_IRQHandler                          0x080001c3   Thumb Code     0  startup_stm32f401xe.o(.text)
    USART1_IRQHandler                        0x080001c3   Thumb Code     0  startup_stm32f401xe.o(.text)
    USART6_IRQHandler                        0x080001c3   Thumb Code     0  startup_stm32f401xe.o(.text)
    WWDG_IRQHandler                          0x080001c3   Thumb Code     0  startup_stm32f401xe.o(.text)
    OS_CPU_FP_Reg_Push                       0x080001cd   Thumb Code     0  os_cpu_a.o(.text)
    OS_CPU_FP_Reg_Pop                        0x080001df   Thumb Code     0  os_cpu_a.o(.text)
    OS_CPU_SR_Save                           0x080001eb   Thumb Code     0  os_cpu_a.o(.text)
    OS_CPU_SR_Restore                        0x08000207   Thumb Code     0  os_cpu_a.o(.text)
    OSStartHighRdy                           0x08000219   Thumb Code     0  os_cpu_a.o(.text)
    OSCtxSw                                  0x08000271   Thumb Code     0  os_cpu_a.o(.text)
    OSIntCtxSw                               0x08000271   Thumb Code     0  os_cpu_a.o(.text)
    PendSV_Handler                           0x0800027b   Thumb Code     0  os_cpu_a.o(.text)
    arm_cos_f32                              0x08000301   Thumb Code   108  arm_cos_f32.o(.text)
    arm_sin_f32                              0x08000379   Thumb Code   130  arm_sin_f32.o(.text)
    arm_pid_init_f32                         0x0800040d   Thumb Code    56  arm_pid_init_f32.o(.text)
    arm_rms_f32                              0x08000445   Thumb Code   232  arm_rms_f32.o(.text)
    __aeabi_uidiv                            0x08000531   Thumb Code     0  uidiv.o(.text)
    __aeabi_uidivmod                         0x08000531   Thumb Code    44  uidiv.o(.text)
    __aeabi_uldivmod                         0x0800055d   Thumb Code    98  uldiv.o(.text)
    __I$use$fp                               0x080005bf   Thumb Code     0  iusefp.o(.text)
    __aeabi_dadd                             0x080005bf   Thumb Code   322  dadd.o(.text)
    __aeabi_dsub                             0x08000701   Thumb Code     6  dadd.o(.text)
    __aeabi_drsub                            0x08000707   Thumb Code     6  dadd.o(.text)
    __aeabi_dmul                             0x0800070d   Thumb Code   228  dmul.o(.text)
    __aeabi_ddiv                             0x080007f1   Thumb Code   222  ddiv.o(.text)
    __aeabi_d2ulz                            0x080008cf   Thumb Code    48  dfixul.o(.text)
    __aeabi_cdrcmple                         0x08000901   Thumb Code    48  cdrcmple.o(.text)
    __fp_status                              0x08000931   Thumb Code     4  fpstat.o(.text)
    __ieee_status                            0x08000931   Thumb Code     0  fpstat.o(.text)
    __scatterload                            0x08000935   Thumb Code    28  init.o(.text)
    __scatterload_rt2                        0x08000935   Thumb Code     0  init.o(.text)
    __aeabi_llsl                             0x08000959   Thumb Code    30  llshl.o(.text)
    _ll_shift_l                              0x08000959   Thumb Code     0  llshl.o(.text)
    __aeabi_llsr                             0x08000977   Thumb Code    32  llushr.o(.text)
    _ll_ushift_r                             0x08000977   Thumb Code     0  llushr.o(.text)
    __aeabi_lasr                             0x08000997   Thumb Code    36  llsshr.o(.text)
    _ll_sshift_r                             0x08000997   Thumb Code     0  llsshr.o(.text)
    _double_round                            0x080009bb   Thumb Code    30  depilogue.o(.text)
    _double_epilogue                         0x080009d9   Thumb Code   156  depilogue.o(.text)
    __aeabi_memcpy                           0x08000a75   Thumb Code    36  memcpya.o(.text)
    __aeabi_memcpy4                          0x08000a75   Thumb Code     0  memcpya.o(.text)
    __aeabi_memcpy8                          0x08000a75   Thumb Code     0  memcpya.o(.text)
    __aeabi_memset                           0x08000a99   Thumb Code    14  memseta.o(.text)
    __aeabi_memset4                          0x08000a99   Thumb Code     0  memseta.o(.text)
    __aeabi_memset8                          0x08000a99   Thumb Code     0  memseta.o(.text)
    __aeabi_memclr                           0x08000aa7   Thumb Code     4  memseta.o(.text)
    __aeabi_memclr4                          0x08000aa7   Thumb Code     0  memseta.o(.text)
    __aeabi_memclr8                          0x08000aa7   Thumb Code     0  memseta.o(.text)
    _memset$wrapper                          0x08000aab   Thumb Code    18  memseta.o(.text)
    __aeabi_i2d                              0x08000abd   Thumb Code    34  dflti.o(.text)
    __aeabi_d2iz                             0x08000adf   Thumb Code    62  dfixi.o(.text)
    __aeabi_f2d                              0x08000b1d   Thumb Code    38  f2d.o(.text)
    BusFault_Handler                         0x08002451   Thumb Code     4  lto-llvm-a1b212.o(.text.BusFault_Handler)
    DMA1_Stream6_IRQHandler                  0x08002455   Thumb Code    50  lto-llvm-a1b212.o(.text.DMA1_Stream6_IRQHandler)
    DebugMon_Handler                         0x08002615   Thumb Code     2  lto-llvm-a1b212.o(.text.DebugMon_Handler)
    HardFault_Handler                        0x080097a1   Thumb Code     4  lto-llvm-a1b212.o(.text.HardFault_Handler)
    MemManage_Handler                        0x0800cde5   Thumb Code     4  lto-llvm-a1b212.o(.text.MemManage_Handler)
    NMI_Handler                              0x0800cde9   Thumb Code     4  lto-llvm-a1b212.o(.text.NMI_Handler)
    OSTaskSwHook                             0x0800e275   Thumb Code    40  lto-llvm-a1b212.o(.text.OSTaskSwHook)
    SVC_Handler                              0x080100bd   Thumb Code     2  lto-llvm-a1b212.o(.text.SVC_Handler)
    SysTick_Handler                          0x08010165   Thumb Code    42  lto-llvm-a1b212.o(.text.SysTick_Handler)
    SystemInit                               0x08010245   Thumb Code    18  lto-llvm-a1b212.o(.text.SystemInit)
    TIM1_CC_IRQHandler                       0x08010259   Thumb Code   216  lto-llvm-a1b212.o(.text.TIM1_CC_IRQHandler)
    TIM1_UP_TIM10_IRQHandler                 0x08010331   Thumb Code   128  lto-llvm-a1b212.o(.text.TIM1_UP_TIM10_IRQHandler)
    TIM2_IRQHandler                          0x080103b1   Thumb Code   392  lto-llvm-a1b212.o(.text.TIM2_IRQHandler)
    USART2_IRQHandler                        0x0801191d   Thumb Code   150  lto-llvm-a1b212.o(.text.USART2_IRQHandler)
    UsageFault_Handler                       0x080119b5   Thumb Code     4  lto-llvm-a1b212.o(.text.UsageFault_Handler)
    fputc                                    0x08011db9   Thumb Code    26  lto-llvm-a1b212.o(.text.fputc)
    main                                     0x08011dd5   Thumb Code    22  lto-llvm-a1b212.o(.text.main)
    __0printf                                0x08011ded   Thumb Code    22  printfa.o(i.__0printf)
    __1printf                                0x08011ded   Thumb Code     0  printfa.o(i.__0printf)
    __2printf                                0x08011ded   Thumb Code     0  printfa.o(i.__0printf)
    __c89printf                              0x08011ded   Thumb Code     0  printfa.o(i.__0printf)
    printf                                   0x08011ded   Thumb Code     0  printfa.o(i.__0printf)
    __ARM_fpclassifyf                        0x08011e0d   Thumb Code    38  fpclassifyf.o(i.__ARM_fpclassifyf)
    __hardfp_asinf                           0x08011e35   Thumb Code   258  asinf.o(i.__hardfp_asinf)
    __hardfp_atan2f                          0x08011f61   Thumb Code   594  atan2f.o(i.__hardfp_atan2f)
    __hardfp_powf                            0x0801220d   Thumb Code  1606  powf.o(i.__hardfp_powf)
    __mathlib_powf                           0x0801220d   Thumb Code     0  powf.o(i.__hardfp_powf)
    __hardfp_sqrtf                           0x08012871   Thumb Code    58  sqrtf.o(i.__hardfp_sqrtf)
    __mathlib_flt_divzero                    0x080128ad   Thumb Code    14  funder.o(i.__mathlib_flt_divzero)
    __mathlib_flt_infnan                     0x080128c1   Thumb Code     6  funder.o(i.__mathlib_flt_infnan)
    __mathlib_flt_infnan2                    0x080128c7   Thumb Code     6  funder.o(i.__mathlib_flt_infnan2)
    __mathlib_flt_invalid                    0x080128cd   Thumb Code    10  funder.o(i.__mathlib_flt_invalid)
    __mathlib_flt_overflow                   0x080128dd   Thumb Code    10  funder.o(i.__mathlib_flt_overflow)
    __mathlib_flt_underflow                  0x080128ed   Thumb Code    10  funder.o(i.__mathlib_flt_underflow)
    __scatterload_copy                       0x080128fd   Thumb Code    14  handlers.o(i.__scatterload_copy)
    __scatterload_null                       0x0801290b   Thumb Code     2  handlers.o(i.__scatterload_null)
    __scatterload_zeroinit                   0x0801290d   Thumb Code    14  handlers.o(i.__scatterload_zeroinit)
    __set_errno                              0x0801291d   Thumb Code     6  errno.o(i.__set_errno)
    sqrtf                                    0x080131db   Thumb Code    62  sqrtf.o(i.sqrtf)
    sinTable_f32                             0x08013218   Data        2052  arm_common_tables.o(.constdata)
    Region$$Table$$Base                      0x08014144   Number         0  anon$$obj.o(Region$$Table)
    Region$$Table$$Limit                     0x08014164   Number         0  anon$$obj.o(Region$$Table)
    __stdout                                 0x20000000   Data           4  stdout.o(.data)
    OS_CPU_ExceptStkBase                     0x200015e8   Data           4  lto-llvm-a1b212.o(.bss)
    OS_KA_BASEPRI_Boundary                   0x200015ec   Data           4  lto-llvm-a1b212.o(.bss)
    OSTCBCur                                 0x200015f4   Data           4  lto-llvm-a1b212.o(.bss)
    OSRunning                                0x200015f8   Data           1  lto-llvm-a1b212.o(.bss)
    OSPrioHighRdy                            0x200016fc   Data           1  lto-llvm-a1b212.o(.bss)
    OSTCBHighRdy                             0x20001700   Data           4  lto-llvm-a1b212.o(.bss)
    OSPrioCur                                0x20001704   Data           1  lto-llvm-a1b212.o(.bss)
    __initial_sp                             0x20002e48   Data           0  startup_stm32f401xe.o(STACK)



==============================================================================

Memory Map of the image

  Image Entry point : 0x08000195

  Load Region LR_IROM1 (Base: 0x08000000, Size: 0x00014270, Max: 0x00080000, ABSOLUTE)

    Execution Region ER_IROM1 (Exec base: 0x08000000, Load base: 0x08000000, Size: 0x00014164, Max: 0x00080000, ABSOLUTE)

    Exec Addr    Load Addr    Size         Type   Attr      Idx    E Section Name        Object

    0x08000000   0x08000000   0x00000194   Data   RO           21    RESET               startup_stm32f401xe.o
    0x08000194   0x08000194   0x00000000   Code   RO          284  * .ARM.Collect$$$$00000000  mc_w.l(entry.o)
    0x08000194   0x08000194   0x00000004   Code   RO          331    .ARM.Collect$$$$00000001  mc_w.l(entry2.o)
    0x08000198   0x08000198   0x00000004   Code   RO          334    .ARM.Collect$$$$00000004  mc_w.l(entry5.o)
    0x0800019c   0x0800019c   0x00000000   Code   RO          336    .ARM.Collect$$$$00000008  mc_w.l(entry7b.o)
    0x0800019c   0x0800019c   0x00000000   Code   RO          338    .ARM.Collect$$$$0000000A  mc_w.l(entry8b.o)
    0x0800019c   0x0800019c   0x00000008   Code   RO          339    .ARM.Collect$$$$0000000B  mc_w.l(entry9a.o)
    0x080001a4   0x080001a4   0x00000000   Code   RO          341    .ARM.Collect$$$$0000000D  mc_w.l(entry10a.o)
    0x080001a4   0x080001a4   0x00000000   Code   RO          343    .ARM.Collect$$$$0000000F  mc_w.l(entry11a.o)
    0x080001a4   0x080001a4   0x00000004   Code   RO          332    .ARM.Collect$$$$00002712  mc_w.l(entry2.o)
    0x080001a8   0x080001a8   0x00000024   Code   RO           22    .text               startup_stm32f401xe.o
    0x080001cc   0x080001cc   0x00000134   Code   RO           45    .text               os_cpu_a.o
    0x08000300   0x08000300   0x00000078   Code   RO           54    .text               arm_cortexM4lf_math.lib(arm_cos_f32.o)
    0x08000378   0x08000378   0x00000094   Code   RO          105    .text               arm_cortexM4lf_math.lib(arm_sin_f32.o)
    0x0800040c   0x0800040c   0x00000038   Code   RO          129    .text               arm_cortexM4lf_math.lib(arm_pid_init_f32.o)
    0x08000444   0x08000444   0x000000ec   Code   RO          153    .text               arm_cortexM4lf_math.lib(arm_rms_f32.o)
    0x08000530   0x08000530   0x0000002c   Code   RO          355    .text               mc_w.l(uidiv.o)
    0x0800055c   0x0800055c   0x00000062   Code   RO          357    .text               mc_w.l(uldiv.o)
    0x080005be   0x080005be   0x00000000   Code   RO          366    .text               mc_w.l(iusefp.o)
    0x080005be   0x080005be   0x0000014e   Code   RO          367    .text               mf_w.l(dadd.o)
    0x0800070c   0x0800070c   0x000000e4   Code   RO          369    .text               mf_w.l(dmul.o)
    0x080007f0   0x080007f0   0x000000de   Code   RO          371    .text               mf_w.l(ddiv.o)
    0x080008ce   0x080008ce   0x00000030   Code   RO          373    .text               mf_w.l(dfixul.o)
    0x080008fe   0x080008fe   0x00000002   PAD
    0x08000900   0x08000900   0x00000030   Code   RO          375    .text               mf_w.l(cdrcmple.o)
    0x08000930   0x08000930   0x00000004   Code   RO          377    .text               mf_w.l(fpstat.o)
    0x08000934   0x08000934   0x00000024   Code   RO          379    .text               mc_w.l(init.o)
    0x08000958   0x08000958   0x0000001e   Code   RO          381    .text               mc_w.l(llshl.o)
    0x08000976   0x08000976   0x00000020   Code   RO          383    .text               mc_w.l(llushr.o)
    0x08000996   0x08000996   0x00000024   Code   RO          385    .text               mc_w.l(llsshr.o)
    0x080009ba   0x080009ba   0x000000ba   Code   RO          387    .text               mf_w.l(depilogue.o)
    0x08000a74   0x08000a74   0x00000024   Code   RO          953    .text               mc_w.l(memcpya.o)
    0x08000a98   0x08000a98   0x00000024   Code   RO          955    .text               mc_w.l(memseta.o)
    0x08000abc   0x08000abc   0x00000022   Code   RO          959    .text               mf_w.l(dflti.o)
    0x08000ade   0x08000ade   0x0000003e   Code   RO          961    .text               mf_w.l(dfixi.o)
    0x08000b1c   0x08000b1c   0x00000026   Code   RO          963    .text               mf_w.l(f2d.o)
    0x08000b42   0x08000b42   0x00000002   PAD
    0x08000b44   0x08000b44   0x000001b2   Code   RO          596    .text.ADC_Init      lto-llvm-a1b212.o
    0x08000cf6   0x08000cf6   0x00000002   PAD
    0x08000cf8   0x08000cf8   0x00000068   Code   RO          510    .text.AHRS_Update   lto-llvm-a1b212.o
    0x08000d60   0x08000d60   0x000000b2   Code   RO          398    .text.ANO_Init      lto-llvm-a1b212.o
    0x08000e12   0x08000e12   0x00000002   PAD
    0x08000e14   0x08000e14   0x000000ec   Code   RO          420    .text.ANO_Receive_Analyze  lto-llvm-a1b212.o
    0x08000f00   0x08000f00   0x000001ae   Code   RO          428    .text.ANO_Receive_Prepare  lto-llvm-a1b212.o
    0x080010ae   0x080010ae   0x00000002   PAD
    0x080010b0   0x080010b0   0x000000e0   Code   RO          410    .text.ANO_Send_Battery  lto-llvm-a1b212.o
    0x08001190   0x08001190   0x00000102   Code   RO          414    .text.ANO_Send_Control  lto-llvm-a1b212.o
    0x08001292   0x08001292   0x00000002   PAD
    0x08001294   0x08001294   0x0000012c   Code   RO          406    .text.ANO_Send_Euler  lto-llvm-a1b212.o
    0x080013c0   0x080013c0   0x0000008a   Code   RO          408    .text.ANO_Send_Mode  lto-llvm-a1b212.o
    0x0800144a   0x0800144a   0x00000002   PAD
    0x0800144c   0x0800144c   0x00000102   Code   RO          412    .text.ANO_Send_PWM  lto-llvm-a1b212.o
    0x0800154e   0x0800154e   0x00000002   PAD
    0x08001550   0x08001550   0x0000010c   Code   RO          424    .text.ANO_Send_Param  lto-llvm-a1b212.o
    0x0800165c   0x0800165c   0x000001fa   Code   RO          416    .text.ANO_Send_Remote  lto-llvm-a1b212.o
    0x08001856   0x08001856   0x00000002   PAD
    0x08001858   0x08001858   0x00000166   Code   RO          400    .text.ANO_Send_Sensor  lto-llvm-a1b212.o
    0x080019be   0x080019be   0x00000002   PAD
    0x080019c0   0x080019c0   0x00000184   Code   RO          404    .text.ANO_Send_Sensor2  lto-llvm-a1b212.o
    0x08001b44   0x08001b44   0x000000b6   Code   RO          418    .text.ANO_Send_String  lto-llvm-a1b212.o
    0x08001bfa   0x08001bfa   0x00000002   PAD
    0x08001bfc   0x08001bfc   0x00000098   Code   RO          426    .text.ANO_Send_Verification  lto-llvm-a1b212.o
    0x08001c94   0x08001c94   0x00000460   Code   RO          394    .text.ANO_Task      lto-llvm-a1b212.o
    0x080020f4   0x080020f4   0x000000a8   Code   RO          532    .text.AccelEarth_Cal  lto-llvm-a1b212.o
    0x0800219c   0x0800219c   0x00000008   Code   RO          810    .text.App_TCBInitHook  lto-llvm-a1b212.o
    0x080021a4   0x080021a4   0x00000008   Code   RO          798    .text.App_TaskCreateHook  lto-llvm-a1b212.o
    0x080021ac   0x080021ac   0x00000008   Code   RO          800    .text.App_TaskDelHook  lto-llvm-a1b212.o
    0x080021b4   0x080021b4   0x00000008   Code   RO          806    .text.App_TaskReturnHook  lto-llvm-a1b212.o
    0x080021bc   0x080021bc   0x00000008   Code   RO          812    .text.App_TimeTickHook  lto-llvm-a1b212.o
    0x080021c4   0x080021c4   0x0000028a   Code   RO          534    .text.BodyToEarth_Transform  lto-llvm-a1b212.o
    0x0800244e   0x0800244e   0x00000002   PAD
    0x08002450   0x08002450   0x00000004   Code   RO          570    .text.BusFault_Handler  lto-llvm-a1b212.o
    0x08002454   0x08002454   0x00000032   Code   RO          578    .text.DMA1_Stream6_IRQHandler  lto-llvm-a1b212.o
    0x08002486   0x08002486   0x00000002   PAD
    0x08002488   0x08002488   0x00000056   Code   RO          608    .text.DMA_CalcBaseAndBitshift  lto-llvm-a1b212.o
    0x080024de   0x080024de   0x00000002   PAD
    0x080024e0   0x080024e0   0x000000e4   Code   RO          606    .text.DMA_CheckFifoParam  lto-llvm-a1b212.o
    0x080025c4   0x080025c4   0x00000050   Code   RO          610    .text.DMA_SetConfig  lto-llvm-a1b212.o
    0x08002614   0x08002614   0x00000002   Code   RO          576    .text.DebugMon_Handler  lto-llvm-a1b212.o
    0x08002616   0x08002616   0x00000002   PAD
    0x08002618   0x08002618   0x0000000e   Code   RO          504    .text.Error_Handler  lto-llvm-a1b212.o
    0x08002626   0x08002626   0x00000002   PAD
    0x08002628   0x08002628   0x00000094   Code   RO          432    .text.FILTER_Init   lto-llvm-a1b212.o
    0x080026bc   0x080026bc   0x0000003c   Code   RO          396    .text.FLIGHT_Task   lto-llvm-a1b212.o
    0x080026f8   0x080026f8   0x000002cc   Code   RO          602    .text.HAL_ADC_ConfigChannel  lto-llvm-a1b212.o
    0x080029c4   0x080029c4   0x00000016   Code   RO          600    .text.HAL_ADC_GetValue  lto-llvm-a1b212.o
    0x080029da   0x080029da   0x00000002   PAD
    0x080029dc   0x080029dc   0x00000396   Code   RO          594    .text.HAL_ADC_Init  lto-llvm-a1b212.o
    0x08002d72   0x08002d72   0x00000002   PAD
    0x08002d74   0x08002d74   0x00000086   Code   RO          538    .text.HAL_ADC_MspInit  lto-llvm-a1b212.o
    0x08002dfa   0x08002dfa   0x00000002   PAD
    0x08002dfc   0x08002dfc   0x000001de   Code   RO          598    .text.HAL_ADC_Start  lto-llvm-a1b212.o
    0x08002fda   0x08002fda   0x00000002   PAD
    0x08002fdc   0x08002fdc   0x000000ea   Code   RO          614    .text.HAL_DMA_Abort  lto-llvm-a1b212.o
    0x080030c6   0x080030c6   0x00000002   PAD
    0x080030c8   0x080030c8   0x00000044   Code   RO          616    .text.HAL_DMA_Abort_IT  lto-llvm-a1b212.o
    0x0800310c   0x0800310c   0x0000032c   Code   RO          618    .text.HAL_DMA_IRQHandler  lto-llvm-a1b212.o
    0x08003438   0x08003438   0x0000053e   Code   RO          604    .text.HAL_DMA_Init  lto-llvm-a1b212.o
    0x08003976   0x08003976   0x00000002   PAD
    0x08003978   0x08003978   0x000000e2   Code   RO          612    .text.HAL_DMA_Start_IT  lto-llvm-a1b212.o
    0x08003a5a   0x08003a5a   0x00000002   PAD
    0x08003a5c   0x08003a5c   0x00000038   Code   RO          592    .text.HAL_Delay     lto-llvm-a1b212.o
    0x08003a94   0x08003a94   0x00000248   Code   RO          622    .text.HAL_GPIO_DeInit  lto-llvm-a1b212.o
    0x08003cdc   0x08003cdc   0x00000614   Code   RO          620    .text.HAL_GPIO_Init  lto-llvm-a1b212.o
    0x080042f0   0x080042f0   0x00000082   Code   RO          624    .text.HAL_GPIO_WritePin  lto-llvm-a1b212.o
    0x08004372   0x08004372   0x00000002   PAD
    0x08004374   0x08004374   0x0000000c   Code   RO          590    .text.HAL_GetTick   lto-llvm-a1b212.o
    0x08004380   0x08004380   0x000000ae   Code   RO          628    .text.HAL_I2C_DeInit  lto-llvm-a1b212.o
    0x0800442e   0x0800442e   0x00000002   PAD
    0x08004430   0x08004430   0x000003f8   Code   RO          626    .text.HAL_I2C_Init  lto-llvm-a1b212.o
    0x08004828   0x08004828   0x00000416   Code   RO          644    .text.HAL_I2C_Master_Receive  lto-llvm-a1b212.o
    0x08004c3e   0x08004c3e   0x00000002   PAD
    0x08004c40   0x08004c40   0x00000210   Code   RO          630    .text.HAL_I2C_Master_Transmit  lto-llvm-a1b212.o
    0x08004e50   0x08004e50   0x00000452   Code   RO          654    .text.HAL_I2C_Mem_Read  lto-llvm-a1b212.o
    0x080052a2   0x080052a2   0x00000002   PAD
    0x080052a4   0x080052a4   0x0000023a   Code   RO          650    .text.HAL_I2C_Mem_Write  lto-llvm-a1b212.o
    0x080054de   0x080054de   0x00000002   PAD
    0x080054e0   0x080054e0   0x0000003e   Code   RO          548    .text.HAL_I2C_MspDeInit  lto-llvm-a1b212.o
    0x0800551e   0x0800551e   0x00000002   PAD
    0x08005520   0x08005520   0x000000c6   Code   RO          546    .text.HAL_I2C_MspInit  lto-llvm-a1b212.o
    0x080055e6   0x080055e6   0x00000002   PAD
    0x080055e8   0x080055e8   0x00000010   Code   RO          588    .text.HAL_IncTick   lto-llvm-a1b212.o
    0x080055f8   0x080055f8   0x00000032   Code   RO          584    .text.HAL_Init      lto-llvm-a1b212.o
    0x0800562a   0x0800562a   0x00000002   PAD
    0x0800562c   0x0800562c   0x00000062   Code   RO          586    .text.HAL_InitTick  lto-llvm-a1b212.o
    0x0800568e   0x0800568e   0x00000002   PAD
    0x08005690   0x08005690   0x00000050   Code   RO          580    .text.HAL_MspInit   lto-llvm-a1b212.o
    0x080056e0   0x080056e0   0x00000030   Code   RO          790    .text.HAL_NVIC_EnableIRQ  lto-llvm-a1b212.o
    0x08005710   0x08005710   0x00000064   Code   RO          782    .text.HAL_NVIC_SetPriority  lto-llvm-a1b212.o
    0x08005774   0x08005774   0x0000004c   Code   RO          778    .text.HAL_NVIC_SetPriorityGrouping  lto-llvm-a1b212.o
    0x080057c0   0x080057c0   0x0000041c   Code   RO          660    .text.HAL_RCC_ClockConfig  lto-llvm-a1b212.o
    0x08005bdc   0x08005bdc   0x0000000c   Code   RO          664    .text.HAL_RCC_GetHCLKFreq  lto-llvm-a1b212.o
    0x08005be8   0x08005be8   0x00000022   Code   RO          666    .text.HAL_RCC_GetPCLK1Freq  lto-llvm-a1b212.o
    0x08005c0a   0x08005c0a   0x00000002   PAD
    0x08005c0c   0x08005c0c   0x00000022   Code   RO          668    .text.HAL_RCC_GetPCLK2Freq  lto-llvm-a1b212.o
    0x08005c2e   0x08005c2e   0x00000002   PAD
    0x08005c30   0x08005c30   0x000000de   Code   RO          662    .text.HAL_RCC_GetSysClockFreq  lto-llvm-a1b212.o
    0x08005d0e   0x08005d0e   0x00000002   PAD
    0x08005d10   0x08005d10   0x000008ae   Code   RO          658    .text.HAL_RCC_OscConfig  lto-llvm-a1b212.o
    0x080065be   0x080065be   0x00000002   PAD
    0x080065c0   0x080065c0   0x00000010   Code   RO          794    .text.HAL_SYSTICK_Config  lto-llvm-a1b212.o
    0x080065d0   0x080065d0   0x00000008   Code   RO          736    .text.HAL_TIMEx_BreakCallback  lto-llvm-a1b212.o
    0x080065d8   0x080065d8   0x00000008   Code   RO          732    .text.HAL_TIMEx_CommutCallback  lto-llvm-a1b212.o
    0x080065e0   0x080065e0   0x000001ee   Code   RO          734    .text.HAL_TIMEx_MasterConfigSynchronization  lto-llvm-a1b212.o
    0x080067ce   0x080067ce   0x00000002   PAD
    0x080067d0   0x080067d0   0x000001d6   Code   RO          670    .text.HAL_TIM_Base_Init  lto-llvm-a1b212.o
    0x080069a6   0x080069a6   0x00000002   PAD
    0x080069a8   0x080069a8   0x000001a2   Code   RO          558    .text.HAL_TIM_Base_MspInit  lto-llvm-a1b212.o
    0x08006b4a   0x08006b4a   0x00000002   PAD
    0x08006b4c   0x08006b4c   0x000007be   Code   RO          722    .text.HAL_TIM_ConfigClockSource  lto-llvm-a1b212.o
    0x0800730a   0x0800730a   0x00000002   PAD
    0x0800730c   0x0800730c   0x00000008   Code   RO          692    .text.HAL_TIM_IC_CaptureCallback  lto-llvm-a1b212.o
    0x08007314   0x08007314   0x000003ca   Code   RO          708    .text.HAL_TIM_IC_ConfigChannel  lto-llvm-a1b212.o
    0x080076de   0x080076de   0x00000002   PAD
    0x080076e0   0x080076e0   0x000001d6   Code   RO          686    .text.HAL_TIM_IC_Init  lto-llvm-a1b212.o
    0x080078b6   0x080078b6   0x00000002   PAD
    0x080078b8   0x080078b8   0x00000008   Code   RO          688    .text.HAL_TIM_IC_MspInit  lto-llvm-a1b212.o
    0x080078c0   0x080078c0   0x00000398   Code   RO          690    .text.HAL_TIM_IC_Start_IT  lto-llvm-a1b212.o
    0x08007c58   0x08007c58   0x0000027a   Code   RO          694    .text.HAL_TIM_IRQHandler  lto-llvm-a1b212.o
    0x08007ed2   0x08007ed2   0x00000002   PAD
    0x08007ed4   0x08007ed4   0x000000ae   Code   RO          556    .text.HAL_TIM_MspPostInit  lto-llvm-a1b212.o
    0x08007f82   0x08007f82   0x00000002   PAD
    0x08007f84   0x08007f84   0x00000008   Code   RO          696    .text.HAL_TIM_OC_DelayElapsedCallback  lto-llvm-a1b212.o
    0x08007f8c   0x08007f8c   0x000003e0   Code   RO          718    .text.HAL_TIM_PWM_ConfigChannel  lto-llvm-a1b212.o
    0x0800836c   0x0800836c   0x000001de   Code   RO          680    .text.HAL_TIM_PWM_Init  lto-llvm-a1b212.o
    0x0800854a   0x0800854a   0x00000002   PAD
    0x0800854c   0x0800854c   0x00000008   Code   RO          682    .text.HAL_TIM_PWM_MspInit  lto-llvm-a1b212.o
    0x08008554   0x08008554   0x00000008   Code   RO          678    .text.HAL_TIM_PWM_PulseFinishedCallback  lto-llvm-a1b212.o
    0x0800855c   0x0800855c   0x000002c0   Code   RO          684    .text.HAL_TIM_PWM_Start  lto-llvm-a1b212.o
    0x0800881c   0x0800881c   0x00000008   Code   RO          674    .text.HAL_TIM_PeriodElapsedCallback  lto-llvm-a1b212.o
    0x08008824   0x08008824   0x00000242   Code   RO          730    .text.HAL_TIM_ReadCapturedValue  lto-llvm-a1b212.o
    0x08008a66   0x08008a66   0x00000002   PAD
    0x08008a68   0x08008a68   0x00000008   Code   RO          698    .text.HAL_TIM_TriggerCallback  lto-llvm-a1b212.o
    0x08008a70   0x08008a70   0x0000000c   Code   RO          764    .text.HAL_UARTEx_RxEventCallback  lto-llvm-a1b212.o
    0x08008a7c   0x08008a7c   0x00000008   Code   RO          758    .text.HAL_UART_ErrorCallback  lto-llvm-a1b212.o
    0x08008a84   0x08008a84   0x00000426   Code   RO          768    .text.HAL_UART_IRQHandler  lto-llvm-a1b212.o
    0x08008eaa   0x08008eaa   0x00000002   PAD
    0x08008eac   0x08008eac   0x000001c8   Code   RO          738    .text.HAL_UART_Init  lto-llvm-a1b212.o
    0x08009074   0x08009074   0x000000ee   Code   RO          562    .text.HAL_UART_MspInit  lto-llvm-a1b212.o
    0x08009162   0x08009162   0x00000002   PAD
    0x08009164   0x08009164   0x00000008   Code   RO          766    .text.HAL_UART_RxCpltCallback  lto-llvm-a1b212.o
    0x0800916c   0x0800916c   0x00000146   Code   RO          742    .text.HAL_UART_Transmit  lto-llvm-a1b212.o
    0x080092b2   0x080092b2   0x00000002   PAD
    0x080092b4   0x080092b4   0x0000011c   Code   RO          746    .text.HAL_UART_Transmit_DMA  lto-llvm-a1b212.o
    0x080093d0   0x080093d0   0x00000008   Code   RO          762    .text.HAL_UART_TxCpltCallback  lto-llvm-a1b212.o
    0x080093d8   0x080093d8   0x00000008   Code   RO          760    .text.HAL_UART_TxHalfCpltCallback  lto-llvm-a1b212.o
    0x080093e0   0x080093e0   0x0000037c   Code   RO          498    .text.HMC_Calibration  lto-llvm-a1b212.o
    0x0800975c   0x0800975c   0x00000042   Code   RO          496    .text.HMC_ReadMagRaw  lto-llvm-a1b212.o
    0x0800979e   0x0800979e   0x00000002   PAD
    0x080097a0   0x080097a0   0x00000004   Code   RO          566    .text.HardFault_Handler  lto-llvm-a1b212.o
    0x080097a4   0x080097a4   0x00000064   Code   RO          640    .text.I2C_IsAcknowledgeFailed  lto-llvm-a1b212.o
    0x08009808   0x08009808   0x000001a6   Code   RO          646    .text.I2C_MasterRequestRead  lto-llvm-a1b212.o
    0x080099ae   0x080099ae   0x00000002   PAD
    0x080099b0   0x080099b0   0x00000110   Code   RO          634    .text.I2C_MasterRequestWrite  lto-llvm-a1b212.o
    0x08009ac0   0x08009ac0   0x000001de   Code   RO          656    .text.I2C_RequestMemoryRead  lto-llvm-a1b212.o
    0x08009c9e   0x08009c9e   0x00000002   PAD
    0x08009ca0   0x08009ca0   0x00000138   Code   RO          652    .text.I2C_RequestMemoryWrite  lto-llvm-a1b212.o
    0x08009dd8   0x08009dd8   0x00000096   Code   RO          638    .text.I2C_WaitOnBTFFlagUntilTimeout  lto-llvm-a1b212.o
    0x08009e6e   0x08009e6e   0x00000002   PAD
    0x08009e70   0x08009e70   0x000000b8   Code   RO          632    .text.I2C_WaitOnFlagUntilTimeout  lto-llvm-a1b212.o
    0x08009f28   0x08009f28   0x0000010a   Code   RO          642    .text.I2C_WaitOnMasterAddressFlagUntilTimeout  lto-llvm-a1b212.o
    0x0800a032   0x0800a032   0x00000002   PAD
    0x0800a034   0x0800a034   0x000000c6   Code   RO          648    .text.I2C_WaitOnRXNEFlagUntilTimeout  lto-llvm-a1b212.o
    0x0800a0fa   0x0800a0fa   0x00000002   PAD
    0x0800a0fc   0x0800a0fc   0x00000094   Code   RO          636    .text.I2C_WaitOnTXEFlagUntilTimeout  lto-llvm-a1b212.o
    0x0800a190   0x0800a190   0x00000166   Code   RO          442    .text.MOTOR_Control  lto-llvm-a1b212.o
    0x0800a2f6   0x0800a2f6   0x00000002   PAD
    0x0800a2f8   0x0800a2f8   0x0000001c   Code   RO          438    .text.MOTOR_Init    lto-llvm-a1b212.o
    0x0800a314   0x0800a314   0x00000018   Code   RO          444    .text.MOTOR_Locked  lto-llvm-a1b212.o
    0x0800a32c   0x0800a32c   0x000000f6   Code   RO          440    .text.MOTOR_Set     lto-llvm-a1b212.o
    0x0800a422   0x0800a422   0x00000002   PAD
    0x0800a424   0x0800a424   0x000003ba   Code   RO          484    .text.MPU_Calibrate  lto-llvm-a1b212.o
    0x0800a7de   0x0800a7de   0x00000002   PAD
    0x0800a7e0   0x0800a7e0   0x0000005e   Code   RO          458    .text.MPU_Connect   lto-llvm-a1b212.o
    0x0800a83e   0x0800a83e   0x00000002   PAD
    0x0800a840   0x0800a840   0x0000019c   Code   RO          462    .text.MPU_Init      lto-llvm-a1b212.o
    0x0800a9dc   0x0800a9dc   0x0000004a   Code   RO          490    .text.MPU_ReadAccelRaw  lto-llvm-a1b212.o
    0x0800aa26   0x0800aa26   0x00000002   PAD
    0x0800aa28   0x0800aa28   0x0000004a   Code   RO          492    .text.MPU_ReadGyroRaw  lto-llvm-a1b212.o
    0x0800aa72   0x0800aa72   0x00000002   PAD
    0x0800aa74   0x0800aa74   0x00000022   Code   RO          494    .text.MPU_ReadTemp  lto-llvm-a1b212.o
    0x0800aa96   0x0800aa96   0x00000002   PAD
    0x0800aa98   0x0800aa98   0x0000050c   Code   RO          482    .text.MPU_SelfTest  lto-llvm-a1b212.o
    0x0800afa4   0x0800afa4   0x000001d0   Code   RO          478    .text.MS_CalculatePressure  lto-llvm-a1b212.o
    0x0800b174   0x0800b174   0x00000110   Code   RO          470    .text.MS_CheckCRC   lto-llvm-a1b212.o
    0x0800b284   0x0800b284   0x000000a0   Code   RO          464    .text.MS_Init       lto-llvm-a1b212.o
    0x0800b324   0x0800b324   0x00000028   Code   RO          474    .text.MS_ReadADC    lto-llvm-a1b212.o
    0x0800b34c   0x0800b34c   0x00000062   Code   RO          468    .text.MS_ReadPROM   lto-llvm-a1b212.o
    0x0800b3ae   0x0800b3ae   0x00000002   PAD
    0x0800b3b0   0x0800b3b0   0x00000098   Code   RO          472    .text.MS_ReadPressure  lto-llvm-a1b212.o
    0x0800b448   0x0800b448   0x00000014   Code   RO          476    .text.MS_WriteCMD   lto-llvm-a1b212.o
    0x0800b45c   0x0800b45c   0x00000070   Code   RO          536    .text.MX_ADC1_Init  lto-llvm-a1b212.o
    0x0800b4cc   0x0800b4cc   0x00000038   Code   RO          540    .text.MX_DMA_Init   lto-llvm-a1b212.o
    0x0800b504   0x0800b504   0x0000006c   Code   RO          542    .text.MX_GPIO_Init  lto-llvm-a1b212.o
    0x0800b570   0x0800b570   0x00000040   Code   RO          544    .text.MX_I2C1_Init  lto-llvm-a1b212.o
    0x0800b5b0   0x0800b5b0   0x00000108   Code   RO          550    .text.MX_TIM1_Init  lto-llvm-a1b212.o
    0x0800b6b8   0x0800b6b8   0x000000ec   Code   RO          552    .text.MX_TIM2_Init  lto-llvm-a1b212.o
    0x0800b7a4   0x0800b7a4   0x000000ec   Code   RO          554    .text.MX_TIM3_Init  lto-llvm-a1b212.o
    0x0800b890   0x0800b890   0x00000038   Code   RO          560    .text.MX_USART2_UART_Init  lto-llvm-a1b212.o
    0x0800b8c8   0x0800b8c8   0x00000e72   Code   RO          512    .text.MadgwickAHRSupdate  lto-llvm-a1b212.o
    0x0800c73a   0x0800c73a   0x00000002   PAD
    0x0800c73c   0x0800c73c   0x000006a8   Code   RO          516    .text.MadgwickAHRSupdateIMU  lto-llvm-a1b212.o
    0x0800cde4   0x0800cde4   0x00000004   Code   RO          568    .text.MemManage_Handler  lto-llvm-a1b212.o
    0x0800cde8   0x0800cde8   0x00000004   Code   RO          564    .text.NMI_Handler   lto-llvm-a1b212.o
    0x0800cdec   0x0800cdec   0x00000062   Code   RO          786    .text.NVIC_EncodePriority  lto-llvm-a1b212.o
    0x0800ce4e   0x0800ce4e   0x00000002   PAD
    0x0800ce50   0x0800ce50   0x00000240   Code   RO          838    .text.OSDebugInit   lto-llvm-a1b212.o
    0x0800d090   0x0800d090   0x0000007e   Code   RO          840    .text.OSEventNameSet  lto-llvm-a1b212.o
    0x0800d10e   0x0800d10e   0x00000002   PAD
    0x0800d110   0x0800d110   0x00000038   Code   RO          848    .text.OSInit        lto-llvm-a1b212.o
    0x0800d148   0x0800d148   0x00000084   Code   RO          814    .text.OSInitHookBegin  lto-llvm-a1b212.o
    0x0800d1cc   0x0800d1cc   0x00000034   Code   RO          914    .text.OSIntEnter    lto-llvm-a1b212.o
    0x0800d200   0x0800d200   0x000000d2   Code   RO          916    .text.OSIntExit     lto-llvm-a1b212.o
    0x0800d2d2   0x0800d2d2   0x00000002   PAD
    0x0800d2d4   0x0800d2d4   0x00000064   Code   RO          888    .text.OSSchedLock   lto-llvm-a1b212.o
    0x0800d338   0x0800d338   0x00000092   Code   RO          894    .text.OSSchedUnlock  lto-llvm-a1b212.o
    0x0800d3ca   0x0800d3ca   0x00000002   PAD
    0x0800d3cc   0x0800d3cc   0x00000092   Code   RO          872    .text.OSSemCreate   lto-llvm-a1b212.o
    0x0800d45e   0x0800d45e   0x00000002   PAD
    0x0800d460   0x0800d460   0x00000144   Code   RO          886    .text.OSSemPend     lto-llvm-a1b212.o
    0x0800d5a4   0x0800d5a4   0x0000009c   Code   RO          930    .text.OSSemPost     lto-llvm-a1b212.o
    0x0800d640   0x0800d640   0x00000054   Code   RO          918    .text.OSStart       lto-llvm-a1b212.o
    0x0800d694   0x0800d694   0x00000070   Code   RO          920    .text.OSStatInit    lto-llvm-a1b212.o
    0x0800d704   0x0800d704   0x00000010   Code   RO          832    .text.OSTCBInitHook  lto-llvm-a1b212.o
    0x0800d714   0x0800d714   0x0000012a   Code   RO          932    .text.OSTaskCreate  lto-llvm-a1b212.o
    0x0800d83e   0x0800d83e   0x00000002   PAD
    0x0800d840   0x0800d840   0x00000146   Code   RO          878    .text.OSTaskCreateExt  lto-llvm-a1b212.o
    0x0800d986   0x0800d986   0x00000002   PAD
    0x0800d988   0x0800d988   0x00000010   Code   RO          818    .text.OSTaskCreateHook  lto-llvm-a1b212.o
    0x0800d998   0x0800d998   0x00000242   Code   RO          934    .text.OSTaskDel     lto-llvm-a1b212.o
    0x0800dbda   0x0800dbda   0x00000002   PAD
    0x0800dbdc   0x0800dbdc   0x00000010   Code   RO          820    .text.OSTaskDelHook  lto-llvm-a1b212.o
    0x0800dbec   0x0800dbec   0x00000008   Code   RO          822    .text.OSTaskIdleHook  lto-llvm-a1b212.o
    0x0800dbf4   0x0800dbf4   0x000000dc   Code   RO          880    .text.OSTaskNameSet  lto-llvm-a1b212.o
    0x0800dcd0   0x0800dcd0   0x00000010   Code   RO          824    .text.OSTaskReturnHook  lto-llvm-a1b212.o
    0x0800dce0   0x0800dce0   0x00000008   Code   RO          826    .text.OSTaskStatHook  lto-llvm-a1b212.o
    0x0800dce8   0x0800dce8   0x0000011e   Code   RO          910    .text.OSTaskStkChk  lto-llvm-a1b212.o
    0x0800de06   0x0800de06   0x00000002   PAD
    0x0800de08   0x0800de08   0x00000314   Code   RO          828    .text.OSTaskStkInit  lto-llvm-a1b212.o
    0x0800e11c   0x0800e11c   0x00000156   Code   RO          906    .text.OSTaskSuspend  lto-llvm-a1b212.o
    0x0800e272   0x0800e272   0x00000002   PAD
    0x0800e274   0x0800e274   0x00000028   Code   RO          830    .text.OSTaskSwHook  lto-llvm-a1b212.o
    0x0800e29c   0x0800e29c   0x000000b6   Code   RO          904    .text.OSTimeDly     lto-llvm-a1b212.o
    0x0800e352   0x0800e352   0x00000002   PAD
    0x0800e354   0x0800e354   0x0000011c   Code   RO          922    .text.OSTimeTick    lto-llvm-a1b212.o
    0x0800e470   0x0800e470   0x00000030   Code   RO          834    .text.OSTimeTickHook  lto-llvm-a1b212.o
    0x0800e4a0   0x0800e4a0   0x0000001a   Code   RO          938    .text.OSTmrSignal   lto-llvm-a1b212.o
    0x0800e4ba   0x0800e4ba   0x00000002   PAD
    0x0800e4bc   0x0800e4bc   0x0000011a   Code   RO          868    .text.OSTmr_Init    lto-llvm-a1b212.o
    0x0800e5d6   0x0800e5d6   0x00000002   PAD
    0x0800e5d8   0x0800e5d8   0x0000003e   Code   RO          874    .text.OSTmr_InitTask  lto-llvm-a1b212.o
    0x0800e616   0x0800e616   0x00000002   PAD
    0x0800e618   0x0800e618   0x000000e0   Code   RO          892    .text.OSTmr_Link    lto-llvm-a1b212.o
    0x0800e6f8   0x0800e6f8   0x000000ce   Code   RO          876    .text.OSTmr_Task    lto-llvm-a1b212.o
    0x0800e7c6   0x0800e7c6   0x00000002   PAD
    0x0800e7c8   0x0800e7c8   0x000000a2   Code   RO          890    .text.OSTmr_Unlink  lto-llvm-a1b212.o
    0x0800e86a   0x0800e86a   0x00000002   PAD
    0x0800e86c   0x0800e86c   0x000000e4   Code   RO          926    .text.OS_EventTaskRdy  lto-llvm-a1b212.o
    0x0800e950   0x0800e950   0x00000050   Code   RO          898    .text.OS_EventTaskRemove  lto-llvm-a1b212.o
    0x0800e9a0   0x0800e9a0   0x0000007a   Code   RO          844    .text.OS_EventTaskRemoveMulti  lto-llvm-a1b212.o
    0x0800ea1a   0x0800ea1a   0x00000002   PAD
    0x0800ea1c   0x0800ea1c   0x00000086   Code   RO          896    .text.OS_EventTaskWait  lto-llvm-a1b212.o
    0x0800eaa2   0x0800eaa2   0x00000002   PAD
    0x0800eaa4   0x0800eaa4   0x00000038   Code   RO          900    .text.OS_EventWaitListInit  lto-llvm-a1b212.o
    0x0800eadc   0x0800eadc   0x0000009c   Code   RO          858    .text.OS_FlagInit   lto-llvm-a1b212.o
    0x0800eb78   0x0800eb78   0x00000058   Code   RO          928    .text.OS_FlagUnlink  lto-llvm-a1b212.o
    0x0800ebd0   0x0800ebd0   0x000000b2   Code   RO          856    .text.OS_InitEventList  lto-llvm-a1b212.o
    0x0800ec82   0x0800ec82   0x00000002   PAD
    0x0800ec84   0x0800ec84   0x00000068   Code   RO          850    .text.OS_InitMisc   lto-llvm-a1b212.o
    0x0800ecec   0x0800ecec   0x0000006a   Code   RO          852    .text.OS_InitRdyList  lto-llvm-a1b212.o
    0x0800ed56   0x0800ed56   0x00000002   PAD
    0x0800ed58   0x0800ed58   0x000000bc   Code   RO          854    .text.OS_InitTCBList  lto-llvm-a1b212.o
    0x0800ee14   0x0800ee14   0x0000003e   Code   RO          864    .text.OS_InitTaskIdle  lto-llvm-a1b212.o
    0x0800ee52   0x0800ee52   0x00000002   PAD
    0x0800ee54   0x0800ee54   0x0000003e   Code   RO          866    .text.OS_InitTaskStat  lto-llvm-a1b212.o
    0x0800ee92   0x0800ee92   0x00000002   PAD
    0x0800ee94   0x0800ee94   0x0000002c   Code   RO          870    .text.OS_MemClr     lto-llvm-a1b212.o
    0x0800eec0   0x0800eec0   0x00000092   Code   RO          860    .text.OS_MemInit    lto-llvm-a1b212.o
    0x0800ef52   0x0800ef52   0x00000002   PAD
    0x0800ef54   0x0800ef54   0x00000086   Code   RO          862    .text.OS_QInit      lto-llvm-a1b212.o
    0x0800efda   0x0800efda   0x00000002   PAD
    0x0800efdc   0x0800efdc   0x0000009c   Code   RO          842    .text.OS_Sched      lto-llvm-a1b212.o
    0x0800f078   0x0800f078   0x0000003c   Code   RO          846    .text.OS_SchedNew   lto-llvm-a1b212.o
    0x0800f0b4   0x0800f0b4   0x0000021a   Code   RO          884    .text.OS_TCBInit    lto-llvm-a1b212.o
    0x0800f2ce   0x0800f2ce   0x00000002   PAD
    0x0800f2d0   0x0800f2d0   0x00000034   Code   RO          912    .text.OS_TaskIdle   lto-llvm-a1b212.o
    0x0800f304   0x0800f304   0x00000018   Code   RO          936    .text.OS_TaskReturn  lto-llvm-a1b212.o
    0x0800f31c   0x0800f31c   0x0000014e   Code   RO          902    .text.OS_TaskStat   lto-llvm-a1b212.o
    0x0800f46a   0x0800f46a   0x00000002   PAD
    0x0800f46c   0x0800f46c   0x00000076   Code   RO          908    .text.OS_TaskStatStkChk  lto-llvm-a1b212.o
    0x0800f4e2   0x0800f4e2   0x00000002   PAD
    0x0800f4e4   0x0800f4e4   0x00000042   Code   RO          882    .text.OS_TaskStkClr  lto-llvm-a1b212.o
    0x0800f526   0x0800f526   0x00000002   PAD
    0x0800f528   0x0800f528   0x000000b2   Code   RO          520    .text.PID_Calculate  lto-llvm-a1b212.o
    0x0800f5da   0x0800f5da   0x00000002   PAD
    0x0800f5dc   0x0800f5dc   0x00000058   Code   RO          518    .text.PID_Init      lto-llvm-a1b212.o
    0x0800f634   0x0800f634   0x00000258   Code   RO          522    .text.PID_Upadte    lto-llvm-a1b212.o
    0x0800f88c   0x0800f88c   0x0000024c   Code   RO          530    .text.POS_Update    lto-llvm-a1b212.o
    0x0800fad8   0x0800fad8   0x00000030   Code   RO          524    .text.PWM_TO_ANGLE  lto-llvm-a1b212.o
    0x0800fb08   0x0800fb08   0x00000034   Code   RO          526    .text.PWM_TO_RATE   lto-llvm-a1b212.o
    0x0800fb3c   0x0800fb3c   0x00000084   Code   RO          528    .text.PWM_TO_SPEED  lto-llvm-a1b212.o
    0x0800fbc0   0x0800fbc0   0x00000100   Code   RO          514    .text.QToEuler      lto-llvm-a1b212.o
    0x0800fcc0   0x0800fcc0   0x00000060   Code   RO          446    .text.REMOTE_Init   lto-llvm-a1b212.o
    0x0800fd20   0x0800fd20   0x00000032   Code   RO          456    .text.SENSOR_Init   lto-llvm-a1b212.o
    0x0800fd52   0x0800fd52   0x00000002   PAD
    0x0800fd54   0x0800fd54   0x00000040   Code   RO          480    .text.SENSOR_ReadBytes  lto-llvm-a1b212.o
    0x0800fd94   0x0800fd94   0x00000046   Code   RO          486    .text.SENSOR_RegReadBytes  lto-llvm-a1b212.o
    0x0800fdda   0x0800fdda   0x00000002   PAD
    0x0800fddc   0x0800fddc   0x00000040   Code   RO          460    .text.SENSOR_RegWriteByte  lto-llvm-a1b212.o
    0x0800fe1c   0x0800fe1c   0x000001f4   Code   RO          488    .text.SENSOR_Update  lto-llvm-a1b212.o
    0x08010010   0x08010010   0x0000003c   Code   RO          466    .text.SENSOR_WriteByte  lto-llvm-a1b212.o
    0x0801004c   0x0801004c   0x00000070   Code   RO          392    .text.START_Task    lto-llvm-a1b212.o
    0x080100bc   0x080100bc   0x00000002   Code   RO          574    .text.SVC_Handler   lto-llvm-a1b212.o
    0x080100be   0x080100be   0x00000002   PAD
    0x080100c0   0x080100c0   0x00000050   Code   RO          500    .text.SYS_Init      lto-llvm-a1b212.o
    0x08010110   0x08010110   0x00000052   Code   RO          796    .text.SysTick_Config  lto-llvm-a1b212.o
    0x08010162   0x08010162   0x00000002   PAD
    0x08010164   0x08010164   0x0000002a   Code   RO          836    .text.SysTick_Handler  lto-llvm-a1b212.o
    0x0801018e   0x0801018e   0x00000002   PAD
    0x08010190   0x08010190   0x000000b2   Code   RO          502    .text.SystemClock_Config  lto-llvm-a1b212.o
    0x08010242   0x08010242   0x00000002   PAD
    0x08010244   0x08010244   0x00000012   Code   RO          582    .text.SystemInit    lto-llvm-a1b212.o
    0x08010256   0x08010256   0x00000002   PAD
    0x08010258   0x08010258   0x000000d8   Code   RO          448    .text.TIM1_CC_IRQHandler  lto-llvm-a1b212.o
    0x08010330   0x08010330   0x00000080   Code   RO          452    .text.TIM1_UP_TIM10_IRQHandler  lto-llvm-a1b212.o
    0x080103b0   0x080103b0   0x00000188   Code   RO          454    .text.TIM2_IRQHandler  lto-llvm-a1b212.o
    0x08010538   0x08010538   0x0000013a   Code   RO          672    .text.TIM_Base_SetConfig  lto-llvm-a1b212.o
    0x08010672   0x08010672   0x00000002   PAD
    0x08010674   0x08010674   0x00000322   Code   RO          450    .text.TIM_CC_Handler  lto-llvm-a1b212.o
    0x08010996   0x08010996   0x00000002   PAD
    0x08010998   0x08010998   0x00000102   Code   RO          676    .text.TIM_CCxChannelCmd  lto-llvm-a1b212.o
    0x08010a9a   0x08010a9a   0x00000002   PAD
    0x08010a9c   0x08010a9c   0x00000034   Code   RO          720    .text.TIM_ETR_SetConfig  lto-llvm-a1b212.o
    0x08010ad0   0x08010ad0   0x0000002a   Code   RO          726    .text.TIM_ITRx_SetConfig  lto-llvm-a1b212.o
    0x08010afa   0x08010afa   0x00000002   PAD
    0x08010afc   0x08010afc   0x00000142   Code   RO          700    .text.TIM_OC1_SetConfig  lto-llvm-a1b212.o
    0x08010c3e   0x08010c3e   0x00000002   PAD
    0x08010c40   0x08010c40   0x0000014c   Code   RO          702    .text.TIM_OC2_SetConfig  lto-llvm-a1b212.o
    0x08010d8c   0x08010d8c   0x0000014a   Code   RO          704    .text.TIM_OC3_SetConfig  lto-llvm-a1b212.o
    0x08010ed6   0x08010ed6   0x00000002   PAD
    0x08010ed8   0x08010ed8   0x000000be   Code   RO          706    .text.TIM_OC4_SetConfig  lto-llvm-a1b212.o
    0x08010f96   0x08010f96   0x00000002   PAD
    0x08010f98   0x08010f98   0x00000050   Code   RO          724    .text.TIM_TI1_ConfigInputStage  lto-llvm-a1b212.o
    0x08010fe8   0x08010fe8   0x000000e0   Code   RO          710    .text.TIM_TI1_SetConfig  lto-llvm-a1b212.o
    0x080110c8   0x080110c8   0x00000052   Code   RO          728    .text.TIM_TI2_ConfigInputStage  lto-llvm-a1b212.o
    0x0801111a   0x0801111a   0x00000002   PAD
    0x0801111c   0x0801111c   0x0000006c   Code   RO          712    .text.TIM_TI2_SetConfig  lto-llvm-a1b212.o
    0x08011188   0x08011188   0x0000006a   Code   RO          714    .text.TIM_TI3_SetConfig  lto-llvm-a1b212.o
    0x080111f2   0x080111f2   0x00000002   PAD
    0x080111f4   0x080111f4   0x0000006c   Code   RO          716    .text.TIM_TI4_SetConfig  lto-llvm-a1b212.o
    0x08011260   0x08011260   0x00000020   Code   RO          772    .text.UART_DMAAbortOnError  lto-llvm-a1b212.o
    0x08011280   0x08011280   0x0000007c   Code   RO          752    .text.UART_DMAError  lto-llvm-a1b212.o
    0x080112fc   0x080112fc   0x0000007a   Code   RO          748    .text.UART_DMATransmitCplt  lto-llvm-a1b212.o
    0x08011376   0x08011376   0x00000002   PAD
    0x08011378   0x08011378   0x00000016   Code   RO          750    .text.UART_DMATxHalfCplt  lto-llvm-a1b212.o
    0x0801138e   0x0801138e   0x00000002   PAD
    0x08011390   0x08011390   0x00000094   Code   RO          756    .text.UART_EndRxTransfer  lto-llvm-a1b212.o
    0x08011424   0x08011424   0x00000024   Code   RO          776    .text.UART_EndTransmit_IT  lto-llvm-a1b212.o
    0x08011448   0x08011448   0x00000036   Code   RO          754    .text.UART_EndTxTransfer  lto-llvm-a1b212.o
    0x0801147e   0x0801147e   0x00000002   PAD
    0x08011480   0x08011480   0x00000160   Code   RO          770    .text.UART_Receive_IT  lto-llvm-a1b212.o
    0x080115e0   0x080115e0   0x000001d8   Code   RO          740    .text.UART_SetConfig  lto-llvm-a1b212.o
    0x080117b8   0x080117b8   0x00000090   Code   RO          774    .text.UART_Transmit_IT  lto-llvm-a1b212.o
    0x08011848   0x08011848   0x000000d2   Code   RO          744    .text.UART_WaitOnFlagUntilTimeout  lto-llvm-a1b212.o
    0x0801191a   0x0801191a   0x00000002   PAD
    0x0801191c   0x0801191c   0x00000096   Code   RO          430    .text.USART2_IRQHandler  lto-llvm-a1b212.o
    0x080119b2   0x080119b2   0x00000002   PAD
    0x080119b4   0x080119b4   0x00000004   Code   RO          572    .text.UsageFault_Handler  lto-llvm-a1b212.o
    0x080119b8   0x080119b8   0x00000032   Code   RO          792    .text.__NVIC_EnableIRQ  lto-llvm-a1b212.o
    0x080119ea   0x080119ea   0x00000002   PAD
    0x080119ec   0x080119ec   0x00000010   Code   RO          784    .text.__NVIC_GetPriorityGrouping  lto-llvm-a1b212.o
    0x080119fc   0x080119fc   0x00000042   Code   RO          788    .text.__NVIC_SetPriority  lto-llvm-a1b212.o
    0x08011a3e   0x08011a3e   0x00000002   PAD
    0x08011a40   0x08011a40   0x0000003c   Code   RO          780    .text.__NVIC_SetPriorityGrouping  lto-llvm-a1b212.o
    0x08011a7c   0x08011a7c   0x00000078   Code   RO          402    .text.ano_addcheck  lto-llvm-a1b212.o
    0x08011af4   0x08011af4   0x0000008e   Code   RO          422    .text.ano_check     lto-llvm-a1b212.o
    0x08011b82   0x08011b82   0x00000002   PAD
    0x08011b84   0x08011b84   0x0000001c   Code   RO          508    .text.assert_failed  lto-llvm-a1b212.o
    0x08011ba0   0x08011ba0   0x00000076   Code   RO          436    .text.biquadFilterApply  lto-llvm-a1b212.o
    0x08011c16   0x08011c16   0x00000002   PAD
    0x08011c18   0x08011c18   0x000001a0   Code   RO          434    .text.biquadFilterInit  lto-llvm-a1b212.o
    0x08011db8   0x08011db8   0x0000001a   Code   RO          506    .text.fputc         lto-llvm-a1b212.o
    0x08011dd2   0x08011dd2   0x00000002   PAD
    0x08011dd4   0x08011dd4   0x00000016   Code   RO          390    .text.main          lto-llvm-a1b212.o
    0x08011dea   0x08011dea   0x00000002   PAD
    0x08011dec   0x08011dec   0x00000020   Code   RO          288    i.__0printf         mc_w.l(printfa.o)
    0x08011e0c   0x08011e0c   0x00000026   Code   RO          315    i.__ARM_fpclassifyf  m_wm.l(fpclassifyf.o)
    0x08011e32   0x08011e32   0x00000002   PAD
    0x08011e34   0x08011e34   0x0000012c   Code   RO          259    i.__hardfp_asinf    m_wm.l(asinf.o)
    0x08011f60   0x08011f60   0x000002ac   Code   RO          265    i.__hardfp_atan2f   m_wm.l(atan2f.o)
    0x0801220c   0x0801220c   0x00000664   Code   RO          271    i.__hardfp_powf     m_wm.l(powf.o)
    0x08012870   0x08012870   0x0000003a   Code   RO          278    i.__hardfp_sqrtf    m_wm.l(sqrtf.o)
    0x080128aa   0x080128aa   0x00000002   PAD
    0x080128ac   0x080128ac   0x00000014   Code   RO          317    i.__mathlib_flt_divzero  m_wm.l(funder.o)
    0x080128c0   0x080128c0   0x00000006   Code   RO          318    i.__mathlib_flt_infnan  m_wm.l(funder.o)
    0x080128c6   0x080128c6   0x00000006   Code   RO          319    i.__mathlib_flt_infnan2  m_wm.l(funder.o)
    0x080128cc   0x080128cc   0x00000010   Code   RO          320    i.__mathlib_flt_invalid  m_wm.l(funder.o)
    0x080128dc   0x080128dc   0x00000010   Code   RO          321    i.__mathlib_flt_overflow  m_wm.l(funder.o)
    0x080128ec   0x080128ec   0x00000010   Code   RO          323    i.__mathlib_flt_underflow  m_wm.l(funder.o)
    0x080128fc   0x080128fc   0x0000000e   Code   RO          967    i.__scatterload_copy  mc_w.l(handlers.o)
    0x0801290a   0x0801290a   0x00000002   Code   RO          968    i.__scatterload_null  mc_w.l(handlers.o)
    0x0801290c   0x0801290c   0x0000000e   Code   RO          969    i.__scatterload_zeroinit  mc_w.l(handlers.o)
    0x0801291a   0x0801291a   0x00000002   PAD
    0x0801291c   0x0801291c   0x0000000c   Code   RO          361    i.__set_errno       mc_w.l(errno.o)
    0x08012928   0x08012928   0x00000184   Code   RO          295    i._fp_digits        mc_w.l(printfa.o)
    0x08012aac   0x08012aac   0x000006dc   Code   RO          296    i._printf_core      mc_w.l(printfa.o)
    0x08013188   0x08013188   0x00000024   Code   RO          297    i._printf_post_padding  mc_w.l(printfa.o)
    0x080131ac   0x080131ac   0x0000002e   Code   RO          298    i._printf_pre_padding  mc_w.l(printfa.o)
    0x080131da   0x080131da   0x0000003e   Code   RO          280    i.sqrtf             m_wm.l(sqrtf.o)
    0x08013218   0x08013218   0x00000804   Data   RO          236    .constdata          arm_cortexM4lf_math.lib(arm_common_tables.o)
    0x08013a1c   0x08013a1c   0x00000140   Data   RO          274    .constdata          m_wm.l(powf.o)
    0x08013b5c   0x08013b5c   0x000001b6   Data   RO          944    .rodata             lto-llvm-a1b212.o
    0x08013d12   0x08013d12   0x00000010   Data   RO          945    .rodata.cst16       lto-llvm-a1b212.o
    0x08013d22   0x08013d22   0x00000010   Data   RO          946    .rodata.cst8        lto-llvm-a1b212.o
    0x08013d32   0x08013d32   0x0000040f   Data   RO          943    .rodata.str1.1      lto-llvm-a1b212.o
    0x08014141   0x08014141   0x00000003   PAD
    0x08014144   0x08014144   0x00000020   Data   RO          966    Region$$Table       anon$$obj.o


    Execution Region RW_IRAM1 (Exec base: 0x20000000, Load base: 0x08014168, Size: 0x00002e48, Max: 0x00018000, ABSOLUTE)

    Exec Addr    Load Addr    Size         Type   Attr      Idx    E Section Name        Object

    0x20000000   0x08014168   0x00000004   Data   RW          345    .data               mc_w.l(stdout.o)
    0x20000004   0x0801416c   0x00000004   Data   RW          362    .data               mc_w.l(errno.o)
    0x20000008   0x08014170   0x00000100   Data   RW          940    .data               lto-llvm-a1b212.o
    0x20000108        -       0x0000293c   Zero   RW          941    .bss                lto-llvm-a1b212.o
    0x20002a44   0x08014270   0x00000004   PAD
    0x20002a48        -       0x00000400   Zero   RW           19    STACK               startup_stm32f401xe.o


==============================================================================

Image component sizes


      Code (inc. data)   RO Data    RW Data    ZI Data      Debug   Object Name

     70076        278       1509        256      10556     130393   lto-llvm-a1b212.o
       308         34          0          0          0        308   os_cpu_a.o
        36          8        404          0       1024        816   startup_stm32f401xe.o

    ----------------------------------------------------------------------
     70656        320       1948        256      11584     131517   Object Totals
         0          0         32          0          0          0   (incl. Generated)
       236          0          3          0          4          0   (incl. Padding)

    ----------------------------------------------------------------------

      Code (inc. data)   RO Data    RW Data    ZI Data      Debug   Library Member Name

         0          0       2052          0          0       4704   arm_common_tables.o
       120         12          0          0          0      18614   arm_cos_f32.o
        56          0          0          0          0        643   arm_pid_init_f32.o
       236          4          0          0          0      14626   arm_rms_f32.o
       148         18          0          0          0        814   arm_sin_f32.o
       300         42          0          0          0        176   asinf.o
       684         90          0          0          0        208   atan2f.o
        38          0          0          0          0        116   fpclassifyf.o
        80         24          0          0          0        696   funder.o
      1636        110        320          0          0        372   powf.o
       120          0          0          0          0        272   sqrtf.o
         0          0          0          0          0          0   entry.o
         0          0          0          0          0          0   entry10a.o
         0          0          0          0          0          0   entry11a.o
         8          4          0          0          0          0   entry2.o
         4          0          0          0          0          0   entry5.o
         0          0          0          0          0          0   entry7b.o
         0          0          0          0          0          0   entry8b.o
         8          4          0          0          0          0   entry9a.o
        12          6          0          4          0         68   errno.o
        30          0          0          0          0          0   handlers.o
        36          8          0          0          0         68   init.o
         0          0          0          0          0          0   iusefp.o
        30          0          0          0          0         68   llshl.o
        36          0          0          0          0         68   llsshr.o
        32          0          0          0          0         68   llushr.o
        36          0          0          0          0         68   memcpya.o
        36          0          0          0          0        108   memseta.o
      2258         90          0          0          0        452   printfa.o
         0          0          0          4          0          0   stdout.o
        44          0          0          0          0         80   uidiv.o
        98          0          0          0          0         92   uldiv.o
        48          0          0          0          0         68   cdrcmple.o
       334          0          0          0          0        148   dadd.o
       222          0          0          0          0        100   ddiv.o
       186          0          0          0          0        176   depilogue.o
        62          0          0          0          0         80   dfixi.o
        48          0          0          0          0         68   dfixul.o
        34          0          0          0          0         76   dflti.o
       228          0          0          0          0         96   dmul.o
        38          0          0          0          0         68   f2d.o
         4          0          0          0          0         68   fpstat.o

    ----------------------------------------------------------------------
      7300        412       2372          8          0      43329   Library Totals
        10          0          0          0          0          0   (incl. Padding)

    ----------------------------------------------------------------------

      Code (inc. data)   RO Data    RW Data    ZI Data      Debug   Library Name

       560         34       2052          0          0      39401   arm_cortexM4lf_math.lib
      2858        266        320          0          0       1840   m_wm.l
      2668        112          0          8          0       1140   mc_w.l
      1204          0          0          0          0        948   mf_w.l

    ----------------------------------------------------------------------
      7300        412       2372          8          0      43329   Library Totals

    ----------------------------------------------------------------------

==============================================================================


      Code (inc. data)   RO Data    RW Data    ZI Data      Debug   

     77956        732       4320        264      11584     172710   Grand Totals
     77956        732       4320        264      11584     172710   ELF Image Totals
     77956        732       4320        264          0          0   ROM Totals

==============================================================================

    Total RO  Size (Code + RO Data)                82276 (  80.35kB)
    Total RW  Size (RW Data + ZI Data)             11848 (  11.57kB)
    Total ROM Size (Code + RO Data + RW Data)      82540 (  80.61kB)

==============================================================================

