Component: ARM Compiler 5.06 update 7 (build 960) Tool: armlink [4d3601]

==============================================================================

Section Cross References

    main.o(i.START_Task) refers to ucos_ii.o(i.OSStatInit) for OSStatInit
    main.o(i.START_Task) refers to os_cpu_a.o(.text) for OS_CPU_SR_Save
    main.o(i.START_Task) refers to ucos_ii.o(i.OSTaskDel) for OSTaskDel
    main.o(i.main) refers to sys.o(i.SYS_Init) for SYS_Init
    main.o(i.main) refers to ucos_ii.o(i.OSInit) for OSInit
    main.o(i.main) refers to ucos_ii.o(i.OSTaskCreate) for OSTaskCreate
    main.o(i.main) refers to ucos_ii.o(i.OSStart) for OSStart
    main.o(i.main) refers to main.o(.bss) for START_TASK_STK
    main.o(i.main) refers to main.o(i.START_Task) for START_Task
    ano.o(i.ANO_Receive_Analyze) refers to ano.o(i.ano_check) for ano_check
    ano.o(i.ANO_Receive_Analyze) refers to ano.o(i.ANO_Send_Param) for ANO_Send_Param
    ano.o(i.ANO_Receive_Analyze) refers to stm32f4xx_hal_uart.o(i.HAL_UART_Transmit_DMA) for HAL_UART_Transmit_DMA
    ano.o(i.ANO_Receive_Analyze) refers to ano.o(.bss) for a
    ano.o(i.ANO_Receive_Analyze) refers to usart.o(.bss) for huart2
    ano.o(i.ANO_Receive_Prepare) refers to ano.o(i.ANO_Receive_Analyze) for ANO_Receive_Analyze
    ano.o(i.ANO_Receive_Prepare) refers to ano.o(.data) for state
    ano.o(i.ANO_Receive_Prepare) refers to ano.o(.bss) for data
    ano.o(i.ANO_Send_Altitude) refers to ano.o(i.ano_addcheck) for ano_addcheck
    ano.o(i.ANO_Send_Battery) refers to ano.o(i.ano_addcheck) for ano_addcheck
    ano.o(i.ANO_Send_Control) refers to ano.o(i.ano_addcheck) for ano_addcheck
    ano.o(i.ANO_Send_Euler) refers to ano.o(i.ano_addcheck) for ano_addcheck
    ano.o(i.ANO_Send_PWM) refers to ano.o(i.ano_addcheck) for ano_addcheck
    ano.o(i.ANO_Send_Param) refers to ano.o(i.ano_addcheck) for ano_addcheck
    ano.o(i.ANO_Send_Quaternion) refers to ano.o(i.ano_addcheck) for ano_addcheck
    ano.o(i.ANO_Send_Sensor) refers to ano.o(i.ano_addcheck) for ano_addcheck
    ano.o(i.ANO_Send_Sensor2) refers to ano.o(i.ano_addcheck) for ano_addcheck
    ano.o(i.ANO_Send_String) refers to ano.o(i.ano_addcheck) for ano_addcheck
    ano.o(i.ANO_Send_Target) refers to ano.o(i.ano_addcheck) for ano_addcheck
    ano.o(i.ANO_Send_Verification) refers to ano.o(i.ano_addcheck) for ano_addcheck
    ano.o(i.USART2_IRQHandler) refers to os_cpu_a.o(.text) for OS_CPU_SR_Save
    ano.o(i.USART2_IRQHandler) refers to ucos_ii.o(i.OSIntEnter) for OSIntEnter
    ano.o(i.USART2_IRQHandler) refers to ano.o(i.ANO_Receive_Prepare) for ANO_Receive_Prepare
    ano.o(i.USART2_IRQHandler) refers to stm32f4xx_hal_uart.o(i.HAL_UART_IRQHandler) for HAL_UART_IRQHandler
    ano.o(i.USART2_IRQHandler) refers to ucos_ii.o(i.OSIntExit) for OSIntExit
    ano.o(i.USART2_IRQHandler) refers to usart.o(.bss) for huart2
    motor.o(i.MOTOR_Control) refers to motor.o(i.MOTOR_Set) for MOTOR_Set
    motor.o(i.MOTOR_Init) refers to stm32f4xx_hal_tim.o(i.HAL_TIM_PWM_Start) for HAL_TIM_PWM_Start
    motor.o(i.MOTOR_Init) refers to tim.o(.bss) for htim3
    motor.o(i.MOTOR_Set) refers to tim.o(.bss) for htim3
    remote.o(i.REMOTE_Init) refers to stm32f4xx_hal_tim.o(i.HAL_TIM_IC_Start_IT) for HAL_TIM_IC_Start_IT
    remote.o(i.REMOTE_Init) refers to tim.o(.bss) for htim1
    remote.o(i.TIM1_CC_IRQHandler) refers to os_cpu_a.o(.text) for OS_CPU_SR_Save
    remote.o(i.TIM1_CC_IRQHandler) refers to ucos_ii.o(i.OSIntEnter) for OSIntEnter
    remote.o(i.TIM1_CC_IRQHandler) refers to stm32f4xx_hal_tim.o(i.HAL_TIM_IRQHandler) for HAL_TIM_IRQHandler
    remote.o(i.TIM1_CC_IRQHandler) refers to remote.o(i.TIM_CC_Handler) for TIM_CC_Handler
    remote.o(i.TIM1_CC_IRQHandler) refers to ucos_ii.o(i.OSIntExit) for OSIntExit
    remote.o(i.TIM1_CC_IRQHandler) refers to tim.o(.bss) for htim1
    remote.o(i.TIM1_UP_TIM10_IRQHandler) refers to os_cpu_a.o(.text) for OS_CPU_SR_Save
    remote.o(i.TIM1_UP_TIM10_IRQHandler) refers to ucos_ii.o(i.OSIntEnter) for OSIntEnter
    remote.o(i.TIM1_UP_TIM10_IRQHandler) refers to stm32f4xx_hal_tim.o(i.HAL_TIM_IRQHandler) for HAL_TIM_IRQHandler
    remote.o(i.TIM1_UP_TIM10_IRQHandler) refers to ucos_ii.o(i.OSIntExit) for OSIntExit
    remote.o(i.TIM1_UP_TIM10_IRQHandler) refers to tim.o(.bss) for htim1
    remote.o(i.TIM1_UP_TIM10_IRQHandler) refers to remote.o(.data) for ucount
    remote.o(i.TIM2_IRQHandler) refers to os_cpu_a.o(.text) for OS_CPU_SR_Save
    remote.o(i.TIM2_IRQHandler) refers to ucos_ii.o(i.OSIntEnter) for OSIntEnter
    remote.o(i.TIM2_IRQHandler) refers to stm32f4xx_hal_tim.o(i.HAL_TIM_IRQHandler) for HAL_TIM_IRQHandler
    remote.o(i.TIM2_IRQHandler) refers to remote.o(i.TIM_CC_Handler) for TIM_CC_Handler
    remote.o(i.TIM2_IRQHandler) refers to motor.o(i.MOTOR_Set) for MOTOR_Set
    remote.o(i.TIM2_IRQHandler) refers to ucos_ii.o(i.OSIntExit) for OSIntExit
    remote.o(i.TIM2_IRQHandler) refers to tim.o(.bss) for htim2
[...]
    cnt                                      0x20000001   Data           1  ano.o(.data)
    .data                                    0x20000002   Section       14  remote.o(.data)
    .data                                    0x20000010   Section       88  sensor.o(.data)
    .data                                    0x20000068   Section        4  system_stm32f4xx.o(.data)
    .data                                    0x2000006c   Section        9  stm32f4xx_hal.o(.data)
    .data                                    0x20000078   Section      100  ucos_ii.o(.data)
    .data                                    0x200000dc   Section       12  os_cpu_c.o(.data)
    OSTmrCtr                                 0x200000e0   Data           2  os_cpu_c.o(.data)
    .data                                    0x200000e8   Section        4  stdout.o(.data)
    .data                                    0x200000ec   Section        4  errno.o(.data)
    _errno                                   0x200000ec   Data           4  errno.o(.data)
    .bss                                     0x200000f0   Section      512  main.o(.bss)
    .bss                                     0x200002f0   Section       62  ano.o(.bss)
    a                                        0x200002f0   Data          12  ano.o(.bss)
    data                                     0x200002fc   Data          50  ano.o(.bss)
    .bss                                     0x20000330   Section       56  remote.o(.bss)
    .bss                                     0x20000368   Section       88  sensor.o(.bss)
    .bss                                     0x200003c0   Section       72  pid.o(.bss)
    .bss                                     0x20000408   Section       72  adc.o(.bss)
    .bss                                     0x20000450   Section       84  i2c.o(.bss)
    .bss                                     0x200004a4   Section      216  tim.o(.bss)
    .bss                                     0x2000057c   Section      164  usart.o(.bss)
    .bss                                     0x20000620   Section     5048  ucos_ii.o(.bss)
    .bss                                     0x200019d8   Section     1024  os_cpu_c.o(.bss)
    STACK                                    0x20001dd8   Section     1024  startup_stm32f401xe.o(STACK)

    Global Symbols

    Symbol Name                              Value     Ov Type        Size  Object(Section)

    BuildAttributes$$THM_ISAv4$E$P$D$K$B$S$7EM$VFPi3$EXTD16$VFPS$VFMA$PE$A:L22UL41UL21$X:L11$S22US41US21$IEEE1$IW$USESV6$~STKCKD$USESV7$~SHL$OTIME$ROPI$IEEEX$EBA8$MICROLIB$REQ8$PRES8$EABIv2 0x00000000   Number         0  anon$$obj.o ABSOLUTE
    __ARM_use_no_argv                        0x00000000   Number         0  main.o ABSOLUTE
    _printf_a                                0x00000000   Number         0  stubs.o ABSOLUTE
    _printf_c                                0x00000000   Number         0  stubs.o ABSOLUTE
    _printf_charcount                        0x00000000   Number         0  stubs.o ABSOLUTE
    _printf_d                                0x00000000   Number         0  stubs.o ABSOLUTE
    _printf_e                                0x00000000   Number         0  stubs.o ABSOLUTE
    _printf_f                                0x00000000   Number         0  stubs.o ABSOLUTE
    _printf_flags                            0x00000000   Number         0  stubs.o ABSOLUTE
    _printf_fp_dec                           0x00000000   Number         0  stubs.o ABSOLUTE
    _printf_fp_hex                           0x00000000   Number         0  stubs.o ABSOLUTE
    _printf_g                                0x00000000   Number         0  stubs.o ABSOLUTE
    _printf_i                                0x00000000   Number         0  stubs.o ABSOLUTE
    _printf_int_dec                          0x00000000   Number         0  stubs.o ABSOLUTE
    _printf_l                                0x00000000   Number         0  stubs.o ABSOLUTE
    _printf_lc                               0x00000000   Number         0  stubs.o ABSOLUTE
    _printf_ll                               0x00000000   Number         0  stubs.o ABSOLUTE
    _printf_lld                              0x00000000   Number         0  stubs.o ABSOLUTE
    _printf_lli                              0x00000000   Number         0  stubs.o ABSOLUTE
    _printf_llo                              0x00000000   Number         0  stubs.o ABSOLUTE
    _printf_llu                              0x00000000   Number         0  stubs.o ABSOLUTE
    _printf_llx                              0x00000000   Number         0  stubs.o ABSOLUTE
    _printf_longlong_dec                     0x00000000   Number         0  stubs.o ABSOLUTE
    _printf_longlong_hex                     0x00000000   Number         0  stubs.o ABSOLUTE
    _printf_longlong_oct                     0x00000000   Number         0  stubs.o ABSOLUTE
    _printf_ls                               0x00000000   Number         0  stubs.o ABSOLUTE
    _printf_mbtowc                           0x00000000   Number         0  stubs.o ABSOLUTE
    _printf_n                                0x00000000   Number         0  stubs.o ABSOLUTE
    _printf_o                                0x00000000   Number         0  stubs.o ABSOLUTE
    _printf_p                                0x00000000   Number         0  stubs.o ABSOLUTE
    _printf_percent                          0x00000000   Number         0  stubs.o ABSOLUTE
    _printf_pre_padding                      0x00000000   Number         0  stubs.o ABSOLUTE
    _printf_return_value                     0x00000000   Number         0  stubs.o ABSOLUTE
    _printf_s                                0x00000000   Number         0  stubs.o ABSOLUTE
    _printf_sizespec                         0x00000000   Number         0  stubs.o ABSOLUTE
    _printf_str                              0x00000000   Number         0  stubs.o ABSOLUTE
    _printf_truncate_signed                  0x00000000   Number         0  stubs.o ABSOLUTE
    _printf_truncate_unsigned                0x00000000   Number         0  stubs.o ABSOLUTE
    _printf_u                                0x00000000   Number         0  stubs.o ABSOLUTE
    _printf_wc                               0x00000000   Number         0  stubs.o ABSOLUTE
    _printf_wctomb                           0x00000000   Number         0  stubs.o ABSOLUTE
    _printf_widthprec                        0x00000000   Number         0  stubs.o ABSOLUTE
    _printf_x                                0x00000000   Number         0  stubs.o ABSOLUTE
    __arm_fini_                               - Undefined Weak Reference
    __cpp_initialize__aeabi_                  - Undefined Weak Reference
    __cxa_finalize                            - Undefined Weak Reference
    __decompress                              - Undefined Weak Reference
    _clock_init                               - Undefined Weak Reference
    _microlib_exit                            - Undefined Weak Reference
    __Vectors_Size                           0x00000194   Number         0  startup_stm32f401xe.o ABSOLUTE
    __Vectors                                0x08000000   Data           4  startup_stm32f401xe.o(RESET)
    __Vectors_End                            0x08000194   Data           0  startup_stm32f401xe.o(RESET)
    __main                                   0x08000195   Thumb Code     0  entry.o(.ARM.Collect$$$$00000000)
    _main_stk                                0x08000195   Thumb Code     0  entry2.o(.ARM.Collect$$$$00000001)
    _main_scatterload                        0x08000199   Thumb Code     0  entry5.o(.ARM.Collect$$$$00000004)
    __main_after_scatterload                 0x0800019d   Thumb Code     0  entry5.o(.ARM.Collect$$$$00000004)
    _main_clock                              0x0800019d   Thumb Code     0  entry7b.o(.ARM.Collect$$$$00000008)
    _main_cpp_init                           0x0800019d   Thumb Code     0  entry8b.o(.ARM.Collect$$$$0000000A)
    _main_init                               0x0800019d   Thumb Code     0  entry9a.o(.ARM.Collect$$$$0000000B)
    __rt_lib_shutdown_fini                   0x080001a5   Thumb Code     0  entry12b.o(.ARM.Collect$$$$0000000E)
    __rt_final_cpp                           0x080001a9   Thumb Code     0  entry10a.o(.ARM.Collect$$$$0000000F)
    __rt_final_exit                          0x080001a9   Thumb Code     0  entry11a.o(.ARM.Collect$$$$00000011)
    Reset_Handler                            0x080001ad   Thumb Code     8  startup_stm32f401xe.o(.text)
    ADC_IRQHandler                           0x080001c7   Thumb Code     0  startup_stm32f401xe.o(.text)
    DMA1_Stream0_IRQHandler                  0x080001c7   Thumb Code     0  startup_stm32f401xe.o(.text)
    DMA1_Stream1_IRQHandler                  0x080001c7   Thumb Code     0  startup_stm32f401xe.o(.text)
    DMA1_Stream2_IRQHandler                  0x080001c7   Thumb Code     0  startup_stm32f401xe.o(.text)
    DMA1_Stream3_IRQHandler                  0x080001c7   Thumb Code     0  startup_stm32f401xe.o(.text)
    DMA1_Stream4_IRQHandler                  0x080001c7   Thumb Code     0  startup_stm32f401xe.o(.text)
    DMA1_Stream5_IRQHandler                  0x080001c7   Thumb Code     0  startup_stm32f401xe.o(.text)
    DMA1_Stream7_IRQHandler                  0x080001c7   Thumb Code     0  startup_stm32f401xe.o(.text)
    DMA2_Stream0_IRQHandler                  0x080001c7   Thumb Code     0  startup_stm32f401xe.o(.text)
    DMA2_Stream1_IRQHandler                  0x080001c7   Thumb Code     0  startup_stm32f401xe.o(.text)
    DMA2_Stream2_IRQHandler                  0x080001c7   Thumb Code     0  startup_stm32f401xe.o(.text)
    DMA2_Stream3_IRQHandler                  0x080001c7   Thumb Code     0  startup_stm32f401xe.o(.text)
    DMA2_Stream4_IRQHandler                  0x080001c7   Thumb Code     0  startup_stm32f401xe.o(.text)
    DMA2_Stream5_IRQHandler                  0x080001c7   Thumb Code     0  startup_stm32f401xe.o(.text)
    DMA2_Stream6_IRQHandler                  0x080001c7   Thumb Code     0  startup_stm32f401xe.o(.text)
    DMA2_Stream7_IRQHandler                  0x080001c7   Thumb Code     0  startup_stm32f401xe.o(.text)
    EXTI0_IRQHandler                         0x080001c7   Thumb Code     0  startup_stm32f401xe.o(.text)
    EXTI15_10_IRQHandler                     0x080001c7   Thumb Code     0  startup_stm32f401xe.o(.text)
    EXTI1_IRQHandler                         0x080001c7   Thumb Code     0  startup_stm32f401xe.o(.text)
    EXTI2_IRQHandler                         0x080001c7   Thumb Code     0  startup_stm32f401xe.o(.text)
    EXTI3_IRQHandler                         0x080001c7   Thumb Code     0  startup_stm32f401xe.o(.text)
    EXTI4_IRQHandler                         0x080001c7   Thumb Code     0  startup_stm32f401xe.o(.text)
    EXTI9_5_IRQHandler                       0x080001c7   Thumb Code     0  startup_stm32f401xe.o(.text)
    FLASH_IRQHandler                         0x080001c7   Thumb Code     0  startup_stm32f401xe.o(.text)
    FPU_IRQHandler                           0x080001c7   Thumb Code     0  startup_stm32f401xe.o(.text)
    I2C1_ER_IRQHandler                       0x080001c7   Thumb Code     0  startup_stm32f401xe.o(.text)
    I2C1_EV_IRQHandler                       0x080001c7   Thumb Code     0  startup_stm32f401xe.o(.text)
    I2C2_ER_IRQHandler                       0x080001c7   Thumb Code     0  startup_stm32f401xe.o(.text)
    I2C2_EV_IRQHandler                       0x080001c7   Thumb Code     0  startup_stm32f401xe.o(.text)
    I2C3_ER_IRQHandler                       0x080001c7   Thumb Code     0  startup_stm32f401xe.o(.text)
    I2C3_EV_IRQHandler                       0x080001c7   Thumb Code     0  startup_stm32f401xe.o(.text)
    OTG_FS_IRQHandler                        0x080001c7   Thumb Code     0  startup_stm32f401xe.o(.text)
    OTG_FS_WKUP_IRQHandler                   0x080001c7   Thumb Code     0  startup_stm32f401xe.o(.text)
    PVD_IRQHandler                           0x080001c7   Thumb Code     0  startup_stm32f401xe.o(.text)
    RCC_IRQHandler                           0x080001c7   Thumb Code     0  startup_stm32f401xe.o(.text)
    RTC_Alarm_IRQHandler                     0x080001c7   Thumb Code     0  startup_stm32f401xe.o(.text)
    RTC_WKUP_IRQHandler                      0x080001c7   Thumb Code     0  startup_stm32f401xe.o(.text)
    SDIO_IRQHandler                          0x080001c7   Thumb Code     0  startup_stm32f401xe.o(.text)
    SPI1_IRQHandler                          0x080001c7   Thumb Code     0  startup_stm32f401xe.o(.text)
    SPI2_IRQHandler                          0x080001c7   Thumb Code     0  startup_stm32f401xe.o(.text)
    SPI3_IRQHandler                          0x080001c7   Thumb Code     0  startup_stm32f401xe.o(.text)
    SPI4_IRQHandler                          0x080001c7   Thumb Code     0  startup_stm32f401xe.o(.text)
    TAMP_STAMP_IRQHandler                    0x080001c7   Thumb Code     0  startup_stm32f401xe.o(.text)
    TIM1_BRK_TIM9_IRQHandler                 0x080001c7   Thumb Code     0  startup_stm32f401xe.o(.text)
    TIM1_TRG_COM_TIM11_IRQHandler            0x080001c7   Thumb Code     0  startup_stm32f401xe.o(.text)
    TIM3_IRQHandler                          0x080001c7   Thumb Code     0  startup_stm32f401xe.o(.text)
    TIM4_IRQHandler                          0x080001c7   Thumb Code     0  startup_stm32f401xe.o(.text)
    TIM5_IRQHandler                          0x080001c7   Thumb Code     0  startup_stm32f401xe.o(.text)
    USART1_IRQHandler                        0x080001c7   Thumb Code     0  startup_stm32f401xe.o(.text)
    USART6_IRQHandler                        0x080001c7   Thumb Code     0  startup_stm32f401xe.o(.text)
    WWDG_IRQHandler                          0x080001c7   Thumb Code     0  startup_stm32f401xe.o(.text)
    OS_CPU_FP_Reg_Push                       0x080001d1   Thumb Code     0  os_cpu_a.o(.text)
    OS_CPU_FP_Reg_Pop                        0x080001e3   Thumb Code     0  os_cpu_a.o(.text)
    OS_CPU_SR_Save                           0x080001ef   Thumb Code     0  os_cpu_a.o(.text)
    OS_CPU_SR_Restore                        0x0800020b   Thumb Code     0  os_cpu_a.o(.text)
    OSStartHighRdy                           0x0800021d   Thumb Code     0  os_cpu_a.o(.text)
    OSCtxSw                                  0x08000275   Thumb Code     0  os_cpu_a.o(.text)
    OSIntCtxSw                               0x08000275   Thumb Code     0  os_cpu_a.o(.text)
    PendSV_Handler                           0x0800027f   Thumb Code     0  os_cpu_a.o(.text)
    arm_pid_init_f32                         0x08000305   Thumb Code    56  arm_pid_init_f32.o(.text)
    __aeabi_uldivmod                         0x0800033d   Thumb Code    98  uldiv.o(.text)
    __aeabi_ldivmod                          0x0800039f   Thumb Code    98  ldiv.o(.text)
    __aeabi_memset                           0x08000401   Thumb Code    14  memseta.o(.text)
    __aeabi_memset4                          0x08000401   Thumb Code     0  memseta.o(.text)
    __aeabi_memset8                          0x08000401   Thumb Code     0  memseta.o(.text)
    __aeabi_memclr                           0x0800040f   Thumb Code     4  memseta.o(.text)
    __aeabi_memclr4                          0x0800040f   Thumb Code     0  memseta.o(.text)
    __aeabi_memclr8                          0x0800040f   Thumb Code     0  memseta.o(.text)
    _memset$wrapper                          0x08000413   Thumb Code    18  memseta.o(.text)
    __aeabi_l2f                              0x08000425   Thumb Code    44  ffltl.o(.text)
    __aeabi_f2d                              0x08000451   Thumb Code    38  f2d.o(.text)
    __aeabi_uidiv                            0x08000477   Thumb Code     0  uidiv.o(.text)
    __aeabi_uidivmod                         0x08000477   Thumb Code    44  uidiv.o(.text)
    __aeabi_llsl                             0x080004a3   Thumb Code    30  llshl.o(.text)
    _ll_shift_l                              0x080004a3   Thumb Code     0  llshl.o(.text)
    __aeabi_llsr                             0x080004c1   Thumb Code    32  llushr.o(.text)
    _ll_ushift_r                             0x080004c1   Thumb Code     0  llushr.o(.text)
    __I$use$fp                               0x080004e1   Thumb Code     0  iusefp.o(.text)
    _float_round                             0x080004e1   Thumb Code    18  fepilogue.o(.text)
    _float_epilogue                          0x080004f3   Thumb Code    92  fepilogue.o(.text)
    __aeabi_dadd                             0x0800054f   Thumb Code   322  dadd.o(.text)
    __aeabi_dsub                             0x08000691   Thumb Code     6  dadd.o(.text)
    __aeabi_drsub                            0x08000697   Thumb Code     6  dadd.o(.text)
    __aeabi_dmul                             0x0800069d   Thumb Code   228  dmul.o(.text)
    __aeabi_ddiv                             0x08000781   Thumb Code   222  ddiv.o(.text)
    __aeabi_d2ulz                            0x0800085f   Thumb Code    48  dfixul.o(.text)
    __aeabi_cdrcmple                         0x08000891   Thumb Code    48  cdrcmple.o(.text)
    __fp_status                              0x080008c1   Thumb Code     4  fpstat.o(.text)
    __ieee_status                            0x080008c1   Thumb Code     0  fpstat.o(.text)
    __scatterload                            0x080008c5   Thumb Code    28  init.o(.text)
    __scatterload_rt2                        0x080008c5   Thumb Code     0  init.o(.text)
    __aeabi_lasr                             0x080008e9   Thumb Code    36  llsshr.o(.text)
    _ll_sshift_r                             0x080008e9   Thumb Code     0  llsshr.o(.text)
    _double_round                            0x0800090d   Thumb Code    30  depilogue.o(.text)
    _double_epilogue                         0x0800092b   Thumb Code   156  depilogue.o(.text)
    ANO_Receive_Analyze                      0x08000b65   Thumb Code    54  ano.o(i.ANO_Receive_Analyze)
    ANO_Receive_Prepare                      0x08000ba5   Thumb Code   226  ano.o(i.ANO_Receive_Prepare)
    ANO_Send_Param                           0x08000c95   Thumb Code   116  ano.o(i.ANO_Send_Param)
    App_TCBInitHook                          0x08000d09   Thumb Code     2  app_hooks.o(i.App_TCBInitHook)
    App_TaskCreateHook                       0x08000d0b   Thumb Code     2  app_hooks.o(i.App_TaskCreateHook)
    App_TaskDelHook                          0x08000d0d   Thumb Code     2  app_hooks.o(i.App_TaskDelHook)
    App_TaskIdleHook                         0x08000d0f   Thumb Code     2  app_hooks.o(i.App_TaskIdleHook)
    App_TaskReturnHook                       0x08000d11   Thumb Code     2  app_hooks.o(i.App_TaskReturnHook)
    App_TaskStatHook                         0x08000d13   Thumb Code     2  app_hooks.o(i.App_TaskStatHook)
    App_TaskSwHook                           0x08000d15   Thumb Code     2  app_hooks.o(i.App_TaskSwHook)
    App_TimeTickHook                         0x08000d17   Thumb Code     8  app_hooks.o(i.App_TimeTickHook)
    BusFault_Handler                         0x08000d1f   Thumb Code     4  stm32f4xx_it.o(i.BusFault_Handler)
    DMA1_Stream6_IRQHandler                  0x08000d25   Thumb Code    40  stm32f4xx_it.o(i.DMA1_Stream6_IRQHandler)
    DebugMon_Handler                         0x08000e5b   Thumb Code     2  stm32f4xx_it.o(i.DebugMon_Handler)
    Error_Handler                            0x08000e5d   Thumb Code     6  sys.o(i.Error_Handler)
    HAL_ADC_ConfigChannel                    0x08000e65   Thumb Code   480  stm32f4xx_hal_adc.o(i.HAL_ADC_ConfigChannel)
    HAL_ADC_Init                             0x08001075   Thumb Code   556  stm32f4xx_hal_adc.o(i.HAL_ADC_Init)
    HAL_ADC_MspInit                          0x080012c9   Thumb Code   114  adc.o(i.HAL_ADC_MspInit)
    HAL_DMA_Abort                            0x08001349   Thumb Code   172  stm32f4xx_hal_dma.o(i.HAL_DMA_Abort)
    HAL_DMA_Abort_IT                         0x080013f5   Thumb Code    40  stm32f4xx_hal_dma.o(i.HAL_DMA_Abort_IT)
    HAL_DMA_IRQHandler                       0x0800141d   Thumb Code   570  stm32f4xx_hal_dma.o(i.HAL_DMA_IRQHandler)
    HAL_DMA_Init                             0x0800165d   Thumb Code   792  stm32f4xx_hal_dma.o(i.HAL_DMA_Init)
    HAL_DMA_Start_IT                         0x080019a1   Thumb Code   166  stm32f4xx_hal_dma.o(i.HAL_DMA_Start_IT)
    HAL_Delay                                0x08001a69   Thumb Code    36  stm32f4xx_hal.o(i.HAL_Delay)
    HAL_GPIO_Init                            0x08001a91   Thumb Code   836  stm32f4xx_hal_gpio.o(i.HAL_GPIO_Init)
    HAL_GetTick                              0x08001e19   Thumb Code     6  stm32f4xx_hal.o(i.HAL_GetTick)
    HAL_I2C_Init                             0x08001e25   Thumb Code   664  stm32f4xx_hal_i2c.o(i.HAL_I2C_Init)
    HAL_I2C_Master_Receive                   0x080020fd   Thumb Code   748  stm32f4xx_hal_i2c.o(i.HAL_I2C_Master_Receive)
    HAL_I2C_Master_Transmit                  0x080023f5   Thumb Code   360  stm32f4xx_hal_i2c.o(i.HAL_I2C_Master_Transmit)
    HAL_I2C_Mem_Read                         0x08002565   Thumb Code   764  stm32f4xx_hal_i2c.o(i.HAL_I2C_Mem_Read)
    HAL_I2C_Mem_Write                        0x0800288d   Thumb Code   368  stm32f4xx_hal_i2c.o(i.HAL_I2C_Mem_Write)
    HAL_I2C_MspInit                          0x08002a25   Thumb Code   124  i2c.o(i.HAL_I2C_MspInit)
    HAL_IncTick                              0x08002aad   Thumb Code    16  stm32f4xx_hal.o(i.HAL_IncTick)
    HAL_Init                                 0x08002ac5   Thumb Code    54  stm32f4xx_hal.o(i.HAL_Init)
    HAL_InitTick                             0x08002b01   Thumb Code    64  stm32f4xx_hal.o(i.HAL_InitTick)
    HAL_MspInit                              0x08002b4d   Thumb Code    74  stm32f4xx_hal_msp.o(i.HAL_MspInit)
    HAL_NVIC_EnableIRQ                       0x08002b9d   Thumb Code    48  stm32f4xx_hal_cortex.o(i.HAL_NVIC_EnableIRQ)
    HAL_NVIC_SetPriority                     0x08002bf1   Thumb Code   152  stm32f4xx_hal_cortex.o(i.HAL_NVIC_SetPriority)
    HAL_NVIC_SetPriorityGrouping             0x08002cad   Thumb Code    66  stm32f4xx_hal_cortex.o(i.HAL_NVIC_SetPriorityGrouping)
    HAL_RCC_ClockConfig                      0x08002d1d   Thumb Code   628  stm32f4xx_hal_rcc.o(i.HAL_RCC_ClockConfig)
    HAL_RCC_GetHCLKFreq                      0x08002fc5   Thumb Code     6  stm32f4xx_hal_rcc.o(i.HAL_RCC_GetHCLKFreq)
    HAL_RCC_GetPCLK1Freq                     0x08002fd1   Thumb Code    22  stm32f4xx_hal_rcc.o(i.HAL_RCC_GetPCLK1Freq)
    HAL_RCC_GetPCLK2Freq                     0x08002ff1   Thumb Code    22  stm32f4xx_hal_rcc.o(i.HAL_RCC_GetPCLK2Freq)
    HAL_RCC_GetSysClockFreq                  0x08003011   Thumb Code   162  stm32f4xx_hal_rcc.o(i.HAL_RCC_GetSysClockFreq)
    HAL_RCC_OscConfig                        0x080030c1   Thumb Code  1518  stm32f4xx_hal_rcc.o(i.HAL_RCC_OscConfig)
    HAL_SYSTICK_Config                       0x080036b9   Thumb Code    52  stm32f4xx_hal_cortex.o(i.HAL_SYSTICK_Config)
    HAL_TIMEx_BreakCallback                  0x080036ed   Thumb Code     2  stm32f4xx_hal_tim_ex.o(i.HAL_TIMEx_BreakCallback)
    HAL_TIMEx_CommutCallback                 0x080036ef   Thumb Code     2  stm32f4xx_hal_tim_ex.o(i.HAL_TIMEx_CommutCallback)
    HAL_TIMEx_MasterConfigSynchronization    0x080036f1   Thumb Code   270  stm32f4xx_hal_tim_ex.o(i.HAL_TIMEx_MasterConfigSynchronization)
    HAL_TIM_Base_Init                        0x08003839   Thumb Code   272  stm32f4xx_hal_tim.o(i.HAL_TIM_Base_Init)
    HAL_TIM_Base_MspInit                     0x08003985   Thumb Code   384  tim.o(i.HAL_TIM_Base_MspInit)
    HAL_TIM_ConfigClockSource                0x08003b19   Thumb Code  1216  stm32f4xx_hal_tim.o(i.HAL_TIM_ConfigClockSource)
    HAL_TIM_IC_CaptureCallback               0x08003fd9   Thumb Code     2  stm32f4xx_hal_tim.o(i.HAL_TIM_IC_CaptureCallback)
    HAL_TIM_IC_ConfigChannel                 0x08003fdd   Thumb Code   572  stm32f4xx_hal_tim.o(i.HAL_TIM_IC_ConfigChannel)
    HAL_TIM_IC_Init                          0x08004255   Thumb Code   272  stm32f4xx_hal_tim.o(i.HAL_TIM_IC_Init)
    HAL_TIM_IC_MspInit                       0x080043a1   Thumb Code     2  stm32f4xx_hal_tim.o(i.HAL_TIM_IC_MspInit)
    HAL_TIM_IC_Start_IT                      0x080043a5   Thumb Code   514  stm32f4xx_hal_tim.o(i.HAL_TIM_IC_Start_IT)
    HAL_TIM_IRQHandler                       0x080045e5   Thumb Code   406  stm32f4xx_hal_tim.o(i.HAL_TIM_IRQHandler)
    HAL_TIM_MspPostInit                      0x0800477d   Thumb Code   140  tim.o(i.HAL_TIM_MspPostInit)
    HAL_TIM_OC_DelayElapsedCallback          0x08004819   Thumb Code     2  stm32f4xx_hal_tim.o(i.HAL_TIM_OC_DelayElapsedCallback)
    HAL_TIM_PWM_ConfigChannel                0x0800481d   Thumb Code   602  stm32f4xx_hal_tim.o(i.HAL_TIM_PWM_ConfigChannel)
    HAL_TIM_PWM_Init                         0x08004ab5   Thumb Code   272  stm32f4xx_hal_tim.o(i.HAL_TIM_PWM_Init)
    HAL_TIM_PWM_MspInit                      0x08004c01   Thumb Code     2  stm32f4xx_hal_tim.o(i.HAL_TIM_PWM_MspInit)
    HAL_TIM_PWM_PulseFinishedCallback        0x08004c03   Thumb Code     2  stm32f4xx_hal_tim.o(i.HAL_TIM_PWM_PulseFinishedCallback)
    HAL_TIM_PWM_Start                        0x08004c05   Thumb Code   372  stm32f4xx_hal_tim.o(i.HAL_TIM_PWM_Start)
    HAL_TIM_PeriodElapsedCallback            0x08004db5   Thumb Code     2  stm32f4xx_hal_tim.o(i.HAL_TIM_PeriodElapsedCallback)
    HAL_TIM_ReadCapturedValue                0x08004db9   Thumb Code   298  stm32f4xx_hal_tim.o(i.HAL_TIM_ReadCapturedValue)
    HAL_TIM_TriggerCallback                  0x08004f21   Thumb Code     2  stm32f4xx_hal_tim.o(i.HAL_TIM_TriggerCallback)
    HAL_UARTEx_RxEventCallback               0x08004f23   Thumb Code     2  stm32f4xx_hal_uart.o(i.HAL_UARTEx_RxEventCallback)
    HAL_UART_ErrorCallback                   0x08004f25   Thumb Code     2  stm32f4xx_hal_uart.o(i.HAL_UART_ErrorCallback)
    HAL_UART_IRQHandler                      0x08004f29   Thumb Code   732  stm32f4xx_hal_uart.o(i.HAL_UART_IRQHandler)
    HAL_UART_Init                            0x08005209   Thumb Code   274  stm32f4xx_hal_uart.o(i.HAL_UART_Init)
    HAL_UART_MspInit                         0x08005349   Thumb Code   204  usart.o(i.HAL_UART_MspInit)
    HAL_UART_RxCpltCallback                  0x08005429   Thumb Code     2  stm32f4xx_hal_uart.o(i.HAL_UART_RxCpltCallback)
    HAL_UART_Transmit                        0x0800542b   Thumb Code   210  stm32f4xx_hal_uart.o(i.HAL_UART_Transmit)
    HAL_UART_Transmit_DMA                    0x080054fd   Thumb Code   160  stm32f4xx_hal_uart.o(i.HAL_UART_Transmit_DMA)
    HAL_UART_TxCpltCallback                  0x080055a9   Thumb Code     2  stm32f4xx_hal_uart.o(i.HAL_UART_TxCpltCallback)
    HAL_UART_TxHalfCpltCallback              0x080055ab   Thumb Code     2  stm32f4xx_hal_uart.o(i.HAL_UART_TxHalfCpltCallback)
    HMC_Connect                              0x080055ad   Thumb Code   116  sensor.o(i.HMC_Connect)
    HMC_Init                                 0x08005685   Thumb Code    44  sensor.o(i.HMC_Init)
    HMC_SelfTest                             0x080056b5   Thumb Code   188  sensor.o(i.HMC_SelfTest)
    HardFault_Handler                        0x080057ad   Thumb Code     4  stm32f4xx_it.o(i.HardFault_Handler)
    MOTOR_Init                               0x08005ead   Thumb Code    36  motor.o(i.MOTOR_Init)
    MOTOR_Set                                0x08005ed5   Thumb Code   132  motor.o(i.MOTOR_Set)
    MPU_Calibrate                            0x08005f5d   Thumb Code  1354  sensor.o(i.MPU_Calibrate)
    MPU_Connect                              0x080064f1   Thumb Code    54  sensor.o(i.MPU_Connect)
    MPU_Init                                 0x08006581   Thumb Code   188  sensor.o(i.MPU_Init)
    MPU_SelfTest                             0x0800664d   Thumb Code  1276  sensor.o(i.MPU_SelfTest)
    MS_CheckCRC                              0x08006b5d   Thumb Code   156  sensor.o(i.MS_CheckCRC)
    MS_Init                                  0x08006c41   Thumb Code    82  sensor.o(i.MS_Init)
    MS_ReadPROM                              0x08006c9d   Thumb Code    66  sensor.o(i.MS_ReadPROM)
    MS_ReadPressure                          0x08006ce1   Thumb Code   460  sensor.o(i.MS_ReadPressure)
    MS_ReadPressureRaw                       0x08006eb5   Thumb Code    56  sensor.o(i.MS_ReadPressureRaw)
    MS_ReadTempRaw                           0x08006eed   Thumb Code    56  sensor.o(i.MS_ReadTempRaw)
    MX_ADC1_Init                             0x08006f25   Thumb Code   100  adc.o(i.MX_ADC1_Init)
    MX_DMA_Init                              0x08006f95   Thumb Code    52  dma.o(i.MX_DMA_Init)
    MX_GPIO_Init                             0x08006fcd   Thumb Code    96  gpio.o(i.MX_GPIO_Init)
    MX_I2C1_Init                             0x08007031   Thumb Code    52  i2c.o(i.MX_I2C1_Init)
    MX_TIM1_Init                             0x08007071   Thumb Code   202  tim.o(i.MX_TIM1_Init)
    MX_TIM2_Init                             0x08007145   Thumb Code   184  tim.o(i.MX_TIM2_Init)
    MX_TIM3_Init                             0x08007201   Thumb Code   208  tim.o(i.MX_TIM3_Init)
    MX_USART2_UART_Init                      0x080072d9   Thumb Code    46  usart.o(i.MX_USART2_UART_Init)
    MemManage_Handler                        0x08007311   Thumb Code     4  stm32f4xx_it.o(i.MemManage_Handler)
    NMI_Handler                              0x08007315   Thumb Code     4  stm32f4xx_it.o(i.NMI_Handler)
    OSDebugInit                              0x08007319   Thumb Code   118  os_dbg.o(i.OSDebugInit)
    OSEventNameSet                           0x08007475   Thumb Code   110  ucos_ii.o(i.OSEventNameSet)
    OSInit                                   0x080074e9   Thumb Code    56  ucos_ii.o(i.OSInit)
    OSInitHookBegin                          0x08007521   Thumb Code    68  os_cpu_c.o(i.OSInitHookBegin)
    OSInitHookEnd                            0x0800757d   Thumb Code     2  os_cpu_c.o(i.OSInitHookEnd)
    OSIntEnter                               0x08007581   Thumb Code    28  ucos_ii.o(i.OSIntEnter)
    OSIntExit                                0x080075a5   Thumb Code   122  ucos_ii.o(i.OSIntExit)
    OSSchedLock                              0x08007641   Thumb Code    60  ucos_ii.o(i.OSSchedLock)
    OSSchedUnlock                            0x08007689   Thumb Code   100  ucos_ii.o(i.OSSchedUnlock)
    OSSemCreate                              0x080076f9   Thumb Code    82  ucos_ii.o(i.OSSemCreate)
    OSSemPend                                0x08007759   Thumb Code   266  ucos_ii.o(i.OSSemPend)
    OSSemPost                                0x08007871   Thumb Code   112  ucos_ii.o(i.OSSemPost)
    OSStart                                  0x080078e1   Thumb Code    48  ucos_ii.o(i.OSStart)
    OSStatInit                               0x08007929   Thumb Code    82  ucos_ii.o(i.OSStatInit)
    OSTCBInitHook                            0x08007989   Thumb Code    12  os_cpu_c.o(i.OSTCBInitHook)
    OSTaskCreate                             0x08007995   Thumb Code   186  ucos_ii.o(i.OSTaskCreate)
    OSTaskCreateExt                          0x08007a5d   Thumb Code   206  ucos_ii.o(i.OSTaskCreateExt)
    OSTaskCreateHook                         0x08007b39   Thumb Code    12  os_cpu_c.o(i.OSTaskCreateHook)
    OSTaskDel                                0x08007b45   Thumb Code   346  ucos_ii.o(i.OSTaskDel)
    OSTaskDelHook                            0x08007ccd   Thumb Code    12  os_cpu_c.o(i.OSTaskDelHook)
    OSTaskIdleHook                           0x08007cd9   Thumb Code     8  os_cpu_c.o(i.OSTaskIdleHook)
    OSTaskNameSet                            0x08007ce1   Thumb Code   138  ucos_ii.o(i.OSTaskNameSet)
    OSTaskReturnHook                         0x08007d79   Thumb Code    12  os_cpu_c.o(i.OSTaskReturnHook)
    OSTaskStatHook                           0x08007d85   Thumb Code     8  os_cpu_c.o(i.OSTaskStatHook)
    OSTaskStkChk                             0x08007d8d   Thumb Code   168  ucos_ii.o(i.OSTaskStkChk)
    OSTaskStkInit                            0x08007e3d   Thumb Code   446  os_cpu_c.o(i.OSTaskStkInit)
    OSTaskSuspend                            0x08008069   Thumb Code   190  ucos_ii.o(i.OSTaskSuspend)
    OSTaskSwHook                             0x08008139   Thumb Code    28  os_cpu_c.o(i.OSTaskSwHook)
    OSTimeDly                                0x0800815d   Thumb Code   110  ucos_ii.o(i.OSTimeDly)
    OSTimeTick                               0x080081e1   Thumb Code   230  ucos_ii.o(i.OSTimeTick)
    OSTimeTickHook                           0x080082e1   Thumb Code    34  os_cpu_c.o(i.OSTimeTickHook)
    OSTmrSignal                              0x08008309   Thumb Code    16  ucos_ii.o(i.OSTmrSignal)
    OSTmr_Init                               0x0800831d   Thumb Code   168  ucos_ii.o(i.OSTmr_Init)
    OS_Dummy                                 0x080085a1   Thumb Code     2  ucos_ii.o(i.OS_Dummy)
    OS_EventTaskRdy                          0x080085a5   Thumb Code   132  ucos_ii.o(i.OS_EventTaskRdy)
    OS_EventTaskRemove                       0x08008639   Thumb Code    46  ucos_ii.o(i.OS_EventTaskRemove)
    OS_EventTaskRemoveMulti                  0x08008667   Thumb Code    58  ucos_ii.o(i.OS_EventTaskRemoveMulti)
    OS_EventTaskWait                         0x080086a1   Thumb Code   112  ucos_ii.o(i.OS_EventTaskWait)
    OS_EventWaitListInit                     0x0800871d   Thumb Code    28  ucos_ii.o(i.OS_EventWaitListInit)
    OS_FlagInit                              0x08008739   Thumb Code    70  ucos_ii.o(i.OS_FlagInit)
    OS_FlagUnlink                            0x0800878d   Thumb Code    36  ucos_ii.o(i.OS_FlagUnlink)
    OS_MemClr                                0x080089d1   Thumb Code    18  ucos_ii.o(i.OS_MemClr)
    OS_MemInit                               0x080089e5   Thumb Code    74  ucos_ii.o(i.OS_MemInit)
    OS_QInit                                 0x08008a3d   Thumb Code    68  ucos_ii.o(i.OS_QInit)
    OS_Sched                                 0x08008a89   Thumb Code    98  ucos_ii.o(i.OS_Sched)
    OS_TCBInit                               0x08008b35   Thumb Code   330  ucos_ii.o(i.OS_TCBInit)
    OS_TaskIdle                              0x08008c9d   Thumb Code    42  ucos_ii.o(i.OS_TaskIdle)
    OS_TaskReturn                            0x08008ccd   Thumb Code    18  ucos_ii.o(i.OS_TaskReturn)
    OS_TaskStat                              0x08008ce5   Thumb Code   218  ucos_ii.o(i.OS_TaskStat)
    OS_TaskStatStkChk                        0x08008dd5   Thumb Code    54  ucos_ii.o(i.OS_TaskStatStkChk)
    OS_TaskStkClr                            0x08008e11   Thumb Code    26  ucos_ii.o(i.OS_TaskStkClr)
    PID_Init                                 0x08008e2d   Thumb Code    20  pid.o(i.PID_Init)
    REMOTE_Init                              0x08008e49   Thumb Code    92  remote.o(i.REMOTE_Init)
    SENSOR_Init                              0x08008ead   Thumb Code    38  sensor.o(i.SENSOR_Init)
    START_Task                               0x08008f89   Thumb Code    40  main.o(i.START_Task)
    SVC_Handler                              0x08008fb1   Thumb Code     2  stm32f4xx_it.o(i.SVC_Handler)
    SYS_Init                                 0x08008fb5   Thumb Code    76  sys.o(i.SYS_Init)
    SysTick_Handler                          0x08009005   Thumb Code    38  os_cpu_c.o(i.SysTick_Handler)
    SystemClock_Config                       0x0800902d   Thumb Code   172  sys.o(i.SystemClock_Config)
    SystemInit                               0x080090e1   Thumb Code    14  system_stm32f4xx.o(i.SystemInit)
    TIM1_CC_IRQHandler                       0x080090f5   Thumb Code   116  remote.o(i.TIM1_CC_IRQHandler)
    TIM1_UP_TIM10_IRQHandler                 0x0800916d   Thumb Code    84  remote.o(i.TIM1_UP_TIM10_IRQHandler)
    TIM2_IRQHandler                          0x080091c9   Thumb Code   172  remote.o(i.TIM2_IRQHandler)
    TIM_Base_SetConfig                       0x08009281   Thumb Code   134  stm32f4xx_hal_tim.o(i.TIM_Base_SetConfig)
    TIM_CCxChannelCmd                        0x080094d9   Thumb Code   134  stm32f4xx_hal_tim.o(i.TIM_CCxChannelCmd)
    TIM_ETR_SetConfig                        0x0800959d   Thumb Code    22  stm32f4xx_hal_tim.o(i.TIM_ETR_SetConfig)
    TIM_OC2_SetConfig                        0x08009699   Thumb Code   182  stm32f4xx_hal_tim.o(i.TIM_OC2_SetConfig)
    TIM_TI1_SetConfig                        0x08009905   Thumb Code   102  stm32f4xx_hal_tim.o(i.TIM_TI1_SetConfig)
    USART2_IRQHandler                        0x0800a085   Thumb Code   106  ano.o(i.USART2_IRQHandler)
    UsageFault_Handler                       0x0800a0f5   Thumb Code     4  stm32f4xx_it.o(i.UsageFault_Handler)
    __0printf                                0x0800a0f9   Thumb Code    22  printfa.o(i.__0printf)
    __1printf                                0x0800a0f9   Thumb Code     0  printfa.o(i.__0printf)
    __2printf                                0x0800a0f9   Thumb Code     0  printfa.o(i.__0printf)
    __c89printf                              0x0800a0f9   Thumb Code     0  printfa.o(i.__0printf)
    printf                                   0x0800a0f9   Thumb Code     0  printfa.o(i.__0printf)
    __ARM_fpclassifyf                        0x0800a119   Thumb Code    38  fpclassifyf.o(i.__ARM_fpclassifyf)
    __hardfp_powf                            0x0800a179   Thumb Code  1606  powf.o(i.__hardfp_powf)
    __mathlib_powf                           0x0800a179   Thumb Code     0  powf.o(i.__hardfp_powf)
    __mathlib_flt_divzero                    0x0800a7dd   Thumb Code    14  funder.o(i.__mathlib_flt_divzero)
    __mathlib_flt_infnan2                    0x0800a7f1   Thumb Code     6  funder.o(i.__mathlib_flt_infnan2)
    __mathlib_flt_invalid                    0x0800a7f9   Thumb Code    10  funder.o(i.__mathlib_flt_invalid)
    __mathlib_flt_overflow                   0x0800a809   Thumb Code    10  funder.o(i.__mathlib_flt_overflow)
    __mathlib_flt_underflow                  0x0800a819   Thumb Code    10  funder.o(i.__mathlib_flt_underflow)
    __scatterload_copy                       0x0800a829   Thumb Code    14  handlers.o(i.__scatterload_copy)
    __scatterload_null                       0x0800a837   Thumb Code     2  handlers.o(i.__scatterload_null)
    __scatterload_zeroinit                   0x0800a839   Thumb Code    14  handlers.o(i.__scatterload_zeroinit)
    __set_errno                              0x0800a849   Thumb Code     6  errno.o(i.__set_errno)
    assert_failed                            0x0800b149   Thumb Code    18  sys.o(i.assert_failed)
    fputc                                    0x0800b18d   Thumb Code    22  sys.o(i.fputc)
    main                                     0x0800b1a9   Thumb Code    30  main.o(i.main)
    TIM_CHANNEL                              0x0800b1d0   Data           7  remote.o(.constdata)
    TIM_FLAG                                 0x0800b1d7   Data           7  remote.o(.constdata)
    AHBPrescTable                            0x0800b1de   Data          16  system_stm32f4xx.o(.constdata)
    APBPrescTable                            0x0800b1ee   Data           8  system_stm32f4xx.o(.constdata)
    OSUnMapTbl                               0x0800b1fe   Data         256  ucos_ii.o(.constdata)
    OSDebugEn                                0x0800b300   Data           2  os_dbg.o(.constdata)
    OSEndiannessTest                         0x0800b304   Data           4  os_dbg.o(.constdata)
    OSEventEn                                0x0800b308   Data           2  os_dbg.o(.constdata)
    OSEventMax                               0x0800b30a   Data           2  os_dbg.o(.constdata)
    OSEventNameEn                            0x0800b30c   Data           2  os_dbg.o(.constdata)
    OSEventSize                              0x0800b30e   Data           2  os_dbg.o(.constdata)
    OSEventTblSize                           0x0800b310   Data           2  os_dbg.o(.constdata)
    OSEventMultiEn                           0x0800b312   Data           2  os_dbg.o(.constdata)
    OSFlagEn                                 0x0800b314   Data           2  os_dbg.o(.constdata)
    OSFlagGrpSize                            0x0800b316   Data           2  os_dbg.o(.constdata)
    OSFlagNodeSize                           0x0800b318   Data           2  os_dbg.o(.constdata)
    OSFlagWidth                              0x0800b31a   Data           2  os_dbg.o(.constdata)
    OSFlagMax                                0x0800b31c   Data           2  os_dbg.o(.constdata)
    OSFlagNameEn                             0x0800b31e   Data           2  os_dbg.o(.constdata)
    OSLowestPrio                             0x0800b320   Data           2  os_dbg.o(.constdata)
    OSMboxEn                                 0x0800b322   Data           2  os_dbg.o(.constdata)
    OSMemEn                                  0x0800b324   Data           2  os_dbg.o(.constdata)
    OSMemMax                                 0x0800b326   Data           2  os_dbg.o(.constdata)
    OSMemNameEn                              0x0800b328   Data           2  os_dbg.o(.constdata)
    OSMemSize                                0x0800b32a   Data           2  os_dbg.o(.constdata)
    OSMemTblSize                             0x0800b32c   Data           2  os_dbg.o(.constdata)
    OSMutexEn                                0x0800b32e   Data           2  os_dbg.o(.constdata)
    OSPtrSize                                0x0800b330   Data           2  os_dbg.o(.constdata)
    OSQEn                                    0x0800b332   Data           2  os_dbg.o(.constdata)
    OSQMax                                   0x0800b334   Data           2  os_dbg.o(.constdata)
    OSQSize                                  0x0800b336   Data           2  os_dbg.o(.constdata)
    OSRdyTblSize                             0x0800b338   Data           2  os_dbg.o(.constdata)
    OSSemEn                                  0x0800b33a   Data           2  os_dbg.o(.constdata)
    OSStkWidth                               0x0800b33c   Data           2  os_dbg.o(.constdata)
    OSTaskCreateEn                           0x0800b33e   Data           2  os_dbg.o(.constdata)
    OSTaskCreateExtEn                        0x0800b340   Data           2  os_dbg.o(.constdata)
    OSTaskDelEn                              0x0800b342   Data           2  os_dbg.o(.constdata)
    OSTaskIdleStkSize                        0x0800b344   Data           2  os_dbg.o(.constdata)
    OSTaskProfileEn                          0x0800b346   Data           2  os_dbg.o(.constdata)
    OSTaskMax                                0x0800b348   Data           2  os_dbg.o(.constdata)
    OSTaskNameEn                             0x0800b34a   Data           2  os_dbg.o(.constdata)
    OSTaskStatEn                             0x0800b34c   Data           2  os_dbg.o(.constdata)
    OSTaskStatStkSize                        0x0800b34e   Data           2  os_dbg.o(.constdata)
    OSTaskStatStkChkEn                       0x0800b350   Data           2  os_dbg.o(.constdata)
    OSTaskSwHookEn                           0x0800b352   Data           2  os_dbg.o(.constdata)
    OSTaskRegTblSize                         0x0800b354   Data           2  os_dbg.o(.constdata)
    OSTCBPrioTblMax                          0x0800b356   Data           2  os_dbg.o(.constdata)
    OSTCBSize                                0x0800b358   Data           2  os_dbg.o(.constdata)
    OSTicksPerSec                            0x0800b35a   Data           2  os_dbg.o(.constdata)
    OSTimeTickHookEn                         0x0800b35c   Data           2  os_dbg.o(.constdata)
    OSVersionNbr                             0x0800b35e   Data           2  os_dbg.o(.constdata)
    OSTmrEn                                  0x0800b360   Data           2  os_dbg.o(.constdata)
    OSTmrCfgMax                              0x0800b362   Data           2  os_dbg.o(.constdata)
    OSTmrCfgNameEn                           0x0800b364   Data           2  os_dbg.o(.constdata)
    OSTmrCfgWheelSize                        0x0800b366   Data           2  os_dbg.o(.constdata)
    OSTmrCfgTicksPerSec                      0x0800b368   Data           2  os_dbg.o(.constdata)
    OSTmrSize                                0x0800b36a   Data           2  os_dbg.o(.constdata)
    OSTmrTblSize                             0x0800b36c   Data           2  os_dbg.o(.constdata)
    OSTmrWheelSize                           0x0800b36e   Data           2  os_dbg.o(.constdata)
    OSTmrWheelTblSize                        0x0800b370   Data           2  os_dbg.o(.constdata)
    OSDataSize                               0x0800b372   Data           2  os_dbg.o(.constdata)
    Region$$Table$$Base                      0x0800b4b4   Number         0  anon$$obj.o(Region$$Table)
    Region$$Table$$Limit                     0x0800b4d4   Number         0  anon$$obj.o(Region$$Table)
    rstate                                   0x20000002   Data           7  remote.o(.data)
    ucount                                   0x20000009   Data           7  remote.o(.data)
    Gscale                                   0x20000010   Data           1  sensor.o(.data)
    Ascale                                   0x20000011   Data           1  sensor.o(.data)
    Mscale                                   0x20000012   Data           1  sensor.o(.data)
    aRes                                     0x20000014   Data          16  sensor.o(.data)
    gRes                                     0x20000024   Data          16  sensor.o(.data)
    mRes                                     0x20000034   Data          32  sensor.o(.data)
    magScale                                 0x20000054   Data          12  sensor.o(.data)
    altitude                                 0x20000060   Data           4  sensor.o(.data)
    initialPressure                          0x20000064   Data           4  sensor.o(.data)
    SystemCoreClock                          0x20000068   Data           4  system_stm32f4xx.o(.data)
    uwTick                                   0x2000006c   Data           4  stm32f4xx_hal.o(.data)
    uwTickPrio                               0x20000070   Data           4  stm32f4xx_hal.o(.data)
    uwTickFreq                               0x20000074   Data           1  stm32f4xx_hal.o(.data)
    OSCtxSwCtr                               0x20000078   Data           4  ucos_ii.o(.data)
    OSEventFreeList                          0x2000007c   Data           4  ucos_ii.o(.data)
    OSFlagFreeList                           0x20000080   Data           4  ucos_ii.o(.data)
    OSCPUUsage                               0x20000084   Data           1  ucos_ii.o(.data)
    OSIdleCtrMax                             0x20000088   Data           4  ucos_ii.o(.data)
    OSIdleCtrRun                             0x2000008c   Data           4  ucos_ii.o(.data)
    OSStatRdy                                0x20000090   Data           1  ucos_ii.o(.data)
    OSIntNesting                             0x20000091   Data           1  ucos_ii.o(.data)
    OSLockNesting                            0x20000092   Data           1  ucos_ii.o(.data)
    OSPrioCur                                0x20000093   Data           1  ucos_ii.o(.data)
    OSPrioHighRdy                            0x20000094   Data           1  ucos_ii.o(.data)
    OSRdyGrp                                 0x20000095   Data           1  ucos_ii.o(.data)
    OSRdyTbl                                 0x20000096   Data           8  ucos_ii.o(.data)
    OSRunning                                0x2000009e   Data           1  ucos_ii.o(.data)
    OSTaskCtr                                0x2000009f   Data           1  ucos_ii.o(.data)
    OSIdleCtr                                0x200000a0   Data           4  ucos_ii.o(.data)
    OSTCBCur                                 0x200000a4   Data           4  ucos_ii.o(.data)
    OSTCBFreeList                            0x200000a8   Data           4  ucos_ii.o(.data)
    OSTCBHighRdy                             0x200000ac   Data           4  ucos_ii.o(.data)
    OSTCBList                                0x200000b0   Data           4  ucos_ii.o(.data)
    OSTickStepState                          0x200000b4   Data           1  ucos_ii.o(.data)
    OSMemFreeList                            0x200000b8   Data           4  ucos_ii.o(.data)
    OSQFreeList                              0x200000bc   Data           4  ucos_ii.o(.data)
    OSTaskRegNextAvailID                     0x200000c0   Data           1  ucos_ii.o(.data)
    OSTime                                   0x200000c4   Data           4  ucos_ii.o(.data)
    OSTmrFree                                0x200000c8   Data           2  ucos_ii.o(.data)
    OSTmrUsed                                0x200000ca   Data           2  ucos_ii.o(.data)
    OSTmrTime                                0x200000cc   Data           4  ucos_ii.o(.data)
    OSTmrSem                                 0x200000d0   Data           4  ucos_ii.o(.data)
    OSTmrSemSignal                           0x200000d4   Data           4  ucos_ii.o(.data)
    OSTmrFreeList                            0x200000d8   Data           4  ucos_ii.o(.data)
    OS_CPU_ExceptStkBase                     0x200000dc   Data           4  os_cpu_c.o(.data)
    OS_KA_BASEPRI_Boundary                   0x200000e4   Data           4  os_cpu_c.o(.data)
    __stdout                                 0x200000e8   Data           4  stdout.o(.data)
    START_TASK_STK                           0x200000f0   Data         512  main.o(.bss)
    rvalue                                   0x20000330   Data          28  remote.o(.bss)
    pvalue                                   0x2000034c   Data          28  remote.o(.bss)
    accel                                    0x20000368   Data          12  sensor.o(.bss)
    gyro                                     0x20000374   Data          12  sensor.o(.bss)
    mag                                      0x20000380   Data          12  sensor.o(.bss)
    accelBias                                0x2000038c   Data          12  sensor.o(.bss)
    gyroBias                                 0x20000398   Data          12  sensor.o(.bss)
    magBias                                  0x200003a4   Data          12  sensor.o(.bss)
    msPROM                                   0x200003b0   Data          16  sensor.o(.bss)
    outer_roll                               0x200003c0   Data          36  pid.o(.bss)
    inner_roll                               0x200003e4   Data          36  pid.o(.bss)
    hadc1                                    0x20000408   Data          72  adc.o(.bss)
    hi2c1                                    0x20000450   Data          84  i2c.o(.bss)
    htim1                                    0x200004a4   Data          72  tim.o(.bss)
    htim2                                    0x200004ec   Data          72  tim.o(.bss)
    htim3                                    0x20000534   Data          72  tim.o(.bss)
    huart2                                   0x2000057c   Data          68  usart.o(.bss)
    hdma_usart2_tx                           0x200005c0   Data          96  usart.o(.bss)
    OSEventTbl                               0x20000620   Data         240  ucos_ii.o(.bss)
    OSFlagTbl                                0x20000710   Data          80  ucos_ii.o(.bss)
    OSTaskStatStk                            0x20000760   Data         512  ucos_ii.o(.bss)
    OSTaskIdleStk                            0x20000960   Data         512  ucos_ii.o(.bss)
    OSTCBPrioTbl                             0x20000b60   Data         256  ucos_ii.o(.bss)
    OSTCBTbl                                 0x20000c60   Data        2024  ucos_ii.o(.bss)
    OSMemTbl                                 0x20001448   Data         120  ucos_ii.o(.bss)
    OSQTbl                                   0x200014c0   Data          96  ucos_ii.o(.bss)
    OSTmrTbl                                 0x20001520   Data         640  ucos_ii.o(.bss)
    OSTmrTaskStk                             0x200017a0   Data         512  ucos_ii.o(.bss)
    OSTmrWheelTbl                            0x200019a0   Data          56  ucos_ii.o(.bss)
    OS_CPU_ExceptStk                         0x200019d8   Data        1024  os_cpu_c.o(.bss)
    __initial_sp                             0x200021d8   Data           0  startup_stm32f401xe.o(STACK)



==============================================================================

Memory Map of the image

  Image Entry point : 0x08000195

  Load Region LR_IROM1 (Base: 0x08000000, Size: 0x0000b5c4, Max: 0x00080000, ABSOLUTE)

    Execution Region ER_IROM1 (Exec base: 0x08000000, Load base: 0x08000000, Size: 0x0000b4d4, Max: 0x00080000, ABSOLUTE)

    Exec Addr    Load Addr    Size         Type   Attr      Idx    E Section Name        Object

    0x08000000   0x08000000   0x00000194   Data   RO         1043    RESET               startup_stm32f401xe.o
    0x08000194   0x08000194   0x00000000   Code   RO         4950  * .ARM.Collect$$$$00000000  mc_w.l(entry.o)
    0x08000194   0x08000194   0x00000004   Code   RO         5240    .ARM.Collect$$$$00000001  mc_w.l(entry2.o)
    0x08000198   0x08000198   0x00000004   Code   RO         5243    .ARM.Collect$$$$00000004  mc_w.l(entry5.o)
    0x0800019c   0x0800019c   0x00000000   Code   RO         5245    .ARM.Collect$$$$00000008  mc_w.l(entry7b.o)
    0x0800019c   0x0800019c   0x00000000   Code   RO         5247    .ARM.Collect$$$$0000000A  mc_w.l(entry8b.o)
    0x0800019c   0x0800019c   0x00000008   Code   RO         5248    .ARM.Collect$$$$0000000B  mc_w.l(entry9a.o)
    0x080001a4   0x080001a4   0x00000004   Code   RO         5255    .ARM.Collect$$$$0000000E  mc_w.l(entry12b.o)
    0x080001a8   0x080001a8   0x00000000   Code   RO         5250    .ARM.Collect$$$$0000000F  mc_w.l(entry10a.o)
    0x080001a8   0x080001a8   0x00000000   Code   RO         5252    .ARM.Collect$$$$00000011  mc_w.l(entry11a.o)
    0x080001a8   0x080001a8   0x00000004   Code   RO         5241    .ARM.Collect$$$$00002712  mc_w.l(entry2.o)
    0x080001ac   0x080001ac   0x00000024   Code   RO         1044    .text               startup_stm32f401xe.o
    0x080001d0   0x080001d0   0x00000134   Code   RO         4702    .text               os_cpu_a.o
    0x08000304   0x08000304   0x00000038   Code   RO         4893    .text               arm_cortexM4lf_math.lib(arm_pid_init_f32.o)
    0x0800033c   0x0800033c   0x00000062   Code   RO         4953    .text               mc_w.l(uldiv.o)
    0x0800039e   0x0800039e   0x00000062   Code   RO         4955    .text               mc_w.l(ldiv.o)
    0x08000400   0x08000400   0x00000024   Code   RO         4957    .text               mc_w.l(memseta.o)
    0x08000424   0x08000424   0x0000002c   Code   RO         5220    .text               mf_w.l(ffltl.o)
    0x08000450   0x08000450   0x00000026   Code   RO         5222    .text               mf_w.l(f2d.o)
    0x08000476   0x08000476   0x0000002c   Code   RO         5257    .text               mc_w.l(uidiv.o)
    0x080004a2   0x080004a2   0x0000001e   Code   RO         5259    .text               mc_w.l(llshl.o)
    0x080004c0   0x080004c0   0x00000020   Code   RO         5261    .text               mc_w.l(llushr.o)
    0x080004e0   0x080004e0   0x00000000   Code   RO         5270    .text               mc_w.l(iusefp.o)
    0x080004e0   0x080004e0   0x0000006e   Code   RO         5271    .text               mf_w.l(fepilogue.o)
    0x0800054e   0x0800054e   0x0000014e   Code   RO         5273    .text               mf_w.l(dadd.o)
    0x0800069c   0x0800069c   0x000000e4   Code   RO         5275    .text               mf_w.l(dmul.o)
    0x08000780   0x08000780   0x000000de   Code   RO         5277    .text               mf_w.l(ddiv.o)
    0x0800085e   0x0800085e   0x00000030   Code   RO         5279    .text               mf_w.l(dfixul.o)
    0x0800088e   0x0800088e   0x00000002   PAD
    0x08000890   0x08000890   0x00000030   Code   RO         5281    .text               mf_w.l(cdrcmple.o)
    0x080008c0   0x080008c0   0x00000004   Code   RO         5283    .text               mf_w.l(fpstat.o)
    0x080008c4   0x080008c4   0x00000024   Code   RO         5285    .text               mc_w.l(init.o)
    0x080008e8   0x080008e8   0x00000024   Code   RO         5287    .text               mc_w.l(llsshr.o)
    0x0800090c   0x0800090c   0x000000ba   Code   RO         5289    .text               mf_w.l(depilogue.o)
    0x080009c6   0x080009c6   0x00000002   PAD
    0x080009c8   0x080009c8   0x0000019c   Code   RO         1277    i.ADC_Init          stm32f4xx_hal_adc.o
    0x08000b64   0x08000b64   0x00000040   Code   RO          178    i.ANO_Receive_Analyze  ano.o
    0x08000ba4   0x08000ba4   0x000000f0   Code   RO          179    i.ANO_Receive_Prepare  ano.o
    0x08000c94   0x08000c94   0x00000074   Code   RO          185    i.ANO_Send_Param    ano.o
    0x08000d08   0x08000d08   0x00000002   Code   RO         4809    i.App_TCBInitHook   app_hooks.o
    0x08000d0a   0x08000d0a   0x00000002   Code   RO         4810    i.App_TaskCreateHook  app_hooks.o
    0x08000d0c   0x08000d0c   0x00000002   Code   RO         4811    i.App_TaskDelHook   app_hooks.o
    0x08000d0e   0x08000d0e   0x00000002   Code   RO         4812    i.App_TaskIdleHook  app_hooks.o
    0x08000d10   0x08000d10   0x00000002   Code   RO         4813    i.App_TaskReturnHook  app_hooks.o
    0x08000d12   0x08000d12   0x00000002   Code   RO         4814    i.App_TaskStatHook  app_hooks.o
    0x08000d14   0x08000d14   0x00000002   Code   RO         4815    i.App_TaskSwHook    app_hooks.o
    0x08000d16   0x08000d16   0x00000008   Code   RO         4816    i.App_TimeTickHook  app_hooks.o
    0x08000d1e   0x08000d1e   0x00000004   Code   RO          974    i.BusFault_Handler  stm32f4xx_it.o
    0x08000d22   0x08000d22   0x00000002   PAD
    0x08000d24   0x08000d24   0x0000002c   Code   RO          975    i.DMA1_Stream6_IRQHandler  stm32f4xx_it.o
    0x08000d50   0x08000d50   0x00000034   Code   RO         1549    i.DMA_CalcBaseAndBitshift  stm32f4xx_hal_dma.o
    0x08000d84   0x08000d84   0x000000aa   Code   RO         1550    i.DMA_CheckFifoParam  stm32f4xx_hal_dma.o
    0x08000e2e   0x08000e2e   0x0000002c   Code   RO         1551    i.DMA_SetConfig     stm32f4xx_hal_dma.o
    0x08000e5a   0x08000e5a   0x00000002   Code   RO          976    i.DebugMon_Handler  stm32f4xx_it.o
    0x08000e5c   0x08000e5c   0x00000006   Code   RO          577    i.Error_Handler     sys.o
    0x08000e62   0x08000e62   0x00000002   PAD
    0x08000e64   0x08000e64   0x00000210   Code   RO         1279    i.HAL_ADC_ConfigChannel  stm32f4xx_hal_adc.o
    0x08001074   0x08001074   0x00000254   Code   RO         1288    i.HAL_ADC_Init      stm32f4xx_hal_adc.o
    0x080012c8   0x080012c8   0x00000080   Code   RO          741    i.HAL_ADC_MspInit   adc.o
    0x08001348   0x08001348   0x000000ac   Code   RO         1552    i.HAL_DMA_Abort     stm32f4xx_hal_dma.o
    0x080013f4   0x080013f4   0x00000028   Code   RO         1553    i.HAL_DMA_Abort_IT  stm32f4xx_hal_dma.o
    0x0800141c   0x0800141c   0x00000240   Code   RO         1557    i.HAL_DMA_IRQHandler  stm32f4xx_hal_dma.o
    0x0800165c   0x0800165c   0x00000344   Code   RO         1558    i.HAL_DMA_Init      stm32f4xx_hal_dma.o
    0x080019a0   0x080019a0   0x000000c8   Code   RO         1562    i.HAL_DMA_Start_IT  stm32f4xx_hal_dma.o
    0x08001a68   0x08001a68   0x00000028   Code   RO         1095    i.HAL_Delay         stm32f4xx_hal.o
    0x08001a90   0x08001a90   0x00000388   Code   RO         1699    i.HAL_GPIO_Init     stm32f4xx_hal_gpio.o
    0x08001e18   0x08001e18   0x0000000c   Code   RO         1101    i.HAL_GetTick       stm32f4xx_hal.o
    0x08001e24   0x08001e24   0x000002d8   Code   RO         1773    i.HAL_I2C_Init      stm32f4xx_hal_i2c.o
    0x080020fc   0x080020fc   0x000002f8   Code   RO         1779    i.HAL_I2C_Master_Receive  stm32f4xx_hal_i2c.o
    0x080023f4   0x080023f4   0x00000170   Code   RO         1786    i.HAL_I2C_Master_Transmit  stm32f4xx_hal_i2c.o
    0x08002564   0x08002564   0x00000328   Code   RO         1791    i.HAL_I2C_Mem_Read  stm32f4xx_hal_i2c.o
    0x0800288c   0x0800288c   0x00000198   Code   RO         1794    i.HAL_I2C_Mem_Write  stm32f4xx_hal_i2c.o
    0x08002a24   0x08002a24   0x00000088   Code   RO          831    i.HAL_I2C_MspInit   i2c.o
    0x08002aac   0x08002aac   0x00000018   Code   RO         1107    i.HAL_IncTick       stm32f4xx_hal.o
    0x08002ac4   0x08002ac4   0x0000003c   Code   RO         1108    i.HAL_Init          stm32f4xx_hal.o
    0x08002b00   0x08002b00   0x0000004c   Code   RO         1109    i.HAL_InitTick      stm32f4xx_hal.o
    0x08002b4c   0x08002b4c   0x00000050   Code   RO          716    i.HAL_MspInit       stm32f4xx_hal_msp.o
    0x08002b9c   0x08002b9c   0x00000054   Code   RO         3794    i.HAL_NVIC_EnableIRQ  stm32f4xx_hal_cortex.o
    0x08002bf0   0x08002bf0   0x000000bc   Code   RO         3800    i.HAL_NVIC_SetPriority  stm32f4xx_hal_cortex.o
    0x08002cac   0x08002cac   0x00000070   Code   RO         3801    i.HAL_NVIC_SetPriorityGrouping  stm32f4xx_hal_cortex.o
    0x08002d1c   0x08002d1c   0x000002a8   Code   RO         2265    i.HAL_RCC_ClockConfig  stm32f4xx_hal_rcc.o
    0x08002fc4   0x08002fc4   0x0000000c   Code   RO         2270    i.HAL_RCC_GetHCLKFreq  stm32f4xx_hal_rcc.o
    0x08002fd0   0x08002fd0   0x00000020   Code   RO         2272    i.HAL_RCC_GetPCLK1Freq  stm32f4xx_hal_rcc.o
    0x08002ff0   0x08002ff0   0x00000020   Code   RO         2273    i.HAL_RCC_GetPCLK2Freq  stm32f4xx_hal_rcc.o
    0x08003010   0x08003010   0x000000b0   Code   RO         2274    i.HAL_RCC_GetSysClockFreq  stm32f4xx_hal_rcc.o
    0x080030c0   0x080030c0   0x000005f8   Code   RO         2277    i.HAL_RCC_OscConfig  stm32f4xx_hal_rcc.o
    0x080036b8   0x080036b8   0x00000034   Code   RO         3805    i.HAL_SYSTICK_Config  stm32f4xx_hal_cortex.o
    0x080036ec   0x080036ec   0x00000002   Code   RO         3137    i.HAL_TIMEx_BreakCallback  stm32f4xx_hal_tim_ex.o
    0x080036ee   0x080036ee   0x00000002   Code   RO         3138    i.HAL_TIMEx_CommutCallback  stm32f4xx_hal_tim_ex.o
    0x080036f0   0x080036f0   0x00000148   Code   RO         3156    i.HAL_TIMEx_MasterConfigSynchronization  stm32f4xx_hal_tim_ex.o
    0x08003838   0x08003838   0x0000014c   Code   RO         2422    i.HAL_TIM_Base_Init  stm32f4xx_hal_tim.o
    0x08003984   0x08003984   0x00000194   Code   RO          873    i.HAL_TIM_Base_MspInit  tim.o
    0x08003b18   0x08003b18   0x000004c0   Code   RO         2431    i.HAL_TIM_ConfigClockSource  stm32f4xx_hal_tim.o
    0x08003fd8   0x08003fd8   0x00000002   Code   RO         2456    i.HAL_TIM_IC_CaptureCallback  stm32f4xx_hal_tim.o
    0x08003fda   0x08003fda   0x00000002   PAD
    0x08003fdc   0x08003fdc   0x00000278   Code   RO         2458    i.HAL_TIM_IC_ConfigChannel  stm32f4xx_hal_tim.o
    0x08004254   0x08004254   0x0000014c   Code   RO         2461    i.HAL_TIM_IC_Init   stm32f4xx_hal_tim.o
    0x080043a0   0x080043a0   0x00000002   Code   RO         2463    i.HAL_TIM_IC_MspInit  stm32f4xx_hal_tim.o
    0x080043a2   0x080043a2   0x00000002   PAD
    0x080043a4   0x080043a4   0x00000240   Code   RO         2466    i.HAL_TIM_IC_Start_IT  stm32f4xx_hal_tim.o
    0x080045e4   0x080045e4   0x00000196   Code   RO         2470    i.HAL_TIM_IRQHandler  stm32f4xx_hal_tim.o
    0x0800477a   0x0800477a   0x00000002   PAD
    0x0800477c   0x0800477c   0x0000009c   Code   RO          874    i.HAL_TIM_MspPostInit  tim.o
    0x08004818   0x08004818   0x00000002   Code   RO         2473    i.HAL_TIM_OC_DelayElapsedCallback  stm32f4xx_hal_tim.o
    0x0800481a   0x0800481a   0x00000002   PAD
    0x0800481c   0x0800481c   0x00000298   Code   RO         2494    i.HAL_TIM_PWM_ConfigChannel  stm32f4xx_hal_tim.o
    0x08004ab4   0x08004ab4   0x0000014c   Code   RO         2497    i.HAL_TIM_PWM_Init  stm32f4xx_hal_tim.o
    0x08004c00   0x08004c00   0x00000002   Code   RO         2499    i.HAL_TIM_PWM_MspInit  stm32f4xx_hal_tim.o
    0x08004c02   0x08004c02   0x00000002   Code   RO         2500    i.HAL_TIM_PWM_PulseFinishedCallback  stm32f4xx_hal_tim.o
    0x08004c04   0x08004c04   0x000001b0   Code   RO         2502    i.HAL_TIM_PWM_Start  stm32f4xx_hal_tim.o
    0x08004db4   0x08004db4   0x00000002   Code   RO         2508    i.HAL_TIM_PeriodElapsedCallback  stm32f4xx_hal_tim.o
    0x08004db6   0x08004db6   0x00000002   PAD
    0x08004db8   0x08004db8   0x00000168   Code   RO         2510    i.HAL_TIM_ReadCapturedValue  stm32f4xx_hal_tim.o
    0x08004f20   0x08004f20   0x00000002   Code   RO         2513    i.HAL_TIM_TriggerCallback  stm32f4xx_hal_tim.o
    0x08004f22   0x08004f22   0x00000002   Code   RO         3415    i.HAL_UARTEx_RxEventCallback  stm32f4xx_hal_uart.o
    0x08004f24   0x08004f24   0x00000002   Code   RO         3429    i.HAL_UART_ErrorCallback  stm32f4xx_hal_uart.o
    0x08004f26   0x08004f26   0x00000002   PAD
    0x08004f28   0x08004f28   0x000002e0   Code   RO         3432    i.HAL_UART_IRQHandler  stm32f4xx_hal_uart.o
    0x08005208   0x08005208   0x00000140   Code   RO         3433    i.HAL_UART_Init     stm32f4xx_hal_uart.o
    0x08005348   0x08005348   0x000000e0   Code   RO          933    i.HAL_UART_MspInit  usart.o
    0x08005428   0x08005428   0x00000002   Code   RO         3439    i.HAL_UART_RxCpltCallback  stm32f4xx_hal_uart.o
    0x0800542a   0x0800542a   0x000000d2   Code   RO         3441    i.HAL_UART_Transmit  stm32f4xx_hal_uart.o
    0x080054fc   0x080054fc   0x000000ac   Code   RO         3442    i.HAL_UART_Transmit_DMA  stm32f4xx_hal_uart.o
    0x080055a8   0x080055a8   0x00000002   Code   RO         3444    i.HAL_UART_TxCpltCallback  stm32f4xx_hal_uart.o
    0x080055aa   0x080055aa   0x00000002   Code   RO         3445    i.HAL_UART_TxHalfCpltCallback  stm32f4xx_hal_uart.o
    0x080055ac   0x080055ac   0x000000d8   Code   RO          404    i.HMC_Connect       sensor.o
    0x08005684   0x08005684   0x00000030   Code   RO          405    i.HMC_Init          sensor.o
    0x080056b4   0x080056b4   0x000000f8   Code   RO          407    i.HMC_SelfTest      sensor.o
    0x080057ac   0x080057ac   0x00000004   Code   RO          977    i.HardFault_Handler  stm32f4xx_it.o
    0x080057b0   0x080057b0   0x0000003e   Code   RO         1816    i.I2C_IsAcknowledgeFailed  stm32f4xx_hal_i2c.o
    0x080057ee   0x080057ee   0x00000002   PAD
    0x080057f0   0x080057f0   0x00000138   Code   RO         1819    i.I2C_MasterRequestRead  stm32f4xx_hal_i2c.o
    0x08005928   0x08005928   0x000000c0   Code   RO         1820    i.I2C_MasterRequestWrite  stm32f4xx_hal_i2c.o
    0x080059e8   0x080059e8   0x00000160   Code   RO         1827    i.I2C_RequestMemoryRead  stm32f4xx_hal_i2c.o
    0x08005b48   0x08005b48   0x000000e0   Code   RO         1828    i.I2C_RequestMemoryWrite  stm32f4xx_hal_i2c.o
    0x08005c28   0x08005c28   0x0000005c   Code   RO         1836    i.I2C_WaitOnBTFFlagUntilTimeout  stm32f4xx_hal_i2c.o
    0x08005c84   0x08005c84   0x00000086   Code   RO         1837    i.I2C_WaitOnFlagUntilTimeout  stm32f4xx_hal_i2c.o
    0x08005d0a   0x08005d0a   0x000000c4   Code   RO         1838    i.I2C_WaitOnMasterAddressFlagUntilTimeout  stm32f4xx_hal_i2c.o
    0x08005dce   0x08005dce   0x00000080   Code   RO         1839    i.I2C_WaitOnRXNEFlagUntilTimeout  stm32f4xx_hal_i2c.o
    0x08005e4e   0x08005e4e   0x0000005c   Code   RO         1842    i.I2C_WaitOnTXEFlagUntilTimeout  stm32f4xx_hal_i2c.o
    0x08005eaa   0x08005eaa   0x00000002   PAD
    0x08005eac   0x08005eac   0x00000028   Code   RO          306    i.MOTOR_Init        motor.o
    0x08005ed4   0x08005ed4   0x00000088   Code   RO          307    i.MOTOR_Set         motor.o
    0x08005f5c   0x08005f5c   0x00000594   Code   RO          408    i.MPU_Calibrate     sensor.o
    0x080064f0   0x080064f0   0x00000090   Code   RO          409    i.MPU_Connect       sensor.o
    0x08006580   0x08006580   0x000000cc   Code   RO          410    i.MPU_Init          sensor.o
    0x0800664c   0x0800664c   0x00000510   Code   RO          413    i.MPU_SelfTest      sensor.o
    0x08006b5c   0x08006b5c   0x000000e4   Code   RO          414    i.MS_CheckCRC       sensor.o
    0x08006c40   0x08006c40   0x0000005c   Code   RO          415    i.MS_Init           sensor.o
    0x08006c9c   0x08006c9c   0x00000042   Code   RO          416    i.MS_ReadPROM       sensor.o
    0x08006cde   0x08006cde   0x00000002   PAD
    0x08006ce0   0x08006ce0   0x000001d4   Code   RO          417    i.MS_ReadPressure   sensor.o
    0x08006eb4   0x08006eb4   0x00000038   Code   RO          418    i.MS_ReadPressureRaw  sensor.o
    0x08006eec   0x08006eec   0x00000038   Code   RO          419    i.MS_ReadTempRaw    sensor.o
    0x08006f24   0x08006f24   0x00000070   Code   RO          742    i.MX_ADC1_Init      adc.o
    0x08006f94   0x08006f94   0x00000038   Code   RO          782    i.MX_DMA_Init       dma.o
    0x08006fcc   0x08006fcc   0x00000064   Code   RO          806    i.MX_GPIO_Init      gpio.o
    0x08007030   0x08007030   0x00000040   Code   RO          832    i.MX_I2C1_Init      i2c.o
    0x08007070   0x08007070   0x000000d4   Code   RO          875    i.MX_TIM1_Init      tim.o
    0x08007144   0x08007144   0x000000bc   Code   RO          876    i.MX_TIM2_Init      tim.o
    0x08007200   0x08007200   0x000000d8   Code   RO          877    i.MX_TIM3_Init      tim.o
    0x080072d8   0x080072d8   0x00000038   Code   RO          934    i.MX_USART2_UART_Init  usart.o
    0x08007310   0x08007310   0x00000004   Code   RO          978    i.MemManage_Handler  stm32f4xx_it.o
    0x08007314   0x08007314   0x00000004   Code   RO          979    i.NMI_Handler       stm32f4xx_it.o
    0x08007318   0x08007318   0x0000015c   Code   RO         4875    i.OSDebugInit       os_dbg.o
    0x08007474   0x08007474   0x00000074   Code   RO         3927    i.OSEventNameSet    ucos_ii.o
    0x080074e8   0x080074e8   0x00000038   Code   RO         3938    i.OSInit            ucos_ii.o
    0x08007520   0x08007520   0x0000005c   Code   RO         4705    i.OSInitHookBegin   os_cpu_c.o
    0x0800757c   0x0800757c   0x00000002   Code   RO         4706    i.OSInitHookEnd     os_cpu_c.o
    0x0800757e   0x0800757e   0x00000002   PAD
    0x08007580   0x08007580   0x00000024   Code   RO         3939    i.OSIntEnter        ucos_ii.o
    0x080075a4   0x080075a4   0x0000009c   Code   RO         3940    i.OSIntExit         ucos_ii.o
    0x08007640   0x08007640   0x00000048   Code   RO         3972    i.OSSchedLock       ucos_ii.o
    0x08007688   0x08007688   0x00000070   Code   RO         3973    i.OSSchedUnlock     ucos_ii.o
    0x080076f8   0x080076f8   0x00000060   Code   RO         3975    i.OSSemCreate       ucos_ii.o
    0x08007758   0x08007758   0x00000118   Code   RO         3977    i.OSSemPend         ucos_ii.o
    0x08007870   0x08007870   0x00000070   Code   RO         3979    i.OSSemPost         ucos_ii.o
    0x080078e0   0x080078e0   0x00000048   Code   RO         3982    i.OSStart           ucos_ii.o
    0x08007928   0x08007928   0x00000060   Code   RO         3983    i.OSStatInit        ucos_ii.o
    0x08007988   0x08007988   0x0000000c   Code   RO         4707    i.OSTCBInitHook     os_cpu_c.o
    0x08007994   0x08007994   0x000000c8   Code   RO         3985    i.OSTaskCreate      ucos_ii.o
    0x08007a5c   0x08007a5c   0x000000dc   Code   RO         3986    i.OSTaskCreateExt   ucos_ii.o
    0x08007b38   0x08007b38   0x0000000c   Code   RO         4708    i.OSTaskCreateHook  os_cpu_c.o
    0x08007b44   0x08007b44   0x00000188   Code   RO         3987    i.OSTaskDel         ucos_ii.o
    0x08007ccc   0x08007ccc   0x0000000c   Code   RO         4709    i.OSTaskDelHook     os_cpu_c.o
    0x08007cd8   0x08007cd8   0x00000008   Code   RO         4710    i.OSTaskIdleHook    os_cpu_c.o
    0x08007ce0   0x08007ce0   0x00000098   Code   RO         3990    i.OSTaskNameSet     ucos_ii.o
    0x08007d78   0x08007d78   0x0000000c   Code   RO         4711    i.OSTaskReturnHook  os_cpu_c.o
    0x08007d84   0x08007d84   0x00000008   Code   RO         4712    i.OSTaskStatHook    os_cpu_c.o
    0x08007d8c   0x08007d8c   0x000000b0   Code   RO         3996    i.OSTaskStkChk      ucos_ii.o
    0x08007e3c   0x08007e3c   0x0000022c   Code   RO         4713    i.OSTaskStkInit     os_cpu_c.o
    0x08008068   0x08008068   0x000000d0   Code   RO         3997    i.OSTaskSuspend     ucos_ii.o
    0x08008138   0x08008138   0x00000024   Code   RO         4714    i.OSTaskSwHook      os_cpu_c.o
    0x0800815c   0x0800815c   0x00000084   Code   RO         3998    i.OSTimeDly         ucos_ii.o
    0x080081e0   0x080081e0   0x00000100   Code   RO         4003    i.OSTimeTick        ucos_ii.o
    0x080082e0   0x080082e0   0x00000028   Code   RO         4715    i.OSTimeTickHook    os_cpu_c.o
    0x08008308   0x08008308   0x00000014   Code   RO         4008    i.OSTmrSignal       ucos_ii.o
    0x0800831c   0x0800831c   0x000000f4   Code   RO         4014    i.OSTmr_Init        ucos_ii.o
    0x08008410   0x08008410   0x00000050   Code   RO         4015    i.OSTmr_InitTask    ucos_ii.o
    0x08008460   0x08008460   0x00000074   Code   RO         4016    i.OSTmr_Link        ucos_ii.o
    0x080084d4   0x080084d4   0x00000084   Code   RO         4017    i.OSTmr_Task        ucos_ii.o
    0x08008558   0x08008558   0x00000048   Code   RO         4018    i.OSTmr_Unlink      ucos_ii.o
    0x080085a0   0x080085a0   0x00000002   Code   RO         4020    i.OS_Dummy          ucos_ii.o
    0x080085a2   0x080085a2   0x00000002   PAD
    0x080085a4   0x080085a4   0x00000094   Code   RO         4021    i.OS_EventTaskRdy   ucos_ii.o
    0x08008638   0x08008638   0x0000002e   Code   RO         4022    i.OS_EventTaskRemove  ucos_ii.o
    0x08008666   0x08008666   0x0000003a   Code   RO         4023    i.OS_EventTaskRemoveMulti  ucos_ii.o
    0x080086a0   0x080086a0   0x0000007c   Code   RO         4024    i.OS_EventTaskWait  ucos_ii.o
    0x0800871c   0x0800871c   0x0000001c   Code   RO         4026    i.OS_EventWaitListInit  ucos_ii.o
    0x08008738   0x08008738   0x00000054   Code   RO         4028    i.OS_FlagInit       ucos_ii.o
    0x0800878c   0x0800878c   0x00000024   Code   RO         4030    i.OS_FlagUnlink     ucos_ii.o
    0x080087b0   0x080087b0   0x00000060   Code   RO         4031    i.OS_InitEventList  ucos_ii.o
    0x08008810   0x08008810   0x0000005c   Code   RO         4032    i.OS_InitMisc       ucos_ii.o
    0x0800886c   0x0800886c   0x00000044   Code   RO         4033    i.OS_InitRdyList    ucos_ii.o
    0x080088b0   0x080088b0   0x00000080   Code   RO         4034    i.OS_InitTCBList    ucos_ii.o
    0x08008930   0x08008930   0x00000050   Code   RO         4035    i.OS_InitTaskIdle   ucos_ii.o
    0x08008980   0x08008980   0x00000050   Code   RO         4036    i.OS_InitTaskStat   ucos_ii.o
    0x080089d0   0x080089d0   0x00000012   Code   RO         4037    i.OS_MemClr         ucos_ii.o
    0x080089e2   0x080089e2   0x00000002   PAD
    0x080089e4   0x080089e4   0x00000058   Code   RO         4039    i.OS_MemInit        ucos_ii.o
    0x08008a3c   0x08008a3c   0x0000004c   Code   RO         4040    i.OS_QInit          ucos_ii.o
    0x08008a88   0x08008a88   0x00000080   Code   RO         4041    i.OS_Sched          ucos_ii.o
    0x08008b08   0x08008b08   0x0000002c   Code   RO         4042    i.OS_SchedNew       ucos_ii.o
    0x08008b34   0x08008b34   0x00000168   Code   RO         4044    i.OS_TCBInit        ucos_ii.o
    0x08008c9c   0x08008c9c   0x00000030   Code   RO         4045    i.OS_TaskIdle       ucos_ii.o
    0x08008ccc   0x08008ccc   0x00000018   Code   RO         4046    i.OS_TaskReturn     ucos_ii.o
    0x08008ce4   0x08008ce4   0x000000f0   Code   RO         4047    i.OS_TaskStat       ucos_ii.o
    0x08008dd4   0x08008dd4   0x0000003c   Code   RO         4048    i.OS_TaskStatStkChk  ucos_ii.o
    0x08008e10   0x08008e10   0x0000001a   Code   RO         4049    i.OS_TaskStkClr     ucos_ii.o
    0x08008e2a   0x08008e2a   0x00000002   PAD
    0x08008e2c   0x08008e2c   0x0000001c   Code   RO          681    i.PID_Init          pid.o
    0x08008e48   0x08008e48   0x00000064   Code   RO          345    i.REMOTE_Init       remote.o
    0x08008eac   0x08008eac   0x00000026   Code   RO          420    i.SENSOR_Init       sensor.o
    0x08008ed2   0x08008ed2   0x00000002   PAD
    0x08008ed4   0x08008ed4   0x00000028   Code   RO          421    i.SENSOR_ReadBytes  sensor.o
    0x08008efc   0x08008efc   0x00000030   Code   RO          422    i.SENSOR_RegReadBytes  sensor.o
    0x08008f2c   0x08008f2c   0x00000034   Code   RO          423    i.SENSOR_RegWriteByte  sensor.o
    0x08008f60   0x08008f60   0x00000028   Code   RO          425    i.SENSOR_WriteByte  sensor.o
    0x08008f88   0x08008f88   0x00000028   Code   RO            4    i.START_Task        main.o
    0x08008fb0   0x08008fb0   0x00000002   Code   RO          980    i.SVC_Handler       stm32f4xx_it.o
    0x08008fb2   0x08008fb2   0x00000002   PAD
    0x08008fb4   0x08008fb4   0x00000050   Code   RO          578    i.SYS_Init          sys.o
    0x08009004   0x08009004   0x00000026   Code   RO         4718    i.SysTick_Handler   os_cpu_c.o
    0x0800902a   0x0800902a   0x00000002   PAD
    0x0800902c   0x0800902c   0x000000b4   Code   RO          579    i.SystemClock_Config  sys.o
    0x080090e0   0x080090e0   0x00000014   Code   RO         1052    i.SystemInit        system_stm32f4xx.o
    0x080090f4   0x080090f4   0x00000078   Code   RO          346    i.TIM1_CC_IRQHandler  remote.o
    0x0800916c   0x0800916c   0x0000005c   Code   RO          347    i.TIM1_UP_TIM10_IRQHandler  remote.o
    0x080091c8   0x080091c8   0x000000b8   Code   RO          348    i.TIM2_IRQHandler   remote.o
    0x08009280   0x08009280   0x000000a4   Code   RO         2515    i.TIM_Base_SetConfig  stm32f4xx_hal_tim.o
    0x08009324   0x08009324   0x000001b4   Code   RO          349    i.TIM_CC_Handler    remote.o
    0x080094d8   0x080094d8   0x000000c4   Code   RO         2516    i.TIM_CCxChannelCmd  stm32f4xx_hal_tim.o
    0x0800959c   0x0800959c   0x00000016   Code   RO         2526    i.TIM_ETR_SetConfig  stm32f4xx_hal_tim.o
    0x080095b2   0x080095b2   0x00000012   Code   RO         2527    i.TIM_ITRx_SetConfig  stm32f4xx_hal_tim.o
    0x080095c4   0x080095c4   0x000000d4   Code   RO         2528    i.TIM_OC1_SetConfig  stm32f4xx_hal_tim.o
    0x08009698   0x08009698   0x000000dc   Code   RO         2529    i.TIM_OC2_SetConfig  stm32f4xx_hal_tim.o
    0x08009774   0x08009774   0x000000dc   Code   RO         2530    i.TIM_OC3_SetConfig  stm32f4xx_hal_tim.o
    0x08009850   0x08009850   0x0000008c   Code   RO         2531    i.TIM_OC4_SetConfig  stm32f4xx_hal_tim.o
    0x080098dc   0x080098dc   0x00000026   Code   RO         2533    i.TIM_TI1_ConfigInputStage  stm32f4xx_hal_tim.o
    0x08009902   0x08009902   0x00000002   PAD
    0x08009904   0x08009904   0x0000007c   Code   RO         2534    i.TIM_TI1_SetConfig  stm32f4xx_hal_tim.o
    0x08009980   0x08009980   0x00000028   Code   RO         2535    i.TIM_TI2_ConfigInputStage  stm32f4xx_hal_tim.o
    0x080099a8   0x080099a8   0x0000003a   Code   RO         2536    i.TIM_TI2_SetConfig  stm32f4xx_hal_tim.o
    0x080099e2   0x080099e2   0x00000038   Code   RO         2537    i.TIM_TI3_SetConfig  stm32f4xx_hal_tim.o
    0x08009a1a   0x08009a1a   0x0000003c   Code   RO         2538    i.TIM_TI4_SetConfig  stm32f4xx_hal_tim.o
    0x08009a56   0x08009a56   0x00000014   Code   RO         3446    i.UART_DMAAbortOnError  stm32f4xx_hal_uart.o
    0x08009a6a   0x08009a6a   0x00000050   Code   RO         3447    i.UART_DMAError     stm32f4xx_hal_uart.o
    0x08009aba   0x08009aba   0x00000058   Code   RO         3452    i.UART_DMATransmitCplt  stm32f4xx_hal_uart.o
    0x08009b12   0x08009b12   0x0000000e   Code   RO         3454    i.UART_DMATxHalfCplt  stm32f4xx_hal_uart.o
    0x08009b20   0x08009b20   0x0000006c   Code   RO         3456    i.UART_EndRxTransfer  stm32f4xx_hal_uart.o
    0x08009b8c   0x08009b8c   0x00000020   Code   RO         3457    i.UART_EndTransmit_IT  stm32f4xx_hal_uart.o
    0x08009bac   0x08009bac   0x00000026   Code   RO         3458    i.UART_EndTxTransfer  stm32f4xx_hal_uart.o
    0x08009bd2   0x08009bd2   0x000000f8   Code   RO         3459    i.UART_Receive_IT   stm32f4xx_hal_uart.o
    0x08009cca   0x08009cca   0x00000002   PAD
    0x08009ccc   0x08009ccc   0x000002c4   Code   RO         3460    i.UART_SetConfig    stm32f4xx_hal_uart.o
    0x08009f90   0x08009f90   0x00000060   Code   RO         3463    i.UART_Transmit_IT  stm32f4xx_hal_uart.o
    0x08009ff0   0x08009ff0   0x00000092   Code   RO         3464    i.UART_WaitOnFlagUntilTimeout  stm32f4xx_hal_uart.o
    0x0800a082   0x0800a082   0x00000002   PAD
    0x0800a084   0x0800a084   0x00000070   Code   RO          192    i.USART2_IRQHandler  ano.o
    0x0800a0f4   0x0800a0f4   0x00000004   Code   RO          981    i.UsageFault_Handler  stm32f4xx_it.o
    0x0800a0f8   0x0800a0f8   0x00000020   Code   RO         5192    i.__0printf         mc_w.l(printfa.o)
    0x0800a118   0x0800a118   0x00000026   Code   RO         5224    i.__ARM_fpclassifyf  m_wm.l(fpclassifyf.o)
    0x0800a13e   0x0800a13e   0x00000002   PAD
    0x0800a140   0x0800a140   0x00000010   Code   RO         3807    i.__NVIC_GetPriorityGrouping  stm32f4xx_hal_cortex.o
    0x0800a150   0x0800a150   0x00000028   Code   RO         3808    i.__NVIC_SetPriority  stm32f4xx_hal_cortex.o
    0x0800a178   0x0800a178   0x00000664   Code   RO         4936    i.__hardfp_powf     m_wm.l(powf.o)
    0x0800a7dc   0x0800a7dc   0x00000014   Code   RO         5226    i.__mathlib_flt_divzero  m_wm.l(funder.o)
    0x0800a7f0   0x0800a7f0   0x00000006   Code   RO         5228    i.__mathlib_flt_infnan2  m_wm.l(funder.o)
    0x0800a7f6   0x0800a7f6   0x00000002   PAD
    0x0800a7f8   0x0800a7f8   0x00000010   Code   RO         5229    i.__mathlib_flt_invalid  m_wm.l(funder.o)
    0x0800a808   0x0800a808   0x00000010   Code   RO         5230    i.__mathlib_flt_overflow  m_wm.l(funder.o)
    0x0800a818   0x0800a818   0x00000010   Code   RO         5232    i.__mathlib_flt_underflow  m_wm.l(funder.o)
    0x0800a828   0x0800a828   0x0000000e   Code   RO         5293    i.__scatterload_copy  mc_w.l(handlers.o)
    0x0800a836   0x0800a836   0x00000002   Code   RO         5294    i.__scatterload_null  mc_w.l(handlers.o)
    0x0800a838   0x0800a838   0x0000000e   Code   RO         5295    i.__scatterload_zeroinit  mc_w.l(handlers.o)
    0x0800a846   0x0800a846   0x00000002   PAD
    0x0800a848   0x0800a848   0x0000000c   Code   RO         5265    i.__set_errno       mc_w.l(errno.o)
    0x0800a854   0x0800a854   0x00000184   Code   RO         5199    i._fp_digits        mc_w.l(printfa.o)
    0x0800a9d8   0x0800a9d8   0x000006b4   Code   RO         5200    i._printf_core      mc_w.l(printfa.o)
    0x0800b08c   0x0800b08c   0x00000024   Code   RO         5201    i._printf_post_padding  mc_w.l(printfa.o)
    0x0800b0b0   0x0800b0b0   0x0000002e   Code   RO         5202    i._printf_pre_padding  mc_w.l(printfa.o)
    0x0800b0de   0x0800b0de   0x00000032   Code   RO          193    i.ano_addcheck      ano.o
    0x0800b110   0x0800b110   0x00000038   Code   RO          194    i.ano_check         ano.o
    0x0800b148   0x0800b148   0x00000044   Code   RO          580    i.assert_failed     sys.o
    0x0800b18c   0x0800b18c   0x0000001c   Code   RO          581    i.fputc             sys.o
    0x0800b1a8   0x0800b1a8   0x00000028   Code   RO            5    i.main              main.o
    0x0800b1d0   0x0800b1d0   0x0000000e   Data   RO          351    .constdata          remote.o
    0x0800b1de   0x0800b1de   0x00000018   Data   RO         1053    .constdata          system_stm32f4xx.o
    0x0800b1f6   0x0800b1f6   0x00000008   Data   RO         1564    .constdata          stm32f4xx_hal_dma.o
    0x0800b1fe   0x0800b1fe   0x00000100   Data   RO         4051    .constdata          ucos_ii.o
    0x0800b2fe   0x0800b2fe   0x00000002   PAD
    0x0800b300   0x0800b300   0x00000074   Data   RO         4876    .constdata          os_dbg.o
    0x0800b374   0x0800b374   0x00000140   Data   RO         4939    .constdata          m_wm.l(powf.o)
    0x0800b4b4   0x0800b4b4   0x00000020   Data   RO         5291    Region$$Table       anon$$obj.o


    Execution Region RW_IRAM1 (Exec base: 0x20000000, Load base: 0x0800b4d4, Size: 0x000021d8, Max: 0x00018000, ABSOLUTE)

    Exec Addr    Load Addr    Size         Type   Attr      Idx    E Section Name        Object

    0x20000000   0x0800b4d4   0x00000002   Data   RW          196    .data               ano.o
    0x20000002   0x0800b4d6   0x0000000e   Data   RW          352    .data               remote.o
    0x20000010   0x0800b4e4   0x00000058   Data   RW          428    .data               sensor.o
    0x20000068   0x0800b53c   0x00000004   Data   RW         1054    .data               system_stm32f4xx.o
    0x2000006c   0x0800b540   0x00000009   Data   RW         1115    .data               stm32f4xx_hal.o
    0x20000075   0x0800b549   0x00000003   PAD
    0x20000078   0x0800b54c   0x00000064   Data   RW         4052    .data               ucos_ii.o
    0x200000dc   0x0800b5b0   0x0000000c   Data   RW         4720    .data               os_cpu_c.o
    0x200000e8   0x0800b5bc   0x00000004   Data   RW         5256    .data               mc_w.l(stdout.o)
    0x200000ec   0x0800b5c0   0x00000004   Data   RW         5266    .data               mc_w.l(errno.o)
    0x200000f0        -       0x00000200   Zero   RW            6    .bss                main.o
    0x200002f0        -       0x0000003e   Zero   RW          195    .bss                ano.o
    0x2000032e   0x0800b5c4   0x00000002   PAD
    0x20000330        -       0x00000038   Zero   RW          350    .bss                remote.o
    0x20000368        -       0x00000058   Zero   RW          426    .bss                sensor.o
    0x200003c0        -       0x00000048   Zero   RW          683    .bss                pid.o
    0x20000408        -       0x00000048   Zero   RW          743    .bss                adc.o
    0x20000450        -       0x00000054   Zero   RW          833    .bss                i2c.o
    0x200004a4        -       0x000000d8   Zero   RW          878    .bss                tim.o
    0x2000057c        -       0x000000a4   Zero   RW          935    .bss                usart.o
    0x20000620        -       0x000013b8   Zero   RW         4050    .bss                ucos_ii.o
    0x200019d8        -       0x00000400   Zero   RW         4719    .bss                os_cpu_c.o
    0x20001dd8        -       0x00000400   Zero   RW         1041    STACK               startup_stm32f401xe.o


==============================================================================

Image component sizes


      Code (inc. data)   RO Data    RW Data    ZI Data      Debug   Object Name

       240         26          0          0         72       1613   adc.o
       638         30          0          2         62       4401   ano.o
        22          0          0          0          0       3644   app_hooks.o
        56          4          0          0          0        710   dma.o
       100          4          0          0          0        787   gpio.o
       200         24          0          0         84       1561   i2c.o
        80         10          0          0        512     452325   main.o
       176          8          0          0          0       1129   motor.o
       308         34          0          0          0        324   os_cpu_a.o
       828        148          0         12       1024      16299   os_cpu_c.o
       348        230        116          0          0       3314   os_dbg.o
        28          8          0          0         72        713   pid.o
       932         60         14         14         56       3907   remote.o
      4768        544          0         88         88      27189   sensor.o
        36          8        404          0       1024        804   startup_stm32f401xe.o
       212         36          0          9          0       8713   stm32f4xx_hal.o
      1536        130          0          0          0       2815   stm32f4xx_hal_adc.o
       492        132          0          0          0      34087   stm32f4xx_hal_cortex.o
      2090         90          8          0          0       6686   stm32f4xx_hal_dma.o
       904         68          0          0          0       1548   stm32f4xx_hal_gpio.o
      4856        186          0          0          0      15277   stm32f4xx_hal_i2c.o
        80          6          0          0          0        802   stm32f4xx_hal_msp.o
      2460        152          0          0          0       5436   stm32f4xx_hal_rcc.o
      6864        810          0          0          0      22960   stm32f4xx_hal_tim.o
       332         58          0          0          0       2265   stm32f4xx_hal_tim_ex.o
      3026        106          0          0          0      14342   stm32f4xx_hal_uart.o
        68          4          0          0          0       3601   stm32f4xx_it.o
       362         68          0          0          0       3152   sys.o
        20          6         24          4          0       1023   system_stm32f4xx.o
      1176         58          0          0        216       4210   tim.o
      5786        782        256        100       5048      41322   ucos_ii.o
       280         30          0          0        164       1697   usart.o

    ----------------------------------------------------------------------
     39346       3860        856        232       8424     688656   Object Totals
         0          0         32          0          0          0   (incl. Generated)
        42          0          2          3          2          0   (incl. Padding)

    ----------------------------------------------------------------------

      Code (inc. data)   RO Data    RW Data    ZI Data      Debug   Library Member Name

        56          0          0          0          0      17067   arm_pid_init_f32.o
        38          0          0          0          0        116   fpclassifyf.o
        74         24          0          0          0        580   funder.o
      1636        110        320          0          0        372   powf.o
         0          0          0          0          0          0   entry.o
         0          0          0          0          0          0   entry10a.o
         0          0          0          0          0          0   entry11a.o
         4          0          0          0          0          0   entry12b.o
         8          4          0          0          0          0   entry2.o
         4          0          0          0          0          0   entry5.o
         0          0          0          0          0          0   entry7b.o
         0          0          0          0          0          0   entry8b.o
         8          4          0          0          0          0   entry9a.o
        12          6          0          4          0         68   errno.o
        30          0          0          0          0          0   handlers.o
        36          8          0          0          0         68   init.o
         0          0          0          0          0          0   iusefp.o
        98          0          0          0          0         84   ldiv.o
        30          0          0          0          0         68   llshl.o
        36          0          0          0          0         68   llsshr.o
        32          0          0          0          0         68   llushr.o
        36          0          0          0          0        108   memseta.o
      2218         90          0          0          0        464   printfa.o
         0          0          0          4          0          0   stdout.o
        44          0          0          0          0         80   uidiv.o
        98          0          0          0          0         92   uldiv.o
        48          0          0          0          0         68   cdrcmple.o
       334          0          0          0          0        148   dadd.o
       222          0          0          0          0        100   ddiv.o
       186          0          0          0          0        176   depilogue.o
        48          0          0          0          0         68   dfixul.o
       228          0          0          0          0         96   dmul.o
        38          0          0          0          0         68   f2d.o
       110          0          0          0          0        168   fepilogue.o
        44          0          0          0          0         92   ffltl.o
         4          0          0          0          0         68   fpstat.o

    ----------------------------------------------------------------------
      5770        246        320          8          0      20355   Library Totals
        10          0          0          0          0          0   (incl. Padding)

    ----------------------------------------------------------------------

      Code (inc. data)   RO Data    RW Data    ZI Data      Debug   Library Name

        56          0          0          0          0      17067   arm_cortexM4lf_math.lib
      1748        134        320          0          0       1068   m_wm.l
      2694        112          0          8          0       1168   mc_w.l
      1262          0          0          0          0       1052   mf_w.l

    ----------------------------------------------------------------------
      5770        246        320          8          0      20355   Library Totals

    ----------------------------------------------------------------------

==============================================================================


      Code (inc. data)   RO Data    RW Data    ZI Data      Debug   

     45116       4106       1176        240       8424     685023   Grand Totals
     45116       4106       1176        240       8424     685023   ELF Image Totals
     45116       4106       1176        240          0          0   ROM Totals

==============================================================================

    Total RO  Size (Code + RO Data)                46292 (  45.21kB)
    Total RW  Size (RW Data + ZI Data)              8664 (   8.46kB)
    Total ROM Size (Code + RO Data + RW Data)      46532 (  45.44kB)

==============================================================================

