Component: ARM Compiler 5.06 update 7 (build 960) Tool: armlink [4d3601]

==============================================================================

Section Cross References

    main.o(i.ANO_Task) refers to ano.o(i.ANO_Send_Sensor) for ANO_Send_Sensor
    main.o(i.ANO_Task) refers to ano.o(i.ANO_Send_Sensor2) for ANO_Send_Sensor2
    main.o(i.ANO_Task) refers to ano.o(i.ANO_Send_Euler) for ANO_Send_Euler
    main.o(i.ANO_Task) refers to ano.o(i.ANO_Send_Battery) for ANO_Send_Battery
    main.o(i.ANO_Task) refers to ano.o(i.ANO_Send_PWM) for ANO_Send_PWM
    main.o(i.ANO_Task) refers to ano.o(i.ANO_Send_Control) for ANO_Send_Control
    main.o(i.ANO_Task) refers to ano.o(i.ANO_Send_Remote) for ANO_Send_Remote
    main.o(i.ANO_Task) refers to stm32f4xx_hal_uart.o(i.HAL_UART_Transmit_DMA) for HAL_UART_Transmit_DMA
    main.o(i.ANO_Task) refers to memcpya.o(.text) for __aeabi_memcpy4
    main.o(i.ANO_Task) refers to ano.o(i.ANO_Send_String) for ANO_Send_String
    main.o(i.ANO_Task) refers to ucos_ii.o(i.OSTimeDly) for OSTimeDly
    main.o(i.ANO_Task) refers to main.o(.data) for count
    main.o(i.ANO_Task) refers to sensor.o(.bss) for gyro
    main.o(i.ANO_Task) refers to main.o(.bss) for data
    main.o(i.ANO_Task) refers to sensor.o(.data) for altitude
    main.o(i.ANO_Task) refers to ahrs.o(.bss) for attitude
    main.o(i.ANO_Task) refers to ucos_ii.o(.data) for OSCPUUsage
    main.o(i.ANO_Task) refers to tim.o(.bss) for htim3
    main.o(i.ANO_Task) refers to pid.o(.bss) for rate_out
    main.o(i.ANO_Task) refers to remote.o(.bss) for rvalue
    main.o(i.ANO_Task) refers to usart.o(.bss) for huart2
    main.o(i.FLIGHT_Task) refers to sensor.o(i.SENSOR_Update) for SENSOR_Update
    main.o(i.FLIGHT_Task) refers to ahrs.o(i.AHRS_Update) for AHRS_Update
    main.o(i.FLIGHT_Task) refers to pid.o(i.PID_Upadte) for PID_Upadte
    main.o(i.FLIGHT_Task) refers to ucos_ii.o(i.OSTimeDly) for OSTimeDly
    main.o(i.START_Task) refers to ucos_ii.o(i.OSStatInit) for OSStatInit
    main.o(i.START_Task) refers to os_cpu_a.o(.text) for OS_CPU_SR_Save
    main.o(i.START_Task) refers to ucos_ii.o(i.OSTaskCreateExt) for OSTaskCreateExt
    main.o(i.START_Task) refers to ucos_ii.o(i.OSTaskDel) for OSTaskDel
    main.o(i.START_Task) refers to main.o(.bss) for ANO_TASK_STK
    main.o(i.START_Task) refers to main.o(i.ANO_Task) for ANO_Task
    main.o(i.START_Task) refers to main.o(i.FLIGHT_Task) for FLIGHT_Task
    main.o(i.main) refers to sys.o(i.SYS_Init) for SYS_Init
    main.o(i.main) refers to ucos_ii.o(i.OSInit) for OSInit
    main.o(i.main) refers to ucos_ii.o(i.OSTaskCreate) for OSTaskCreate
    main.o(i.main) refers to ucos_ii.o(i.OSStart) for OSStart
    main.o(i.main) refers to main.o(.bss) for START_TASK_STK
    main.o(i.main) refers to main.o(i.START_Task) for START_Task
    ano.o(i.ANO_Init) refers to pid.o(.data) for PID_rate_roll
    ano.o(i.ANO_Init) refers to ano.o(.bss) for ParamList
    ano.o(i.ANO_Init) refers to pid.o(.bss) for PID_rate_pitch
    ano.o(i.ANO_Init) refers to usart.o(.bss) for huart2
    ano.o(i.ANO_Receive_Analyze) refers to ano.o(i.ano_check) for ano_check
    ano.o(i.ANO_Receive_Analyze) refers to ano.o(i.ANO_Send_Param) for ANO_Send_Param
    ano.o(i.ANO_Receive_Analyze) refers to pid.o(i.PID_Init) for PID_Init
    ano.o(i.ANO_Receive_Analyze) refers to ano.o(i.ANO_Send_Verification) for ANO_Send_Verification
    ano.o(i.ANO_Receive_Analyze) refers to sensor.o(i.HMC_Calibration) for HMC_Calibration
    ano.o(i.ANO_Receive_Analyze) refers to ano.o(.bss) for ParamList
    ano.o(i.ANO_Receive_Analyze) refers to sensor.o(.data) for magScale
    ano.o(i.ANO_Receive_Analyze) refers to sensor.o(.bss) for magBias
    ano.o(i.ANO_Receive_Prepare) refers to ano.o(i.ANO_Receive_Analyze) for ANO_Receive_Analyze
    ano.o(i.ANO_Receive_Prepare) refers to ano.o(.data) for state
    ano.o(i.ANO_Receive_Prepare) refers to ano.o(.bss) for data
    ano.o(i.ANO_Send_Battery) refers to ano.o(i.ano_addcheck) for ano_addcheck
    ano.o(i.ANO_Send_Control) refers to ano.o(i.ano_addcheck) for ano_addcheck
    ano.o(i.ANO_Send_Euler) refers to ano.o(i.ano_addcheck) for ano_addcheck
    ano.o(i.ANO_Send_PWM) refers to ano.o(i.ano_addcheck) for ano_addcheck
    ano.o(i.ANO_Send_Param) refers to ano.o(i.ano_addcheck) for ano_addcheck
    ano.o(i.ANO_Send_Param) refers to stm32f4xx_hal_uart.o(i.HAL_UART_Transmit) for HAL_UART_Transmit
    ano.o(i.ANO_Send_Param) refers to ano.o(.bss) for data
    ano.o(i.ANO_Send_Param) refers to usart.o(.bss) for huart2
    ano.o(i.ANO_Send_Remote) refers to ano.o(i.ano_addcheck) for ano_addcheck
    ano.o(i.ANO_Send_Sensor) refers to ano.o(i.ano_addcheck) for ano_addcheck
    ano.o(i.ANO_Send_Sensor2) refers to ano.o(i.ano_addcheck) for ano_addcheck
    ano.o(i.ANO_Send_String) refers to ano.o(i.ano_addcheck) for ano_addcheck
    ano.o(i.ANO_Send_String) refers to stm32f4xx_hal_uart.o(i.HAL_UART_Transmit) for HAL_UART_Transmit
[...]
    DMA2_Stream4_IRQHandler                  0x080001c7   Thumb Code     0  startup_stm32f401xe.o(.text)
    DMA2_Stream5_IRQHandler                  0x080001c7   Thumb Code     0  startup_stm32f401xe.o(.text)
    DMA2_Stream6_IRQHandler                  0x080001c7   Thumb Code     0  startup_stm32f401xe.o(.text)
    DMA2_Stream7_IRQHandler                  0x080001c7   Thumb Code     0  startup_stm32f401xe.o(.text)
    EXTI0_IRQHandler                         0x080001c7   Thumb Code     0  startup_stm32f401xe.o(.text)
    EXTI15_10_IRQHandler                     0x080001c7   Thumb Code     0  startup_stm32f401xe.o(.text)
    EXTI1_IRQHandler                         0x080001c7   Thumb Code     0  startup_stm32f401xe.o(.text)
    EXTI2_IRQHandler                         0x080001c7   Thumb Code     0  startup_stm32f401xe.o(.text)
    EXTI3_IRQHandler                         0x080001c7   Thumb Code     0  startup_stm32f401xe.o(.text)
    EXTI4_IRQHandler                         0x080001c7   Thumb Code     0  startup_stm32f401xe.o(.text)
    EXTI9_5_IRQHandler                       0x080001c7   Thumb Code     0  startup_stm32f401xe.o(.text)
    FLASH_IRQHandler                         0x080001c7   Thumb Code     0  startup_stm32f401xe.o(.text)
    FPU_IRQHandler                           0x080001c7   Thumb Code     0  startup_stm32f401xe.o(.text)
    I2C1_ER_IRQHandler                       0x080001c7   Thumb Code     0  startup_stm32f401xe.o(.text)
    I2C1_EV_IRQHandler                       0x080001c7   Thumb Code     0  startup_stm32f401xe.o(.text)
    I2C2_ER_IRQHandler                       0x080001c7   Thumb Code     0  startup_stm32f401xe.o(.text)
    I2C2_EV_IRQHandler                       0x080001c7   Thumb Code     0  startup_stm32f401xe.o(.text)
    I2C3_ER_IRQHandler                       0x080001c7   Thumb Code     0  startup_stm32f401xe.o(.text)
    I2C3_EV_IRQHandler                       0x080001c7   Thumb Code     0  startup_stm32f401xe.o(.text)
    OTG_FS_IRQHandler                        0x080001c7   Thumb Code     0  startup_stm32f401xe.o(.text)
    OTG_FS_WKUP_IRQHandler                   0x080001c7   Thumb Code     0  startup_stm32f401xe.o(.text)
    PVD_IRQHandler                           0x080001c7   Thumb Code     0  startup_stm32f401xe.o(.text)
    RCC_IRQHandler                           0x080001c7   Thumb Code     0  startup_stm32f401xe.o(.text)
    RTC_Alarm_IRQHandler                     0x080001c7   Thumb Code     0  startup_stm32f401xe.o(.text)
    RTC_WKUP_IRQHandler                      0x080001c7   Thumb Code     0  startup_stm32f401xe.o(.text)
    SDIO_IRQHandler                          0x080001c7   Thumb Code     0  startup_stm32f401xe.o(.text)
    SPI1_IRQHandler                          0x080001c7   Thumb Code     0  startup_stm32f401xe.o(.text)
    SPI2_IRQHandler                          0x080001c7   Thumb Code     0  startup_stm32f401xe.o(.text)
    SPI3_IRQHandler                          0x080001c7   Thumb Code     0  startup_stm32f401xe.o(.text)
    SPI4_IRQHandler                          0x080001c7   Thumb Code     0  startup_stm32f401xe.o(.text)
    TAMP_STAMP_IRQHandler                    0x080001c7   Thumb Code     0  startup_stm32f401xe.o(.text)
    TIM1_BRK_TIM9_IRQHandler                 0x080001c7   Thumb Code     0  startup_stm32f401xe.o(.text)
    TIM1_TRG_COM_TIM11_IRQHandler            0x080001c7   Thumb Code     0  startup_stm32f401xe.o(.text)
    TIM3_IRQHandler                          0x080001c7   Thumb Code     0  startup_stm32f401xe.o(.text)
    TIM4_IRQHandler                          0x080001c7   Thumb Code     0  startup_stm32f401xe.o(.text)
    TIM5_IRQHandler                          0x080001c7   Thumb Code     0  startup_stm32f401xe.o(.text)
    USART1_IRQHandler                        0x080001c7   Thumb Code     0  startup_stm32f401xe.o(.text)
    USART6_IRQHandler                        0x080001c7   Thumb Code     0  startup_stm32f401xe.o(.text)
    WWDG_IRQHandler                          0x080001c7   Thumb Code     0  startup_stm32f401xe.o(.text)
    OS_CPU_FP_Reg_Push                       0x080001d1   Thumb Code     0  os_cpu_a.o(.text)
    OS_CPU_FP_Reg_Pop                        0x080001e3   Thumb Code     0  os_cpu_a.o(.text)
    OS_CPU_SR_Save                           0x080001ef   Thumb Code     0  os_cpu_a.o(.text)
    OS_CPU_SR_Restore                        0x0800020b   Thumb Code     0  os_cpu_a.o(.text)
    OSStartHighRdy                           0x0800021d   Thumb Code     0  os_cpu_a.o(.text)
    OSCtxSw                                  0x08000275   Thumb Code     0  os_cpu_a.o(.text)
    OSIntCtxSw                               0x08000275   Thumb Code     0  os_cpu_a.o(.text)
    PendSV_Handler                           0x0800027f   Thumb Code     0  os_cpu_a.o(.text)
    arm_sin_f32                              0x08000305   Thumb Code   130  arm_sin_f32.o(.text)
    arm_pid_init_f32                         0x08000399   Thumb Code    56  arm_pid_init_f32.o(.text)
    __aeabi_uldivmod                         0x080003d1   Thumb Code    98  uldiv.o(.text)
    __aeabi_ldivmod                          0x08000433   Thumb Code    98  ldiv.o(.text)
    __aeabi_memcpy                           0x08000495   Thumb Code    36  memcpya.o(.text)
    __aeabi_memcpy4                          0x08000495   Thumb Code     0  memcpya.o(.text)
    __aeabi_memcpy8                          0x08000495   Thumb Code     0  memcpya.o(.text)
    __aeabi_memset                           0x080004b9   Thumb Code    14  memseta.o(.text)
    __aeabi_memset4                          0x080004b9   Thumb Code     0  memseta.o(.text)
    __aeabi_memset8                          0x080004b9   Thumb Code     0  memseta.o(.text)
    __aeabi_memclr                           0x080004c7   Thumb Code     4  memseta.o(.text)
    __aeabi_memclr4                          0x080004c7   Thumb Code     0  memseta.o(.text)
    __aeabi_memclr8                          0x080004c7   Thumb Code     0  memseta.o(.text)
    _memset$wrapper                          0x080004cb   Thumb Code    18  memseta.o(.text)
    __aeabi_dadd                             0x080004dd   Thumb Code   322  dadd.o(.text)
    __aeabi_dsub                             0x0800061f   Thumb Code     6  dadd.o(.text)
    __aeabi_drsub                            0x08000625   Thumb Code     6  dadd.o(.text)
    __aeabi_dmul                             0x0800062b   Thumb Code   228  dmul.o(.text)
    __aeabi_ul2f                             0x0800070f   Thumb Code    28  ffltul.o(.text)
    __aeabi_i2d                              0x0800072b   Thumb Code    34  dflti.o(.text)
    __aeabi_d2iz                             0x0800074d   Thumb Code    62  dfixi.o(.text)
    __aeabi_f2d                              0x0800078b   Thumb Code    38  f2d.o(.text)
    __aeabi_uidiv                            0x080007b1   Thumb Code     0  uidiv.o(.text)
    __aeabi_uidivmod                         0x080007b1   Thumb Code    44  uidiv.o(.text)
    __aeabi_llsl                             0x080007dd   Thumb Code    30  llshl.o(.text)
    _ll_shift_l                              0x080007dd   Thumb Code     0  llshl.o(.text)
    __aeabi_llsr                             0x080007fb   Thumb Code    32  llushr.o(.text)
    _ll_ushift_r                             0x080007fb   Thumb Code     0  llushr.o(.text)
    __aeabi_lasr                             0x0800081b   Thumb Code    36  llsshr.o(.text)
    _ll_sshift_r                             0x0800081b   Thumb Code     0  llsshr.o(.text)
    __I$use$fp                               0x0800083f   Thumb Code     0  iusefp.o(.text)
    _float_round                             0x0800083f   Thumb Code    18  fepilogue.o(.text)
    _float_epilogue                          0x08000851   Thumb Code    92  fepilogue.o(.text)
    _double_round                            0x080008ad   Thumb Code    30  depilogue.o(.text)
    _double_epilogue                         0x080008cb   Thumb Code   156  depilogue.o(.text)
    __aeabi_ddiv                             0x08000967   Thumb Code   222  ddiv.o(.text)
    __aeabi_d2ulz                            0x08000a45   Thumb Code    48  dfixul.o(.text)
    __aeabi_cdrcmple                         0x08000a75   Thumb Code    48  cdrcmple.o(.text)
    __fp_status                              0x08000aa5   Thumb Code     4  fpstat.o(.text)
    __ieee_status                            0x08000aa5   Thumb Code     0  fpstat.o(.text)
    __scatterload                            0x08000aa9   Thumb Code    28  init.o(.text)
    __scatterload_rt2                        0x08000aa9   Thumb Code     0  init.o(.text)
    __decompress                             0x08000acd   Thumb Code     0  __dczerorl2.o(.text)
    __decompress1                            0x08000acd   Thumb Code    86  __dczerorl2.o(.text)
    AHRS_Update                              0x08000cc1   Thumb Code    88  ahrs.o(i.AHRS_Update)
    ANO_Init                                 0x08000d25   Thumb Code    98  ano.o(i.ANO_Init)
    ANO_Receive_Analyze                      0x08000da9   Thumb Code   162  ano.o(i.ANO_Receive_Analyze)
    ANO_Receive_Prepare                      0x08000e5d   Thumb Code   226  ano.o(i.ANO_Receive_Prepare)
    ANO_Send_Battery                         0x08000f4d   Thumb Code   162  ano.o(i.ANO_Send_Battery)
    ANO_Send_Control                         0x08000fef   Thumb Code   142  ano.o(i.ANO_Send_Control)
    ANO_Send_Euler                           0x0800107d   Thumb Code   226  ano.o(i.ANO_Send_Euler)
    ANO_Send_PWM                             0x0800115f   Thumb Code   142  ano.o(i.ANO_Send_PWM)
    ANO_Send_Remote                          0x080012b9   Thumb Code   286  ano.o(i.ANO_Send_Remote)
    ANO_Send_Sensor                          0x080013d7   Thumb Code   200  ano.o(i.ANO_Send_Sensor)
    ANO_Send_Sensor2                         0x0800149f   Thumb Code   244  ano.o(i.ANO_Send_Sensor2)
    ANO_Send_String                          0x08001595   Thumb Code   102  ano.o(i.ANO_Send_String)
    ANO_Task                                 0x08001661   Thumb Code   700  main.o(i.ANO_Task)
    App_TCBInitHook                          0x08001971   Thumb Code     2  app_hooks.o(i.App_TCBInitHook)
    App_TaskCreateHook                       0x08001973   Thumb Code     2  app_hooks.o(i.App_TaskCreateHook)
    App_TaskDelHook                          0x08001975   Thumb Code     2  app_hooks.o(i.App_TaskDelHook)
    App_TaskIdleHook                         0x08001977   Thumb Code     2  app_hooks.o(i.App_TaskIdleHook)
    App_TaskReturnHook                       0x08001979   Thumb Code     2  app_hooks.o(i.App_TaskReturnHook)
    App_TaskStatHook                         0x0800197b   Thumb Code     2  app_hooks.o(i.App_TaskStatHook)
    App_TaskSwHook                           0x0800197d   Thumb Code     2  app_hooks.o(i.App_TaskSwHook)
    App_TimeTickHook                         0x0800197f   Thumb Code     8  app_hooks.o(i.App_TimeTickHook)
    BusFault_Handler                         0x08001987   Thumb Code     4  stm32f4xx_it.o(i.BusFault_Handler)
    DMA1_Stream6_IRQHandler                  0x0800198d   Thumb Code    40  stm32f4xx_it.o(i.DMA1_Stream6_IRQHandler)
    DebugMon_Handler                         0x08001ac3   Thumb Code     2  stm32f4xx_it.o(i.DebugMon_Handler)
    Error_Handler                            0x08001ac5   Thumb Code     6  sys.o(i.Error_Handler)
    FLIGHT_Task                              0x08001acb   Thumb Code    22  main.o(i.FLIGHT_Task)
    HAL_ADC_ConfigChannel                    0x08001ae1   Thumb Code   480  stm32f4xx_hal_adc.o(i.HAL_ADC_ConfigChannel)
    HAL_ADC_GetValue                         0x08001cf1   Thumb Code     8  stm32f4xx_hal_adc.o(i.HAL_ADC_GetValue)
    HAL_ADC_Init                             0x08001cf9   Thumb Code   556  stm32f4xx_hal_adc.o(i.HAL_ADC_Init)
    HAL_ADC_MspInit                          0x08001f4d   Thumb Code   114  adc.o(i.HAL_ADC_MspInit)
    HAL_ADC_Start                            0x08001fcd   Thumb Code   322  stm32f4xx_hal_adc.o(i.HAL_ADC_Start)
    HAL_DMA_Abort                            0x08002141   Thumb Code   172  stm32f4xx_hal_dma.o(i.HAL_DMA_Abort)
    HAL_DMA_Abort_IT                         0x080021ed   Thumb Code    40  stm32f4xx_hal_dma.o(i.HAL_DMA_Abort_IT)
    HAL_DMA_IRQHandler                       0x08002215   Thumb Code   570  stm32f4xx_hal_dma.o(i.HAL_DMA_IRQHandler)
    HAL_DMA_Init                             0x08002455   Thumb Code   792  stm32f4xx_hal_dma.o(i.HAL_DMA_Init)
    HAL_DMA_Start_IT                         0x08002799   Thumb Code   166  stm32f4xx_hal_dma.o(i.HAL_DMA_Start_IT)
    HAL_Delay                                0x08002861   Thumb Code    36  stm32f4xx_hal.o(i.HAL_Delay)
    HAL_GPIO_Init                            0x08002889   Thumb Code   836  stm32f4xx_hal_gpio.o(i.HAL_GPIO_Init)
    HAL_GetTick                              0x08002c11   Thumb Code     6  stm32f4xx_hal.o(i.HAL_GetTick)
    HAL_I2C_Init                             0x08002c1d   Thumb Code   664  stm32f4xx_hal_i2c.o(i.HAL_I2C_Init)
    HAL_I2C_Master_Receive                   0x08002ef5   Thumb Code   748  stm32f4xx_hal_i2c.o(i.HAL_I2C_Master_Receive)
    HAL_I2C_Master_Transmit                  0x080031ed   Thumb Code   360  stm32f4xx_hal_i2c.o(i.HAL_I2C_Master_Transmit)
    HAL_I2C_Mem_Read                         0x0800335d   Thumb Code   764  stm32f4xx_hal_i2c.o(i.HAL_I2C_Mem_Read)
    HAL_I2C_Mem_Write                        0x08003685   Thumb Code   368  stm32f4xx_hal_i2c.o(i.HAL_I2C_Mem_Write)
    HAL_I2C_MspInit                          0x0800381d   Thumb Code   124  i2c.o(i.HAL_I2C_MspInit)
    HAL_IncTick                              0x080038a5   Thumb Code    16  stm32f4xx_hal.o(i.HAL_IncTick)
    HAL_Init                                 0x080038bd   Thumb Code    54  stm32f4xx_hal.o(i.HAL_Init)
    HAL_InitTick                             0x080038f9   Thumb Code    64  stm32f4xx_hal.o(i.HAL_InitTick)
    HAL_MspInit                              0x08003945   Thumb Code    74  stm32f4xx_hal_msp.o(i.HAL_MspInit)
    HAL_NVIC_EnableIRQ                       0x08003995   Thumb Code    48  stm32f4xx_hal_cortex.o(i.HAL_NVIC_EnableIRQ)
    HAL_NVIC_SetPriority                     0x080039e9   Thumb Code   152  stm32f4xx_hal_cortex.o(i.HAL_NVIC_SetPriority)
    HAL_NVIC_SetPriorityGrouping             0x08003aa5   Thumb Code    66  stm32f4xx_hal_cortex.o(i.HAL_NVIC_SetPriorityGrouping)
    HAL_RCC_ClockConfig                      0x08003b15   Thumb Code   628  stm32f4xx_hal_rcc.o(i.HAL_RCC_ClockConfig)
    HAL_RCC_GetHCLKFreq                      0x08003dbd   Thumb Code     6  stm32f4xx_hal_rcc.o(i.HAL_RCC_GetHCLKFreq)
    HAL_RCC_GetPCLK1Freq                     0x08003dc9   Thumb Code    22  stm32f4xx_hal_rcc.o(i.HAL_RCC_GetPCLK1Freq)
    HAL_RCC_GetPCLK2Freq                     0x08003de9   Thumb Code    22  stm32f4xx_hal_rcc.o(i.HAL_RCC_GetPCLK2Freq)
    HAL_RCC_GetSysClockFreq                  0x08003e09   Thumb Code   162  stm32f4xx_hal_rcc.o(i.HAL_RCC_GetSysClockFreq)
    HAL_RCC_OscConfig                        0x08003eb9   Thumb Code  1518  stm32f4xx_hal_rcc.o(i.HAL_RCC_OscConfig)
    HAL_SYSTICK_Config                       0x080044b1   Thumb Code    52  stm32f4xx_hal_cortex.o(i.HAL_SYSTICK_Config)
    HAL_TIMEx_BreakCallback                  0x080044e5   Thumb Code     2  stm32f4xx_hal_tim_ex.o(i.HAL_TIMEx_BreakCallback)
    HAL_TIMEx_CommutCallback                 0x080044e7   Thumb Code     2  stm32f4xx_hal_tim_ex.o(i.HAL_TIMEx_CommutCallback)
    HAL_TIMEx_MasterConfigSynchronization    0x080044e9   Thumb Code   270  stm32f4xx_hal_tim_ex.o(i.HAL_TIMEx_MasterConfigSynchronization)
    HAL_TIM_Base_Init                        0x08004631   Thumb Code   272  stm32f4xx_hal_tim.o(i.HAL_TIM_Base_Init)
    HAL_TIM_Base_MspInit                     0x0800477d   Thumb Code   384  tim.o(i.HAL_TIM_Base_MspInit)
    HAL_TIM_ConfigClockSource                0x08004911   Thumb Code  1216  stm32f4xx_hal_tim.o(i.HAL_TIM_ConfigClockSource)
    HAL_TIM_IC_CaptureCallback               0x08004dd1   Thumb Code     2  stm32f4xx_hal_tim.o(i.HAL_TIM_IC_CaptureCallback)
    HAL_TIM_IC_ConfigChannel                 0x08004dd5   Thumb Code   572  stm32f4xx_hal_tim.o(i.HAL_TIM_IC_ConfigChannel)
    HAL_TIM_IC_Init                          0x0800504d   Thumb Code   272  stm32f4xx_hal_tim.o(i.HAL_TIM_IC_Init)
    HAL_TIM_IC_MspInit                       0x08005199   Thumb Code     2  stm32f4xx_hal_tim.o(i.HAL_TIM_IC_MspInit)
    HAL_TIM_IC_Start_IT                      0x0800519d   Thumb Code   514  stm32f4xx_hal_tim.o(i.HAL_TIM_IC_Start_IT)
    HAL_TIM_IRQHandler                       0x080053dd   Thumb Code   406  stm32f4xx_hal_tim.o(i.HAL_TIM_IRQHandler)
    HAL_TIM_MspPostInit                      0x08005575   Thumb Code   140  tim.o(i.HAL_TIM_MspPostInit)
    HAL_TIM_OC_DelayElapsedCallback          0x08005611   Thumb Code     2  stm32f4xx_hal_tim.o(i.HAL_TIM_OC_DelayElapsedCallback)
    HAL_TIM_PWM_ConfigChannel                0x08005615   Thumb Code   602  stm32f4xx_hal_tim.o(i.HAL_TIM_PWM_ConfigChannel)
    HAL_TIM_PWM_Init                         0x080058ad   Thumb Code   272  stm32f4xx_hal_tim.o(i.HAL_TIM_PWM_Init)
    HAL_TIM_PWM_MspInit                      0x080059f9   Thumb Code     2  stm32f4xx_hal_tim.o(i.HAL_TIM_PWM_MspInit)
    HAL_TIM_PWM_PulseFinishedCallback        0x080059fb   Thumb Code     2  stm32f4xx_hal_tim.o(i.HAL_TIM_PWM_PulseFinishedCallback)
    HAL_TIM_PWM_Start                        0x080059fd   Thumb Code   372  stm32f4xx_hal_tim.o(i.HAL_TIM_PWM_Start)
    HAL_TIM_PeriodElapsedCallback            0x08005bad   Thumb Code     2  stm32f4xx_hal_tim.o(i.HAL_TIM_PeriodElapsedCallback)
    HAL_TIM_ReadCapturedValue                0x08005bb1   Thumb Code   298  stm32f4xx_hal_tim.o(i.HAL_TIM_ReadCapturedValue)
    HAL_TIM_TriggerCallback                  0x08005d19   Thumb Code     2  stm32f4xx_hal_tim.o(i.HAL_TIM_TriggerCallback)
    HAL_UARTEx_RxEventCallback               0x08005d1b   Thumb Code     2  stm32f4xx_hal_uart.o(i.HAL_UARTEx_RxEventCallback)
    HAL_UART_ErrorCallback                   0x08005d1d   Thumb Code     2  stm32f4xx_hal_uart.o(i.HAL_UART_ErrorCallback)
    HAL_UART_IRQHandler                      0x08005d21   Thumb Code   732  stm32f4xx_hal_uart.o(i.HAL_UART_IRQHandler)
    HAL_UART_Init                            0x08006001   Thumb Code   274  stm32f4xx_hal_uart.o(i.HAL_UART_Init)
    HAL_UART_MspInit                         0x08006141   Thumb Code   204  usart.o(i.HAL_UART_MspInit)
    HAL_UART_RxCpltCallback                  0x08006221   Thumb Code     2  stm32f4xx_hal_uart.o(i.HAL_UART_RxCpltCallback)
    HAL_UART_Transmit                        0x08006223   Thumb Code   210  stm32f4xx_hal_uart.o(i.HAL_UART_Transmit)
    HAL_UART_Transmit_DMA                    0x080062f5   Thumb Code   160  stm32f4xx_hal_uart.o(i.HAL_UART_Transmit_DMA)
    HAL_UART_TxCpltCallback                  0x080063a1   Thumb Code     2  stm32f4xx_hal_uart.o(i.HAL_UART_TxCpltCallback)
    HAL_UART_TxHalfCpltCallback              0x080063a3   Thumb Code     2  stm32f4xx_hal_uart.o(i.HAL_UART_TxHalfCpltCallback)
    HMC_Calibration                          0x080063a5   Thumb Code   692  sensor.o(i.HMC_Calibration)
    HMC_Connect                              0x08006755   Thumb Code   116  sensor.o(i.HMC_Connect)
    HMC_Init                                 0x0800682d   Thumb Code    44  sensor.o(i.HMC_Init)
    HMC_ReadMagRaw                           0x0800685d   Thumb Code    66  sensor.o(i.HMC_ReadMagRaw)
    HMC_SelfTest                             0x080068a1   Thumb Code   188  sensor.o(i.HMC_SelfTest)
    HardFault_Handler                        0x08006999   Thumb Code    18  stm32f4xx_it.o(i.HardFault_Handler)
    MOTOR_Control                            0x080070a3   Thumb Code   124  motor.o(i.MOTOR_Control)
    MOTOR_Init                               0x08007121   Thumb Code    36  motor.o(i.MOTOR_Init)
    MOTOR_LockCheck                          0x08007149   Thumb Code    36  motor.o(i.MOTOR_LockCheck)
    MOTOR_Set                                0x08007171   Thumb Code   132  motor.o(i.MOTOR_Set)
    MPU_Calibrate                            0x080071f9   Thumb Code   840  sensor.o(i.MPU_Calibrate)
    MPU_Connect                              0x08007589   Thumb Code    54  sensor.o(i.MPU_Connect)
    MPU_Init                                 0x08007619   Thumb Code   188  sensor.o(i.MPU_Init)
    MPU_ReadAccelRaw                         0x080076e5   Thumb Code    66  sensor.o(i.MPU_ReadAccelRaw)
    MPU_ReadGyroRaw                          0x08007727   Thumb Code    66  sensor.o(i.MPU_ReadGyroRaw)
    MPU_SelfTest                             0x08007769   Thumb Code  1276  sensor.o(i.MPU_SelfTest)
    MS_CheckCRC                              0x08007e61   Thumb Code   156  sensor.o(i.MS_CheckCRC)
    MS_Init                                  0x08007f45   Thumb Code   108  sensor.o(i.MS_Init)
    MS_ReadADC                               0x08007fb9   Thumb Code    42  sensor.o(i.MS_ReadADC)
    MS_ReadPROM                              0x08007fe3   Thumb Code    66  sensor.o(i.MS_ReadPROM)
    MS_ReadPressure                          0x08008025   Thumb Code   104  sensor.o(i.MS_ReadPressure)
    MS_WriteCMD                              0x08008099   Thumb Code    14  sensor.o(i.MS_WriteCMD)
    MX_ADC1_Init                             0x080080a9   Thumb Code   100  adc.o(i.MX_ADC1_Init)
    MX_DMA_Init                              0x08008119   Thumb Code    52  dma.o(i.MX_DMA_Init)
    MX_GPIO_Init                             0x08008151   Thumb Code    96  gpio.o(i.MX_GPIO_Init)
    MX_I2C1_Init                             0x080081b5   Thumb Code    52  i2c.o(i.MX_I2C1_Init)
    MX_TIM1_Init                             0x080081f5   Thumb Code   202  tim.o(i.MX_TIM1_Init)
    MX_TIM2_Init                             0x080082c9   Thumb Code   184  tim.o(i.MX_TIM2_Init)
    MX_TIM3_Init                             0x08008385   Thumb Code   208  tim.o(i.MX_TIM3_Init)
    MX_USART2_UART_Init                      0x0800845d   Thumb Code    46  usart.o(i.MX_USART2_UART_Init)
    MadgwickAHRSupdate                       0x08008495   Thumb Code  2778  ahrs.o(i.MadgwickAHRSupdate)
    MadgwickAHRSupdateIMU                    0x08008f8d   Thumb Code  1090  ahrs.o(i.MadgwickAHRSupdateIMU)
    MemManage_Handler                        0x080093d5   Thumb Code     4  stm32f4xx_it.o(i.MemManage_Handler)
    NMI_Handler                              0x080093d9   Thumb Code     4  stm32f4xx_it.o(i.NMI_Handler)
    OSDebugInit                              0x080093dd   Thumb Code   118  os_dbg.o(i.OSDebugInit)
    OSEventNameSet                           0x08009539   Thumb Code   110  ucos_ii.o(i.OSEventNameSet)
    OSInit                                   0x080095ad   Thumb Code    56  ucos_ii.o(i.OSInit)
    OSInitHookBegin                          0x080095e5   Thumb Code    68  os_cpu_c.o(i.OSInitHookBegin)
    OSInitHookEnd                            0x08009641   Thumb Code     2  os_cpu_c.o(i.OSInitHookEnd)
    OSIntEnter                               0x08009645   Thumb Code    28  ucos_ii.o(i.OSIntEnter)
    OSIntExit                                0x08009669   Thumb Code   122  ucos_ii.o(i.OSIntExit)
    OSSchedLock                              0x08009705   Thumb Code    60  ucos_ii.o(i.OSSchedLock)
    OSSchedUnlock                            0x0800974d   Thumb Code   100  ucos_ii.o(i.OSSchedUnlock)
    OSSemCreate                              0x080097bd   Thumb Code    82  ucos_ii.o(i.OSSemCreate)
    OSSemPend                                0x0800981d   Thumb Code   266  ucos_ii.o(i.OSSemPend)
    OSSemPost                                0x08009935   Thumb Code   112  ucos_ii.o(i.OSSemPost)
    OSStart                                  0x080099a5   Thumb Code    48  ucos_ii.o(i.OSStart)
    OSStatInit                               0x080099ed   Thumb Code    82  ucos_ii.o(i.OSStatInit)
    OSTCBInitHook                            0x08009a4d   Thumb Code    12  os_cpu_c.o(i.OSTCBInitHook)
    OSTaskCreate                             0x08009a59   Thumb Code   186  ucos_ii.o(i.OSTaskCreate)
    OSTaskCreateExt                          0x08009b21   Thumb Code   206  ucos_ii.o(i.OSTaskCreateExt)
    OSTaskCreateHook                         0x08009bfd   Thumb Code    12  os_cpu_c.o(i.OSTaskCreateHook)
    OSTaskDel                                0x08009c09   Thumb Code   346  ucos_ii.o(i.OSTaskDel)
    OSTaskDelHook                            0x08009d91   Thumb Code    12  os_cpu_c.o(i.OSTaskDelHook)
    OSTaskIdleHook                           0x08009d9d   Thumb Code     8  os_cpu_c.o(i.OSTaskIdleHook)
    OSTaskNameSet                            0x08009da5   Thumb Code   138  ucos_ii.o(i.OSTaskNameSet)
    OSTaskReturnHook                         0x08009e3d   Thumb Code    12  os_cpu_c.o(i.OSTaskReturnHook)
    OSTaskStatHook                           0x08009e49   Thumb Code     8  os_cpu_c.o(i.OSTaskStatHook)
    OSTaskStkChk                             0x08009e51   Thumb Code   168  ucos_ii.o(i.OSTaskStkChk)
    OSTaskStkInit                            0x08009f01   Thumb Code   446  os_cpu_c.o(i.OSTaskStkInit)
    OSTaskSuspend                            0x0800a12d   Thumb Code   190  ucos_ii.o(i.OSTaskSuspend)
    OSTaskSwHook                             0x0800a1fd   Thumb Code    28  os_cpu_c.o(i.OSTaskSwHook)
    OSTimeDly                                0x0800a221   Thumb Code   110  ucos_ii.o(i.OSTimeDly)
    OSTimeTick                               0x0800a2a5   Thumb Code   230  ucos_ii.o(i.OSTimeTick)
    OSTimeTickHook                           0x0800a3a5   Thumb Code    34  os_cpu_c.o(i.OSTimeTickHook)
    OSTmrSignal                              0x0800a3cd   Thumb Code    16  ucos_ii.o(i.OSTmrSignal)
    OSTmr_Init                               0x0800a3e1   Thumb Code   168  ucos_ii.o(i.OSTmr_Init)
    OS_Dummy                                 0x0800a665   Thumb Code     2  ucos_ii.o(i.OS_Dummy)
    OS_EventTaskRdy                          0x0800a669   Thumb Code   132  ucos_ii.o(i.OS_EventTaskRdy)
    OS_EventTaskRemove                       0x0800a6fd   Thumb Code    46  ucos_ii.o(i.OS_EventTaskRemove)
    OS_EventTaskRemoveMulti                  0x0800a72b   Thumb Code    58  ucos_ii.o(i.OS_EventTaskRemoveMulti)
    OS_EventTaskWait                         0x0800a765   Thumb Code   112  ucos_ii.o(i.OS_EventTaskWait)
    OS_EventWaitListInit                     0x0800a7e1   Thumb Code    28  ucos_ii.o(i.OS_EventWaitListInit)
    OS_FlagInit                              0x0800a7fd   Thumb Code    70  ucos_ii.o(i.OS_FlagInit)
    OS_FlagUnlink                            0x0800a851   Thumb Code    36  ucos_ii.o(i.OS_FlagUnlink)
    OS_MemClr                                0x0800aa95   Thumb Code    18  ucos_ii.o(i.OS_MemClr)
    OS_MemInit                               0x0800aaa9   Thumb Code    74  ucos_ii.o(i.OS_MemInit)
    OS_QInit                                 0x0800ab01   Thumb Code    68  ucos_ii.o(i.OS_QInit)
    OS_Sched                                 0x0800ab4d   Thumb Code    98  ucos_ii.o(i.OS_Sched)
    OS_TCBInit                               0x0800abf9   Thumb Code   330  ucos_ii.o(i.OS_TCBInit)
    OS_TaskIdle                              0x0800ad61   Thumb Code    42  ucos_ii.o(i.OS_TaskIdle)
    OS_TaskReturn                            0x0800ad91   Thumb Code    18  ucos_ii.o(i.OS_TaskReturn)
    OS_TaskStat                              0x0800ada9   Thumb Code   218  ucos_ii.o(i.OS_TaskStat)
    OS_TaskStatStkChk                        0x0800ae99   Thumb Code    54  ucos_ii.o(i.OS_TaskStatStkChk)
    OS_TaskStkClr                            0x0800aed5   Thumb Code    26  ucos_ii.o(i.OS_TaskStkClr)
    PID_Init                                 0x0800aef1   Thumb Code    52  pid.o(i.PID_Init)
    PID_Upadte                               0x0800af3d   Thumb Code   586  pid.o(i.PID_Upadte)
    REMOTE_Init                              0x0800b2e1   Thumb Code    92  remote.o(i.REMOTE_Init)
    SENSOR_Init                              0x0800b345   Thumb Code    44  sensor.o(i.SENSOR_Init)
    SENSOR_Update                            0x0800b401   Thumb Code   436  sensor.o(i.SENSOR_Update)
    START_Task                               0x0800b669   Thumb Code   104  main.o(i.START_Task)
    SVC_Handler                              0x0800b6e9   Thumb Code     2  stm32f4xx_it.o(i.SVC_Handler)
    SYS_Init                                 0x0800b6ed   Thumb Code    70  sys.o(i.SYS_Init)
    SysTick_Handler                          0x0800b749   Thumb Code    38  os_cpu_c.o(i.SysTick_Handler)
    SystemClock_Config                       0x0800b771   Thumb Code   172  sys.o(i.SystemClock_Config)
    SystemInit                               0x0800b825   Thumb Code    14  system_stm32f4xx.o(i.SystemInit)
    TIM1_CC_IRQHandler                       0x0800b839   Thumb Code   116  remote.o(i.TIM1_CC_IRQHandler)
    TIM1_UP_TIM10_IRQHandler                 0x0800b8b1   Thumb Code    84  remote.o(i.TIM1_UP_TIM10_IRQHandler)
    TIM2_IRQHandler                          0x0800b90d   Thumb Code   154  remote.o(i.TIM2_IRQHandler)
    TIM_Base_SetConfig                       0x0800b9b1   Thumb Code   134  stm32f4xx_hal_tim.o(i.TIM_Base_SetConfig)
    TIM_CCxChannelCmd                        0x0800bc29   Thumb Code   134  stm32f4xx_hal_tim.o(i.TIM_CCxChannelCmd)
    TIM_ETR_SetConfig                        0x0800bced   Thumb Code    22  stm32f4xx_hal_tim.o(i.TIM_ETR_SetConfig)
    TIM_OC2_SetConfig                        0x0800bde9   Thumb Code   182  stm32f4xx_hal_tim.o(i.TIM_OC2_SetConfig)
    TIM_TI1_SetConfig                        0x0800c055   Thumb Code   102  stm32f4xx_hal_tim.o(i.TIM_TI1_SetConfig)
    USART2_IRQHandler                        0x0800c7d5   Thumb Code   106  ano.o(i.USART2_IRQHandler)
    UsageFault_Handler                       0x0800c845   Thumb Code     4  stm32f4xx_it.o(i.UsageFault_Handler)
    __0printf                                0x0800c849   Thumb Code    22  printfa.o(i.__0printf)
    __1printf                                0x0800c849   Thumb Code     0  printfa.o(i.__0printf)
    __2printf                                0x0800c849   Thumb Code     0  printfa.o(i.__0printf)
    __c89printf                              0x0800c849   Thumb Code     0  printfa.o(i.__0printf)
    printf                                   0x0800c849   Thumb Code     0  printfa.o(i.__0printf)
    __ARM_fpclassifyf                        0x0800c869   Thumb Code    38  fpclassifyf.o(i.__ARM_fpclassifyf)
    __hardfp_atan2f                          0x0800c8c9   Thumb Code   594  atan2f.o(i.__hardfp_atan2f)
    __hardfp_powf                            0x0800cb75   Thumb Code  1606  powf.o(i.__hardfp_powf)
    __mathlib_powf                           0x0800cb75   Thumb Code     0  powf.o(i.__hardfp_powf)
    __mathlib_flt_divzero                    0x0800d1d9   Thumb Code    14  funder.o(i.__mathlib_flt_divzero)
    __mathlib_flt_infnan2                    0x0800d1ed   Thumb Code     6  funder.o(i.__mathlib_flt_infnan2)
    __mathlib_flt_invalid                    0x0800d1f5   Thumb Code    10  funder.o(i.__mathlib_flt_invalid)
    __mathlib_flt_overflow                   0x0800d205   Thumb Code    10  funder.o(i.__mathlib_flt_overflow)
    __mathlib_flt_underflow                  0x0800d215   Thumb Code    10  funder.o(i.__mathlib_flt_underflow)
    __scatterload_copy                       0x0800d225   Thumb Code    14  handlers.o(i.__scatterload_copy)
    __scatterload_null                       0x0800d233   Thumb Code     2  handlers.o(i.__scatterload_null)
    __scatterload_zeroinit                   0x0800d235   Thumb Code    14  handlers.o(i.__scatterload_zeroinit)
    __set_errno                              0x0800d245   Thumb Code     6  errno.o(i.__set_errno)
    assert_failed                            0x0800db45   Thumb Code    18  sys.o(i.assert_failed)
    fputc                                    0x0800db89   Thumb Code    22  sys.o(i.fputc)
    main                                     0x0800dba5   Thumb Code    30  main.o(i.main)
    TIM_CHANNEL                              0x0800dbcc   Data          28  remote.o(.constdata)
    TIM_FLAG                                 0x0800dbe8   Data          28  remote.o(.constdata)
    aRes                                     0x0800dc04   Data          16  sensor.o(.constdata)
    gRes                                     0x0800dc14   Data          16  sensor.o(.constdata)
    mRes                                     0x0800dc24   Data          32  sensor.o(.constdata)
    DegreeToRadian                           0x0800dc44   Data           4  sensor.o(.constdata)
    RadianToDegree                           0x0800dc48   Data           4  sensor.o(.constdata)
    ADCToVoltage                             0x0800dc4c   Data           4  sensor.o(.constdata)
    AHBPrescTable                            0x0800dc5e   Data          16  system_stm32f4xx.o(.constdata)
    APBPrescTable                            0x0800dc6e   Data           8  system_stm32f4xx.o(.constdata)
    OSUnMapTbl                               0x0800dc7e   Data         256  ucos_ii.o(.constdata)
    OSDebugEn                                0x0800dd80   Data           2  os_dbg.o(.constdata)
    OSEndiannessTest                         0x0800dd84   Data           4  os_dbg.o(.constdata)
    OSEventEn                                0x0800dd88   Data           2  os_dbg.o(.constdata)
    OSEventMax                               0x0800dd8a   Data           2  os_dbg.o(.constdata)
    OSEventNameEn                            0x0800dd8c   Data           2  os_dbg.o(.constdata)
    OSEventSize                              0x0800dd8e   Data           2  os_dbg.o(.constdata)
    OSEventTblSize                           0x0800dd90   Data           2  os_dbg.o(.constdata)
    OSEventMultiEn                           0x0800dd92   Data           2  os_dbg.o(.constdata)
    OSFlagEn                                 0x0800dd94   Data           2  os_dbg.o(.constdata)
    OSFlagGrpSize                            0x0800dd96   Data           2  os_dbg.o(.constdata)
    OSFlagNodeSize                           0x0800dd98   Data           2  os_dbg.o(.constdata)
    OSFlagWidth                              0x0800dd9a   Data           2  os_dbg.o(.constdata)
    OSFlagMax                                0x0800dd9c   Data           2  os_dbg.o(.constdata)
    OSFlagNameEn                             0x0800dd9e   Data           2  os_dbg.o(.constdata)
    OSLowestPrio                             0x0800dda0   Data           2  os_dbg.o(.constdata)
    OSMboxEn                                 0x0800dda2   Data           2  os_dbg.o(.constdata)
    OSMemEn                                  0x0800dda4   Data           2  os_dbg.o(.constdata)
    OSMemMax                                 0x0800dda6   Data           2  os_dbg.o(.constdata)
    OSMemNameEn                              0x0800dda8   Data           2  os_dbg.o(.constdata)
    OSMemSize                                0x0800ddaa   Data           2  os_dbg.o(.constdata)
    OSMemTblSize                             0x0800ddac   Data           2  os_dbg.o(.constdata)
    OSMutexEn                                0x0800ddae   Data           2  os_dbg.o(.constdata)
    OSPtrSize                                0x0800ddb0   Data           2  os_dbg.o(.constdata)
    OSQEn                                    0x0800ddb2   Data           2  os_dbg.o(.constdata)
    OSQMax                                   0x0800ddb4   Data           2  os_dbg.o(.constdata)
    OSQSize                                  0x0800ddb6   Data           2  os_dbg.o(.constdata)
    OSRdyTblSize                             0x0800ddb8   Data           2  os_dbg.o(.constdata)
    OSSemEn                                  0x0800ddba   Data           2  os_dbg.o(.constdata)
    OSStkWidth                               0x0800ddbc   Data           2  os_dbg.o(.constdata)
    OSTaskCreateEn                           0x0800ddbe   Data           2  os_dbg.o(.constdata)
    OSTaskCreateExtEn                        0x0800ddc0   Data           2  os_dbg.o(.constdata)
    OSTaskDelEn                              0x0800ddc2   Data           2  os_dbg.o(.constdata)
    OSTaskIdleStkSize                        0x0800ddc4   Data           2  os_dbg.o(.constdata)
    OSTaskProfileEn                          0x0800ddc6   Data           2  os_dbg.o(.constdata)
    OSTaskMax                                0x0800ddc8   Data           2  os_dbg.o(.constdata)
    OSTaskNameEn                             0x0800ddca   Data           2  os_dbg.o(.constdata)
    OSTaskStatEn                             0x0800ddcc   Data           2  os_dbg.o(.constdata)
    OSTaskStatStkSize                        0x0800ddce   Data           2  os_dbg.o(.constdata)
    OSTaskStatStkChkEn                       0x0800ddd0   Data           2  os_dbg.o(.constdata)
    OSTaskSwHookEn                           0x0800ddd2   Data           2  os_dbg.o(.constdata)
    OSTaskRegTblSize                         0x0800ddd4   Data           2  os_dbg.o(.constdata)
    OSTCBPrioTblMax                          0x0800ddd6   Data           2  os_dbg.o(.constdata)
    OSTCBSize                                0x0800ddd8   Data           2  os_dbg.o(.constdata)
    OSTicksPerSec                            0x0800ddda   Data           2  os_dbg.o(.constdata)
    OSTimeTickHookEn                         0x0800dddc   Data           2  os_dbg.o(.constdata)
    OSVersionNbr                             0x0800ddde   Data           2  os_dbg.o(.constdata)
    OSTmrEn                                  0x0800dde0   Data           2  os_dbg.o(.constdata)
    OSTmrCfgMax                              0x0800dde2   Data           2  os_dbg.o(.constdata)
    OSTmrCfgNameEn                           0x0800dde4   Data           2  os_dbg.o(.constdata)
    OSTmrCfgWheelSize                        0x0800dde6   Data           2  os_dbg.o(.constdata)
    OSTmrCfgTicksPerSec                      0x0800dde8   Data           2  os_dbg.o(.constdata)
    OSTmrSize                                0x0800ddea   Data           2  os_dbg.o(.constdata)
    OSTmrTblSize                             0x0800ddec   Data           2  os_dbg.o(.constdata)
    OSTmrWheelSize                           0x0800ddee   Data           2  os_dbg.o(.constdata)
    OSTmrWheelTblSize                        0x0800ddf0   Data           2  os_dbg.o(.constdata)
    OSDataSize                               0x0800ddf2   Data           2  os_dbg.o(.constdata)
    sinTable_f32                             0x0800ddf4   Data        2052  arm_common_tables.o(.constdata)
    Region$$Table$$Base                      0x0800e738   Number         0  anon$$obj.o(Region$$Table)
    Region$$Table$$Limit                     0x0800e758   Number         0  anon$$obj.o(Region$$Table)
    rstate                                   0x20000003   Data           7  remote.o(.data)
    ucount                                   0x2000000a   Data           7  remote.o(.data)
    Gscale                                   0x20000014   Data           1  sensor.o(.data)
    Ascale                                   0x20000015   Data           1  sensor.o(.data)
    Mscale                                   0x20000016   Data           1  sensor.o(.data)
    magScale                                 0x20000018   Data          12  sensor.o(.data)
    pressure                                 0x20000024   Data           4  sensor.o(.data)
    altitude                                 0x20000028   Data           4  sensor.o(.data)
    voltage                                  0x2000002c   Data           4  sensor.o(.data)
    initialPressure                          0x20000030   Data           4  sensor.o(.data)
    beta                                     0x20000054   Data           4  ahrs.o(.data)
    q0                                       0x20000058   Data           4  ahrs.o(.data)
    q1                                       0x2000005c   Data           4  ahrs.o(.data)
    q2                                       0x20000060   Data           4  ahrs.o(.data)
    q3                                       0x20000064   Data           4  ahrs.o(.data)
    PID_angle_roll                           0x20000068   Data          36  pid.o(.data)
    PID_rate_roll                            0x2000008c   Data          36  pid.o(.data)
    SystemCoreClock                          0x200000b4   Data           4  system_stm32f4xx.o(.data)
    uwTick                                   0x200000b8   Data           4  stm32f4xx_hal.o(.data)
    uwTickPrio                               0x200000bc   Data           4  stm32f4xx_hal.o(.data)
    uwTickFreq                               0x200000c0   Data           1  stm32f4xx_hal.o(.data)
    OSCtxSwCtr                               0x200000c4   Data           4  ucos_ii.o(.data)
    OSEventFreeList                          0x200000c8   Data           4  ucos_ii.o(.data)
    OSFlagFreeList                           0x200000cc   Data           4  ucos_ii.o(.data)
    OSCPUUsage                               0x200000d0   Data           1  ucos_ii.o(.data)
    OSIdleCtrMax                             0x200000d4   Data           4  ucos_ii.o(.data)
    OSIdleCtrRun                             0x200000d8   Data           4  ucos_ii.o(.data)
    OSStatRdy                                0x200000dc   Data           1  ucos_ii.o(.data)
    OSIntNesting                             0x200000dd   Data           1  ucos_ii.o(.data)
    OSLockNesting                            0x200000de   Data           1  ucos_ii.o(.data)
    OSPrioCur                                0x200000df   Data           1  ucos_ii.o(.data)
    OSPrioHighRdy                            0x200000e0   Data           1  ucos_ii.o(.data)
    OSRdyGrp                                 0x200000e1   Data           1  ucos_ii.o(.data)
    OSRdyTbl                                 0x200000e2   Data           8  ucos_ii.o(.data)
    OSRunning                                0x200000ea   Data           1  ucos_ii.o(.data)
    OSTaskCtr                                0x200000eb   Data           1  ucos_ii.o(.data)
    OSIdleCtr                                0x200000ec   Data           4  ucos_ii.o(.data)
    OSTCBCur                                 0x200000f0   Data           4  ucos_ii.o(.data)
    OSTCBFreeList                            0x200000f4   Data           4  ucos_ii.o(.data)
    OSTCBHighRdy                             0x200000f8   Data           4  ucos_ii.o(.data)
    OSTCBList                                0x200000fc   Data           4  ucos_ii.o(.data)
    OSTickStepState                          0x20000100   Data           1  ucos_ii.o(.data)
    OSMemFreeList                            0x20000104   Data           4  ucos_ii.o(.data)
    OSQFreeList                              0x20000108   Data           4  ucos_ii.o(.data)
    OSTaskRegNextAvailID                     0x2000010c   Data           1  ucos_ii.o(.data)
    OSTime                                   0x20000110   Data           4  ucos_ii.o(.data)
    OSTmrFree                                0x20000114   Data           2  ucos_ii.o(.data)
    OSTmrUsed                                0x20000116   Data           2  ucos_ii.o(.data)
    OSTmrTime                                0x20000118   Data           4  ucos_ii.o(.data)
    OSTmrSem                                 0x2000011c   Data           4  ucos_ii.o(.data)
    OSTmrSemSignal                           0x20000120   Data           4  ucos_ii.o(.data)
    OSTmrFreeList                            0x20000124   Data           4  ucos_ii.o(.data)
    OS_CPU_ExceptStkBase                     0x20000128   Data           4  os_cpu_c.o(.data)
    OS_KA_BASEPRI_Boundary                   0x20000130   Data           4  os_cpu_c.o(.data)
    __stdout                                 0x20000134   Data           4  stdout.o(.data)
    START_TASK_STK                           0x20000140   Data         512  main.o(.bss)
    ANO_TASK_STK                             0x20000340   Data         512  main.o(.bss)
    FLIGHT_TASK_STK                          0x20000540   Data        1024  main.o(.bss)
    data                                     0x20000a6c   Data         100  ano.o(.bss)
    ParamList                                0x20000ad0   Data         800  ano.o(.bss)
    rvalue                                   0x20000e24   Data          28  remote.o(.bss)
    pvalue                                   0x20000e40   Data          28  remote.o(.bss)
    accel                                    0x20000e5c   Data          12  sensor.o(.bss)
    gyro                                     0x20000e68   Data          12  sensor.o(.bss)
    mag                                      0x20000e74   Data          12  sensor.o(.bss)
    accelBias                                0x20000e80   Data          12  sensor.o(.bss)
    gyroBias                                 0x20000e8c   Data          12  sensor.o(.bss)
    magBias                                  0x20000e98   Data          12  sensor.o(.bss)
    msPROM                                   0x20000ea4   Data          16  sensor.o(.bss)
    attitude                                 0x20000eb4   Data          12  ahrs.o(.bss)
    PID_angle_pitch                          0x20000ec0   Data          36  pid.o(.bss)
    PID_rate_pitch                           0x20000ee4   Data          36  pid.o(.bss)
    PID_rate_yaw                             0x20000f08   Data          36  pid.o(.bss)
    PID_altitude                             0x20000f2c   Data          36  pid.o(.bss)
    rate_out                                 0x20000f50   Data          16  pid.o(.bss)
    hadc1                                    0x20000f80   Data          72  adc.o(.bss)
    hi2c1                                    0x20000fc8   Data          84  i2c.o(.bss)
    htim1                                    0x2000101c   Data          72  tim.o(.bss)
    htim2                                    0x20001064   Data          72  tim.o(.bss)
    htim3                                    0x200010ac   Data          72  tim.o(.bss)
    huart2                                   0x200010f4   Data          68  usart.o(.bss)
    hdma_usart2_tx                           0x20001138   Data          96  usart.o(.bss)
    OSEventTbl                               0x20001198   Data         240  ucos_ii.o(.bss)
    OSFlagTbl                                0x20001288   Data          80  ucos_ii.o(.bss)
    OSTaskStatStk                            0x200012d8   Data         512  ucos_ii.o(.bss)
    OSTaskIdleStk                            0x200014d8   Data         512  ucos_ii.o(.bss)
    OSTCBPrioTbl                             0x200016d8   Data         256  ucos_ii.o(.bss)
    OSTCBTbl                                 0x200017d8   Data        2024  ucos_ii.o(.bss)
    OSMemTbl                                 0x20001fc0   Data         120  ucos_ii.o(.bss)
    OSQTbl                                   0x20002038   Data          96  ucos_ii.o(.bss)
    OSTmrTbl                                 0x20002098   Data         640  ucos_ii.o(.bss)
    OSTmrTaskStk                             0x20002318   Data         512  ucos_ii.o(.bss)
    OSTmrWheelTbl                            0x20002518   Data          56  ucos_ii.o(.bss)
    OS_CPU_ExceptStk                         0x20002550   Data        1024  os_cpu_c.o(.bss)
    __initial_sp                             0x20002d50   Data           0  startup_stm32f401xe.o(STACK)



==============================================================================

Memory Map of the image

  Image Entry point : 0x08000195

  Load Region LR_IROM1 (Base: 0x08000000, Size: 0x0000e894, Max: 0x00080000, ABSOLUTE, COMPRESSED[0x0000e784])

    Execution Region ER_IROM1 (Exec base: 0x08000000, Load base: 0x08000000, Size: 0x0000e758, Max: 0x00080000, ABSOLUTE)

    Exec Addr    Load Addr    Size         Type   Attr      Idx    E Section Name        Object

    0x08000000   0x08000000   0x00000194   Data   RO         1091    RESET               startup_stm32f401xe.o
    0x08000194   0x08000194   0x00000000   Code   RO         5120  * .ARM.Collect$$$$00000000  mc_w.l(entry.o)
    0x08000194   0x08000194   0x00000004   Code   RO         5422    .ARM.Collect$$$$00000001  mc_w.l(entry2.o)
    0x08000198   0x08000198   0x00000004   Code   RO         5425    .ARM.Collect$$$$00000004  mc_w.l(entry5.o)
    0x0800019c   0x0800019c   0x00000000   Code   RO         5427    .ARM.Collect$$$$00000008  mc_w.l(entry7b.o)
    0x0800019c   0x0800019c   0x00000000   Code   RO         5429    .ARM.Collect$$$$0000000A  mc_w.l(entry8b.o)
    0x0800019c   0x0800019c   0x00000008   Code   RO         5430    .ARM.Collect$$$$0000000B  mc_w.l(entry9a.o)
    0x080001a4   0x080001a4   0x00000004   Code   RO         5437    .ARM.Collect$$$$0000000E  mc_w.l(entry12b.o)
    0x080001a8   0x080001a8   0x00000000   Code   RO         5432    .ARM.Collect$$$$0000000F  mc_w.l(entry10a.o)
    0x080001a8   0x080001a8   0x00000000   Code   RO         5434    .ARM.Collect$$$$00000011  mc_w.l(entry11a.o)
    0x080001a8   0x080001a8   0x00000004   Code   RO         5423    .ARM.Collect$$$$00002712  mc_w.l(entry2.o)
    0x080001ac   0x080001ac   0x00000024   Code   RO         1092    .text               startup_stm32f401xe.o
    0x080001d0   0x080001d0   0x00000134   Code   RO         4750    .text               os_cpu_a.o
    0x08000304   0x08000304   0x00000094   Code   RO         4941    .text               arm_cortexM4lf_math.lib(arm_sin_f32.o)
    0x08000398   0x08000398   0x00000038   Code   RO         4991    .text               arm_cortexM4lf_math.lib(arm_pid_init_f32.o)
    0x080003d0   0x080003d0   0x00000062   Code   RO         5123    .text               mc_w.l(uldiv.o)
    0x08000432   0x08000432   0x00000062   Code   RO         5125    .text               mc_w.l(ldiv.o)
    0x08000494   0x08000494   0x00000024   Code   RO         5127    .text               mc_w.l(memcpya.o)
    0x080004b8   0x080004b8   0x00000024   Code   RO         5129    .text               mc_w.l(memseta.o)
    0x080004dc   0x080004dc   0x0000014e   Code   RO         5394    .text               mf_w.l(dadd.o)
    0x0800062a   0x0800062a   0x000000e4   Code   RO         5396    .text               mf_w.l(dmul.o)
    0x0800070e   0x0800070e   0x0000001c   Code   RO         5398    .text               mf_w.l(ffltul.o)
    0x0800072a   0x0800072a   0x00000022   Code   RO         5400    .text               mf_w.l(dflti.o)
    0x0800074c   0x0800074c   0x0000003e   Code   RO         5402    .text               mf_w.l(dfixi.o)
    0x0800078a   0x0800078a   0x00000026   Code   RO         5404    .text               mf_w.l(f2d.o)
    0x080007b0   0x080007b0   0x0000002c   Code   RO         5439    .text               mc_w.l(uidiv.o)
    0x080007dc   0x080007dc   0x0000001e   Code   RO         5441    .text               mc_w.l(llshl.o)
    0x080007fa   0x080007fa   0x00000020   Code   RO         5443    .text               mc_w.l(llushr.o)
    0x0800081a   0x0800081a   0x00000024   Code   RO         5445    .text               mc_w.l(llsshr.o)
    0x0800083e   0x0800083e   0x00000000   Code   RO         5454    .text               mc_w.l(iusefp.o)
    0x0800083e   0x0800083e   0x0000006e   Code   RO         5455    .text               mf_w.l(fepilogue.o)
    0x080008ac   0x080008ac   0x000000ba   Code   RO         5457    .text               mf_w.l(depilogue.o)
    0x08000966   0x08000966   0x000000de   Code   RO         5459    .text               mf_w.l(ddiv.o)
    0x08000a44   0x08000a44   0x00000030   Code   RO         5461    .text               mf_w.l(dfixul.o)
    0x08000a74   0x08000a74   0x00000030   Code   RO         5463    .text               mf_w.l(cdrcmple.o)
    0x08000aa4   0x08000aa4   0x00000004   Code   RO         5465    .text               mf_w.l(fpstat.o)
    0x08000aa8   0x08000aa8   0x00000024   Code   RO         5467    .text               mc_w.l(init.o)
    0x08000acc   0x08000acc   0x00000056   Code   RO         5477    .text               mc_w.l(__dczerorl2.o)
    0x08000b22   0x08000b22   0x00000002   PAD
    0x08000b24   0x08000b24   0x0000019c   Code   RO         1325    i.ADC_Init          stm32f4xx_hal_adc.o
    0x08000cc0   0x08000cc0   0x00000064   Code   RO          672    i.AHRS_Update       ahrs.o
    0x08000d24   0x08000d24   0x00000084   Code   RO          234    i.ANO_Init          ano.o
    0x08000da8   0x08000da8   0x000000b4   Code   RO          235    i.ANO_Receive_Analyze  ano.o
    0x08000e5c   0x08000e5c   0x000000f0   Code   RO          236    i.ANO_Receive_Prepare  ano.o
    0x08000f4c   0x08000f4c   0x000000a2   Code   RO          237    i.ANO_Send_Battery  ano.o
    0x08000fee   0x08000fee   0x0000008e   Code   RO          238    i.ANO_Send_Control  ano.o
    0x0800107c   0x0800107c   0x000000e2   Code   RO          239    i.ANO_Send_Euler    ano.o
    0x0800115e   0x0800115e   0x0000008e   Code   RO          240    i.ANO_Send_PWM      ano.o
    0x080011ec   0x080011ec   0x000000cc   Code   RO          241    i.ANO_Send_Param    ano.o
    0x080012b8   0x080012b8   0x0000011e   Code   RO          242    i.ANO_Send_Remote   ano.o
    0x080013d6   0x080013d6   0x000000c8   Code   RO          243    i.ANO_Send_Sensor   ano.o
    0x0800149e   0x0800149e   0x000000f4   Code   RO          244    i.ANO_Send_Sensor2  ano.o
    0x08001592   0x08001592   0x00000002   PAD
    0x08001594   0x08001594   0x00000070   Code   RO          245    i.ANO_Send_String   ano.o
    0x08001604   0x08001604   0x0000005c   Code   RO          246    i.ANO_Send_Verification  ano.o
    0x08001660   0x08001660   0x00000310   Code   RO            4    i.ANO_Task          main.o
    0x08001970   0x08001970   0x00000002   Code   RO         4857    i.App_TCBInitHook   app_hooks.o
    0x08001972   0x08001972   0x00000002   Code   RO         4858    i.App_TaskCreateHook  app_hooks.o
    0x08001974   0x08001974   0x00000002   Code   RO         4859    i.App_TaskDelHook   app_hooks.o
    0x08001976   0x08001976   0x00000002   Code   RO         4860    i.App_TaskIdleHook  app_hooks.o
    0x08001978   0x08001978   0x00000002   Code   RO         4861    i.App_TaskReturnHook  app_hooks.o
    0x0800197a   0x0800197a   0x00000002   Code   RO         4862    i.App_TaskStatHook  app_hooks.o
    0x0800197c   0x0800197c   0x00000002   Code   RO         4863    i.App_TaskSwHook    app_hooks.o
    0x0800197e   0x0800197e   0x00000008   Code   RO         4864    i.App_TimeTickHook  app_hooks.o
    0x08001986   0x08001986   0x00000004   Code   RO         1022    i.BusFault_Handler  stm32f4xx_it.o
    0x0800198a   0x0800198a   0x00000002   PAD
    0x0800198c   0x0800198c   0x0000002c   Code   RO         1023    i.DMA1_Stream6_IRQHandler  stm32f4xx_it.o
    0x080019b8   0x080019b8   0x00000034   Code   RO         1597    i.DMA_CalcBaseAndBitshift  stm32f4xx_hal_dma.o
    0x080019ec   0x080019ec   0x000000aa   Code   RO         1598    i.DMA_CheckFifoParam  stm32f4xx_hal_dma.o
    0x08001a96   0x08001a96   0x0000002c   Code   RO         1599    i.DMA_SetConfig     stm32f4xx_hal_dma.o
    0x08001ac2   0x08001ac2   0x00000002   Code   RO         1024    i.DebugMon_Handler  stm32f4xx_it.o
    0x08001ac4   0x08001ac4   0x00000006   Code   RO          618    i.Error_Handler     sys.o
    0x08001aca   0x08001aca   0x00000016   Code   RO            5    i.FLIGHT_Task       main.o
    0x08001ae0   0x08001ae0   0x00000210   Code   RO         1327    i.HAL_ADC_ConfigChannel  stm32f4xx_hal_adc.o
    0x08001cf0   0x08001cf0   0x00000008   Code   RO         1334    i.HAL_ADC_GetValue  stm32f4xx_hal_adc.o
    0x08001cf8   0x08001cf8   0x00000254   Code   RO         1336    i.HAL_ADC_Init      stm32f4xx_hal_adc.o
    0x08001f4c   0x08001f4c   0x00000080   Code   RO          789    i.HAL_ADC_MspInit   adc.o
    0x08001fcc   0x08001fcc   0x00000174   Code   RO         1342    i.HAL_ADC_Start     stm32f4xx_hal_adc.o
    0x08002140   0x08002140   0x000000ac   Code   RO         1600    i.HAL_DMA_Abort     stm32f4xx_hal_dma.o
    0x080021ec   0x080021ec   0x00000028   Code   RO         1601    i.HAL_DMA_Abort_IT  stm32f4xx_hal_dma.o
    0x08002214   0x08002214   0x00000240   Code   RO         1605    i.HAL_DMA_IRQHandler  stm32f4xx_hal_dma.o
    0x08002454   0x08002454   0x00000344   Code   RO         1606    i.HAL_DMA_Init      stm32f4xx_hal_dma.o
    0x08002798   0x08002798   0x000000c8   Code   RO         1610    i.HAL_DMA_Start_IT  stm32f4xx_hal_dma.o
    0x08002860   0x08002860   0x00000028   Code   RO         1143    i.HAL_Delay         stm32f4xx_hal.o
    0x08002888   0x08002888   0x00000388   Code   RO         1747    i.HAL_GPIO_Init     stm32f4xx_hal_gpio.o
    0x08002c10   0x08002c10   0x0000000c   Code   RO         1149    i.HAL_GetTick       stm32f4xx_hal.o
    0x08002c1c   0x08002c1c   0x000002d8   Code   RO         1821    i.HAL_I2C_Init      stm32f4xx_hal_i2c.o
    0x08002ef4   0x08002ef4   0x000002f8   Code   RO         1827    i.HAL_I2C_Master_Receive  stm32f4xx_hal_i2c.o
    0x080031ec   0x080031ec   0x00000170   Code   RO         1834    i.HAL_I2C_Master_Transmit  stm32f4xx_hal_i2c.o
    0x0800335c   0x0800335c   0x00000328   Code   RO         1839    i.HAL_I2C_Mem_Read  stm32f4xx_hal_i2c.o
    0x08003684   0x08003684   0x00000198   Code   RO         1842    i.HAL_I2C_Mem_Write  stm32f4xx_hal_i2c.o
    0x0800381c   0x0800381c   0x00000088   Code   RO          879    i.HAL_I2C_MspInit   i2c.o
    0x080038a4   0x080038a4   0x00000018   Code   RO         1155    i.HAL_IncTick       stm32f4xx_hal.o
    0x080038bc   0x080038bc   0x0000003c   Code   RO         1156    i.HAL_Init          stm32f4xx_hal.o
    0x080038f8   0x080038f8   0x0000004c   Code   RO         1157    i.HAL_InitTick      stm32f4xx_hal.o
    0x08003944   0x08003944   0x00000050   Code   RO          764    i.HAL_MspInit       stm32f4xx_hal_msp.o
    0x08003994   0x08003994   0x00000054   Code   RO         3842    i.HAL_NVIC_EnableIRQ  stm32f4xx_hal_cortex.o
    0x080039e8   0x080039e8   0x000000bc   Code   RO         3848    i.HAL_NVIC_SetPriority  stm32f4xx_hal_cortex.o
    0x08003aa4   0x08003aa4   0x00000070   Code   RO         3849    i.HAL_NVIC_SetPriorityGrouping  stm32f4xx_hal_cortex.o
    0x08003b14   0x08003b14   0x000002a8   Code   RO         2313    i.HAL_RCC_ClockConfig  stm32f4xx_hal_rcc.o
    0x08003dbc   0x08003dbc   0x0000000c   Code   RO         2318    i.HAL_RCC_GetHCLKFreq  stm32f4xx_hal_rcc.o
    0x08003dc8   0x08003dc8   0x00000020   Code   RO         2320    i.HAL_RCC_GetPCLK1Freq  stm32f4xx_hal_rcc.o
    0x08003de8   0x08003de8   0x00000020   Code   RO         2321    i.HAL_RCC_GetPCLK2Freq  stm32f4xx_hal_rcc.o
    0x08003e08   0x08003e08   0x000000b0   Code   RO         2322    i.HAL_RCC_GetSysClockFreq  stm32f4xx_hal_rcc.o
    0x08003eb8   0x08003eb8   0x000005f8   Code   RO         2325    i.HAL_RCC_OscConfig  stm32f4xx_hal_rcc.o
    0x080044b0   0x080044b0   0x00000034   Code   RO         3853    i.HAL_SYSTICK_Config  stm32f4xx_hal_cortex.o
    0x080044e4   0x080044e4   0x00000002   Code   RO         3185    i.HAL_TIMEx_BreakCallback  stm32f4xx_hal_tim_ex.o
    0x080044e6   0x080044e6   0x00000002   Code   RO         3186    i.HAL_TIMEx_CommutCallback  stm32f4xx_hal_tim_ex.o
    0x080044e8   0x080044e8   0x00000148   Code   RO         3204    i.HAL_TIMEx_MasterConfigSynchronization  stm32f4xx_hal_tim_ex.o
    0x08004630   0x08004630   0x0000014c   Code   RO         2470    i.HAL_TIM_Base_Init  stm32f4xx_hal_tim.o
    0x0800477c   0x0800477c   0x00000194   Code   RO          921    i.HAL_TIM_Base_MspInit  tim.o
    0x08004910   0x08004910   0x000004c0   Code   RO         2479    i.HAL_TIM_ConfigClockSource  stm32f4xx_hal_tim.o
    0x08004dd0   0x08004dd0   0x00000002   Code   RO         2504    i.HAL_TIM_IC_CaptureCallback  stm32f4xx_hal_tim.o
    0x08004dd2   0x08004dd2   0x00000002   PAD
    0x08004dd4   0x08004dd4   0x00000278   Code   RO         2506    i.HAL_TIM_IC_ConfigChannel  stm32f4xx_hal_tim.o
    0x0800504c   0x0800504c   0x0000014c   Code   RO         2509    i.HAL_TIM_IC_Init   stm32f4xx_hal_tim.o
    0x08005198   0x08005198   0x00000002   Code   RO         2511    i.HAL_TIM_IC_MspInit  stm32f4xx_hal_tim.o
    0x0800519a   0x0800519a   0x00000002   PAD
    0x0800519c   0x0800519c   0x00000240   Code   RO         2514    i.HAL_TIM_IC_Start_IT  stm32f4xx_hal_tim.o
    0x080053dc   0x080053dc   0x00000196   Code   RO         2518    i.HAL_TIM_IRQHandler  stm32f4xx_hal_tim.o
    0x08005572   0x08005572   0x00000002   PAD
    0x08005574   0x08005574   0x0000009c   Code   RO          922    i.HAL_TIM_MspPostInit  tim.o
    0x08005610   0x08005610   0x00000002   Code   RO         2521    i.HAL_TIM_OC_DelayElapsedCallback  stm32f4xx_hal_tim.o
    0x08005612   0x08005612   0x00000002   PAD
    0x08005614   0x08005614   0x00000298   Code   RO         2542    i.HAL_TIM_PWM_ConfigChannel  stm32f4xx_hal_tim.o
    0x080058ac   0x080058ac   0x0000014c   Code   RO         2545    i.HAL_TIM_PWM_Init  stm32f4xx_hal_tim.o
    0x080059f8   0x080059f8   0x00000002   Code   RO         2547    i.HAL_TIM_PWM_MspInit  stm32f4xx_hal_tim.o
    0x080059fa   0x080059fa   0x00000002   Code   RO         2548    i.HAL_TIM_PWM_PulseFinishedCallback  stm32f4xx_hal_tim.o
    0x080059fc   0x080059fc   0x000001b0   Code   RO         2550    i.HAL_TIM_PWM_Start  stm32f4xx_hal_tim.o
    0x08005bac   0x08005bac   0x00000002   Code   RO         2556    i.HAL_TIM_PeriodElapsedCallback  stm32f4xx_hal_tim.o
    0x08005bae   0x08005bae   0x00000002   PAD
    0x08005bb0   0x08005bb0   0x00000168   Code   RO         2558    i.HAL_TIM_ReadCapturedValue  stm32f4xx_hal_tim.o
    0x08005d18   0x08005d18   0x00000002   Code   RO         2561    i.HAL_TIM_TriggerCallback  stm32f4xx_hal_tim.o
    0x08005d1a   0x08005d1a   0x00000002   Code   RO         3463    i.HAL_UARTEx_RxEventCallback  stm32f4xx_hal_uart.o
    0x08005d1c   0x08005d1c   0x00000002   Code   RO         3477    i.HAL_UART_ErrorCallback  stm32f4xx_hal_uart.o
    0x08005d1e   0x08005d1e   0x00000002   PAD
    0x08005d20   0x08005d20   0x000002e0   Code   RO         3480    i.HAL_UART_IRQHandler  stm32f4xx_hal_uart.o
    0x08006000   0x08006000   0x00000140   Code   RO         3481    i.HAL_UART_Init     stm32f4xx_hal_uart.o
    0x08006140   0x08006140   0x000000e0   Code   RO          981    i.HAL_UART_MspInit  usart.o
    0x08006220   0x08006220   0x00000002   Code   RO         3487    i.HAL_UART_RxCpltCallback  stm32f4xx_hal_uart.o
    0x08006222   0x08006222   0x000000d2   Code   RO         3489    i.HAL_UART_Transmit  stm32f4xx_hal_uart.o
    0x080062f4   0x080062f4   0x000000ac   Code   RO         3490    i.HAL_UART_Transmit_DMA  stm32f4xx_hal_uart.o
    0x080063a0   0x080063a0   0x00000002   Code   RO         3492    i.HAL_UART_TxCpltCallback  stm32f4xx_hal_uart.o
    0x080063a2   0x080063a2   0x00000002   Code   RO         3493    i.HAL_UART_TxHalfCpltCallback  stm32f4xx_hal_uart.o
    0x080063a4   0x080063a4   0x000003b0   Code   RO          445    i.HMC_Calibration   sensor.o
    0x08006754   0x08006754   0x000000d8   Code   RO          446    i.HMC_Connect       sensor.o
    0x0800682c   0x0800682c   0x00000030   Code   RO          447    i.HMC_Init          sensor.o
    0x0800685c   0x0800685c   0x00000042   Code   RO          448    i.HMC_ReadMagRaw    sensor.o
    0x0800689e   0x0800689e   0x00000002   PAD
    0x080068a0   0x080068a0   0x000000f8   Code   RO          449    i.HMC_SelfTest      sensor.o
    0x08006998   0x08006998   0x00000012   Code   RO         1025    i.HardFault_Handler  stm32f4xx_it.o
    0x080069aa   0x080069aa   0x0000003e   Code   RO         1864    i.I2C_IsAcknowledgeFailed  stm32f4xx_hal_i2c.o
    0x080069e8   0x080069e8   0x00000138   Code   RO         1867    i.I2C_MasterRequestRead  stm32f4xx_hal_i2c.o
    0x08006b20   0x08006b20   0x000000c0   Code   RO         1868    i.I2C_MasterRequestWrite  stm32f4xx_hal_i2c.o
    0x08006be0   0x08006be0   0x00000160   Code   RO         1875    i.I2C_RequestMemoryRead  stm32f4xx_hal_i2c.o
    0x08006d40   0x08006d40   0x000000e0   Code   RO         1876    i.I2C_RequestMemoryWrite  stm32f4xx_hal_i2c.o
    0x08006e20   0x08006e20   0x0000005c   Code   RO         1884    i.I2C_WaitOnBTFFlagUntilTimeout  stm32f4xx_hal_i2c.o
    0x08006e7c   0x08006e7c   0x00000086   Code   RO         1885    i.I2C_WaitOnFlagUntilTimeout  stm32f4xx_hal_i2c.o
    0x08006f02   0x08006f02   0x000000c4   Code   RO         1886    i.I2C_WaitOnMasterAddressFlagUntilTimeout  stm32f4xx_hal_i2c.o
    0x08006fc6   0x08006fc6   0x00000080   Code   RO         1887    i.I2C_WaitOnRXNEFlagUntilTimeout  stm32f4xx_hal_i2c.o
    0x08007046   0x08007046   0x0000005c   Code   RO         1890    i.I2C_WaitOnTXEFlagUntilTimeout  stm32f4xx_hal_i2c.o
    0x080070a2   0x080070a2   0x0000007c   Code   RO          348    i.MOTOR_Control     motor.o
    0x0800711e   0x0800711e   0x00000002   PAD
    0x08007120   0x08007120   0x00000028   Code   RO          349    i.MOTOR_Init        motor.o
    0x08007148   0x08007148   0x00000028   Code   RO          350    i.MOTOR_LockCheck   motor.o
    0x08007170   0x08007170   0x00000088   Code   RO          351    i.MOTOR_Set         motor.o
    0x080071f8   0x080071f8   0x00000390   Code   RO          450    i.MPU_Calibrate     sensor.o
    0x08007588   0x08007588   0x00000090   Code   RO          451    i.MPU_Connect       sensor.o
    0x08007618   0x08007618   0x000000cc   Code   RO          452    i.MPU_Init          sensor.o
    0x080076e4   0x080076e4   0x00000042   Code   RO          453    i.MPU_ReadAccelRaw  sensor.o
    0x08007726   0x08007726   0x00000042   Code   RO          454    i.MPU_ReadGyroRaw   sensor.o
    0x08007768   0x08007768   0x00000510   Code   RO          455    i.MPU_SelfTest      sensor.o
    0x08007c78   0x08007c78   0x000001e8   Code   RO          456    i.MS_CalculatePressure  sensor.o
    0x08007e60   0x08007e60   0x000000e4   Code   RO          457    i.MS_CheckCRC       sensor.o
    0x08007f44   0x08007f44   0x00000074   Code   RO          458    i.MS_Init           sensor.o
    0x08007fb8   0x08007fb8   0x0000002a   Code   RO          459    i.MS_ReadADC        sensor.o
    0x08007fe2   0x08007fe2   0x00000042   Code   RO          460    i.MS_ReadPROM       sensor.o
    0x08008024   0x08008024   0x00000074   Code   RO          461    i.MS_ReadPressure   sensor.o
    0x08008098   0x08008098   0x0000000e   Code   RO          462    i.MS_WriteCMD       sensor.o
    0x080080a6   0x080080a6   0x00000002   PAD
    0x080080a8   0x080080a8   0x00000070   Code   RO          790    i.MX_ADC1_Init      adc.o
    0x08008118   0x08008118   0x00000038   Code   RO          830    i.MX_DMA_Init       dma.o
    0x08008150   0x08008150   0x00000064   Code   RO          854    i.MX_GPIO_Init      gpio.o
    0x080081b4   0x080081b4   0x00000040   Code   RO          880    i.MX_I2C1_Init      i2c.o
    0x080081f4   0x080081f4   0x000000d4   Code   RO          923    i.MX_TIM1_Init      tim.o
    0x080082c8   0x080082c8   0x000000bc   Code   RO          924    i.MX_TIM2_Init      tim.o
    0x08008384   0x08008384   0x000000d8   Code   RO          925    i.MX_TIM3_Init      tim.o
    0x0800845c   0x0800845c   0x00000038   Code   RO          982    i.MX_USART2_UART_Init  usart.o
    0x08008494   0x08008494   0x00000af8   Code   RO          673    i.MadgwickAHRSupdate  ahrs.o
    0x08008f8c   0x08008f8c   0x00000448   Code   RO          674    i.MadgwickAHRSupdateIMU  ahrs.o
    0x080093d4   0x080093d4   0x00000004   Code   RO         1026    i.MemManage_Handler  stm32f4xx_it.o
    0x080093d8   0x080093d8   0x00000004   Code   RO         1027    i.NMI_Handler       stm32f4xx_it.o
    0x080093dc   0x080093dc   0x0000015c   Code   RO         4923    i.OSDebugInit       os_dbg.o
    0x08009538   0x08009538   0x00000074   Code   RO         3975    i.OSEventNameSet    ucos_ii.o
    0x080095ac   0x080095ac   0x00000038   Code   RO         3986    i.OSInit            ucos_ii.o
    0x080095e4   0x080095e4   0x0000005c   Code   RO         4753    i.OSInitHookBegin   os_cpu_c.o
    0x08009640   0x08009640   0x00000002   Code   RO         4754    i.OSInitHookEnd     os_cpu_c.o
    0x08009642   0x08009642   0x00000002   PAD
    0x08009644   0x08009644   0x00000024   Code   RO         3987    i.OSIntEnter        ucos_ii.o
    0x08009668   0x08009668   0x0000009c   Code   RO         3988    i.OSIntExit         ucos_ii.o
    0x08009704   0x08009704   0x00000048   Code   RO         4020    i.OSSchedLock       ucos_ii.o
    0x0800974c   0x0800974c   0x00000070   Code   RO         4021    i.OSSchedUnlock     ucos_ii.o
    0x080097bc   0x080097bc   0x00000060   Code   RO         4023    i.OSSemCreate       ucos_ii.o
    0x0800981c   0x0800981c   0x00000118   Code   RO         4025    i.OSSemPend         ucos_ii.o
    0x08009934   0x08009934   0x00000070   Code   RO         4027    i.OSSemPost         ucos_ii.o
    0x080099a4   0x080099a4   0x00000048   Code   RO         4030    i.OSStart           ucos_ii.o
    0x080099ec   0x080099ec   0x00000060   Code   RO         4031    i.OSStatInit        ucos_ii.o
    0x08009a4c   0x08009a4c   0x0000000c   Code   RO         4755    i.OSTCBInitHook     os_cpu_c.o
    0x08009a58   0x08009a58   0x000000c8   Code   RO         4033    i.OSTaskCreate      ucos_ii.o
    0x08009b20   0x08009b20   0x000000dc   Code   RO         4034    i.OSTaskCreateExt   ucos_ii.o
    0x08009bfc   0x08009bfc   0x0000000c   Code   RO         4756    i.OSTaskCreateHook  os_cpu_c.o
    0x08009c08   0x08009c08   0x00000188   Code   RO         4035    i.OSTaskDel         ucos_ii.o
    0x08009d90   0x08009d90   0x0000000c   Code   RO         4757    i.OSTaskDelHook     os_cpu_c.o
    0x08009d9c   0x08009d9c   0x00000008   Code   RO         4758    i.OSTaskIdleHook    os_cpu_c.o
    0x08009da4   0x08009da4   0x00000098   Code   RO         4038    i.OSTaskNameSet     ucos_ii.o
    0x08009e3c   0x08009e3c   0x0000000c   Code   RO         4759    i.OSTaskReturnHook  os_cpu_c.o
    0x08009e48   0x08009e48   0x00000008   Code   RO         4760    i.OSTaskStatHook    os_cpu_c.o
    0x08009e50   0x08009e50   0x000000b0   Code   RO         4044    i.OSTaskStkChk      ucos_ii.o
    0x08009f00   0x08009f00   0x0000022c   Code   RO         4761    i.OSTaskStkInit     os_cpu_c.o
    0x0800a12c   0x0800a12c   0x000000d0   Code   RO         4045    i.OSTaskSuspend     ucos_ii.o
    0x0800a1fc   0x0800a1fc   0x00000024   Code   RO         4762    i.OSTaskSwHook      os_cpu_c.o
    0x0800a220   0x0800a220   0x00000084   Code   RO         4046    i.OSTimeDly         ucos_ii.o
    0x0800a2a4   0x0800a2a4   0x00000100   Code   RO         4051    i.OSTimeTick        ucos_ii.o
    0x0800a3a4   0x0800a3a4   0x00000028   Code   RO         4763    i.OSTimeTickHook    os_cpu_c.o
    0x0800a3cc   0x0800a3cc   0x00000014   Code   RO         4056    i.OSTmrSignal       ucos_ii.o
    0x0800a3e0   0x0800a3e0   0x000000f4   Code   RO         4062    i.OSTmr_Init        ucos_ii.o
    0x0800a4d4   0x0800a4d4   0x00000050   Code   RO         4063    i.OSTmr_InitTask    ucos_ii.o
    0x0800a524   0x0800a524   0x00000074   Code   RO         4064    i.OSTmr_Link        ucos_ii.o
    0x0800a598   0x0800a598   0x00000084   Code   RO         4065    i.OSTmr_Task        ucos_ii.o
    0x0800a61c   0x0800a61c   0x00000048   Code   RO         4066    i.OSTmr_Unlink      ucos_ii.o
    0x0800a664   0x0800a664   0x00000002   Code   RO         4068    i.OS_Dummy          ucos_ii.o
    0x0800a666   0x0800a666   0x00000002   PAD
    0x0800a668   0x0800a668   0x00000094   Code   RO         4069    i.OS_EventTaskRdy   ucos_ii.o
    0x0800a6fc   0x0800a6fc   0x0000002e   Code   RO         4070    i.OS_EventTaskRemove  ucos_ii.o
    0x0800a72a   0x0800a72a   0x0000003a   Code   RO         4071    i.OS_EventTaskRemoveMulti  ucos_ii.o
    0x0800a764   0x0800a764   0x0000007c   Code   RO         4072    i.OS_EventTaskWait  ucos_ii.o
    0x0800a7e0   0x0800a7e0   0x0000001c   Code   RO         4074    i.OS_EventWaitListInit  ucos_ii.o
    0x0800a7fc   0x0800a7fc   0x00000054   Code   RO         4076    i.OS_FlagInit       ucos_ii.o
    0x0800a850   0x0800a850   0x00000024   Code   RO         4078    i.OS_FlagUnlink     ucos_ii.o
    0x0800a874   0x0800a874   0x00000060   Code   RO         4079    i.OS_InitEventList  ucos_ii.o
    0x0800a8d4   0x0800a8d4   0x0000005c   Code   RO         4080    i.OS_InitMisc       ucos_ii.o
    0x0800a930   0x0800a930   0x00000044   Code   RO         4081    i.OS_InitRdyList    ucos_ii.o
    0x0800a974   0x0800a974   0x00000080   Code   RO         4082    i.OS_InitTCBList    ucos_ii.o
    0x0800a9f4   0x0800a9f4   0x00000050   Code   RO         4083    i.OS_InitTaskIdle   ucos_ii.o
    0x0800aa44   0x0800aa44   0x00000050   Code   RO         4084    i.OS_InitTaskStat   ucos_ii.o
    0x0800aa94   0x0800aa94   0x00000012   Code   RO         4085    i.OS_MemClr         ucos_ii.o
    0x0800aaa6   0x0800aaa6   0x00000002   PAD
    0x0800aaa8   0x0800aaa8   0x00000058   Code   RO         4087    i.OS_MemInit        ucos_ii.o
    0x0800ab00   0x0800ab00   0x0000004c   Code   RO         4088    i.OS_QInit          ucos_ii.o
    0x0800ab4c   0x0800ab4c   0x00000080   Code   RO         4089    i.OS_Sched          ucos_ii.o
    0x0800abcc   0x0800abcc   0x0000002c   Code   RO         4090    i.OS_SchedNew       ucos_ii.o
    0x0800abf8   0x0800abf8   0x00000168   Code   RO         4092    i.OS_TCBInit        ucos_ii.o
    0x0800ad60   0x0800ad60   0x00000030   Code   RO         4093    i.OS_TaskIdle       ucos_ii.o
    0x0800ad90   0x0800ad90   0x00000018   Code   RO         4094    i.OS_TaskReturn     ucos_ii.o
    0x0800ada8   0x0800ada8   0x000000f0   Code   RO         4095    i.OS_TaskStat       ucos_ii.o
    0x0800ae98   0x0800ae98   0x0000003c   Code   RO         4096    i.OS_TaskStatStkChk  ucos_ii.o
    0x0800aed4   0x0800aed4   0x0000001a   Code   RO         4097    i.OS_TaskStkClr     ucos_ii.o
    0x0800aeee   0x0800aeee   0x00000002   PAD
    0x0800aef0   0x0800aef0   0x0000004c   Code   RO          723    i.PID_Init          pid.o
    0x0800af3c   0x0800af3c   0x00000284   Code   RO          724    i.PID_Upadte        pid.o
    0x0800b1c0   0x0800b1c0   0x00000120   Code   RO          675    i.QToEuler          ahrs.o
    0x0800b2e0   0x0800b2e0   0x00000064   Code   RO          390    i.REMOTE_Init       remote.o
    0x0800b344   0x0800b344   0x00000030   Code   RO          463    i.SENSOR_Init       sensor.o
    0x0800b374   0x0800b374   0x00000028   Code   RO          464    i.SENSOR_ReadBytes  sensor.o
    0x0800b39c   0x0800b39c   0x00000030   Code   RO          465    i.SENSOR_RegReadBytes  sensor.o
    0x0800b3cc   0x0800b3cc   0x00000034   Code   RO          466    i.SENSOR_RegWriteByte  sensor.o
    0x0800b400   0x0800b400   0x00000240   Code   RO          467    i.SENSOR_Update     sensor.o
    0x0800b640   0x0800b640   0x00000028   Code   RO          468    i.SENSOR_WriteByte  sensor.o
    0x0800b668   0x0800b668   0x00000080   Code   RO            6    i.START_Task        main.o
    0x0800b6e8   0x0800b6e8   0x00000002   Code   RO         1028    i.SVC_Handler       stm32f4xx_it.o
    0x0800b6ea   0x0800b6ea   0x00000002   PAD
    0x0800b6ec   0x0800b6ec   0x0000005c   Code   RO          619    i.SYS_Init          sys.o
    0x0800b748   0x0800b748   0x00000026   Code   RO         4766    i.SysTick_Handler   os_cpu_c.o
    0x0800b76e   0x0800b76e   0x00000002   PAD
    0x0800b770   0x0800b770   0x000000b4   Code   RO          620    i.SystemClock_Config  sys.o
    0x0800b824   0x0800b824   0x00000014   Code   RO         1100    i.SystemInit        system_stm32f4xx.o
    0x0800b838   0x0800b838   0x00000078   Code   RO          391    i.TIM1_CC_IRQHandler  remote.o
    0x0800b8b0   0x0800b8b0   0x0000005c   Code   RO          392    i.TIM1_UP_TIM10_IRQHandler  remote.o
    0x0800b90c   0x0800b90c   0x000000a4   Code   RO          393    i.TIM2_IRQHandler   remote.o
    0x0800b9b0   0x0800b9b0   0x000000a4   Code   RO         2563    i.TIM_Base_SetConfig  stm32f4xx_hal_tim.o
    0x0800ba54   0x0800ba54   0x000001d4   Code   RO          394    i.TIM_CC_Handler    remote.o
    0x0800bc28   0x0800bc28   0x000000c4   Code   RO         2564    i.TIM_CCxChannelCmd  stm32f4xx_hal_tim.o
    0x0800bcec   0x0800bcec   0x00000016   Code   RO         2574    i.TIM_ETR_SetConfig  stm32f4xx_hal_tim.o
    0x0800bd02   0x0800bd02   0x00000012   Code   RO         2575    i.TIM_ITRx_SetConfig  stm32f4xx_hal_tim.o
    0x0800bd14   0x0800bd14   0x000000d4   Code   RO         2576    i.TIM_OC1_SetConfig  stm32f4xx_hal_tim.o
    0x0800bde8   0x0800bde8   0x000000dc   Code   RO         2577    i.TIM_OC2_SetConfig  stm32f4xx_hal_tim.o
    0x0800bec4   0x0800bec4   0x000000dc   Code   RO         2578    i.TIM_OC3_SetConfig  stm32f4xx_hal_tim.o
    0x0800bfa0   0x0800bfa0   0x0000008c   Code   RO         2579    i.TIM_OC4_SetConfig  stm32f4xx_hal_tim.o
    0x0800c02c   0x0800c02c   0x00000026   Code   RO         2581    i.TIM_TI1_ConfigInputStage  stm32f4xx_hal_tim.o
    0x0800c052   0x0800c052   0x00000002   PAD
    0x0800c054   0x0800c054   0x0000007c   Code   RO         2582    i.TIM_TI1_SetConfig  stm32f4xx_hal_tim.o
    0x0800c0d0   0x0800c0d0   0x00000028   Code   RO         2583    i.TIM_TI2_ConfigInputStage  stm32f4xx_hal_tim.o
    0x0800c0f8   0x0800c0f8   0x0000003a   Code   RO         2584    i.TIM_TI2_SetConfig  stm32f4xx_hal_tim.o
    0x0800c132   0x0800c132   0x00000038   Code   RO         2585    i.TIM_TI3_SetConfig  stm32f4xx_hal_tim.o
    0x0800c16a   0x0800c16a   0x0000003c   Code   RO         2586    i.TIM_TI4_SetConfig  stm32f4xx_hal_tim.o
    0x0800c1a6   0x0800c1a6   0x00000014   Code   RO         3494    i.UART_DMAAbortOnError  stm32f4xx_hal_uart.o
    0x0800c1ba   0x0800c1ba   0x00000050   Code   RO         3495    i.UART_DMAError     stm32f4xx_hal_uart.o
    0x0800c20a   0x0800c20a   0x00000058   Code   RO         3500    i.UART_DMATransmitCplt  stm32f4xx_hal_uart.o
    0x0800c262   0x0800c262   0x0000000e   Code   RO         3502    i.UART_DMATxHalfCplt  stm32f4xx_hal_uart.o
    0x0800c270   0x0800c270   0x0000006c   Code   RO         3504    i.UART_EndRxTransfer  stm32f4xx_hal_uart.o
    0x0800c2dc   0x0800c2dc   0x00000020   Code   RO         3505    i.UART_EndTransmit_IT  stm32f4xx_hal_uart.o
    0x0800c2fc   0x0800c2fc   0x00000026   Code   RO         3506    i.UART_EndTxTransfer  stm32f4xx_hal_uart.o
    0x0800c322   0x0800c322   0x000000f8   Code   RO         3507    i.UART_Receive_IT   stm32f4xx_hal_uart.o
    0x0800c41a   0x0800c41a   0x00000002   PAD
    0x0800c41c   0x0800c41c   0x000002c4   Code   RO         3508    i.UART_SetConfig    stm32f4xx_hal_uart.o
    0x0800c6e0   0x0800c6e0   0x00000060   Code   RO         3511    i.UART_Transmit_IT  stm32f4xx_hal_uart.o
    0x0800c740   0x0800c740   0x00000092   Code   RO         3512    i.UART_WaitOnFlagUntilTimeout  stm32f4xx_hal_uart.o
    0x0800c7d2   0x0800c7d2   0x00000002   PAD
    0x0800c7d4   0x0800c7d4   0x00000070   Code   RO          247    i.USART2_IRQHandler  ano.o
    0x0800c844   0x0800c844   0x00000004   Code   RO         1029    i.UsageFault_Handler  stm32f4xx_it.o
    0x0800c848   0x0800c848   0x00000020   Code   RO         5366    i.__0printf         mc_w.l(printfa.o)
    0x0800c868   0x0800c868   0x00000026   Code   RO         5406    i.__ARM_fpclassifyf  m_wm.l(fpclassifyf.o)
    0x0800c88e   0x0800c88e   0x00000002   PAD
    0x0800c890   0x0800c890   0x00000010   Code   RO         3855    i.__NVIC_GetPriorityGrouping  stm32f4xx_hal_cortex.o
    0x0800c8a0   0x0800c8a0   0x00000028   Code   RO         3856    i.__NVIC_SetPriority  stm32f4xx_hal_cortex.o
    0x0800c8c8   0x0800c8c8   0x000002ac   Code   RO         5094    i.__hardfp_atan2f   m_wm.l(atan2f.o)
    0x0800cb74   0x0800cb74   0x00000664   Code   RO         5106    i.__hardfp_powf     m_wm.l(powf.o)
    0x0800d1d8   0x0800d1d8   0x00000014   Code   RO         5408    i.__mathlib_flt_divzero  m_wm.l(funder.o)
    0x0800d1ec   0x0800d1ec   0x00000006   Code   RO         5410    i.__mathlib_flt_infnan2  m_wm.l(funder.o)
    0x0800d1f2   0x0800d1f2   0x00000002   PAD
    0x0800d1f4   0x0800d1f4   0x00000010   Code   RO         5411    i.__mathlib_flt_invalid  m_wm.l(funder.o)
    0x0800d204   0x0800d204   0x00000010   Code   RO         5412    i.__mathlib_flt_overflow  m_wm.l(funder.o)
    0x0800d214   0x0800d214   0x00000010   Code   RO         5414    i.__mathlib_flt_underflow  m_wm.l(funder.o)
    0x0800d224   0x0800d224   0x0000000e   Code   RO         5471    i.__scatterload_copy  mc_w.l(handlers.o)
    0x0800d232   0x0800d232   0x00000002   Code   RO         5472    i.__scatterload_null  mc_w.l(handlers.o)
    0x0800d234   0x0800d234   0x0000000e   Code   RO         5473    i.__scatterload_zeroinit  mc_w.l(handlers.o)
    0x0800d242   0x0800d242   0x00000002   PAD
    0x0800d244   0x0800d244   0x0000000c   Code   RO         5449    i.__set_errno       mc_w.l(errno.o)
    0x0800d250   0x0800d250   0x00000184   Code   RO         5373    i._fp_digits        mc_w.l(printfa.o)
    0x0800d3d4   0x0800d3d4   0x000006b4   Code   RO         5374    i._printf_core      mc_w.l(printfa.o)
    0x0800da88   0x0800da88   0x00000024   Code   RO         5375    i._printf_post_padding  mc_w.l(printfa.o)
    0x0800daac   0x0800daac   0x0000002e   Code   RO         5376    i._printf_pre_padding  mc_w.l(printfa.o)
    0x0800dada   0x0800dada   0x00000032   Code   RO          248    i.ano_addcheck      ano.o
    0x0800db0c   0x0800db0c   0x00000038   Code   RO          249    i.ano_check         ano.o
    0x0800db44   0x0800db44   0x00000044   Code   RO          621    i.assert_failed     sys.o
    0x0800db88   0x0800db88   0x0000001c   Code   RO          622    i.fputc             sys.o
    0x0800dba4   0x0800dba4   0x00000028   Code   RO            7    i.main              main.o
    0x0800dbcc   0x0800dbcc   0x00000038   Data   RO          396    .constdata          remote.o
    0x0800dc04   0x0800dc04   0x0000005a   Data   RO          470    .constdata          sensor.o
    0x0800dc5e   0x0800dc5e   0x00000018   Data   RO         1101    .constdata          system_stm32f4xx.o
    0x0800dc76   0x0800dc76   0x00000008   Data   RO         1612    .constdata          stm32f4xx_hal_dma.o
    0x0800dc7e   0x0800dc7e   0x00000100   Data   RO         4099    .constdata          ucos_ii.o
    0x0800dd7e   0x0800dd7e   0x00000002   PAD
    0x0800dd80   0x0800dd80   0x00000074   Data   RO         4924    .constdata          os_dbg.o
    0x0800ddf4   0x0800ddf4   0x00000804   Data   RO         5071    .constdata          arm_cortexM4lf_math.lib(arm_common_tables.o)
    0x0800e5f8   0x0800e5f8   0x00000140   Data   RO         5109    .constdata          m_wm.l(powf.o)
    0x0800e738   0x0800e738   0x00000020   Data   RO         5469    Region$$Table       anon$$obj.o


    Execution Region RW_IRAM1 (Exec base: 0x20000000, Load base: 0x0800e758, Size: 0x00002d50, Max: 0x00018000, ABSOLUTE, COMPRESSED[0x0000002c])

    Exec Addr    Load Addr    Size         Type   Attr      Idx    E Section Name        Object

    0x20000000   COMPRESSED   0x00000001   Data   RW            9    .data               main.o
    0x20000001   COMPRESSED   0x00000002   Data   RW          251    .data               ano.o
    0x20000003   COMPRESSED   0x0000000e   Data   RW          397    .data               remote.o
    0x20000011   COMPRESSED   0x00000003   PAD
    0x20000014   COMPRESSED   0x00000040   Data   RW          471    .data               sensor.o
    0x20000054   COMPRESSED   0x00000014   Data   RW          677    .data               ahrs.o
    0x20000068   COMPRESSED   0x00000049   Data   RW          727    .data               pid.o
    0x200000b1   COMPRESSED   0x00000003   PAD
    0x200000b4   COMPRESSED   0x00000004   Data   RW         1102    .data               system_stm32f4xx.o
    0x200000b8   COMPRESSED   0x00000009   Data   RW         1163    .data               stm32f4xx_hal.o
    0x200000c1   COMPRESSED   0x00000003   PAD
    0x200000c4   COMPRESSED   0x00000064   Data   RW         4100    .data               ucos_ii.o
    0x20000128   COMPRESSED   0x0000000c   Data   RW         4768    .data               os_cpu_c.o
    0x20000134   COMPRESSED   0x00000004   Data   RW         5438    .data               mc_w.l(stdout.o)
    0x20000138   COMPRESSED   0x00000004   Data   RW         5450    .data               mc_w.l(errno.o)
    0x2000013c   COMPRESSED   0x00000004   PAD
    0x20000140        -       0x0000092c   Zero   RW            8    .bss                main.o
    0x20000a6c        -       0x000003b6   Zero   RW          250    .bss                ano.o
    0x20000e22   COMPRESSED   0x00000002   PAD
    0x20000e24        -       0x00000038   Zero   RW          395    .bss                remote.o
    0x20000e5c        -       0x00000058   Zero   RW          469    .bss                sensor.o
    0x20000eb4        -       0x0000000c   Zero   RW          676    .bss                ahrs.o
    0x20000ec0        -       0x000000c0   Zero   RW          725    .bss                pid.o
    0x20000f80        -       0x00000048   Zero   RW          791    .bss                adc.o
    0x20000fc8        -       0x00000054   Zero   RW          881    .bss                i2c.o
    0x2000101c        -       0x000000d8   Zero   RW          926    .bss                tim.o
    0x200010f4        -       0x000000a4   Zero   RW          983    .bss                usart.o
    0x20001198        -       0x000013b8   Zero   RW         4098    .bss                ucos_ii.o
    0x20002550        -       0x00000400   Zero   RW         4767    .bss                os_cpu_c.o
    0x20002950        -       0x00000400   Zero   RW         1089    STACK               startup_stm32f401xe.o


==============================================================================

Image component sizes


      Code (inc. data)   RO Data    RW Data    ZI Data      Debug   Object Name

       240         26          0          0         72       1649   adc.o
      4292        144          0         20         12      20771   ahrs.o
      2580        108          0          2        950      12167   ano.o
        22          0          0          0          0       3716   app_hooks.o
        56          4          0          0          0        726   dma.o
       100          4          0          0          0        807   gpio.o
       200         24          0          0         84       1597   i2c.o
       974        118          0          1       2348     454095   main.o
       340         12          0          0          0       2855   motor.o
       308         34          0          0          0        332   os_cpu_a.o
       828        148          0         12       1024      16447   os_cpu_c.o
       348        230        116          0          0       3338   os_dbg.o
       720         82          0         73        192      15670   pid.o
       944         60         56         14         56       3963   remote.o
      6084        948         90         64         88      18702   sensor.o
        36          8        404          0       1024        808   startup_stm32f401xe.o
       212         36          0          9          0       8785   stm32f4xx_hal.o
      1916        180          0          0          0       4242   stm32f4xx_hal_adc.o
       492        132          0          0          0      34151   stm32f4xx_hal_cortex.o
      2090         90          8          0          0       6774   stm32f4xx_hal_dma.o
       904         68          0          0          0       1564   stm32f4xx_hal_gpio.o
      4856        186          0          0          0      15421   stm32f4xx_hal_i2c.o
        80          6          0          0          0        818   stm32f4xx_hal_msp.o
      2460        152          0          0          0       5504   stm32f4xx_hal_rcc.o
      6864        810          0          0          0      23248   stm32f4xx_hal_tim.o
       332         58          0          0          0       2305   stm32f4xx_hal_tim_ex.o
      3026        106          0          0          0      14542   stm32f4xx_hal_uart.o
        82          4          0          0          0       3689   stm32f4xx_it.o
       374         86          0          0          0       3224   sys.o
        20          6         24          4          0       1047   system_stm32f4xx.o
      1176         58          0          0        216       4274   tim.o
      5786        782        256        100       5048      41838   ucos_ii.o
       280         30          0          0        164       1729   usart.o

    ----------------------------------------------------------------------
     49062       4740        988        308      11280     730798   Object Totals
         0          0         32          0          0          0   (incl. Generated)
        40          0          2          9          2          0   (incl. Padding)

    ----------------------------------------------------------------------

      Code (inc. data)   RO Data    RW Data    ZI Data      Debug   Library Member Name

         0          0       2052          0          0       4704   arm_common_tables.o
        56          0          0          0          0        643   arm_pid_init_f32.o
       148         18          0          0          0      17238   arm_sin_f32.o
       684         90          0          0          0        208   atan2f.o
        38          0          0          0          0        116   fpclassifyf.o
        74         24          0          0          0        580   funder.o
      1636        110        320          0          0        372   powf.o
        86          0          0          0          0          0   __dczerorl2.o
         0          0          0          0          0          0   entry.o
         0          0          0          0          0          0   entry10a.o
         0          0          0          0          0          0   entry11a.o
         4          0          0          0          0          0   entry12b.o
         8          4          0          0          0          0   entry2.o
         4          0          0          0          0          0   entry5.o
         0          0          0          0          0          0   entry7b.o
         0          0          0          0          0          0   entry8b.o
         8          4          0          0          0          0   entry9a.o
        12          6          0          4          0         68   errno.o
        30          0          0          0          0          0   handlers.o
        36          8          0          0          0         68   init.o
         0          0          0          0          0          0   iusefp.o
        98          0          0          0          0         84   ldiv.o
        30          0          0          0          0         68   llshl.o
        36          0          0          0          0         68   llsshr.o
        32          0          0          0          0         68   llushr.o
        36          0          0          0          0         68   memcpya.o
        36          0          0          0          0        108   memseta.o
      2218         90          0          0          0        464   printfa.o
         0          0          0          4          0          0   stdout.o
        44          0          0          0          0         80   uidiv.o
        98          0          0          0          0         92   uldiv.o
        48          0          0          0          0         68   cdrcmple.o
       334          0          0          0          0        148   dadd.o
       222          0          0          0          0        100   ddiv.o
       186          0          0          0          0        176   depilogue.o
        62          0          0          0          0         80   dfixi.o
        48          0          0          0          0         68   dfixul.o
        34          0          0          0          0         76   dflti.o
       228          0          0          0          0         96   dmul.o
        38          0          0          0          0         68   f2d.o
       110          0          0          0          0        168   fepilogue.o
        28          0          0          0          0         84   ffltul.o
         4          0          0          0          0         68   fpstat.o

    ----------------------------------------------------------------------
      6802        354       2372          8          4      26297   Library Totals
         8          0          0          0          4          0   (incl. Padding)

    ----------------------------------------------------------------------

      Code (inc. data)   RO Data    RW Data    ZI Data      Debug   Library Name

       204         18       2052          0          0      22585   arm_cortexM4lf_math.lib
      2432        224        320          0          0       1276   m_wm.l
      2816        112          0          8          0       1236   mc_w.l
      1342          0          0          0          0       1200   mf_w.l

    ----------------------------------------------------------------------
      6802        354       2372          8          4      26297   Library Totals

    ----------------------------------------------------------------------

==============================================================================


      Code (inc. data)   RO Data    RW Data    ZI Data      Debug   

     55864       5094       3360        316      11284     730331   Grand Totals
     55864       5094       3360         44      11284     730331   ELF Image Totals (compressed)
     55864       5094       3360         44          0          0   ROM Totals

==============================================================================

    Total RO  Size (Code + RO Data)                59224 (  57.84kB)
    Total RW  Size (RW Data + ZI Data)             11600 (  11.33kB)
    Total ROM Size (Code + RO Data + RW Data)      59268 (  57.88kB)

==============================================================================

