Component: ARM Compiler 6.16 Tool: armlink [5dfeaa00]

==============================================================================

Section Cross References

    main.o(.text.main) refers to sys.o(.text.SYS_Init) for SYS_Init
    main.o(.text.main) refers to ucos_ii.o(.text.OSInit) for OSInit
    main.o(.text.main) refers to main.o(.bss.START_TASK_STK) for START_TASK_STK
    main.o(.text.main) refers to main.o(.text.START_Task) for START_Task
    main.o(.text.main) refers to ucos_ii.o(.text.OSTaskCreate) for OSTaskCreate
    main.o(.text.main) refers to ucos_ii.o(.text.OSStart) for OSStart
    main.o(.ARM.exidx.text.main) refers to main.o(.text.main) for [Anonymous Symbol]
    main.o(.text.START_Task) refers to ucos_ii.o(.text.OSStatInit) for OSStatInit
    main.o(.text.START_Task) refers to os_cpu_a.o(.text) for OS_CPU_SR_Save
    main.o(.text.START_Task) refers to main.o(.bss.ANO_TASK_STK) for ANO_TASK_STK
    main.o(.text.START_Task) refers to main.o(.text.ANO_Task) for ANO_Task
    main.o(.text.START_Task) refers to ucos_ii.o(.text.OSTaskCreate) for OSTaskCreate
    main.o(.text.START_Task) refers to main.o(.bss.FLIGHT_TASK_STK) for FLIGHT_TASK_STK
    main.o(.text.START_Task) refers to main.o(.text.FLIGHT_Task) for FLIGHT_Task
    main.o(.text.START_Task) refers to ucos_ii.o(.text.OSTaskDel) for OSTaskDel
    main.o(.ARM.exidx.text.START_Task) refers to main.o(.text.START_Task) for [Anonymous Symbol]
    main.o(.text.ANO_Task) refers to main.o(.bss.ANO_Task.count) for ANO_Task.count
    main.o(.text.ANO_Task) refers to sensor.o(.bss.accel) for accel
    main.o(.text.ANO_Task) refers to sensor.o(.bss.gyro) for gyro
    main.o(.text.ANO_Task) refers to main.o(.bss.ANO_Task.data) for ANO_Task.data
    main.o(.text.ANO_Task) refers to ahrs.o(.bss.attitude) for attitude
    main.o(.text.ANO_Task) refers to motor.o(.bss.mvalue) for mvalue
    main.o(.text.ANO_Task) refers to ano.o(.text.ANO_Send_String) for ANO_Send_String
    main.o(.text.ANO_Task) refers to ucos_ii.o(.text.OSTimeDly) for OSTimeDly
    main.o(.text.ANO_Task) refers to ano.o(.text.ANO_Send_Sensor) for ANO_Send_Sensor
    main.o(.text.ANO_Task) refers to ano.o(.text.ANO_Send_Euler) for ANO_Send_Euler
    main.o(.text.ANO_Task) refers to sensor.o(.bss.voltage) for voltage
    main.o(.text.ANO_Task) refers to ucos_ii.o(.bss.OSCPUUsage) for OSCPUUsage
    main.o(.text.ANO_Task) refers to ano.o(.text.ANO_Send_Battery) for ANO_Send_Battery
    main.o(.text.ANO_Task) refers to ano.o(.text.ANO_Send_PWM) for ANO_Send_PWM
    main.o(.text.ANO_Task) refers to remote.o(.bss.rvalue) for rvalue
    main.o(.text.ANO_Task) refers to ano.o(.text.ANO_Send_Remote) for ANO_Send_Remote
    main.o(.text.ANO_Task) refers to usart.o(.bss.huart2) for huart2
    main.o(.text.ANO_Task) refers to stm32f4xx_hal_uart.o(.text.HAL_UART_Transmit_DMA) for HAL_UART_Transmit_DMA
    main.o(.ARM.exidx.text.ANO_Task) refers to main.o(.text.ANO_Task) for [Anonymous Symbol]
    main.o(.text.FLIGHT_Task) refers to sensor.o(.text.SENSOR_Update) for SENSOR_Update
    main.o(.text.FLIGHT_Task) refers to ahrs.o(.text.AHRS_Update) for AHRS_Update
    main.o(.text.FLIGHT_Task) refers to ucos_ii.o(.text.OSTimeDly) for OSTimeDly
    main.o(.ARM.exidx.text.FLIGHT_Task) refers to main.o(.text.FLIGHT_Task) for [Anonymous Symbol]
    ano.o(.text.ANO_Send_Sensor) refers to ano.o(.text.ano_addcheck) for ano_addcheck
    ano.o(.ARM.exidx.text.ANO_Send_Sensor) refers to ano.o(.text.ANO_Send_Sensor) for [Anonymous Symbol]
    ano.o(.ARM.exidx.text.ano_addcheck) refers to ano.o(.text.ano_addcheck) for [Anonymous Symbol]
    ano.o(.text.ANO_Send_Sensor2) refers to ano.o(.text.ano_addcheck) for ano_addcheck
    ano.o(.ARM.exidx.text.ANO_Send_Sensor2) refers to ano.o(.text.ANO_Send_Sensor2) for [Anonymous Symbol]
    ano.o(.text.ANO_Send_Euler) refers to ano.o(.text.ano_addcheck) for ano_addcheck
    ano.o(.ARM.exidx.text.ANO_Send_Euler) refers to ano.o(.text.ANO_Send_Euler) for [Anonymous Symbol]
    ano.o(.text.ANO_Send_Quaternion) refers to ano.o(.text.ano_addcheck) for ano_addcheck
    ano.o(.ARM.exidx.text.ANO_Send_Quaternion) refers to ano.o(.text.ANO_Send_Quaternion) for [Anonymous Symbol]
    ano.o(.text.ANO_Send_Altitude) refers to ano.o(.text.ano_addcheck) for ano_addcheck
    ano.o(.ARM.exidx.text.ANO_Send_Altitude) refers to ano.o(.text.ANO_Send_Altitude) for [Anonymous Symbol]
    ano.o(.text.ANO_Send_Battery) refers to ano.o(.text.ano_addcheck) for ano_addcheck
    ano.o(.ARM.exidx.text.ANO_Send_Battery) refers to ano.o(.text.ANO_Send_Battery) for [Anonymous Symbol]
    ano.o(.text.ANO_Send_String) refers to ano.o(.bss.data) for data
    ano.o(.text.ANO_Send_String) refers to ano.o(.text.ano_addcheck) for ano_addcheck
    ano.o(.text.ANO_Send_String) refers to usart.o(.bss.huart2) for huart2
    ano.o(.text.ANO_Send_String) refers to stm32f4xx_hal_uart.o(.text.HAL_UART_Transmit) for HAL_UART_Transmit
[...]
    AHRS_Update                              0x08000a85   Thumb Code   100  ahrs.o(.text.AHRS_Update)
    ANO_Receive_Analyze                      0x08000ae9   Thumb Code    56  ano.o(.text.ANO_Receive_Analyze)
    ANO_Receive_Prepare                      0x08000b21   Thumb Code   246  ano.o(.text.ANO_Receive_Prepare)
    ANO_Send_Battery                         0x08000c19   Thumb Code    54  ano.o(.text.ANO_Send_Battery)
    ANO_Send_Euler                           0x08000c51   Thumb Code    74  ano.o(.text.ANO_Send_Euler)
    ANO_Send_PWM                             0x08000c9d   Thumb Code    60  ano.o(.text.ANO_Send_PWM)
    ANO_Send_Param                           0x08000cd9   Thumb Code    48  ano.o(.text.ANO_Send_Param)
    ANO_Send_Remote                          0x08000d09   Thumb Code    54  ano.o(.text.ANO_Send_Remote)
    ANO_Send_Sensor                          0x08000d41   Thumb Code    94  ano.o(.text.ANO_Send_Sensor)
    ANO_Send_String                          0x08000da1   Thumb Code    86  ano.o(.text.ANO_Send_String)
    ANO_Task                                 0x08000df9   Thumb Code   428  main.o(.text.ANO_Task)
    App_TCBInitHook                          0x08000fa5   Thumb Code     2  app_hooks.o(.text.App_TCBInitHook)
    App_TaskCreateHook                       0x08000fa9   Thumb Code     2  app_hooks.o(.text.App_TaskCreateHook)
    App_TaskDelHook                          0x08000fad   Thumb Code     2  app_hooks.o(.text.App_TaskDelHook)
    App_TaskIdleHook                         0x08000fb1   Thumb Code    32  app_hooks.o(.text.App_TaskIdleHook)
    App_TaskReturnHook                       0x08000fe1   Thumb Code     2  app_hooks.o(.text.App_TaskReturnHook)
    App_TaskStatHook                         0x08000fe5   Thumb Code     2  app_hooks.o(.text.App_TaskStatHook)
    App_TaskSwHook                           0x08000fe9   Thumb Code    48  app_hooks.o(.text.App_TaskSwHook)
    App_TimeTickHook                         0x08001021   Thumb Code     8  app_hooks.o(.text.App_TimeTickHook)
    BusFault_Handler                         0x08001029   Thumb Code     2  stm32f4xx_it.o(.text.BusFault_Handler)
    DMA1_Stream6_IRQHandler                  0x0800102d   Thumb Code    38  stm32f4xx_it.o(.text.DMA1_Stream6_IRQHandler)
    DebugMon_Handler                         0x08001111   Thumb Code     2  stm32f4xx_it.o(.text.DebugMon_Handler)
    Error_Handler                            0x08001115   Thumb Code    10  sys.o(.text.Error_Handler)
    FLIGHT_Task                              0x08001121   Thumb Code    16  main.o(.text.FLIGHT_Task)
    HAL_ADC_ConfigChannel                    0x08001131   Thumb Code   326  stm32f4xx_hal_adc.o(.text.HAL_ADC_ConfigChannel)
    HAL_ADC_GetValue                         0x08001279   Thumb Code     6  stm32f4xx_hal_adc.o(.text.HAL_ADC_GetValue)
    HAL_ADC_Init                             0x08001281   Thumb Code   514  stm32f4xx_hal_adc.o(.text.HAL_ADC_Init)
    HAL_ADC_MspInit                          0x08001485   Thumb Code   106  adc.o(.text.HAL_ADC_MspInit)
    HAL_ADC_Start                            0x080014f1   Thumb Code   268  stm32f4xx_hal_adc.o(.text.HAL_ADC_Start)
    HAL_DMA_Abort                            0x080015fd   Thumb Code   128  stm32f4xx_hal_dma.o(.text.HAL_DMA_Abort)
    HAL_DMA_Abort_IT                         0x0800167d   Thumb Code    36  stm32f4xx_hal_dma.o(.text.HAL_DMA_Abort_IT)
    HAL_DMA_IRQHandler                       0x080016a1   Thumb Code   396  stm32f4xx_hal_dma.o(.text.HAL_DMA_IRQHandler)
    HAL_DMA_Init                             0x0800182d   Thumb Code   810  stm32f4xx_hal_dma.o(.text.HAL_DMA_Init)
    HAL_DMA_Start_IT                         0x08001b59   Thumb Code   146  stm32f4xx_hal_dma.o(.text.HAL_DMA_Start_IT)
    HAL_Delay                                0x08001bed   Thumb Code    40  stm32f4xx_hal.o(.text.HAL_Delay)
    HAL_GPIO_Init                            0x08001c15   Thumb Code   694  stm32f4xx_hal_gpio.o(.text.HAL_GPIO_Init)
    HAL_GetTick                              0x08001ecd   Thumb Code    12  stm32f4xx_hal.o(.text.HAL_GetTick)
    HAL_I2C_Init                             0x08001ed9   Thumb Code   678  stm32f4xx_hal_i2c.o(.text.HAL_I2C_Init)
    HAL_I2C_Master_Receive                   0x08002181   Thumb Code   518  stm32f4xx_hal_i2c.o(.text.HAL_I2C_Master_Receive)
    HAL_I2C_Master_Transmit                  0x08002389   Thumb Code   312  stm32f4xx_hal_i2c.o(.text.HAL_I2C_Master_Transmit)
    HAL_I2C_Mem_Read                         0x080024c1   Thumb Code   550  stm32f4xx_hal_i2c.o(.text.HAL_I2C_Mem_Read)
    HAL_I2C_Mem_Write                        0x080026e9   Thumb Code   322  stm32f4xx_hal_i2c.o(.text.HAL_I2C_Mem_Write)
    HAL_I2C_MspInit                          0x0800282d   Thumb Code   116  i2c.o(.text.HAL_I2C_MspInit)
    HAL_IncTick                              0x080028a1   Thumb Code    26  stm32f4xx_hal.o(.text.HAL_IncTick)
    HAL_Init                                 0x080028bd   Thumb Code    54  stm32f4xx_hal.o(.text.HAL_Init)
    HAL_InitTick                             0x080028f5   Thumb Code    80  stm32f4xx_hal.o(.text.HAL_InitTick)
    HAL_MspInit                              0x08002945   Thumb Code    64  stm32f4xx_hal_msp.o(.text.HAL_MspInit)
    HAL_NVIC_EnableIRQ                       0x08002985   Thumb Code    32  stm32f4xx_hal_cortex.o(.text.HAL_NVIC_EnableIRQ)
    HAL_NVIC_SetPriority                     0x080029a5   Thumb Code    66  stm32f4xx_hal_cortex.o(.text.HAL_NVIC_SetPriority)
    HAL_NVIC_SetPriorityGrouping             0x080029e9   Thumb Code    32  stm32f4xx_hal_cortex.o(.text.HAL_NVIC_SetPriorityGrouping)
    HAL_RCC_ClockConfig                      0x08002a09   Thumb Code   542  stm32f4xx_hal_rcc.o(.text.HAL_RCC_ClockConfig)
    HAL_RCC_GetHCLKFreq                      0x08002c29   Thumb Code    12  stm32f4xx_hal_rcc.o(.text.HAL_RCC_GetHCLKFreq)
    HAL_RCC_GetPCLK1Freq                     0x08002c35   Thumb Code    34  stm32f4xx_hal_rcc.o(.text.HAL_RCC_GetPCLK1Freq)
    HAL_RCC_GetPCLK2Freq                     0x08002c59   Thumb Code    34  stm32f4xx_hal_rcc.o(.text.HAL_RCC_GetPCLK2Freq)
    HAL_RCC_GetSysClockFreq                  0x08002c7d   Thumb Code   106  stm32f4xx_hal_rcc.o(.text.HAL_RCC_GetSysClockFreq)
    HAL_RCC_OscConfig                        0x08002ce9   Thumb Code  1186  stm32f4xx_hal_rcc.o(.text.HAL_RCC_OscConfig)
    HAL_SYSTICK_Config                       0x0800318d   Thumb Code     8  stm32f4xx_hal_cortex.o(.text.HAL_SYSTICK_Config)
    HAL_TIMEx_BreakCallback                  0x08003195   Thumb Code     2  stm32f4xx_hal_tim_ex.o(.text.HAL_TIMEx_BreakCallback)
    HAL_TIMEx_CommutCallback                 0x08003199   Thumb Code     2  stm32f4xx_hal_tim_ex.o(.text.HAL_TIMEx_CommutCallback)
    HAL_TIMEx_MasterConfigSynchronization    0x0800319d   Thumb Code   284  stm32f4xx_hal_tim_ex.o(.text.HAL_TIMEx_MasterConfigSynchronization)
    HAL_TIM_Base_Init                        0x080032b9   Thumb Code   328  stm32f4xx_hal_tim.o(.text.HAL_TIM_Base_Init)
    HAL_TIM_Base_MspInit                     0x08003401   Thumb Code   348  tim.o(.text.HAL_TIM_Base_MspInit)
    HAL_TIM_ConfigClockSource                0x0800355d   Thumb Code  1378  stm32f4xx_hal_tim.o(.text.HAL_TIM_ConfigClockSource)
    HAL_TIM_IC_CaptureCallback               0x08003ac1   Thumb Code     2  stm32f4xx_hal_tim.o(.text.HAL_TIM_IC_CaptureCallback)
    HAL_TIM_IC_ConfigChannel                 0x08003ac5   Thumb Code   660  stm32f4xx_hal_tim.o(.text.HAL_TIM_IC_ConfigChannel)
    HAL_TIM_IC_Init                          0x08003d59   Thumb Code   328  stm32f4xx_hal_tim.o(.text.HAL_TIM_IC_Init)
    HAL_TIM_IC_MspInit                       0x08003ea1   Thumb Code     2  stm32f4xx_hal_tim.o(.text.HAL_TIM_IC_MspInit)
    HAL_TIM_IC_Start_IT                      0x08003ea5   Thumb Code   568  stm32f4xx_hal_tim.o(.text.HAL_TIM_IC_Start_IT)
    HAL_TIM_IRQHandler                       0x080040ed   Thumb Code   362  stm32f4xx_hal_tim.o(.text.HAL_TIM_IRQHandler)
    HAL_TIM_MspPostInit                      0x08004259   Thumb Code   134  tim.o(.text.HAL_TIM_MspPostInit)
    HAL_TIM_OC_DelayElapsedCallback          0x080042e1   Thumb Code     2  stm32f4xx_hal_tim.o(.text.HAL_TIM_OC_DelayElapsedCallback)
    HAL_TIM_PWM_ConfigChannel                0x080042e5   Thumb Code   672  stm32f4xx_hal_tim.o(.text.HAL_TIM_PWM_ConfigChannel)
    HAL_TIM_PWM_Init                         0x08004585   Thumb Code   328  stm32f4xx_hal_tim.o(.text.HAL_TIM_PWM_Init)
    HAL_TIM_PWM_MspInit                      0x080046cd   Thumb Code     2  stm32f4xx_hal_tim.o(.text.HAL_TIM_PWM_MspInit)
    HAL_TIM_PWM_PulseFinishedCallback        0x080046d1   Thumb Code     2  stm32f4xx_hal_tim.o(.text.HAL_TIM_PWM_PulseFinishedCallback)
    HAL_TIM_PWM_Start                        0x080046d5   Thumb Code   472  stm32f4xx_hal_tim.o(.text.HAL_TIM_PWM_Start)
    HAL_TIM_PeriodElapsedCallback            0x080048ad   Thumb Code     2  stm32f4xx_hal_tim.o(.text.HAL_TIM_PeriodElapsedCallback)
    HAL_TIM_ReadCapturedValue                0x080048b1   Thumb Code   458  stm32f4xx_hal_tim.o(.text.HAL_TIM_ReadCapturedValue)
    HAL_TIM_TriggerCallback                  0x08004a7d   Thumb Code     2  stm32f4xx_hal_tim.o(.text.HAL_TIM_TriggerCallback)
    HAL_UARTEx_RxEventCallback               0x08004a81   Thumb Code     2  stm32f4xx_hal_uart.o(.text.HAL_UARTEx_RxEventCallback)
    HAL_UART_ErrorCallback                   0x08004a85   Thumb Code     2  stm32f4xx_hal_uart.o(.text.HAL_UART_ErrorCallback)
    HAL_UART_IRQHandler                      0x08004a89   Thumb Code   570  stm32f4xx_hal_uart.o(.text.HAL_UART_IRQHandler)
    HAL_UART_Init                            0x08004cc5   Thumb Code   284  stm32f4xx_hal_uart.o(.text.HAL_UART_Init)
    HAL_UART_MspInit                         0x08004de1   Thumb Code   196  usart.o(.text.HAL_UART_MspInit)
    HAL_UART_RxCpltCallback                  0x08004ea5   Thumb Code     2  stm32f4xx_hal_uart.o(.text.HAL_UART_RxCpltCallback)
    HAL_UART_Transmit                        0x08004ea9   Thumb Code   204  stm32f4xx_hal_uart.o(.text.HAL_UART_Transmit)
    HAL_UART_Transmit_DMA                    0x08004f75   Thumb Code   140  stm32f4xx_hal_uart.o(.text.HAL_UART_Transmit_DMA)
    HAL_UART_TxCpltCallback                  0x08005001   Thumb Code     2  stm32f4xx_hal_uart.o(.text.HAL_UART_TxCpltCallback)
    HAL_UART_TxHalfCpltCallback              0x08005005   Thumb Code     2  stm32f4xx_hal_uart.o(.text.HAL_UART_TxHalfCpltCallback)
    HMC_Connect                              0x08005009   Thumb Code   136  sensor.o(.text.HMC_Connect)
    HMC_Init                                 0x080050f5   Thumb Code    50  sensor.o(.text.HMC_Init)
    HMC_ReadMagRaw                           0x08005129   Thumb Code    54  sensor.o(.text.HMC_ReadMagRaw)
    HMC_SelfTest                             0x08005161   Thumb Code   196  sensor.o(.text.HMC_SelfTest)
    HardFault_Handler                        0x08005261   Thumb Code     2  stm32f4xx_it.o(.text.HardFault_Handler)
    MOTOR_Init                               0x08005831   Thumb Code    44  motor.o(.text.MOTOR_Init)
    MOTOR_Set                                0x0800585d   Thumb Code   114  motor.o(.text.MOTOR_Set)
    MPU_Calibrate                            0x080058d1   Thumb Code   660  sensor.o(.text.MPU_Calibrate)
    MPU_Connect                              0x08005bad   Thumb Code    64  sensor.o(.text.MPU_Connect)
    MPU_Init                                 0x08005c45   Thumb Code   224  sensor.o(.text.MPU_Init)
    MPU_ReadAccelRaw                         0x08005d25   Thumb Code    54  sensor.o(.text.MPU_ReadAccelRaw)
    MPU_ReadGyroRaw                          0x08005d5d   Thumb Code    54  sensor.o(.text.MPU_ReadGyroRaw)
    MPU_SelfTest                             0x08005d95   Thumb Code   940  sensor.o(.text.MPU_SelfTest)
    MS_CheckCRC                              0x0800619d   Thumb Code   120  sensor.o(.text.MS_CheckCRC)
    MS_Init                                  0x0800625d   Thumb Code    64  sensor.o(.text.MS_Init)
    MS_ReadPROM                              0x0800629d   Thumb Code    72  sensor.o(.text.MS_ReadPROM)
    MS_ReadPressure                          0x080062e5   Thumb Code    12  sensor.o(.text.MS_ReadPressure)
    MS_WriteCMD                              0x080062f1   Thumb Code     8  sensor.o(.text.MS_WriteCMD)
    MX_ADC1_Init                             0x080062f9   Thumb Code   114  adc.o(.text.MX_ADC1_Init)
    MX_DMA_Init                              0x0800636d   Thumb Code    54  dma.o(.text.MX_DMA_Init)
    MX_GPIO_Init                             0x080063a5   Thumb Code    76  gpio.o(.text.MX_GPIO_Init)
    MX_I2C1_Init                             0x080063f1   Thumb Code    64  i2c.o(.text.MX_I2C1_Init)
    MX_TIM1_Init                             0x08006431   Thumb Code   264  tim.o(.text.MX_TIM1_Init)
    MX_TIM2_Init                             0x08006539   Thumb Code   232  tim.o(.text.MX_TIM2_Init)
    MX_TIM3_Init                             0x08006621   Thumb Code   282  tim.o(.text.MX_TIM3_Init)
    MX_USART2_UART_Init                      0x0800673d   Thumb Code    56  usart.o(.text.MX_USART2_UART_Init)
    MadgwickAHRSupdate                       0x08006775   Thumb Code  1984  ahrs.o(.text.MadgwickAHRSupdate)
    MadgwickAHRSupdateIMU                    0x08006f35   Thumb Code   992  ahrs.o(.text.MadgwickAHRSupdateIMU)
    MemManage_Handler                        0x08007315   Thumb Code     2  stm32f4xx_it.o(.text.MemManage_Handler)
    NMI_Handler                              0x08007319   Thumb Code     2  stm32f4xx_it.o(.text.NMI_Handler)
    OSDebugInit                              0x08007349   Thumb Code     2  os_dbg.o(.text.OSDebugInit)
    OSEventNameSet                           0x0800734d   Thumb Code    74  ucos_ii.o(.text.OSEventNameSet)
    OSInit                                   0x08007399   Thumb Code    56  ucos_ii.o(.text.OSInit)
    OSInitHookBegin                          0x080073d1   Thumb Code    82  os_cpu_c.o(.text.OSInitHookBegin)
    OSInitHookEnd                            0x08007425   Thumb Code     2  os_cpu_c.o(.text.OSInitHookEnd)
    OSIntEnter                               0x08007429   Thumb Code    36  ucos_ii.o(.text.OSIntEnter)
    OSIntExit                                0x0800744d   Thumb Code   142  ucos_ii.o(.text.OSIntExit)
    OSSchedLock                              0x080074dd   Thumb Code    60  ucos_ii.o(.text.OSSchedLock)
    OSSchedUnlock                            0x08007519   Thumb Code    78  ucos_ii.o(.text.OSSchedUnlock)
    OSSemCreate                              0x08007569   Thumb Code    86  ucos_ii.o(.text.OSSemCreate)
    OSSemPend                                0x080075c1   Thumb Code   208  ucos_ii.o(.text.OSSemPend)
    OSSemPost                                0x08007691   Thumb Code    94  ucos_ii.o(.text.OSSemPost)
    OSStart                                  0x080076f1   Thumb Code    80  ucos_ii.o(.text.OSStart)
    OSStatInit                               0x08007741   Thumb Code    72  ucos_ii.o(.text.OSStatInit)
    OSTCBInitHook                            0x08007789   Thumb Code     8  os_cpu_c.o(.text.OSTCBInitHook)
    OSTaskCreate                             0x08007791   Thumb Code   158  ucos_ii.o(.text.OSTaskCreate)
    OSTaskCreateExt                          0x08007831   Thumb Code   182  ucos_ii.o(.text.OSTaskCreateExt)
    OSTaskCreateHook                         0x080078e9   Thumb Code     8  os_cpu_c.o(.text.OSTaskCreateHook)
    OSTaskDel                                0x080078f1   Thumb Code   360  ucos_ii.o(.text.OSTaskDel)
    OSTaskDelHook                            0x08007a59   Thumb Code     8  os_cpu_c.o(.text.OSTaskDelHook)
    OSTaskIdleHook                           0x08007a61   Thumb Code     8  os_cpu_c.o(.text.OSTaskIdleHook)
    OSTaskNameSet                            0x08007a69   Thumb Code   110  ucos_ii.o(.text.OSTaskNameSet)
    OSTaskReturnHook                         0x08007ad9   Thumb Code     8  os_cpu_c.o(.text.OSTaskReturnHook)
    OSTaskStatHook                           0x08007ae1   Thumb Code     8  os_cpu_c.o(.text.OSTaskStatHook)
    OSTaskStkChk                             0x08007ae9   Thumb Code   134  ucos_ii.o(.text.OSTaskStkChk)
    OSTaskStkInit                            0x08007b71   Thumb Code   310  os_cpu_c.o(.text.OSTaskStkInit)
    OSTaskSuspend                            0x08007ca9   Thumb Code   186  ucos_ii.o(.text.OSTaskSuspend)
    OSTaskSwHook                             0x08007d65   Thumb Code    40  os_cpu_c.o(.text.OSTaskSwHook)
    OSTimeDly                                0x08007d8d   Thumb Code   112  ucos_ii.o(.text.OSTimeDly)
    OSTimeTick                               0x08007dfd   Thumb Code   206  ucos_ii.o(.text.OSTimeTick)
    OSTimeTickHook                           0x08007ecd   Thumb Code    38  os_cpu_c.o(.text.OSTimeTickHook)
    OSTmrSignal                              0x08007ef5   Thumb Code    18  ucos_ii.o(.text.OSTmrSignal)
    OSTmr_Init                               0x08007f09   Thumb Code   208  ucos_ii.o(.text.OSTmr_Init)
    OS_EventTaskRdy                          0x080081d1   Thumb Code   142  ucos_ii.o(.text.OS_EventTaskRdy)
    OS_EventTaskRemove                       0x08008261   Thumb Code    46  ucos_ii.o(.text.OS_EventTaskRemove)
    OS_EventTaskRemoveMulti                  0x08008291   Thumb Code    64  ucos_ii.o(.text.OS_EventTaskRemoveMulti)
    OS_EventTaskWait                         0x080082d1   Thumb Code   104  ucos_ii.o(.text.OS_EventTaskWait)
    OS_EventWaitListInit                     0x08008339   Thumb Code    14  ucos_ii.o(.text.OS_EventWaitListInit)
    OS_FlagInit                              0x08008349   Thumb Code    74  ucos_ii.o(.text.OS_FlagInit)
    OS_FlagUnlink                            0x08008395   Thumb Code    36  ucos_ii.o(.text.OS_FlagUnlink)
    OS_MemClr                                0x080085d9   Thumb Code    18  ucos_ii.o(.text.OS_MemClr)
    OS_MemInit                               0x080085ed   Thumb Code    66  ucos_ii.o(.text.OS_MemInit)
    OS_QInit                                 0x08008631   Thumb Code    52  ucos_ii.o(.text.OS_QInit)
    OS_Sched                                 0x08008665   Thumb Code   116  ucos_ii.o(.text.OS_Sched)
    OS_TCBInit                               0x08008709   Thumb Code   280  ucos_ii.o(.text.OS_TCBInit)
    OS_TaskIdle                              0x08008821   Thumb Code    30  ucos_ii.o(.text.OS_TaskIdle)
    OS_TaskReturn                            0x08008841   Thumb Code    24  ucos_ii.o(.text.OS_TaskReturn)
    OS_TaskStat                              0x08008859   Thumb Code   190  ucos_ii.o(.text.OS_TaskStat)
    OS_TaskStatStkChk                        0x08008919   Thumb Code    66  ucos_ii.o(.text.OS_TaskStatStkChk)
    OS_TaskStkClr                            0x0800895d   Thumb Code    28  ucos_ii.o(.text.OS_TaskStkClr)
    PID_Init                                 0x08008979   Thumb Code    88  pid.o(.text.PID_Init)
    REMOTE_Init                              0x08008ac5   Thumb Code    96  remote.o(.text.REMOTE_Init)
    SENSOR_Init                              0x08008b25   Thumb Code    40  sensor.o(.text.SENSOR_Init)
    SENSOR_Update                            0x08008bcd   Thumb Code   480  sensor.o(.text.SENSOR_Update)
    START_Task                               0x08008ddd   Thumb Code    84  main.o(.text.START_Task)
    SVC_Handler                              0x08008e31   Thumb Code     2  stm32f4xx_it.o(.text.SVC_Handler)
    SYS_Init                                 0x08008e35   Thumb Code    96  sys.o(.text.SYS_Init)
    SysTick_Handler                          0x08008ed9   Thumb Code    30  os_cpu_c.o(.text.SysTick_Handler)
    SystemClock_Config                       0x08008ef9   Thumb Code   158  sys.o(.text.SystemClock_Config)
    SystemInit                               0x08008f99   Thumb Code    18  system_stm32f4xx.o(.text.SystemInit)
    TIM1_CC_IRQHandler                       0x08008fad   Thumb Code   104  remote.o(.text.TIM1_CC_IRQHandler)
    TIM1_UP_TIM10_IRQHandler                 0x08009015   Thumb Code    88  remote.o(.text.TIM1_UP_TIM10_IRQHandler)
    TIM2_IRQHandler                          0x0800906d   Thumb Code   170  remote.o(.text.TIM2_IRQHandler)
    TIM_Base_SetConfig                       0x08009119   Thumb Code   218  stm32f4xx_hal_tim.o(.text.TIM_Base_SetConfig)
    TIM_CCxChannelCmd                        0x08009339   Thumb Code   208  stm32f4xx_hal_tim.o(.text.TIM_CCxChannelCmd)
    TIM_ETR_SetConfig                        0x08009409   Thumb Code    22  stm32f4xx_hal_tim.o(.text.TIM_ETR_SetConfig)
    TIM_OC2_SetConfig                        0x080094f5   Thumb Code   200  stm32f4xx_hal_tim.o(.text.TIM_OC2_SetConfig)
    TIM_TI1_SetConfig                        0x08009719   Thumb Code   132  stm32f4xx_hal_tim.o(.text.TIM_TI1_SetConfig)
    USART2_IRQHandler                        0x08009c85   Thumb Code    94  ano.o(.text.USART2_IRQHandler)
    UsageFault_Handler                       0x08009ce5   Thumb Code     2  stm32f4xx_it.o(.text.UsageFault_Handler)
    assert_failed                            0x08009de9   Thumb Code    16  sys.o(.text.assert_failed)
    fputc                                    0x08009e29   Thumb Code    32  sys.o(.text.fputc)
    main                                     0x08009e49   Thumb Code    46  main.o(.text.main)
    __0printf                                0x08009e79   Thumb Code    22  printfa.o(i.__0printf)
    __1printf                                0x08009e79   Thumb Code     0  printfa.o(i.__0printf)
    __2printf                                0x08009e79   Thumb Code     0  printfa.o(i.__0printf)
    __c89printf                              0x08009e79   Thumb Code     0  printfa.o(i.__0printf)
    printf                                   0x08009e79   Thumb Code     0  printfa.o(i.__0printf)
    __ARM_fpclassifyf                        0x08009e99   Thumb Code    38  fpclassifyf.o(i.__ARM_fpclassifyf)
    __hardfp_atan2f                          0x08009ec1   Thumb Code   594  atan2f.o(i.__hardfp_atan2f)
    __hardfp_powf                            0x0800a16d   Thumb Code  1606  powf.o(i.__hardfp_powf)
    __mathlib_powf                           0x0800a16d   Thumb Code     0  powf.o(i.__hardfp_powf)
    __hardfp_sqrtf                           0x0800a7d1   Thumb Code    58  sqrtf.o(i.__hardfp_sqrtf)
    __mathlib_flt_divzero                    0x0800a80d   Thumb Code    14  funder.o(i.__mathlib_flt_divzero)
    __mathlib_flt_infnan2                    0x0800a821   Thumb Code     6  funder.o(i.__mathlib_flt_infnan2)
    __mathlib_flt_invalid                    0x0800a829   Thumb Code    10  funder.o(i.__mathlib_flt_invalid)
    __mathlib_flt_overflow                   0x0800a839   Thumb Code    10  funder.o(i.__mathlib_flt_overflow)
    __mathlib_flt_underflow                  0x0800a849   Thumb Code    10  funder.o(i.__mathlib_flt_underflow)
    __scatterload_copy                       0x0800a859   Thumb Code    14  handlers.o(i.__scatterload_copy)
    __scatterload_null                       0x0800a867   Thumb Code     2  handlers.o(i.__scatterload_null)
    __scatterload_zeroinit                   0x0800a869   Thumb Code    14  handlers.o(i.__scatterload_zeroinit)
    __set_errno                              0x0800a879   Thumb Code     6  errno.o(i.__set_errno)
    puts                                     0x0800b139   Thumb Code    30  puts.o(i.puts)
    sinTable_f32                             0x0800b15c   Data        2052  arm_common_tables.o(.constdata)
    AHBPrescTable                            0x0800baa0   Data          16  system_stm32f4xx.o(.rodata.AHBPrescTable)
    APBPrescTable                            0x0800bab0   Data           8  system_stm32f4xx.o(.rodata.APBPrescTable)
    DegreeToRadian                           0x0800bab8   Data           4  sensor.o(.rodata.DegreeToRadian)
    OSUnMapTbl                               0x0800babc   Data         256  ucos_ii.o(.rodata.OSUnMapTbl)
    RadianToDegree                           0x0800bbbc   Data           4  sensor.o(.rodata.RadianToDegree)
    TIM_CHANNEL                              0x0800bbc0   Data           7  remote.o(.rodata.TIM_CHANNEL)
    TIM_FLAG                                 0x0800bbc7   Data           7  remote.o(.rodata.TIM_FLAG)
    aRes                                     0x0800bbd0   Data          16  sensor.o(.rodata.aRes)
    gRes                                     0x0800bbe0   Data          16  sensor.o(.rodata.gRes)
    mRes                                     0x0800bbf0   Data          32  sensor.o(.rodata.mRes)
    Region$$Table$$Base                      0x0800bd58   Number         0  anon$$obj.o(Region$$Table)
    Region$$Table$$Limit                     0x0800bd78   Number         0  anon$$obj.o(Region$$Table)
    __stdout                                 0x20000000   Data           4  stdout.o(.data)
    Ascale                                   0x20000008   Data           1  sensor.o(.data.Ascale)
    Gscale                                   0x20000009   Data           1  sensor.o(.data.Gscale)
    Mscale                                   0x2000000a   Data           1  sensor.o(.data.Mscale)
    SystemCoreClock                          0x2000000c   Data           4  system_stm32f4xx.o(.data.SystemCoreClock)
    beta                                     0x20000010   Data           4  ahrs.o(.data.beta)
    initialPressure                          0x20000014   Data           4  sensor.o(.data.initialPressure)
    magScale                                 0x20000018   Data          12  sensor.o(.data.magScale)
    q0                                       0x20000024   Data           4  ahrs.o(.data.q0)
    uwTickFreq                               0x20000028   Data           1  stm32f4xx_hal.o(.data.uwTickFreq)
    uwTickPrio                               0x2000002c   Data           4  stm32f4xx_hal.o(.data.uwTickPrio)
    ANO_TASK_STK                             0x20000070   Data        1024  main.o(.bss.ANO_TASK_STK)
    FLIGHT_TASK_STK                          0x200005a0   Data        1024  main.o(.bss.FLIGHT_TASK_STK)
    OSCPUUsage                               0x200009a0   Data           1  ucos_ii.o(.bss.OSCPUUsage)
    OSCtxSwCtr                               0x200009a4   Data           4  ucos_ii.o(.bss.OSCtxSwCtr)
    OSEventFreeList                          0x200009a8   Data           4  ucos_ii.o(.bss.OSEventFreeList)
    OSEventTbl                               0x200009ac   Data         240  ucos_ii.o(.bss.OSEventTbl)
    OSFlagFreeList                           0x20000a9c   Data           4  ucos_ii.o(.bss.OSFlagFreeList)
    OSFlagTbl                                0x20000aa0   Data          80  ucos_ii.o(.bss.OSFlagTbl)
    OSIdleCtr                                0x20000af0   Data           4  ucos_ii.o(.bss.OSIdleCtr)
    OSIdleCtrMax                             0x20000af4   Data           4  ucos_ii.o(.bss.OSIdleCtrMax)
    OSIdleCtrRun                             0x20000af8   Data           4  ucos_ii.o(.bss.OSIdleCtrRun)
    OSIntNesting                             0x20000afc   Data           1  ucos_ii.o(.bss.OSIntNesting)
    OSLockNesting                            0x20000afd   Data           1  ucos_ii.o(.bss.OSLockNesting)
    OSMemFreeList                            0x20000b00   Data           4  ucos_ii.o(.bss.OSMemFreeList)
    OSMemTbl                                 0x20000b04   Data         120  ucos_ii.o(.bss.OSMemTbl)
    OSPrioCur                                0x20000b7c   Data           1  ucos_ii.o(.bss.OSPrioCur)
    OSPrioHighRdy                            0x20000b7d   Data           1  ucos_ii.o(.bss.OSPrioHighRdy)
    OSQFreeList                              0x20000b80   Data           4  ucos_ii.o(.bss.OSQFreeList)
    OSQTbl                                   0x20000b84   Data          96  ucos_ii.o(.bss.OSQTbl)
    OSRdyGrp                                 0x20000be4   Data           1  ucos_ii.o(.bss.OSRdyGrp)
    OSRdyTbl                                 0x20000be8   Data           8  ucos_ii.o(.bss.OSRdyTbl)
    OSRunning                                0x20000bf0   Data           1  ucos_ii.o(.bss.OSRunning)
    OSStatRdy                                0x20000bf1   Data           1  ucos_ii.o(.bss.OSStatRdy)
    OSTCBCur                                 0x20000bf4   Data           4  ucos_ii.o(.bss.OSTCBCur)
    OSTCBFreeList                            0x20000bf8   Data           4  ucos_ii.o(.bss.OSTCBFreeList)
    OSTCBHighRdy                             0x20000bfc   Data           4  ucos_ii.o(.bss.OSTCBHighRdy)
    OSTCBList                                0x20000c00   Data           4  ucos_ii.o(.bss.OSTCBList)
    OSTCBPrioTbl                             0x20000c04   Data         256  ucos_ii.o(.bss.OSTCBPrioTbl)
    OSTCBTbl                                 0x20000d04   Data        2024  ucos_ii.o(.bss.OSTCBTbl)
    OSTaskCtr                                0x200014ec   Data           1  ucos_ii.o(.bss.OSTaskCtr)
    OSTaskIdleStk                            0x200014f0   Data         512  ucos_ii.o(.bss.OSTaskIdleStk)
    OSTaskRegNextAvailID                     0x200016f0   Data           1  ucos_ii.o(.bss.OSTaskRegNextAvailID)
    OSTaskStatStk                            0x200016f4   Data         512  ucos_ii.o(.bss.OSTaskStatStk)
    OSTickStepState                          0x200018f4   Data           1  ucos_ii.o(.bss.OSTickStepState)
    OSTime                                   0x200018f8   Data           4  ucos_ii.o(.bss.OSTime)
    OSTmrFree                                0x200018fe   Data           2  ucos_ii.o(.bss.OSTmrFree)
    OSTmrFreeList                            0x20001900   Data           4  ucos_ii.o(.bss.OSTmrFreeList)
    OSTmrSem                                 0x20001904   Data           4  ucos_ii.o(.bss.OSTmrSem)
    OSTmrSemSignal                           0x20001908   Data           4  ucos_ii.o(.bss.OSTmrSemSignal)
    OSTmrTaskStk                             0x2000190c   Data         512  ucos_ii.o(.bss.OSTmrTaskStk)
    OSTmrTbl                                 0x20001b0c   Data         640  ucos_ii.o(.bss.OSTmrTbl)
    OSTmrTime                                0x20001d8c   Data           4  ucos_ii.o(.bss.OSTmrTime)
    OSTmrUsed                                0x20001d90   Data           2  ucos_ii.o(.bss.OSTmrUsed)
    OSTmrWheelTbl                            0x20001d94   Data          56  ucos_ii.o(.bss.OSTmrWheelTbl)
    OS_CPU_ExceptStk                         0x20001dcc   Data        1024  os_cpu_c.o(.bss.OS_CPU_ExceptStk)
    OS_CPU_ExceptStkBase                     0x200021cc   Data           4  os_cpu_c.o(.bss.OS_CPU_ExceptStkBase)
    OS_KA_BASEPRI_Boundary                   0x200021d0   Data           4  os_cpu_c.o(.bss.OS_KA_BASEPRI_Boundary)
    PID_altitude                             0x200021d4   Data          36  pid.o(.bss.PID_altitude)
    PID_angle_pitch                          0x200021f8   Data          36  pid.o(.bss.PID_angle_pitch)
    PID_angle_roll                           0x2000221c   Data          36  pid.o(.bss.PID_angle_roll)
    PID_rate_pitch                           0x20002240   Data          36  pid.o(.bss.PID_rate_pitch)
    PID_rate_roll                            0x20002264   Data          36  pid.o(.bss.PID_rate_roll)
    PID_rate_yaw                             0x20002288   Data          36  pid.o(.bss.PID_rate_yaw)
    START_TASK_STK                           0x200022b0   Data         512  main.o(.bss.START_TASK_STK)
    accel                                    0x200024b0   Data          12  sensor.o(.bss.accel)
    accelBias                                0x200024bc   Data          12  sensor.o(.bss.accelBias)
    attitude                                 0x200024c8   Data          12  ahrs.o(.bss.attitude)
    data                                     0x200024d4   Data         100  ano.o(.bss.data)
    gyro                                     0x20002538   Data          12  sensor.o(.bss.gyro)
    gyroBias                                 0x20002544   Data          12  sensor.o(.bss.gyroBias)
    hadc1                                    0x20002550   Data          72  adc.o(.bss.hadc1)
    hdma_usart2_tx                           0x20002598   Data          96  usart.o(.bss.hdma_usart2_tx)
    hi2c1                                    0x200025f8   Data          84  i2c.o(.bss.hi2c1)
    htim1                                    0x2000264c   Data          72  tim.o(.bss.htim1)
    htim2                                    0x20002694   Data          72  tim.o(.bss.htim2)
    htim3                                    0x200026dc   Data          72  tim.o(.bss.htim3)
    huart2                                   0x20002724   Data          68  usart.o(.bss.huart2)
    mag                                      0x20002768   Data          12  sensor.o(.bss.mag)
    magBias                                  0x20002774   Data          12  sensor.o(.bss.magBias)
    msPROM                                   0x20002780   Data          16  sensor.o(.bss.msPROM)
    mvalue                                   0x20002790   Data           8  motor.o(.bss.mvalue)
    pressure                                 0x20002798   Data           4  sensor.o(.bss.pressure)
    pvalue                                   0x2000279c   Data          28  remote.o(.bss.pvalue)
    q1                                       0x200027b8   Data           4  ahrs.o(.bss.q1)
    q2                                       0x200027bc   Data           4  ahrs.o(.bss.q2)
    q3                                       0x200027c0   Data           4  ahrs.o(.bss.q3)
    rstate                                   0x200027c4   Data           7  remote.o(.bss.rstate)
    rvalue                                   0x200027cc   Data          28  remote.o(.bss.rvalue)
    ucount                                   0x200027e8   Data           7  remote.o(.bss.ucount)
    uwTick                                   0x200027f0   Data           4  stm32f4xx_hal.o(.bss.uwTick)
    voltage                                  0x200027f4   Data           4  sensor.o(.bss.voltage)
    __initial_sp                             0x20002bf8   Data           0  startup_stm32f401xe.o(STACK)



==============================================================================

Memory Map of the image

  Image Entry point : 0x08000195

  Load Region LR_IROM1 (Base: 0x08000000, Size: 0x0000bda8, Max: 0x00080000, ABSOLUTE)

    Execution Region ER_IROM1 (Exec base: 0x08000000, Load base: 0x08000000, Size: 0x0000bd78, Max: 0x00080000, ABSOLUTE)

    Exec Addr    Load Addr    Size         Type   Attr      Idx    E Section Name        Object

    0x08000000   0x08000000   0x00000194   Data   RO          371    RESET               startup_stm32f401xe.o
    0x08000194   0x08000194   0x00000000   Code   RO         2032  * .ARM.Collect$$$$00000000  mc_w.l(entry.o)
    0x08000194   0x08000194   0x00000004   Code   RO         2322    .ARM.Collect$$$$00000001  mc_w.l(entry2.o)
    0x08000198   0x08000198   0x00000004   Code   RO         2325    .ARM.Collect$$$$00000004  mc_w.l(entry5.o)
    0x0800019c   0x0800019c   0x00000000   Code   RO         2327    .ARM.Collect$$$$00000008  mc_w.l(entry7b.o)
    0x0800019c   0x0800019c   0x00000000   Code   RO         2329    .ARM.Collect$$$$0000000A  mc_w.l(entry8b.o)
    0x0800019c   0x0800019c   0x00000008   Code   RO         2330    .ARM.Collect$$$$0000000B  mc_w.l(entry9a.o)
    0x080001a4   0x080001a4   0x00000000   Code   RO         2332    .ARM.Collect$$$$0000000D  mc_w.l(entry10a.o)
    0x080001a4   0x080001a4   0x00000000   Code   RO         2334    .ARM.Collect$$$$0000000F  mc_w.l(entry11a.o)
    0x080001a4   0x080001a4   0x00000004   Code   RO         2323    .ARM.Collect$$$$00002712  mc_w.l(entry2.o)
    0x080001a8   0x080001a8   0x00000024   Code   RO          372    .text               startup_stm32f401xe.o
    0x080001cc   0x080001cc   0x00000134   Code   RO         1726    .text               os_cpu_a.o
    0x08000300   0x08000300   0x00000094   Code   RO         1859    .text               arm_cortexM4lf_math.lib(arm_sin_f32.o)
    0x08000394   0x08000394   0x00000038   Code   RO         1910    .text               arm_cortexM4lf_math.lib(arm_pid_init_f32.o)
    0x080003cc   0x080003cc   0x00000062   Code   RO         2039    .text               mc_w.l(uldiv.o)
    0x0800042e   0x0800042e   0x00000024   Code   RO         2041    .text               mc_w.l(memseta.o)
    0x08000452   0x08000452   0x00000026   Code   RO         2304    .text               mf_w.l(f2d.o)
    0x08000478   0x08000478   0x0000002c   Code   RO         2346    .text               mc_w.l(uidiv.o)
    0x080004a4   0x080004a4   0x0000001e   Code   RO         2348    .text               mc_w.l(llshl.o)
    0x080004c2   0x080004c2   0x00000020   Code   RO         2350    .text               mc_w.l(llushr.o)
    0x080004e2   0x080004e2   0x00000000   Code   RO         2359    .text               mc_w.l(iusefp.o)
    0x080004e2   0x080004e2   0x0000014e   Code   RO         2360    .text               mf_w.l(dadd.o)
    0x08000630   0x08000630   0x000000e4   Code   RO         2362    .text               mf_w.l(dmul.o)
    0x08000714   0x08000714   0x000000de   Code   RO         2364    .text               mf_w.l(ddiv.o)
    0x080007f2   0x080007f2   0x00000030   Code   RO         2366    .text               mf_w.l(dfixul.o)
    0x08000822   0x08000822   0x00000002   PAD
    0x08000824   0x08000824   0x00000030   Code   RO         2368    .text               mf_w.l(cdrcmple.o)
    0x08000854   0x08000854   0x00000004   Code   RO         2370    .text               mf_w.l(fpstat.o)
    0x08000858   0x08000858   0x00000024   Code   RO         2372    .text               mc_w.l(init.o)
    0x0800087c   0x0800087c   0x00000024   Code   RO         2374    .text               mc_w.l(llsshr.o)
    0x080008a0   0x080008a0   0x000000ba   Code   RO         2376    .text               mf_w.l(depilogue.o)
    0x0800095a   0x0800095a   0x00000002   PAD
    0x0800095c   0x0800095c   0x00000126   Code   RO          463    .text.ADC_Init      stm32f4xx_hal_adc.o
    0x08000a82   0x08000a82   0x00000002   PAD
    0x08000a84   0x08000a84   0x00000064   Code   RO          206    .text.AHRS_Update   ahrs.o
    0x08000ae8   0x08000ae8   0x00000038   Code   RO           49    .text.ANO_Receive_Analyze  ano.o
    0x08000b20   0x08000b20   0x000000f6   Code   RO           53    .text.ANO_Receive_Prepare  ano.o
    0x08000c16   0x08000c16   0x00000002   PAD
    0x08000c18   0x08000c18   0x00000036   Code   RO           37    .text.ANO_Send_Battery  ano.o
    0x08000c4e   0x08000c4e   0x00000002   PAD
    0x08000c50   0x08000c50   0x0000004a   Code   RO           31    .text.ANO_Send_Euler  ano.o
    0x08000c9a   0x08000c9a   0x00000002   PAD
    0x08000c9c   0x08000c9c   0x0000003c   Code   RO           41    .text.ANO_Send_PWM  ano.o
    0x08000cd8   0x08000cd8   0x00000030   Code   RO           47    .text.ANO_Send_Param  ano.o
    0x08000d08   0x08000d08   0x00000036   Code   RO           45    .text.ANO_Send_Remote  ano.o
    0x08000d3e   0x08000d3e   0x00000002   PAD
    0x08000d40   0x08000d40   0x0000005e   Code   RO           25    .text.ANO_Send_Sensor  ano.o
    0x08000d9e   0x08000d9e   0x00000002   PAD
    0x08000da0   0x08000da0   0x00000056   Code   RO           39    .text.ANO_Send_String  ano.o
    0x08000df6   0x08000df6   0x00000002   PAD
    0x08000df8   0x08000df8   0x000001ac   Code   RO            6    .text.ANO_Task      main.o
    0x08000fa4   0x08000fa4   0x00000002   Code   RO         1782    .text.App_TCBInitHook  app_hooks.o
    0x08000fa6   0x08000fa6   0x00000002   PAD
    0x08000fa8   0x08000fa8   0x00000002   Code   RO         1770    .text.App_TaskCreateHook  app_hooks.o
    0x08000faa   0x08000faa   0x00000002   PAD
    0x08000fac   0x08000fac   0x00000002   Code   RO         1772    .text.App_TaskDelHook  app_hooks.o
    0x08000fae   0x08000fae   0x00000002   PAD
    0x08000fb0   0x08000fb0   0x00000030   Code   RO         1774    .text.App_TaskIdleHook  app_hooks.o
    0x08000fe0   0x08000fe0   0x00000002   Code   RO         1778    .text.App_TaskReturnHook  app_hooks.o
    0x08000fe2   0x08000fe2   0x00000002   PAD
    0x08000fe4   0x08000fe4   0x00000002   Code   RO         1776    .text.App_TaskStatHook  app_hooks.o
    0x08000fe6   0x08000fe6   0x00000002   PAD
    0x08000fe8   0x08000fe8   0x00000038   Code   RO         1780    .text.App_TaskSwHook  app_hooks.o
    0x08001020   0x08001020   0x00000008   Code   RO         1784    .text.App_TimeTickHook  app_hooks.o
    0x08001028   0x08001028   0x00000002   Code   RO          352    .text.BusFault_Handler  stm32f4xx_it.o
    0x0800102a   0x0800102a   0x00000002   PAD
    0x0800102c   0x0800102c   0x00000026   Code   RO          360    .text.DMA1_Stream6_IRQHandler  stm32f4xx_it.o
    0x08001052   0x08001052   0x00000002   PAD
    0x08001054   0x08001054   0x0000003c   Code   RO          563    .text.DMA_CalcBaseAndBitshift  stm32f4xx_hal_dma.o
    0x08001090   0x08001090   0x00000050   Code   RO          561    .text.DMA_CheckFifoParam  stm32f4xx_hal_dma.o
    0x080010e0   0x080010e0   0x00000030   Code   RO          569    .text.DMA_SetConfig  stm32f4xx_hal_dma.o
    0x08001110   0x08001110   0x00000002   Code   RO          358    .text.DebugMon_Handler  stm32f4xx_it.o
    0x08001112   0x08001112   0x00000002   PAD
    0x08001114   0x08001114   0x0000000a   Code   RO          194    .text.Error_Handler  sys.o
    0x0800111e   0x0800111e   0x00000002   PAD
    0x08001120   0x08001120   0x00000010   Code   RO            8    .text.FLIGHT_Task   main.o
    0x08001130   0x08001130   0x00000146   Code   RO          503    .text.HAL_ADC_ConfigChannel  stm32f4xx_hal_adc.o
    0x08001276   0x08001276   0x00000002   PAD
    0x08001278   0x08001278   0x00000006   Code   RO          499    .text.HAL_ADC_GetValue  stm32f4xx_hal_adc.o
    0x0800127e   0x0800127e   0x00000002   PAD
    0x08001280   0x08001280   0x00000202   Code   RO          459    .text.HAL_ADC_Init  stm32f4xx_hal_adc.o
    0x08001482   0x08001482   0x00000002   PAD
    0x08001484   0x08001484   0x0000006a   Code   RO          262    .text.HAL_ADC_MspInit  adc.o
    0x080014ee   0x080014ee   0x00000002   PAD
    0x080014f0   0x080014f0   0x0000010c   Code   RO          469    .text.HAL_ADC_Start  stm32f4xx_hal_adc.o
    0x080015fc   0x080015fc   0x00000080   Code   RO          573    .text.HAL_DMA_Abort  stm32f4xx_hal_dma.o
    0x0800167c   0x0800167c   0x00000024   Code   RO          575    .text.HAL_DMA_Abort_IT  stm32f4xx_hal_dma.o
    0x080016a0   0x080016a0   0x0000018c   Code   RO          579    .text.HAL_DMA_IRQHandler  stm32f4xx_hal_dma.o
    0x0800182c   0x0800182c   0x0000032a   Code   RO          559    .text.HAL_DMA_Init  stm32f4xx_hal_dma.o
    0x08001b56   0x08001b56   0x00000002   PAD
    0x08001b58   0x08001b58   0x00000092   Code   RO          571    .text.HAL_DMA_Start_IT  stm32f4xx_hal_dma.o
    0x08001bea   0x08001bea   0x00000002   PAD
    0x08001bec   0x08001bec   0x00000028   Code   RO          414    .text.HAL_Delay     stm32f4xx_hal.o
    0x08001c14   0x08001c14   0x000002b6   Code   RO          615    .text.HAL_GPIO_Init  stm32f4xx_hal_gpio.o
    0x08001eca   0x08001eca   0x00000002   PAD
    0x08001ecc   0x08001ecc   0x0000000c   Code   RO          406    .text.HAL_GetTick   stm32f4xx_hal.o
    0x08001ed8   0x08001ed8   0x000002a6   Code   RO          640    .text.HAL_I2C_Init  stm32f4xx_hal_i2c.o
    0x0800217e   0x0800217e   0x00000002   PAD
    0x08002180   0x08002180   0x00000206   Code   RO          658    .text.HAL_I2C_Master_Receive  stm32f4xx_hal_i2c.o
    0x08002386   0x08002386   0x00000002   PAD
    0x08002388   0x08002388   0x00000138   Code   RO          648    .text.HAL_I2C_Master_Transmit  stm32f4xx_hal_i2c.o
    0x080024c0   0x080024c0   0x00000226   Code   RO          694    .text.HAL_I2C_Mem_Read  stm32f4xx_hal_i2c.o
    0x080026e6   0x080026e6   0x00000002   PAD
    0x080026e8   0x080026e8   0x00000142   Code   RO          690    .text.HAL_I2C_Mem_Write  stm32f4xx_hal_i2c.o
    0x0800282a   0x0800282a   0x00000002   PAD
    0x0800282c   0x0800282c   0x00000074   Code   RO          294    .text.HAL_I2C_MspInit  i2c.o
    0x080028a0   0x080028a0   0x0000001a   Code   RO          404    .text.HAL_IncTick   stm32f4xx_hal.o
    0x080028ba   0x080028ba   0x00000002   PAD
    0x080028bc   0x080028bc   0x00000036   Code   RO          394    .text.HAL_Init      stm32f4xx_hal.o
    0x080028f2   0x080028f2   0x00000002   PAD
    0x080028f4   0x080028f4   0x00000050   Code   RO          396    .text.HAL_InitTick  stm32f4xx_hal.o
    0x08002944   0x08002944   0x00000040   Code   RO          252    .text.HAL_MspInit   stm32f4xx_hal_msp.o
    0x08002984   0x08002984   0x00000020   Code   RO         1366    .text.HAL_NVIC_EnableIRQ  stm32f4xx_hal_cortex.o
    0x080029a4   0x080029a4   0x00000042   Code   RO         1358    .text.HAL_NVIC_SetPriority  stm32f4xx_hal_cortex.o
    0x080029e6   0x080029e6   0x00000002   PAD
    0x080029e8   0x080029e8   0x00000020   Code   RO         1354    .text.HAL_NVIC_SetPriorityGrouping  stm32f4xx_hal_cortex.o
    0x08002a08   0x08002a08   0x0000021e   Code   RO          828    .text.HAL_RCC_ClockConfig  stm32f4xx_hal_rcc.o
    0x08002c26   0x08002c26   0x00000002   PAD
    0x08002c28   0x08002c28   0x0000000c   Code   RO          838    .text.HAL_RCC_GetHCLKFreq  stm32f4xx_hal_rcc.o
    0x08002c34   0x08002c34   0x00000022   Code   RO          840    .text.HAL_RCC_GetPCLK1Freq  stm32f4xx_hal_rcc.o
    0x08002c56   0x08002c56   0x00000002   PAD
    0x08002c58   0x08002c58   0x00000022   Code   RO          842    .text.HAL_RCC_GetPCLK2Freq  stm32f4xx_hal_rcc.o
    0x08002c7a   0x08002c7a   0x00000002   PAD
    0x08002c7c   0x08002c7c   0x0000006a   Code   RO          830    .text.HAL_RCC_GetSysClockFreq  stm32f4xx_hal_rcc.o
    0x08002ce6   0x08002ce6   0x00000002   PAD
    0x08002ce8   0x08002ce8   0x000004a2   Code   RO          826    .text.HAL_RCC_OscConfig  stm32f4xx_hal_rcc.o
    0x0800318a   0x0800318a   0x00000002   PAD
    0x0800318c   0x0800318c   0x00000008   Code   RO         1378    .text.HAL_SYSTICK_Config  stm32f4xx_hal_cortex.o
    0x08003194   0x08003194   0x00000002   Code   RO         1207    .text.HAL_TIMEx_BreakCallback  stm32f4xx_hal_tim_ex.o
    0x08003196   0x08003196   0x00000002   PAD
    0x08003198   0x08003198   0x00000002   Code   RO         1203    .text.HAL_TIMEx_CommutCallback  stm32f4xx_hal_tim_ex.o
    0x0800319a   0x0800319a   0x00000002   PAD
    0x0800319c   0x0800319c   0x0000011c   Code   RO         1197    .text.HAL_TIMEx_MasterConfigSynchronization  stm32f4xx_hal_tim_ex.o
    0x080032b8   0x080032b8   0x00000148   Code   RO          882    .text.HAL_TIM_Base_Init  stm32f4xx_hal_tim.o
    0x08003400   0x08003400   0x0000015c   Code   RO          315    .text.HAL_TIM_Base_MspInit  tim.o
    0x0800355c   0x0800355c   0x00000562   Code   RO         1074    .text.HAL_TIM_ConfigClockSource  stm32f4xx_hal_tim.o
    0x08003abe   0x08003abe   0x00000002   PAD
    0x08003ac0   0x08003ac0   0x00000002   Code   RO         1018    .text.HAL_TIM_IC_CaptureCallback  stm32f4xx_hal_tim.o
    0x08003ac2   0x08003ac2   0x00000002   PAD
    0x08003ac4   0x08003ac4   0x00000294   Code   RO         1038    .text.HAL_TIM_IC_ConfigChannel  stm32f4xx_hal_tim.o
    0x08003d58   0x08003d58   0x00000148   Code   RO          956    .text.HAL_TIM_IC_Init  stm32f4xx_hal_tim.o
    0x08003ea0   0x08003ea0   0x00000002   Code   RO          958    .text.HAL_TIM_IC_MspInit  stm32f4xx_hal_tim.o
    0x08003ea2   0x08003ea2   0x00000002   PAD
    0x08003ea4   0x08003ea4   0x00000248   Code   RO          968    .text.HAL_TIM_IC_Start_IT  stm32f4xx_hal_tim.o
    0x080040ec   0x080040ec   0x0000016a   Code   RO         1016    .text.HAL_TIM_IRQHandler  stm32f4xx_hal_tim.o
    0x08004256   0x08004256   0x00000002   PAD
    0x08004258   0x08004258   0x00000086   Code   RO          313    .text.HAL_TIM_MspPostInit  tim.o
    0x080042de   0x080042de   0x00000002   PAD
    0x080042e0   0x080042e0   0x00000002   Code   RO         1020    .text.HAL_TIM_OC_DelayElapsedCallback  stm32f4xx_hal_tim.o
    0x080042e2   0x080042e2   0x00000002   PAD
    0x080042e4   0x080042e4   0x000002a0   Code   RO         1048    .text.HAL_TIM_PWM_ConfigChannel  stm32f4xx_hal_tim.o
    0x08004584   0x08004584   0x00000148   Code   RO          936    .text.HAL_TIM_PWM_Init  stm32f4xx_hal_tim.o
    0x080046cc   0x080046cc   0x00000002   Code   RO          938    .text.HAL_TIM_PWM_MspInit  stm32f4xx_hal_tim.o
    0x080046ce   0x080046ce   0x00000002   PAD
    0x080046d0   0x080046d0   0x00000002   Code   RO         1022    .text.HAL_TIM_PWM_PulseFinishedCallback  stm32f4xx_hal_tim.o
    0x080046d2   0x080046d2   0x00000002   PAD
    0x080046d4   0x080046d4   0x000001d8   Code   RO          944    .text.HAL_TIM_PWM_Start  stm32f4xx_hal_tim.o
    0x080048ac   0x080048ac   0x00000002   Code   RO         1024    .text.HAL_TIM_PeriodElapsedCallback  stm32f4xx_hal_tim.o
    0x080048ae   0x080048ae   0x00000002   PAD
    0x080048b0   0x080048b0   0x000001ca   Code   RO         1090    .text.HAL_TIM_ReadCapturedValue  stm32f4xx_hal_tim.o
    0x08004a7a   0x08004a7a   0x00000002   PAD
    0x08004a7c   0x08004a7c   0x00000002   Code   RO         1026    .text.HAL_TIM_TriggerCallback  stm32f4xx_hal_tim.o
    0x08004a7e   0x08004a7e   0x00000002   PAD
    0x08004a80   0x08004a80   0x00000002   Code   RO         1312    .text.HAL_UARTEx_RxEventCallback  stm32f4xx_hal_uart.o
    0x08004a82   0x08004a82   0x00000002   PAD
    0x08004a84   0x08004a84   0x00000002   Code   RO         1310    .text.HAL_UART_ErrorCallback  stm32f4xx_hal_uart.o
    0x08004a86   0x08004a86   0x00000002   PAD
    0x08004a88   0x08004a88   0x0000023a   Code   RO         1304    .text.HAL_UART_IRQHandler  stm32f4xx_hal_uart.o
    0x08004cc2   0x08004cc2   0x00000002   PAD
    0x08004cc4   0x08004cc4   0x0000011c   Code   RO         1222    .text.HAL_UART_Init  stm32f4xx_hal_uart.o
    0x08004de0   0x08004de0   0x000000c4   Code   RO          332    .text.HAL_UART_MspInit  usart.o
    0x08004ea4   0x08004ea4   0x00000002   Code   RO         1322    .text.HAL_UART_RxCpltCallback  stm32f4xx_hal_uart.o
    0x08004ea6   0x08004ea6   0x00000002   PAD
    0x08004ea8   0x08004ea8   0x000000cc   Code   RO         1238    .text.HAL_UART_Transmit  stm32f4xx_hal_uart.o
    0x08004f74   0x08004f74   0x0000008c   Code   RO         1250    .text.HAL_UART_Transmit_DMA  stm32f4xx_hal_uart.o
    0x08005000   0x08005000   0x00000002   Code   RO         1318    .text.HAL_UART_TxCpltCallback  stm32f4xx_hal_uart.o
    0x08005002   0x08005002   0x00000002   PAD
    0x08005004   0x08005004   0x00000002   Code   RO         1320    .text.HAL_UART_TxHalfCpltCallback  stm32f4xx_hal_uart.o
    0x08005006   0x08005006   0x00000002   PAD
    0x08005008   0x08005008   0x000000ec   Code   RO          115    .text.HMC_Connect   sensor.o
    0x080050f4   0x080050f4   0x00000032   Code   RO          117    .text.HMC_Init      sensor.o
    0x08005126   0x08005126   0x00000002   PAD
    0x08005128   0x08005128   0x00000036   Code   RO          127    .text.HMC_ReadMagRaw  sensor.o
    0x0800515e   0x0800515e   0x00000002   PAD
    0x08005160   0x08005160   0x00000100   Code   RO          147    .text.HMC_SelfTest  sensor.o
    0x08005260   0x08005260   0x00000002   Code   RO          348    .text.HardFault_Handler  stm32f4xx_it.o
    0x08005262   0x08005262   0x00000002   PAD
    0x08005264   0x08005264   0x00000030   Code   RO          800    .text.I2C_IsAcknowledgeFailed  stm32f4xx_hal_i2c.o
    0x08005294   0x08005294   0x000000fe   Code   RO          660    .text.I2C_MasterRequestRead  stm32f4xx_hal_i2c.o
    0x08005392   0x08005392   0x00000002   PAD
    0x08005394   0x08005394   0x000000b0   Code   RO          652    .text.I2C_MasterRequestWrite  stm32f4xx_hal_i2c.o
    0x08005444   0x08005444   0x0000010c   Code   RO          696    .text.I2C_RequestMemoryRead  stm32f4xx_hal_i2c.o
    0x08005550   0x08005550   0x000000c0   Code   RO          692    .text.I2C_RequestMemoryWrite  stm32f4xx_hal_i2c.o
    0x08005610   0x08005610   0x0000005e   Code   RO          656    .text.I2C_WaitOnBTFFlagUntilTimeout  stm32f4xx_hal_i2c.o
    0x0800566e   0x0800566e   0x00000002   PAD
    0x08005670   0x08005670   0x00000074   Code   RO          650    .text.I2C_WaitOnFlagUntilTimeout  stm32f4xx_hal_i2c.o
    0x080056e4   0x080056e4   0x0000008c   Code   RO          798    .text.I2C_WaitOnMasterAddressFlagUntilTimeout  stm32f4xx_hal_i2c.o
    0x08005770   0x08005770   0x0000005e   Code   RO          662    .text.I2C_WaitOnRXNEFlagUntilTimeout  stm32f4xx_hal_i2c.o
    0x080057ce   0x080057ce   0x00000002   PAD
    0x080057d0   0x080057d0   0x0000005e   Code   RO          654    .text.I2C_WaitOnTXEFlagUntilTimeout  stm32f4xx_hal_i2c.o
    0x0800582e   0x0800582e   0x00000002   PAD
    0x08005830   0x08005830   0x0000002c   Code   RO           70    .text.MOTOR_Init    motor.o
    0x0800585c   0x0800585c   0x00000072   Code   RO           72    .text.MOTOR_Set     motor.o
    0x080058ce   0x080058ce   0x00000002   PAD
    0x080058d0   0x080058d0   0x000002dc   Code   RO          151    .text.MPU_Calibrate  sensor.o
    0x08005bac   0x08005bac   0x00000098   Code   RO          111    .text.MPU_Connect   sensor.o
    0x08005c44   0x08005c44   0x000000e0   Code   RO          113    .text.MPU_Init      sensor.o
    0x08005d24   0x08005d24   0x00000036   Code   RO          123    .text.MPU_ReadAccelRaw  sensor.o
    0x08005d5a   0x08005d5a   0x00000002   PAD
    0x08005d5c   0x08005d5c   0x00000036   Code   RO          125    .text.MPU_ReadGyroRaw  sensor.o
    0x08005d92   0x08005d92   0x00000002   PAD
    0x08005d94   0x08005d94   0x00000408   Code   RO          143    .text.MPU_SelfTest  sensor.o
    0x0800619c   0x0800619c   0x000000c0   Code   RO          149    .text.MS_CheckCRC   sensor.o
    0x0800625c   0x0800625c   0x00000040   Code   RO          119    .text.MS_Init       sensor.o
    0x0800629c   0x0800629c   0x00000048   Code   RO          137    .text.MS_ReadPROM   sensor.o
    0x080062e4   0x080062e4   0x0000000c   Code   RO          129    .text.MS_ReadPressure  sensor.o
    0x080062f0   0x080062f0   0x00000008   Code   RO          131    .text.MS_WriteCMD   sensor.o
    0x080062f8   0x080062f8   0x00000072   Code   RO          260    .text.MX_ADC1_Init  adc.o
    0x0800636a   0x0800636a   0x00000002   PAD
    0x0800636c   0x0800636c   0x00000036   Code   RO          275    .text.MX_DMA_Init   dma.o
    0x080063a2   0x080063a2   0x00000002   PAD
    0x080063a4   0x080063a4   0x0000004c   Code   RO          284    .text.MX_GPIO_Init  gpio.o
    0x080063f0   0x080063f0   0x00000040   Code   RO          292    .text.MX_I2C1_Init  i2c.o
    0x08006430   0x08006430   0x00000108   Code   RO          307    .text.MX_TIM1_Init  tim.o
    0x08006538   0x08006538   0x000000e8   Code   RO          309    .text.MX_TIM2_Init  tim.o
    0x08006620   0x08006620   0x0000011a   Code   RO          311    .text.MX_TIM3_Init  tim.o
    0x0800673a   0x0800673a   0x00000002   PAD
    0x0800673c   0x0800673c   0x00000038   Code   RO          330    .text.MX_USART2_UART_Init  usart.o
    0x08006774   0x08006774   0x000007c0   Code   RO          208    .text.MadgwickAHRSupdate  ahrs.o
    0x08006f34   0x08006f34   0x000003e0   Code   RO          210    .text.MadgwickAHRSupdateIMU  ahrs.o
    0x08007314   0x08007314   0x00000002   Code   RO          350    .text.MemManage_Handler  stm32f4xx_it.o
    0x08007316   0x08007316   0x00000002   PAD
    0x08007318   0x08007318   0x00000002   Code   RO          346    .text.NMI_Handler   stm32f4xx_it.o
    0x0800731a   0x0800731a   0x00000002   PAD
    0x0800731c   0x0800731c   0x0000002c   Code   RO         1364    .text.NVIC_EncodePriority  stm32f4xx_hal_cortex.o
    0x08007348   0x08007348   0x00000002   Code   RO         1793    .text.OSDebugInit   os_dbg.o
    0x0800734a   0x0800734a   0x00000002   PAD
    0x0800734c   0x0800734c   0x0000004a   Code   RO         1431    .text.OSEventNameSet  ucos_ii.o
    0x08007396   0x08007396   0x00000002   PAD
    0x08007398   0x08007398   0x00000038   Code   RO         1441    .text.OSInit        ucos_ii.o
    0x080073d0   0x080073d0   0x00000052   Code   RO         1730    .text.OSInitHookBegin  os_cpu_c.o
    0x08007422   0x08007422   0x00000002   PAD
    0x08007424   0x08007424   0x00000002   Code   RO         1732    .text.OSInitHookEnd  os_cpu_c.o
    0x08007426   0x08007426   0x00000002   PAD
    0x08007428   0x08007428   0x00000024   Code   RO         1463    .text.OSIntEnter    ucos_ii.o
    0x0800744c   0x0800744c   0x0000008e   Code   RO         1465    .text.OSIntExit     ucos_ii.o
    0x080074da   0x080074da   0x00000002   PAD
    0x080074dc   0x080074dc   0x0000003c   Code   RO         1469    .text.OSSchedLock   ucos_ii.o
    0x08007518   0x08007518   0x0000004e   Code   RO         1471    .text.OSSchedUnlock  ucos_ii.o
    0x08007566   0x08007566   0x00000002   PAD
    0x08007568   0x08007568   0x00000056   Code   RO         1597    .text.OSSemCreate   ucos_ii.o
    0x080075be   0x080075be   0x00000002   PAD
    0x080075c0   0x080075c0   0x000000d0   Code   RO         1601    .text.OSSemPend     ucos_ii.o
    0x08007690   0x08007690   0x0000005e   Code   RO         1605    .text.OSSemPost     ucos_ii.o
    0x080076ee   0x080076ee   0x00000002   PAD
    0x080076f0   0x080076f0   0x00000050   Code   RO         1473    .text.OSStart       ucos_ii.o
    0x08007740   0x08007740   0x00000048   Code   RO         1475    .text.OSStatInit    ucos_ii.o
    0x08007788   0x08007788   0x00000008   Code   RO         1748    .text.OSTCBInitHook  os_cpu_c.o
    0x08007790   0x08007790   0x0000009e   Code   RO         1613    .text.OSTaskCreate  ucos_ii.o
    0x0800782e   0x0800782e   0x00000002   PAD
    0x08007830   0x08007830   0x000000b6   Code   RO         1615    .text.OSTaskCreateExt  ucos_ii.o
    0x080078e6   0x080078e6   0x00000002   PAD
    0x080078e8   0x080078e8   0x00000008   Code   RO         1734    .text.OSTaskCreateHook  os_cpu_c.o
    0x080078f0   0x080078f0   0x00000168   Code   RO         1619    .text.OSTaskDel     ucos_ii.o
    0x08007a58   0x08007a58   0x00000008   Code   RO         1736    .text.OSTaskDelHook  os_cpu_c.o
    0x08007a60   0x08007a60   0x00000008   Code   RO         1738    .text.OSTaskIdleHook  os_cpu_c.o
    0x08007a68   0x08007a68   0x0000006e   Code   RO         1625    .text.OSTaskNameSet  ucos_ii.o
    0x08007ad6   0x08007ad6   0x00000002   PAD
    0x08007ad8   0x08007ad8   0x00000008   Code   RO         1740    .text.OSTaskReturnHook  os_cpu_c.o
    0x08007ae0   0x08007ae0   0x00000008   Code   RO         1742    .text.OSTaskStatHook  os_cpu_c.o
    0x08007ae8   0x08007ae8   0x00000086   Code   RO         1505    .text.OSTaskStkChk  ucos_ii.o
    0x08007b6e   0x08007b6e   0x00000002   PAD
    0x08007b70   0x08007b70   0x00000136   Code   RO         1744    .text.OSTaskStkInit  os_cpu_c.o
    0x08007ca6   0x08007ca6   0x00000002   PAD
    0x08007ca8   0x08007ca8   0x000000ba   Code   RO         1501    .text.OSTaskSuspend  ucos_ii.o
    0x08007d62   0x08007d62   0x00000002   PAD
    0x08007d64   0x08007d64   0x00000028   Code   RO         1746    .text.OSTaskSwHook  os_cpu_c.o
    0x08007d8c   0x08007d8c   0x00000070   Code   RO         1477    .text.OSTimeDly     ucos_ii.o
    0x08007dfc   0x08007dfc   0x000000ce   Code   RO         1479    .text.OSTimeTick    ucos_ii.o
    0x08007eca   0x08007eca   0x00000002   PAD
    0x08007ecc   0x08007ecc   0x00000026   Code   RO         1750    .text.OSTimeTickHook  os_cpu_c.o
    0x08007ef2   0x08007ef2   0x00000002   PAD
    0x08007ef4   0x08007ef4   0x00000012   Code   RO         1669    .text.OSTmrSignal   ucos_ii.o
    0x08007f06   0x08007f06   0x00000002   PAD
    0x08007f08   0x08007f08   0x000000f8   Code   RO         1461    .text.OSTmr_Init    ucos_ii.o
    0x08008000   0x08008000   0x00000058   Code   RO         1671    .text.OSTmr_InitTask  ucos_ii.o
    0x08008058   0x08008058   0x00000074   Code   RO         1665    .text.OSTmr_Link    ucos_ii.o
    0x080080cc   0x080080cc   0x0000009e   Code   RO         1673    .text.OSTmr_Task    ucos_ii.o
    0x0800816a   0x0800816a   0x00000002   PAD
    0x0800816c   0x0800816c   0x00000062   Code   RO         1653    .text.OSTmr_Unlink  ucos_ii.o
    0x080081ce   0x080081ce   0x00000002   PAD
    0x080081d0   0x080081d0   0x0000008e   Code   RO         1485    .text.OS_EventTaskRdy  ucos_ii.o
    0x0800825e   0x0800825e   0x00000002   PAD
    0x08008260   0x08008260   0x0000002e   Code   RO         1487    .text.OS_EventTaskRemove  ucos_ii.o
    0x0800828e   0x0800828e   0x00000002   PAD
    0x08008290   0x08008290   0x00000040   Code   RO         1439    .text.OS_EventTaskRemoveMulti  ucos_ii.o
    0x080082d0   0x080082d0   0x00000068   Code   RO         1489    .text.OS_EventTaskWait  ucos_ii.o
    0x08008338   0x08008338   0x0000000e   Code   RO         1491    .text.OS_EventWaitListInit  ucos_ii.o
    0x08008346   0x08008346   0x00000002   PAD
    0x08008348   0x08008348   0x0000004a   Code   RO         1451    .text.OS_FlagInit   ucos_ii.o
    0x08008392   0x08008392   0x00000002   PAD
    0x08008394   0x08008394   0x00000024   Code   RO         1525    .text.OS_FlagUnlink  ucos_ii.o
    0x080083b8   0x080083b8   0x0000004e   Code   RO         1449    .text.OS_InitEventList  ucos_ii.o
    0x08008406   0x08008406   0x00000002   PAD
    0x08008408   0x08008408   0x00000072   Code   RO         1443    .text.OS_InitMisc   ucos_ii.o
    0x0800847a   0x0800847a   0x00000002   PAD
    0x0800847c   0x0800847c   0x00000042   Code   RO         1445    .text.OS_InitRdyList  ucos_ii.o
    0x080084be   0x080084be   0x00000002   PAD
    0x080084c0   0x080084c0   0x00000066   Code   RO         1447    .text.OS_InitTCBList  ucos_ii.o
    0x08008526   0x08008526   0x00000002   PAD
    0x08008528   0x08008528   0x00000058   Code   RO         1457    .text.OS_InitTaskIdle  ucos_ii.o
    0x08008580   0x08008580   0x00000058   Code   RO         1459    .text.OS_InitTaskStat  ucos_ii.o
    0x080085d8   0x080085d8   0x00000012   Code   RO         1493    .text.OS_MemClr     ucos_ii.o
    0x080085ea   0x080085ea   0x00000002   PAD
    0x080085ec   0x080085ec   0x00000042   Code   RO         1453    .text.OS_MemInit    ucos_ii.o
    0x0800862e   0x0800862e   0x00000002   PAD
    0x08008630   0x08008630   0x00000034   Code   RO         1455    .text.OS_QInit      ucos_ii.o
    0x08008664   0x08008664   0x00000074   Code   RO         1437    .text.OS_Sched      ucos_ii.o
    0x080086d8   0x080086d8   0x00000030   Code   RO         1467    .text.OS_SchedNew   ucos_ii.o
    0x08008708   0x08008708   0x00000118   Code   RO         1507    .text.OS_TCBInit    ucos_ii.o
    0x08008820   0x08008820   0x0000001e   Code   RO         1497    .text.OS_TaskIdle   ucos_ii.o
    0x0800883e   0x0800883e   0x00000002   PAD
    0x08008840   0x08008840   0x00000018   Code   RO         1637    .text.OS_TaskReturn  ucos_ii.o
    0x08008858   0x08008858   0x000000be   Code   RO         1499    .text.OS_TaskStat   ucos_ii.o
    0x08008916   0x08008916   0x00000002   PAD
    0x08008918   0x08008918   0x00000042   Code   RO         1503    .text.OS_TaskStatStkChk  ucos_ii.o
    0x0800895a   0x0800895a   0x00000002   PAD
    0x0800895c   0x0800895c   0x0000001c   Code   RO         1617    .text.OS_TaskStkClr  ucos_ii.o
    0x08008978   0x08008978   0x00000058   Code   RO          228    .text.PID_Init      pid.o
    0x080089d0   0x080089d0   0x000000f4   Code   RO          212    .text.QToEuler      ahrs.o
    0x08008ac4   0x08008ac4   0x00000060   Code   RO           85    .text.REMOTE_Init   remote.o
    0x08008b24   0x08008b24   0x00000028   Code   RO          109    .text.SENSOR_Init   sensor.o
    0x08008b4c   0x08008b4c   0x00000022   Code   RO          141    .text.SENSOR_ReadBytes  sensor.o
    0x08008b6e   0x08008b6e   0x00000002   PAD
    0x08008b70   0x08008b70   0x00000028   Code   RO          135    .text.SENSOR_RegReadBytes  sensor.o
    0x08008b98   0x08008b98   0x00000032   Code   RO          145    .text.SENSOR_RegWriteByte  sensor.o
    0x08008bca   0x08008bca   0x00000002   PAD
    0x08008bcc   0x08008bcc   0x000001e0   Code   RO          121    .text.SENSOR_Update  sensor.o
    0x08008dac   0x08008dac   0x0000002e   Code   RO          139    .text.SENSOR_WriteByte  sensor.o
    0x08008dda   0x08008dda   0x00000002   PAD
    0x08008ddc   0x08008ddc   0x00000054   Code   RO            4    .text.START_Task    main.o
    0x08008e30   0x08008e30   0x00000002   Code   RO          356    .text.SVC_Handler   stm32f4xx_it.o
    0x08008e32   0x08008e32   0x00000002   PAD
    0x08008e34   0x08008e34   0x00000074   Code   RO          188    .text.SYS_Init      sys.o
    0x08008ea8   0x08008ea8   0x0000002e   Code   RO         1380    .text.SysTick_Config  stm32f4xx_hal_cortex.o
    0x08008ed6   0x08008ed6   0x00000002   PAD
    0x08008ed8   0x08008ed8   0x0000001e   Code   RO         1752    .text.SysTick_Handler  os_cpu_c.o
    0x08008ef6   0x08008ef6   0x00000002   PAD
    0x08008ef8   0x08008ef8   0x0000009e   Code   RO          190    .text.SystemClock_Config  sys.o
    0x08008f96   0x08008f96   0x00000002   PAD
    0x08008f98   0x08008f98   0x00000012   Code   RO          379    .text.SystemInit    system_stm32f4xx.o
    0x08008faa   0x08008faa   0x00000002   PAD
    0x08008fac   0x08008fac   0x00000068   Code   RO           87    .text.TIM1_CC_IRQHandler  remote.o
    0x08009014   0x08009014   0x00000058   Code   RO           91    .text.TIM1_UP_TIM10_IRQHandler  remote.o
    0x0800906c   0x0800906c   0x000000aa   Code   RO           93    .text.TIM2_IRQHandler  remote.o
    0x08009116   0x08009116   0x00000002   PAD
    0x08009118   0x08009118   0x000000da   Code   RO          886    .text.TIM_Base_SetConfig  stm32f4xx_hal_tim.o
    0x080091f2   0x080091f2   0x00000002   PAD
    0x080091f4   0x080091f4   0x00000142   Code   RO           89    .text.TIM_CC_Handler  remote.o
    0x08009336   0x08009336   0x00000002   PAD
    0x08009338   0x08009338   0x000000d0   Code   RO          920    .text.TIM_CCxChannelCmd  stm32f4xx_hal_tim.o
    0x08009408   0x08009408   0x00000016   Code   RO         1072    .text.TIM_ETR_SetConfig  stm32f4xx_hal_tim.o
    0x0800941e   0x0800941e   0x00000002   PAD
    0x08009420   0x08009420   0x00000010   Code   RO         1078    .text.TIM_ITRx_SetConfig  stm32f4xx_hal_tim.o
    0x08009430   0x08009430   0x000000c2   Code   RO         1030    .text.TIM_OC1_SetConfig  stm32f4xx_hal_tim.o
    0x080094f2   0x080094f2   0x00000002   PAD
    0x080094f4   0x080094f4   0x000000c8   Code   RO         1032    .text.TIM_OC2_SetConfig  stm32f4xx_hal_tim.o
    0x080095bc   0x080095bc   0x000000c8   Code   RO         1034    .text.TIM_OC3_SetConfig  stm32f4xx_hal_tim.o
    0x08009684   0x08009684   0x0000006e   Code   RO         1036    .text.TIM_OC4_SetConfig  stm32f4xx_hal_tim.o
    0x080096f2   0x080096f2   0x00000002   PAD
    0x080096f4   0x080096f4   0x00000022   Code   RO         1076    .text.TIM_TI1_ConfigInputStage  stm32f4xx_hal_tim.o
    0x08009716   0x08009716   0x00000002   PAD
    0x08009718   0x08009718   0x00000084   Code   RO         1040    .text.TIM_TI1_SetConfig  stm32f4xx_hal_tim.o
    0x0800979c   0x0800979c   0x00000024   Code   RO         1080    .text.TIM_TI2_ConfigInputStage  stm32f4xx_hal_tim.o
    0x080097c0   0x080097c0   0x0000003c   Code   RO         1042    .text.TIM_TI2_SetConfig  stm32f4xx_hal_tim.o
    0x080097fc   0x080097fc   0x00000034   Code   RO         1044    .text.TIM_TI3_SetConfig  stm32f4xx_hal_tim.o
    0x08009830   0x08009830   0x0000003c   Code   RO         1046    .text.TIM_TI4_SetConfig  stm32f4xx_hal_tim.o
    0x0800986c   0x0800986c   0x00000010   Code   RO         1308    .text.UART_DMAAbortOnError  stm32f4xx_hal_uart.o
    0x0800987c   0x0800987c   0x0000004c   Code   RO         1256    .text.UART_DMAError  stm32f4xx_hal_uart.o
    0x080098c8   0x080098c8   0x00000040   Code   RO         1252    .text.UART_DMATransmitCplt  stm32f4xx_hal_uart.o
    0x08009908   0x08009908   0x0000000a   Code   RO         1254    .text.UART_DMATxHalfCplt  stm32f4xx_hal_uart.o
    0x08009912   0x08009912   0x00000002   PAD
    0x08009914   0x08009914   0x00000050   Code   RO         1270    .text.UART_EndRxTransfer  stm32f4xx_hal_uart.o
    0x08009964   0x08009964   0x00000018   Code   RO         1316    .text.UART_EndTransmit_IT  stm32f4xx_hal_uart.o
    0x0800997c   0x0800997c   0x0000001c   Code   RO         1268    .text.UART_EndTxTransfer  stm32f4xx_hal_uart.o
    0x08009998   0x08009998   0x000000c4   Code   RO         1306    .text.UART_Receive_IT  stm32f4xx_hal_uart.o
    0x08009a5c   0x08009a5c   0x00000156   Code   RO         1226    .text.UART_SetConfig  stm32f4xx_hal_uart.o
    0x08009bb2   0x08009bb2   0x00000002   PAD
    0x08009bb4   0x08009bb4   0x00000052   Code   RO         1314    .text.UART_Transmit_IT  stm32f4xx_hal_uart.o
    0x08009c06   0x08009c06   0x00000002   PAD
    0x08009c08   0x08009c08   0x0000007a   Code   RO         1240    .text.UART_WaitOnFlagUntilTimeout  stm32f4xx_hal_uart.o
    0x08009c82   0x08009c82   0x00000002   PAD
    0x08009c84   0x08009c84   0x0000005e   Code   RO           55    .text.USART2_IRQHandler  ano.o
    0x08009ce2   0x08009ce2   0x00000002   PAD
    0x08009ce4   0x08009ce4   0x00000002   Code   RO          354    .text.UsageFault_Handler  stm32f4xx_it.o
    0x08009ce6   0x08009ce6   0x00000002   PAD
    0x08009ce8   0x08009ce8   0x00000020   Code   RO         1368    .text.__NVIC_EnableIRQ  stm32f4xx_hal_cortex.o
    0x08009d08   0x08009d08   0x00000010   Code   RO         1360    .text.__NVIC_GetPriorityGrouping  stm32f4xx_hal_cortex.o
    0x08009d18   0x08009d18   0x00000022   Code   RO         1362    .text.__NVIC_SetPriority  stm32f4xx_hal_cortex.o
    0x08009d3a   0x08009d3a   0x00000002   PAD
    0x08009d3c   0x08009d3c   0x00000020   Code   RO         1356    .text.__NVIC_SetPriorityGrouping  stm32f4xx_hal_cortex.o
    0x08009d5c   0x08009d5c   0x0000003c   Code   RO           27    .text.ano_addcheck  ano.o
    0x08009d98   0x08009d98   0x00000050   Code   RO           51    .text.ano_check     ano.o
    0x08009de8   0x08009de8   0x00000040   Code   RO          196    .text.assert_failed  sys.o
    0x08009e28   0x08009e28   0x00000020   Code   RO          192    .text.fputc         sys.o
    0x08009e48   0x08009e48   0x0000002e   Code   RO            2    .text.main          main.o
    0x08009e76   0x08009e76   0x00000002   PAD
    0x08009e78   0x08009e78   0x00000020   Code   RO         2276    i.__0printf         mc_w.l(printfa.o)
    0x08009e98   0x08009e98   0x00000026   Code   RO         2306    i.__ARM_fpclassifyf  m_wm.l(fpclassifyf.o)
    0x08009ebe   0x08009ebe   0x00000002   PAD
    0x08009ec0   0x08009ec0   0x000002ac   Code   RO         2013    i.__hardfp_atan2f   m_wm.l(atan2f.o)
    0x0800a16c   0x0800a16c   0x00000664   Code   RO         2019    i.__hardfp_powf     m_wm.l(powf.o)
    0x0800a7d0   0x0800a7d0   0x0000003a   Code   RO         2026    i.__hardfp_sqrtf    m_wm.l(sqrtf.o)
    0x0800a80a   0x0800a80a   0x00000002   PAD
    0x0800a80c   0x0800a80c   0x00000014   Code   RO         2308    i.__mathlib_flt_divzero  m_wm.l(funder.o)
    0x0800a820   0x0800a820   0x00000006   Code   RO         2310    i.__mathlib_flt_infnan2  m_wm.l(funder.o)
    0x0800a826   0x0800a826   0x00000002   PAD
    0x0800a828   0x0800a828   0x00000010   Code   RO         2311    i.__mathlib_flt_invalid  m_wm.l(funder.o)
    0x0800a838   0x0800a838   0x00000010   Code   RO         2312    i.__mathlib_flt_overflow  m_wm.l(funder.o)
    0x0800a848   0x0800a848   0x00000010   Code   RO         2314    i.__mathlib_flt_underflow  m_wm.l(funder.o)
    0x0800a858   0x0800a858   0x0000000e   Code   RO         2380    i.__scatterload_copy  mc_w.l(handlers.o)
    0x0800a866   0x0800a866   0x00000002   Code   RO         2381    i.__scatterload_null  mc_w.l(handlers.o)
    0x0800a868   0x0800a868   0x0000000e   Code   RO         2382    i.__scatterload_zeroinit  mc_w.l(handlers.o)
    0x0800a876   0x0800a876   0x00000002   PAD
    0x0800a878   0x0800a878   0x0000000c   Code   RO         2354    i.__set_errno       mc_w.l(errno.o)
    0x0800a884   0x0800a884   0x00000184   Code   RO         2283    i._fp_digits        mc_w.l(printfa.o)
    0x0800aa08   0x0800aa08   0x000006dc   Code   RO         2284    i._printf_core      mc_w.l(printfa.o)
    0x0800b0e4   0x0800b0e4   0x00000024   Code   RO         2285    i._printf_post_padding  mc_w.l(printfa.o)
    0x0800b108   0x0800b108   0x0000002e   Code   RO         2286    i._printf_pre_padding  mc_w.l(printfa.o)
    0x0800b136   0x0800b136   0x00000002   PAD
    0x0800b138   0x0800b138   0x00000024   Code   RO         2035    i.puts              mc_w.l(puts.o)
    0x0800b15c   0x0800b15c   0x00000804   Data   RO         1990    .constdata          arm_cortexM4lf_math.lib(arm_common_tables.o)
    0x0800b960   0x0800b960   0x00000140   Data   RO         2022    .constdata          m_wm.l(powf.o)
    0x0800baa0   0x0800baa0   0x00000010   Data   RO          384    .rodata.AHBPrescTable  system_stm32f4xx.o
    0x0800bab0   0x0800bab0   0x00000008   Data   RO          385    .rodata.APBPrescTable  system_stm32f4xx.o
    0x0800bab8   0x0800bab8   0x00000004   Data   RO          163    .rodata.DegreeToRadian  sensor.o
    0x0800babc   0x0800babc   0x00000100   Data   RO         1675    .rodata.OSUnMapTbl  ucos_ii.o
    0x0800bbbc   0x0800bbbc   0x00000004   Data   RO          164    .rodata.RadianToDegree  sensor.o
    0x0800bbc0   0x0800bbc0   0x00000007   Data   RO           95    .rodata.TIM_CHANNEL  remote.o
    0x0800bbc7   0x0800bbc7   0x00000007   Data   RO           96    .rodata.TIM_FLAG    remote.o
    0x0800bbce   0x0800bbce   0x00000002   PAD
    0x0800bbd0   0x0800bbd0   0x00000010   Data   RO          158    .rodata.aRes        sensor.o
    0x0800bbe0   0x0800bbe0   0x00000010   Data   RO          159    .rodata.gRes        sensor.o
    0x0800bbf0   0x0800bbf0   0x00000020   Data   RO          160    .rodata.mRes        sensor.o
    0x0800bc10   0x0800bc10   0x0000001f   Data   RO          511    .rodata.str1.1      stm32f4xx_hal_adc.o
    0x0800bc2f   0x0800bc2f   0x0000001f   Data   RO          589    .rodata.str1.1      stm32f4xx_hal_dma.o
    0x0800bc4e   0x0800bc4e   0x00000020   Data   RO          631    .rodata.str1.1      stm32f4xx_hal_gpio.o
    0x0800bc6e   0x0800bc6e   0x0000001f   Data   RO          802    .rodata.str1.1      stm32f4xx_hal_i2c.o
    0x0800bc8d   0x0800bc8d   0x0000001f   Data   RO          852    .rodata.str1.1      stm32f4xx_hal_rcc.o
    0x0800bcac   0x0800bcac   0x0000001f   Data   RO         1120    .rodata.str1.1      stm32f4xx_hal_tim.o
    0x0800bccb   0x0800bccb   0x00000022   Data   RO         1213    .rodata.str1.1      stm32f4xx_hal_tim_ex.o
    0x0800bced   0x0800bced   0x00000020   Data   RO         1344    .rodata.str1.1      stm32f4xx_hal_uart.o
    0x0800bd0d   0x0800bd0d   0x00000022   Data   RO         1418    .rodata.str1.1      stm32f4xx_hal_cortex.o
    0x0800bd2f   0x0800bd2f   0x00000002   Data   RO         1696    .rodata.str1.1      ucos_ii.o
    0x0800bd31   0x0800bd31   0x00000003   PAD
    0x0800bd34   0x0800bd34   0x00000023   Data   RO          175    .rodata.str1.4      sensor.o
    0x0800bd57   0x0800bd57   0x00000001   PAD
    0x0800bd58   0x0800bd58   0x00000020   Data   RO         2379    Region$$Table       anon$$obj.o


    Execution Region RW_IRAM1 (Exec base: 0x20000000, Load base: 0x0800bd78, Size: 0x00002bf8, Max: 0x00018000, ABSOLUTE)

    Exec Addr    Load Addr    Size         Type   Attr      Idx    E Section Name        Object

    0x20000000   0x0800bd78   0x00000004   Data   RW         2336    .data               mc_w.l(stdout.o)
    0x20000004   0x0800bd7c   0x00000004   Data   RW         2355    .data               mc_w.l(errno.o)
    0x20000008   0x0800bd80   0x00000001   Data   RW          156    .data.Ascale        sensor.o
    0x20000009   0x0800bd81   0x00000001   Data   RW          155    .data.Gscale        sensor.o
    0x2000000a   0x0800bd82   0x00000001   Data   RW          157    .data.Mscale        sensor.o
    0x2000000b   0x0800bd83   0x00000001   PAD
    0x2000000c   0x0800bd84   0x00000004   Data   RW          383    .data.SystemCoreClock  system_stm32f4xx.o
    0x20000010   0x0800bd88   0x00000004   Data   RW          214    .data.beta          ahrs.o
    0x20000014   0x0800bd8c   0x00000004   Data   RW          162    .data.initialPressure  sensor.o
    0x20000018   0x0800bd90   0x0000000c   Data   RW          161    .data.magScale      sensor.o
    0x20000024   0x0800bd9c   0x00000004   Data   RW          215    .data.q0            ahrs.o
    0x20000028   0x0800bda0   0x00000001   Data   RW          449    .data.uwTickFreq    stm32f4xx_hal.o
    0x20000029   0x0800bda1   0x00000003   PAD
    0x2000002c   0x0800bda4   0x00000004   Data   RW          448    .data.uwTickPrio    stm32f4xx_hal.o
    0x20000030        -       0x0000000c   Zero   RW           58    .bss.ANO_Receive_Analyze.a  ano.o
    0x2000003c        -       0x00000001   Zero   RW           61    .bss.ANO_Receive_Prepare.cnt  ano.o
    0x2000003d        -       0x00000032   Zero   RW           59    .bss.ANO_Receive_Prepare.data  ano.o
    0x2000006f        -       0x00000001   Zero   RW           60    .bss.ANO_Receive_Prepare.state  ano.o
    0x20000070        -       0x00000400   Zero   RW           11    .bss.ANO_TASK_STK   main.o
    0x20000470        -       0x00000001   Zero   RW           13    .bss.ANO_Task.count  main.o
    0x20000471        -       0x0000012c   Zero   RW           14    .bss.ANO_Task.data  main.o
    0x2000059d   0x0800bda8   0x00000003   PAD
    0x200005a0        -       0x00000400   Zero   RW           12    .bss.FLIGHT_TASK_STK  main.o
    0x200009a0        -       0x00000001   Zero   RW         1693    .bss.OSCPUUsage     ucos_ii.o
    0x200009a1   0x0800bda8   0x00000003   PAD
    0x200009a4        -       0x00000004   Zero   RW         1684    .bss.OSCtxSwCtr     ucos_ii.o
    0x200009a8        -       0x00000004   Zero   RW         1700    .bss.OSEventFreeList  ucos_ii.o
    0x200009ac        -       0x000000f0   Zero   RW         1714    .bss.OSEventTbl     ucos_ii.o
    0x20000a9c        -       0x00000004   Zero   RW         1698    .bss.OSFlagFreeList  ucos_ii.o
    0x20000aa0        -       0x00000050   Zero   RW         1699    .bss.OSFlagTbl      ucos_ii.o
    0x20000af0        -       0x00000004   Zero   RW         1685    .bss.OSIdleCtr      ucos_ii.o
    0x20000af4        -       0x00000004   Zero   RW         1686    .bss.OSIdleCtrMax   ucos_ii.o
    0x20000af8        -       0x00000004   Zero   RW         1694    .bss.OSIdleCtrRun   ucos_ii.o
    0x20000afc        -       0x00000001   Zero   RW         1676    .bss.OSIntNesting   ucos_ii.o
    0x20000afd        -       0x00000001   Zero   RW         1677    .bss.OSLockNesting  ucos_ii.o
    0x20000afe   0x0800bda8   0x00000002   PAD
    0x20000b00        -       0x00000004   Zero   RW         1701    .bss.OSMemFreeList  ucos_ii.o
    0x20000b04        -       0x00000078   Zero   RW         1702    .bss.OSMemTbl       ucos_ii.o
    0x20000b7c        -       0x00000001   Zero   RW         1683    .bss.OSPrioCur      ucos_ii.o
    0x20000b7d        -       0x00000001   Zero   RW         1681    .bss.OSPrioHighRdy  ucos_ii.o
    0x20000b7e   0x0800bda8   0x00000002   PAD
    0x20000b80        -       0x00000004   Zero   RW         1703    .bss.OSQFreeList    ucos_ii.o
    0x20000b84        -       0x00000060   Zero   RW         1704    .bss.OSQTbl         ucos_ii.o
    0x20000be4        -       0x00000001   Zero   RW         1691    .bss.OSRdyGrp       ucos_ii.o
    0x20000be5   0x0800bda8   0x00000003   PAD
    0x20000be8        -       0x00000008   Zero   RW         1692    .bss.OSRdyTbl       ucos_ii.o
    0x20000bf0        -       0x00000001   Zero   RW         1679    .bss.OSRunning      ucos_ii.o
    0x20000bf1        -       0x00000001   Zero   RW         1687    .bss.OSStatRdy      ucos_ii.o
    0x20000bf2   0x0800bda8   0x00000002   PAD
    0x20000bf4        -       0x00000004   Zero   RW         1678    .bss.OSTCBCur       ucos_ii.o
    0x20000bf8        -       0x00000004   Zero   RW         1695    .bss.OSTCBFreeList  ucos_ii.o
    0x20000bfc        -       0x00000004   Zero   RW         1682    .bss.OSTCBHighRdy   ucos_ii.o
    0x20000c00        -       0x00000004   Zero   RW         1690    .bss.OSTCBList      ucos_ii.o
    0x20000c04        -       0x00000100   Zero   RW         1680    .bss.OSTCBPrioTbl   ucos_ii.o
    0x20000d04        -       0x000007e8   Zero   RW         1717    .bss.OSTCBTbl       ucos_ii.o
    0x200014ec        -       0x00000001   Zero   RW         1697    .bss.OSTaskCtr      ucos_ii.o
    0x200014ed   0x0800bda8   0x00000003   PAD
    0x200014f0        -       0x00000200   Zero   RW         1716    .bss.OSTaskIdleStk  ucos_ii.o
    0x200016f0        -       0x00000001   Zero   RW         1705    .bss.OSTaskRegNextAvailID  ucos_ii.o
    0x200016f1   0x0800bda8   0x00000003   PAD
    0x200016f4        -       0x00000200   Zero   RW         1715    .bss.OSTaskStatStk  ucos_ii.o
    0x200018f4        -       0x00000001   Zero   RW         1689    .bss.OSTickStepState  ucos_ii.o
    0x200018f5   0x0800bda8   0x00000003   PAD
    0x200018f8        -       0x00000004   Zero   RW         1688    .bss.OSTime         ucos_ii.o
    0x200018fc        -       0x00000002   Zero   RW         1760    .bss.OSTmrCtr       os_cpu_c.o
    0x200018fe        -       0x00000002   Zero   RW         1711    .bss.OSTmrFree      ucos_ii.o
    0x20001900        -       0x00000004   Zero   RW         1712    .bss.OSTmrFreeList  ucos_ii.o
    0x20001904        -       0x00000004   Zero   RW         1713    .bss.OSTmrSem       ucos_ii.o
    0x20001908        -       0x00000004   Zero   RW         1707    .bss.OSTmrSemSignal  ucos_ii.o
    0x2000190c        -       0x00000200   Zero   RW         1718    .bss.OSTmrTaskStk   ucos_ii.o
    0x20001b0c        -       0x00000280   Zero   RW         1708    .bss.OSTmrTbl       ucos_ii.o
    0x20001d8c        -       0x00000004   Zero   RW         1706    .bss.OSTmrTime      ucos_ii.o
    0x20001d90        -       0x00000002   Zero   RW         1710    .bss.OSTmrUsed      ucos_ii.o
    0x20001d92   0x0800bda8   0x00000002   PAD
    0x20001d94        -       0x00000038   Zero   RW         1709    .bss.OSTmrWheelTbl  ucos_ii.o
    0x20001dcc        -       0x00000400   Zero   RW         1758    .bss.OS_CPU_ExceptStk  os_cpu_c.o
    0x200021cc        -       0x00000004   Zero   RW         1759    .bss.OS_CPU_ExceptStkBase  os_cpu_c.o
    0x200021d0        -       0x00000004   Zero   RW         1761    .bss.OS_KA_BASEPRI_Boundary  os_cpu_c.o
    0x200021d4        -       0x00000024   Zero   RW          239    .bss.PID_altitude   pid.o
    0x200021f8        -       0x00000024   Zero   RW          236    .bss.PID_angle_pitch  pid.o
    0x2000221c        -       0x00000024   Zero   RW          234    .bss.PID_angle_roll  pid.o
    0x20002240        -       0x00000024   Zero   RW          237    .bss.PID_rate_pitch  pid.o
    0x20002264        -       0x00000024   Zero   RW          235    .bss.PID_rate_roll  pid.o
    0x20002288        -       0x00000024   Zero   RW          238    .bss.PID_rate_yaw   pid.o
    0x200022ac   0x0800bda8   0x00000004   PAD
    0x200022b0        -       0x00000200   Zero   RW           10    .bss.START_TASK_STK  main.o
    0x200024b0        -       0x0000000c   Zero   RW          167    .bss.accel          sensor.o
    0x200024bc        -       0x0000000c   Zero   RW          166    .bss.accelBias      sensor.o
    0x200024c8        -       0x0000000c   Zero   RW          219    .bss.attitude       ahrs.o
    0x200024d4        -       0x00000064   Zero   RW           57    .bss.data           ano.o
    0x20002538        -       0x0000000c   Zero   RW          169    .bss.gyro           sensor.o
    0x20002544        -       0x0000000c   Zero   RW          168    .bss.gyroBias       sensor.o
    0x20002550        -       0x00000048   Zero   RW          266    .bss.hadc1          adc.o
    0x20002598        -       0x00000060   Zero   RW          337    .bss.hdma_usart2_tx  usart.o
    0x200025f8        -       0x00000054   Zero   RW          298    .bss.hi2c1          i2c.o
    0x2000264c        -       0x00000048   Zero   RW          319    .bss.htim1          tim.o
    0x20002694        -       0x00000048   Zero   RW          320    .bss.htim2          tim.o
    0x200026dc        -       0x00000048   Zero   RW          321    .bss.htim3          tim.o
    0x20002724        -       0x00000044   Zero   RW          336    .bss.huart2         usart.o
    0x20002768        -       0x0000000c   Zero   RW          171    .bss.mag            sensor.o
    0x20002774        -       0x0000000c   Zero   RW          170    .bss.magBias        sensor.o
    0x20002780        -       0x00000010   Zero   RW          176    .bss.msPROM         sensor.o
    0x20002790        -       0x00000008   Zero   RW           76    .bss.mvalue         motor.o
    0x20002798        -       0x00000004   Zero   RW          172    .bss.pressure       sensor.o
    0x2000279c        -       0x0000001c   Zero   RW          100    .bss.pvalue         remote.o
    0x200027b8        -       0x00000004   Zero   RW          216    .bss.q1             ahrs.o
    0x200027bc        -       0x00000004   Zero   RW          217    .bss.q2             ahrs.o
    0x200027c0        -       0x00000004   Zero   RW          218    .bss.q3             ahrs.o
    0x200027c4        -       0x00000007   Zero   RW           99    .bss.rstate         remote.o
    0x200027cb   0x0800bda8   0x00000001   PAD
    0x200027cc        -       0x0000001c   Zero   RW           98    .bss.rvalue         remote.o
    0x200027e8        -       0x00000007   Zero   RW           97    .bss.ucount         remote.o
    0x200027ef   0x0800bda8   0x00000001   PAD
    0x200027f0        -       0x00000004   Zero   RW          450    .bss.uwTick         stm32f4xx_hal.o
    0x200027f4        -       0x00000004   Zero   RW          174    .bss.voltage        sensor.o
    0x200027f8        -       0x00000400   Zero   RW          369    STACK               startup_stm32f401xe.o


==============================================================================

Image component sizes


      Code (inc. data)   RO Data    RW Data    ZI Data      Debug   Object Name

       220          0          0          0         72       4903   adc.o
      3320         20          0          8         24       9894   ahrs.o
      1006          6          0          0        164       9092   ano.o
       122         24          0          0          0       2676   app_hooks.o
        54          0          0          0          0       2765   dma.o
        76          0          0          0          0       1430   gpio.o
       180          0          0          0         84       5085   i2c.o
       574          8          0          0       2861       2479   main.o
       158          0          0          0          8       2259   motor.o
       308         34          0          0          0        308   os_cpu_a.o
       550          0          0          0       1034       5586   os_cpu_c.o
         2          0          0          0          0       2179   os_dbg.o
        88          0          0          0        216       3053   pid.o
       780          0         14          0         70       5401   remote.o
      3882        492        107         19         96      11776   sensor.o
        36          8        404          0       1024        816   startup_stm32f401xe.o
       212          0          0          5          4       6701   stm32f4xx_hal.o
      1408          0         31          0          0      10640   stm32f4xx_hal_adc.o
       342          0         34          0          0      10110   stm32f4xx_hal_cortex.o
      1704         12         31          0          0       9425   stm32f4xx_hal_dma.o
       694          0         32          0          0       5672   stm32f4xx_hal_gpio.o
      3856          0         31          0          0      39531   stm32f4xx_hal_i2c.o
        64          0          0          0          0       1439   stm32f4xx_hal_msp.o
      1914          0         31          0          0       7452   stm32f4xx_hal_rcc.o
      7126         36         31          0          0      51303   stm32f4xx_hal_tim.o
       288          0         34          0          0      19255   stm32f4xx_hal_tim_ex.o
      2248          0         32          0          0      24828   stm32f4xx_hal_uart.o
        52          0          0          0          0       1413   stm32f4xx_it.o
       380         68          0          0          0       3810   sys.o
        18          0         24          4          0       2590   system_stm32f4xx.o
      1260          0          0          0        216       8665   tim.o
      5094         88        258          0       5139      61870   ucos_ii.o
       252          0          0          0        164       6207   usart.o

    ----------------------------------------------------------------------
     38516        796       1132         40      11208     340613   Object Totals
         0          0         32          0          0          0   (incl. Generated)
       248          0          6          4         32          0   (incl. Padding)

    ----------------------------------------------------------------------

      Code (inc. data)   RO Data    RW Data    ZI Data      Debug   Library Member Name

         0          0       2052          0          0       4704   arm_common_tables.o
        56          0          0          0          0        643   arm_pid_init_f32.o
       148         18          0          0          0      18682   arm_sin_f32.o
       684         90          0          0          0        208   atan2f.o
        38          0          0          0          0        116   fpclassifyf.o
        74         24          0          0          0        580   funder.o
      1636        110        320          0          0        372   powf.o
        58          0          0          0          0        136   sqrtf.o
         0          0          0          0          0          0   entry.o
         0          0          0          0          0          0   entry10a.o
         0          0          0          0          0          0   entry11a.o
         8          4          0          0          0          0   entry2.o
         4          0          0          0          0          0   entry5.o
         0          0          0          0          0          0   entry7b.o
         0          0          0          0          0          0   entry8b.o
         8          4          0          0          0          0   entry9a.o
        12          6          0          4          0         68   errno.o
        30          0          0          0          0          0   handlers.o
        36          8          0          0          0         68   init.o
         0          0          0          0          0          0   iusefp.o
        30          0          0          0          0         68   llshl.o
        36          0          0          0          0         68   llsshr.o
        32          0          0          0          0         68   llushr.o
        36          0          0          0          0        108   memseta.o
      2258         90          0          0          0        452   printfa.o
        36          6          0          0          0         80   puts.o
         0          0          0          4          0          0   stdout.o
        44          0          0          0          0         80   uidiv.o
        98          0          0          0          0         92   uldiv.o
        48          0          0          0          0         68   cdrcmple.o
       334          0          0          0          0        148   dadd.o
       222          0          0          0          0        100   ddiv.o
       186          0          0          0          0        176   depilogue.o
        48          0          0          0          0         68   dfixul.o
       228          0          0          0          0         96   dmul.o
        38          0          0          0          0         68   f2d.o
         4          0          0          0          0         68   fpstat.o

    ----------------------------------------------------------------------
      6484        360       2372          8          0      27385   Library Totals
        14          0          0          0          0          0   (incl. Padding)

    ----------------------------------------------------------------------

      Code (inc. data)   RO Data    RW Data    ZI Data      Debug   Library Name

       204         18       2052          0          0      24029   arm_cortexM4lf_math.lib
      2490        224        320          0          0       1412   m_wm.l
      2668        118          0          8          0       1152   mc_w.l
      1108          0          0          0          0        792   mf_w.l

    ----------------------------------------------------------------------
      6484        360       2372          8          0      27385   Library Totals

    ----------------------------------------------------------------------

==============================================================================


      Code (inc. data)   RO Data    RW Data    ZI Data      Debug   

     45000       1156       3504         48      11208     365766   Grand Totals
     45000       1156       3504         48      11208     365766   ELF Image Totals
     45000       1156       3504         48          0          0   ROM Totals

==============================================================================

    Total RO  Size (Code + RO Data)                48504 (  47.37kB)
    Total RW  Size (RW Data + ZI Data)             11256 (  10.99kB)
    Total ROM Size (Code + RO Data + RW Data)      48552 (  47.41kB)

==============================================================================

